22:35:58.834 [ExplosionDamageSystem] About to explode Explosion_NonLethal from ExplosionTest<0x0000021B450D40D0> ExplosionTest:26482 at <6639.54, 4.18, 1451.19> EXPLOSION range 4 dropoff 1
22:35:58.837 [ExplosionDamageSystem] About to explode Explosion_NonLethal from ExplosionTest<0x0000021B450D0770> ExplosionTest:26481 at <6292.65, 32.01, 2051.35> EXPLOSION range 4 dropoff 1
22:35:58.838 [ExplosionDamageSystem] About to explode Explosion_NonLethal from ExplosionTest<0x0000021B450D2DB0> ExplosionTest:26480 at <6915.8, 38.96, 2034.53> EXPLOSION range 4 dropoff 1
22:35:58.850 [ExplosionDamageSystem] About to explode Explosion_NonLethal from ExplosionTest<0x0000021B450D1A90> ExplosionTest:26479 at <6505.33, 16.78, 1445.33> EXPLOSION range 4 dropoff 1
22:35:58.856 [ExplosionDamageSystem] About to explode Explosion_NonLethal from ExplosionTest<0x0000021B450D1100> ExplosionTest:26478 at <6786.28, 3.21, 1566.04> EXPLOSION range 4 dropoff 1
22:35:58.857 [ExplosionDamageSystem] About to explode Explosion_NonLethal from ExplosionTest<0x0000021B450CFDE0> ExplosionTest:26477 at <7290.09, 41.25, 2351.99> EXPLOSION range 4 dropoff 1
22:35:58.863 [ExplosionDamageSystem] About to explode Explosion_NonLethal from ExplosionTest<0x0000021B450D2420> ExplosionTest:26476 at <6323.61, 2.08, 1154.9> EXPLOSION range 4 dropoff 1
22:35:58.863 [ExplosionDamageSystem] About to explode Explosion_NonLethal from ExplosionTest<0x0000021B450D3740> ExplosionTest:26475 at <6932.78, 39.57, 2034.44> EXPLOSION range 4 dropoff 1
22:35:58.863 [ExplosionDamageSystem] About to explode Explosion_NonLethal from ExplosionTest<0x0000021B450C7800> ExplosionTest:26474 at <7286.46, 37.1, 2335.15> EXPLOSION range 4 dropoff 1
22:35:58.864 [ExplosionDamageSystem] About to explode Explosion_NonLethal from ExplosionTest<0x0000021B450CE130> ExplosionTest:26473 at <6123.32, 7.73, 1311.19> EXPLOSION range 4 dropoff 1
22:35:58.864 [ExplosionDamageSystem] About to explode Explosion_NonLethal from ExplosionTest<0x0000021B450CC480> ExplosionTest:26472 at <6404.85, 22.26, 1509.25> EXPLOSION range 4 dropoff 1
22:35:58.865 [ExplosionDamageSystem] About to explode Explosion_NonLethal from ExplosionTest<0x0000021B450CBAF0> ExplosionTest:26471 at <6733.03, 3.15, 1484.32> EXPLOSION range 4 dropoff 1
22:35:58.873 [ExplosionDamageSystem] About to explode Explosion_NonLethal from ExplosionTest<0x0000021B450CA7D0> ExplosionTest:26470 at <7875.97, 19.33, 1670.95> EXPLOSION range 4 dropoff 1
22:35:58.873 [ExplosionDamageSystem] About to explode Explosion_NonLethal from ExplosionTest<0x0000021B450C9E40> ExplosionTest:26469 at <7387.3, 4.07, 1424.51> EXPLOSION range 4 dropoff 1
22:35:58.874 [ExplosionDamageSystem] About to explode Explosion_NonLethal from ExplosionTest<0x0000021B450C8190> ExplosionTest:26468 at <6967.53, 39.21, 1988.04> EXPLOSION range 4 dropoff 1
22:35:58.878 [ExplosionDamageSystem] About to explode Explosion_NonLethal from ExplosionTest<0x0000021B450C6E70> ExplosionTest:26467 at <6151.1, 16.77, 1242.55> EXPLOSION range 4 dropoff 1
22:35:58.882 [ExplosionDamageSystem] About to explode Explosion_NonLethal from ExplosionTest<0x0000021B450C94B0> ExplosionTest:26466 at <8374.82, 30.43, 2195.68> EXPLOSION range 4 dropoff 1
22:35:58.892 [ExplosionDamageSystem] About to explode Explosion_NonLethal from ExplosionTest<0x0000021B450CD7A0> ExplosionTest:26465 at <7104.43, 45.63, 1786.35> EXPLOSION range 4 dropoff 1
22:35:58.897 [ExplosionDamageSystem] About to explode Explosion_NonLethal from ExplosionTest<0x0000021B450C64E0> ExplosionTest:26464 at <6591.11, 6.65, 1360.92> EXPLOSION range 4 dropoff 1
22:35:58.897 [ExplosionDamageSystem] About to explode Explosion_NonLethal from ExplosionTest<0x0000021B450CCE10> ExplosionTest:26463 at <6353.92, 32.42, 2157.29> EXPLOSION range 4 dropoff 1
22:35:58.899 [ExplosionDamageSystem] About to explode Explosion_NonLethal from ExplosionTest<0x0000021B450CB160> ExplosionTest:26462 at <6364.02, 5.16, 1387.7> EXPLOSION range 4 dropoff 1
22:35:58.899 [ExplosionDamageSystem] About to explode Explosion_NonLethal from ExplosionTest<0x0000021B450C8B20> ExplosionTest:26461 at <6919.72, 39.77, 1793.18> EXPLOSION range 4 dropoff 1
22:35:58.902 [ExplosionDamageSystem] About to explode Explosion_NonLethal from ExplosionTest<0x0000021B450C51C0> ExplosionTest:26460 at <6791.02, 2.87, 1581.21> EXPLOSION range 4 dropoff 1
22:35:58.905 [ExplosionDamageSystem] About to explode Explosion_NonLethal from ExplosionTest<0x0000021B450C5B50> ExplosionTest:26459 at <7746.21, 15.66, 1663> EXPLOSION range 4 dropoff 1
22:35:58.906 [ExplosionDamageSystem] About to explode Explosion_NonLethal from ExplosionTest<0x0000021B450C4830> ExplosionTest:26458 at <6977.46, 39.01, 1957.78> EXPLOSION range 4 dropoff 1
22:35:58.907 [ExplosionDamageSystem] About to explode Explosion_NonLethal from ExplosionTest<0x0000021B450BD570> ExplosionTest:26457 at <6847.11, 39.13, 1899.55> EXPLOSION range 4 dropoff 1
22:35:58.918 [ExplosionDamageSystem] About to explode Explosion_NonLethal from ExplosionTest<0x0000021B450C3EA0> ExplosionTest:26456 at <6950.39, 39.97, 1942.01> EXPLOSION range 4 dropoff 1
22:35:58.920 [ExplosionDamageSystem] About to explode Explosion_NonLethal from ExplosionTest<0x0000021B450C3510> ExplosionTest:26455 at <8635.77, 5.34, 1897.93> EXPLOSION range 4 dropoff 1
22:35:58.922 [ExplosionDamageSystem] About to explode Explosion_NonLethal from ExplosionTest<0x0000021B450BE890> ExplosionTest:26454 at <6713.67, 39.26, 2006.97> EXPLOSION range 4 dropoff 1
22:35:58.926 [ExplosionDamageSystem] About to explode Explosion_NonLethal from ExplosionTest<0x0000021B450BC250> ExplosionTest:26453 at <6358.33, 2.95, 1125.91> EXPLOSION range 4 dropoff 1
22:35:58.926 [ExplosionDamageSystem] About to explode Explosion_NonLethal from ExplosionTest<0x0000021B450C2B80> ExplosionTest:26452 at <6634.29, 3.15, 1471.53> EXPLOSION range 4 dropoff 1
22:35:58.927 [ExplosionDamageSystem] About to explode Explosion_NonLethal from ExplosionTest<0x0000021B450C21F0> ExplosionTest:26451 at <6379.22, 3.94, 1074.13> EXPLOSION range 4 dropoff 1
22:35:58.927 [ExplosionDamageSystem] About to explode Explosion_NonLethal from ExplosionTest<0x0000021B450C0ED0> ExplosionTest:26450 at <6910.73, 3.69, 1452.77> EXPLOSION range 4 dropoff 1
22:35:58.927 [ExplosionDamageSystem] About to explode Explosion_NonLethal from ExplosionTest<0x0000021B450C1860> ExplosionTest:26449 at <6843.35, 6.49, 1366.32> EXPLOSION range 4 dropoff 1
22:35:59.006 [ExplosionDamageSystem] About to explode Explosion_NonLethal from ExplosionTest<0x0000021B450BAF30> ExplosionTest:26448 at <6640.63, 3.69, 1335.15> EXPLOSION range 4 dropoff 1
22:35:59.006 [ExplosionDamageSystem] About to explode Explosion_NonLethal from ExplosionTest<0x0000021B450BB8C0> ExplosionTest:26447 at <6950.46, 39.68, 1957.38> EXPLOSION range 4 dropoff 1
22:35:59.007 [ExplosionDamageSystem] About to explode Explosion_NonLethal from ExplosionTest<0x0000021B450BCBE0> ExplosionTest:26446 at <6268.02, 4.65, 1330.27> EXPLOSION range 4 dropoff 1
22:35:59.008 [ExplosionDamageSystem] About to explode Explosion_NonLethal from ExplosionTest<0x0000021B450BDF00> ExplosionTest:26445 at <6615.31, 18.93, 1493> EXPLOSION range 4 dropoff 1
22:35:59.010 [ExplosionDamageSystem] About to explode Explosion_NonLethal from ExplosionTest<0x0000021B450C0540> ExplosionTest:26444 at <6170.71, 17.68, 1147.16> EXPLOSION range 4 dropoff 1
22:35:59.014 [ExplosionDamageSystem] About to explode Explosion_NonLethal from ExplosionTest<0x0000021B450BFBB0> ExplosionTest:26443 at <6611.97, 19.33, 1481.94> EXPLOSION range 4 dropoff 1
22:35:59.015 [ExplosionDamageSystem] About to explode Explosion_NonLethal from ExplosionTest<0x0000021B450BA5A0> ExplosionTest:26442 at <5923.45, 40.59, 1813.83> EXPLOSION range 4 dropoff 1
22:35:59.015 [ExplosionDamageSystem] About to explode Explosion_NonLethal from ExplosionTest<0x0000021B450BF220> ExplosionTest:26441 at <6913.08, 2.93, 1452.67> EXPLOSION range 4 dropoff 1
22:35:59.016 [ExplosionDamageSystem] About to explode Explosion_NonLethal from ExplosionTest<0x0000021B450B5920> ExplosionTest:26440 at <6909.52, 2.85, 1466.79> EXPLOSION range 4 dropoff 1
22:35:59.016 [ExplosionDamageSystem] About to explode Explosion_NonLethal from ExplosionTest<0x0000021B450B7F60> ExplosionTest:26439 at <6906.52, 39.16, 1832.98> EXPLOSION range 4 dropoff 1
22:35:59.031 [ExplosionDamageSystem] About to explode Explosion_NonLethal from ExplosionTest<0x0000021B450B75D0> ExplosionTest:26438 at <7098.63, 46.25, 1815.05> EXPLOSION range 4 dropoff 1
22:35:59.032 [ExplosionDamageSystem] About to explode Explosion_NonLethal from ExplosionTest<0x0000021B450B6C40> ExplosionTest:26437 at <6926.42, 3.9, 1471.03> EXPLOSION range 4 dropoff 1
22:35:59.032 [ExplosionDamageSystem] About to explode Explosion_NonLethal from ExplosionTest<0x0000021B450B9C10> ExplosionTest:26436 at <6914.34, 39.12, 1922.46> EXPLOSION range 4 dropoff 1
22:35:59.037 [ExplosionDamageSystem] About to explode Explosion_NonLethal from ExplosionTest<0x0000021B450B9280> ExplosionTest:26435 at <6595.37, 4.11, 1381.77> EXPLOSION range 4 dropoff 1
22:35:59.038 [ExplosionDamageSystem] About to explode Explosion_NonLethal from ExplosionTest<0x0000021B450B1FC0> ExplosionTest:26434 at <6930.23, 38.99, 1796.5> EXPLOSION range 4 dropoff 1
22:35:59.038 [ExplosionDamageSystem] About to explode Explosion_NonLethal from ExplosionTest<0x0000021B450B4F90> ExplosionTest:26433 at <7798.47, 40.65, 2599.7> EXPLOSION range 4 dropoff 1
22:35:59.042 [ExplosionDamageSystem] About to explode Explosion_NonLethal from ExplosionTest<0x0000021B450B3C70> ExplosionTest:26432 at <7329.12, 41.31, 2430.73> EXPLOSION range 4 dropoff 1
22:35:59.044 [ExplosionDamageSystem] About to explode Explosion_NonLethal from ExplosionTest<0x0000021B450B62B0> ExplosionTest:26431 at <6679.76, 40.39, 2045.43> EXPLOSION range 4 dropoff 1
22:35:59.045 [ExplosionDamageSystem] About to explode Explosion_NonLethal from ExplosionTest<0x0000021B450B88F0> ExplosionTest:26430 at <6359.93, 2.55, 1125.09> EXPLOSION range 4 dropoff 1
22:35:59.045 [ExplosionDamageSystem] About to explode Explosion_NonLethal from ExplosionTest<0x0000021B450B32E0> ExplosionTest:26429 at <6956.37, 39.71, 1792.96> EXPLOSION range 4 dropoff 1
22:35:59.046 [ExplosionDamageSystem] About to explode Explosion_NonLethal from ExplosionTest<0x0000021B450B2950> ExplosionTest:26428 at <6849.95, 5.6, 1515.4> EXPLOSION range 4 dropoff 1
22:37:10.191 [AI Object Patrol 00001] Spawning 1 East bots at <3050.322266, 20.971849, 3791.042725>
22:37:10.253 [AI Object Patrol 00001] Global patrol count: 1
22:37:10.255 [AI Object Patrol 00001] Global Expansion AI count: 2 alive, 0 deceased
22:37:10.255 [AI Object Patrol 00001] HelicopterWreck category patrol count: 1
22:38:23.783 [Party] Player "BugiMen" (id=E8NUE864Ah88HeO756WaRkQGG6WE963kZ90uprHjMQY=) joined the party "Guardian Brave" (id=0 ownerUID=E8NUE864Ah88HeO756WaRkQGG6WE963kZ90uprHjMQY= ownerName=BugiMen)
22:40:06.981 [Party] Player "BugiMen" (id=E8NUE864Ah88HeO756WaRkQGG6WE963kZ90uprHjMQY=) left the party "Guardian Brave" (id=0 ownerUID=E8NUE864Ah88HeO756WaRkQGG6WE963kZ90uprHjMQY= ownerName=BugiMen)
22:40:57.819 [MissionAirdrop] An airdrop is heading towards "Hornany" (pos=<1923.219971, 0.000000, 7877.379883> type=Random_Hornany) with a ExpansionAirdropContainer_Medical
