23:18:11.309 [ExplosionDamageSystem] About to explode Explosion_NonLethal from ExplosionTest<0x000001E7E6FDAFE0> ExplosionTest:18950 at <5686.78, 198.49, 2641.88> EXPLOSION range 4 dropoff 1
23:18:11.318 [ExplosionDamageSystem] About to explode Explosion_NonLethal from ExplosionTest<0x000001E7E6FDE940> ExplosionTest:18949 at <4383.8, 190.45, 256.54> EXPLOSION range 4 dropoff 1
23:18:11.330 [ExplosionDamageSystem] About to explode Explosion_NonLethal from ExplosionTest<0x000001E7E6FE05F0> ExplosionTest:18948 at <5928.18, 205.87, 1171.43> EXPLOSION range 4 dropoff 1
23:18:11.339 [ExplosionDamageSystem] About to explode Explosion_NonLethal from ExplosionTest<0x000001E7E6FDD620> ExplosionTest:18947 at <5975.71, 222.59, 2366.11> EXPLOSION range 4 dropoff 1
23:18:11.353 [ExplosionDamageSystem] About to explode Explosion_NonLethal from ExplosionTest<0x000001E7E6FDDFB0> ExplosionTest:18946 at <6795.94, 205.31, 1474.32> EXPLOSION range 4 dropoff 1
23:18:11.354 [ExplosionDamageSystem] About to explode Explosion_NonLethal from ExplosionTest<0x000001E7E6FDF2D0> ExplosionTest:18945 at <6282.77, 222.4, 2196.57> EXPLOSION range 4 dropoff 1
23:18:11.368 [ExplosionDamageSystem] About to explode Explosion_NonLethal from ExplosionTest<0x000001E7E6FD3D20> ExplosionTest:18944 at <5802.43, 208.64, 1187.35> EXPLOSION range 4 dropoff 1
23:18:11.368 [ExplosionDamageSystem] About to explode Explosion_NonLethal from ExplosionTest<0x000001E7E6FD5040> ExplosionTest:18943 at <5149.43, 192.95, 541.46> EXPLOSION range 4 dropoff 1
23:18:11.382 [ExplosionDamageSystem] About to explode Explosion_NonLethal from ExplosionTest<0x000001E7E6FD6CF0> ExplosionTest:18942 at <5409.3, 225.36, 2819.98> EXPLOSION range 4 dropoff 1
23:18:11.399 [ExplosionDamageSystem] About to explode Explosion_NonLethal from ExplosionTest<0x000001E7E6FD46B0> ExplosionTest:18941 at <5700.54, 196.83, 2354.57> EXPLOSION range 4 dropoff 1
23:18:11.406 [ExplosionDamageSystem] About to explode Explosion_NonLethal from ExplosionTest<0x000001E7E6FD3390> ExplosionTest:18940 at <6414.47, 224.6, 1378.54> EXPLOSION range 4 dropoff 1
23:18:11.430 [ExplosionDamageSystem] About to explode Explosion_NonLethal from ExplosionTest<0x000001E7E6FD9CC0> ExplosionTest:18939 at <6219.42, 223.52, 2042.5> EXPLOSION range 4 dropoff 1
23:18:11.455 [ExplosionDamageSystem] About to explode Explosion_NonLethal from ExplosionTest<0x000001E7E6FD6360> ExplosionTest:18938 at <6019.83, 214.73, 1587.43> EXPLOSION range 4 dropoff 1
23:18:11.535 [ExplosionDamageSystem] About to explode Explosion_NonLethal from ExplosionTest<0x000001E7E6FD8010> ExplosionTest:18937 at <6073.05, 215.35, 1819.86> EXPLOSION range 4 dropoff 1
23:18:11.577 [ExplosionDamageSystem] About to explode Explosion_NonLethal from ExplosionTest<0x000001E7E6FD9330> ExplosionTest:18936 at <6168.58, 223.07, 2384.31> EXPLOSION range 4 dropoff 1
23:18:11.607 [ExplosionDamageSystem] About to explode Explosion_NonLethal from ExplosionTest<0x000001E7E6FD59D0> ExplosionTest:18935 at <6085.46, 209.79, 1898.77> EXPLOSION range 4 dropoff 1
23:18:11.668 [ExplosionDamageSystem] About to explode Explosion_NonLethal from ExplosionTest<0x000001E7E6FD2A00> ExplosionTest:18934 at <6587.03, 205.24, 1553.02> EXPLOSION range 4 dropoff 1
23:18:11.678 [ExplosionDamageSystem] About to explode Explosion_NonLethal from ExplosionTest<0x000001E7E6FD2070> ExplosionTest:18933 at <5502.66, 221.43, 2898.6> EXPLOSION range 4 dropoff 1
23:18:11.699 [ExplosionDamageSystem] About to explode Explosion_NonLethal from ExplosionTest<0x000001E7E6FD7680> ExplosionTest:18932 at <4217.08, 231.31, 2575.11> EXPLOSION range 4 dropoff 1
23:18:11.705 [ExplosionDamageSystem] About to explode Explosion_NonLethal from ExplosionTest<0x000001E7E6FD89A0> ExplosionTest:18931 at <5535.46, 196.83, 2407.78> EXPLOSION range 4 dropoff 1
23:18:11.719 [ExplosionDamageSystem] About to explode Explosion_NonLethal from ExplosionTest<0x000001E7DE198010> ExplosionTest:18930 at <6328.08, 222.73, 1856.56> EXPLOSION range 4 dropoff 1
23:18:11.730 [ExplosionDamageSystem] About to explode Explosion_NonLethal from ExplosionTest<0x000001E7DE197680> ExplosionTest:18929 at <5617.01, 198.66, 1840.36> EXPLOSION range 4 dropoff 1
23:18:11.743 [ExplosionDamageSystem] About to explode Explosion_NonLethal from ExplosionTest<0x000001E7DE19DFB0> ExplosionTest:18928 at <5915.65, 207.69, 1085.7> EXPLOSION range 4 dropoff 1
23:18:11.745 [ExplosionDamageSystem] About to explode Explosion_NonLethal from ExplosionTest<0x000001E7DE196CF0> ExplosionTest:18927 at <5943.52, 219.19, 2340.92> EXPLOSION range 4 dropoff 1
23:18:11.751 [ExplosionDamageSystem] About to explode Explosion_NonLethal from ExplosionTest<0x000001E7DE199330> ExplosionTest:18926 at <6122.32, 215.88, 2289.47> EXPLOSION range 4 dropoff 1
23:18:11.770 [ExplosionDamageSystem] About to explode Explosion_NonLethal from ExplosionTest<0x000001E7DE19D620> ExplosionTest:18925 at <5730.9, 198.99, 2557.04> EXPLOSION range 4 dropoff 1
23:18:11.771 [ExplosionDamageSystem] About to explode Explosion_NonLethal from ExplosionTest<0x000001E7DE19C300> ExplosionTest:18924 at <5650.9, 218.03, 2867.43> EXPLOSION range 4 dropoff 1
23:18:11.782 [ExplosionDamageSystem] About to explode Explosion_NonLethal from ExplosionTest<0x000001E7DE19A650> ExplosionTest:18923 at <6181.61, 224.41, 2381.34> EXPLOSION range 4 dropoff 1
23:18:11.783 [ExplosionDamageSystem] About to explode Explosion_NonLethal from ExplosionTest<0x000001E7DE1989A0> ExplosionTest:18922 at <6285.62, 219.94, 1660.28> EXPLOSION range 4 dropoff 1
23:18:11.790 [ExplosionDamageSystem] About to explode Explosion_NonLethal from ExplosionTest<0x000001E7DE196360> ExplosionTest:18921 at <5739.56, 199.92, 2543.11> EXPLOSION range 4 dropoff 1
23:18:11.803 [ExplosionDamageSystem] About to explode Explosion_NonLethal from ExplosionTest<0x000001E7DE19CC90> ExplosionTest:18920 at <5546.28, 212.51, 2646.56> EXPLOSION range 4 dropoff 1
23:18:11.822 [ExplosionDamageSystem] About to explode Explosion_NonLethal from ExplosionTest<0x000001E7DE19B970> ExplosionTest:18919 at <6135.35, 227.65, 1812.24> EXPLOSION range 4 dropoff 1
23:18:11.832 [ExplosionDamageSystem] About to explode Explosion_NonLethal from ExplosionTest<0x000001E7DE19AFE0> ExplosionTest:18918 at <6275.09, 220.55, 2306.9> EXPLOSION range 4 dropoff 1
23:18:11.837 [ExplosionDamageSystem] About to explode Explosion_NonLethal from ExplosionTest<0x000001E7DE199CC0> ExplosionTest:18917 at <6410.43, 232.13, 2191.05> EXPLOSION range 4 dropoff 1
23:18:11.842 [ExplosionDamageSystem] About to explode Explosion_NonLethal from ExplosionTest<0x000001E7DE18F0A0> ExplosionTest:18916 at <6173.27, 206.6, 1014.25> EXPLOSION range 4 dropoff 1
23:18:11.856 [ExplosionDamageSystem] About to explode Explosion_NonLethal from ExplosionTest<0x000001E7DE1959D0> ExplosionTest:18915 at <6074.34, 225.85, 1728.09> EXPLOSION range 4 dropoff 1
23:18:11.871 [ExplosionDamageSystem] About to explode Explosion_NonLethal from ExplosionTest<0x000001E7DE18FA30> ExplosionTest:18914 at <6082.48, 209.51, 1367.45> EXPLOSION range 4 dropoff 1
23:18:11.892 [ExplosionDamageSystem] About to explode Explosion_NonLethal from ExplosionTest<0x000001E7DE195040> ExplosionTest:18913 at <5444.64, 197.29, 2674.05> EXPLOSION range 4 dropoff 1
23:18:11.896 [ExplosionDamageSystem] About to explode Explosion_NonLethal from ExplosionTest<0x000001E7DE1946B0> ExplosionTest:18912 at <5592.52, 236.56, 2985.75> EXPLOSION range 4 dropoff 1
23:18:11.918 [ExplosionDamageSystem] About to explode Explosion_NonLethal from ExplosionTest<0x000001E7DE18D3F0> ExplosionTest:18911 at <5674.66, 199.58, 1706.05> EXPLOSION range 4 dropoff 1
23:18:11.929 [ExplosionDamageSystem] About to explode Explosion_NonLethal from ExplosionTest<0x000001E7DE193390> ExplosionTest:18910 at <6914.43, 205.9, 1524.45> EXPLOSION range 4 dropoff 1
23:18:11.978 [ExplosionDamageSystem] About to explode Explosion_NonLethal from ExplosionTest<0x000001E7DE18DD80> ExplosionTest:18909 at <6126.11, 214.12, 1824.14> EXPLOSION range 4 dropoff 1
23:18:11.979 [ExplosionDamageSystem] About to explode Explosion_NonLethal from ExplosionTest<0x000001E7DE192A00> ExplosionTest:18908 at <6142.57, 218.23, 1875.1> EXPLOSION range 4 dropoff 1
23:18:12.011 [ExplosionDamageSystem] About to explode Explosion_NonLethal from ExplosionTest<0x000001E7DE193D20> ExplosionTest:18907 at <5685, 202.19, 1445.11> EXPLOSION range 4 dropoff 1
23:18:12.025 [ExplosionDamageSystem] About to explode Explosion_NonLethal from ExplosionTest<0x000001E7DE190D50> ExplosionTest:18906 at <274.04, 282.09, 152.85> EXPLOSION range 4 dropoff 1
23:18:12.025 [ExplosionDamageSystem] About to explode Explosion_NonLethal from ExplosionTest<0x000001E7DE18B740> ExplosionTest:18905 at <5867.42, 216.01, 1374> EXPLOSION range 4 dropoff 1
23:18:12.043 [ExplosionDamageSystem] About to explode Explosion_NonLethal from ExplosionTest<0x000001E7DE18CA60> ExplosionTest:18904 at <7410.68, 240.04, 1567.02> EXPLOSION range 4 dropoff 1
23:18:12.046 [ExplosionDamageSystem] About to explode Explosion_NonLethal from ExplosionTest<0x000001E7DE1903C0> ExplosionTest:18903 at <7408.46, 240.04, 1577.08> EXPLOSION range 4 dropoff 1
23:18:12.049 [ExplosionDamageSystem] About to explode Explosion_NonLethal from ExplosionTest<0x000001E7DE192070> ExplosionTest:18902 at <5726.96, 197.46, 1823.98> EXPLOSION range 4 dropoff 1
23:18:12.070 [ExplosionDamageSystem] About to explode Explosion_NonLethal from ExplosionTest<0x000001E7DE18C0D0> ExplosionTest:18901 at <6355.78, 221.25, 1877.92> EXPLOSION range 4 dropoff 1
23:18:12.084 [ExplosionDamageSystem] About to explode Explosion_NonLethal from ExplosionTest<0x000001E7DE1916E0> ExplosionTest:18900 at <7381.41, 247.04, 1554.52> EXPLOSION range 4 dropoff 1
23:18:12.084 [ExplosionDamageSystem] About to explode Explosion_NonLethal from ExplosionTest<0x000001E7DE184480> ExplosionTest:18899 at <5682.02, 206.09, 1455.65> EXPLOSION range 4 dropoff 1
23:18:12.085 [ExplosionDamageSystem] About to explode Explosion_NonLethal from ExplosionTest<0x000001E7DE189A90> ExplosionTest:18898 at <5435.93, 205.2, 2879.51> EXPLOSION range 4 dropoff 1
23:18:12.089 [ExplosionDamageSystem] About to explode Explosion_NonLethal from ExplosionTest<0x000001E7DE189100> ExplosionTest:18897 at <6225.42, 214.97, 1915.29> EXPLOSION range 4 dropoff 1
23:18:12.094 [ExplosionDamageSystem] About to explode Explosion_NonLethal from ExplosionTest<0x000001E7DE18A420> ExplosionTest:18896 at <5779.62, 206.58, 2683.83> EXPLOSION range 4 dropoff 1
