19:56:26.721 [ExplosionDamageSystem] About to explode Explosion_NonLethal from ExplosionTest<0x000001F164ABD920> ExplosionTest:18957 at <3947.47, 206.54, 1152.75> EXPLOSION range 4 dropoff 1
19:56:26.726 [ExplosionDamageSystem] About to explode Explosion_NonLethal from ExplosionTest<0x000001F164ABCF90> ExplosionTest:18956 at <5574.61, 212.01, 2611.43> EXPLOSION range 4 dropoff 1
19:56:26.733 [ExplosionDamageSystem] About to explode Explosion_NonLethal from ExplosionTest<0x000001F164AC1C10> ExplosionTest:18955 at <6292.76, 224.88, 2179.81> EXPLOSION range 4 dropoff 1
19:56:26.747 [ExplosionDamageSystem] About to explode Explosion_NonLethal from ExplosionTest<0x000001F164AB9630> ExplosionTest:18954 at <5973.87, 213.38, 2363.9> EXPLOSION range 4 dropoff 1
19:56:26.756 [ExplosionDamageSystem] About to explode Explosion_NonLethal from ExplosionTest<0x000001F164ABA950> ExplosionTest:18953 at <6371.53, 237.94, 1854.51> EXPLOSION range 4 dropoff 1
19:56:26.768 [ExplosionDamageSystem] About to explode Explosion_NonLethal from ExplosionTest<0x000001F164AB9FC0> ExplosionTest:18952 at <6419.58, 237.38, 1665.42> EXPLOSION range 4 dropoff 1
19:56:26.792 [ExplosionDamageSystem] About to explode Explosion_NonLethal from ExplosionTest<0x000001F164ABE2B0> ExplosionTest:18951 at <5831.06, 215.89, 1400.72> EXPLOSION range 4 dropoff 1
19:56:26.798 [ExplosionDamageSystem] About to explode Explosion_NonLethal from ExplosionTest<0x000001F164ABFF60> ExplosionTest:18950 at <5937.64, 243.6, 2190.61> EXPLOSION range 4 dropoff 1
19:56:26.802 [ExplosionDamageSystem] About to explode Explosion_NonLethal from ExplosionTest<0x000001F164ABC600> ExplosionTest:18949 at <5454.56, 226.04, 2744.02> EXPLOSION range 4 dropoff 1
19:56:26.814 [ExplosionDamageSystem] About to explode Explosion_NonLethal from ExplosionTest<0x000001F164ABBC70> ExplosionTest:18948 at <6401.43, 234.12, 1640.44> EXPLOSION range 4 dropoff 1
19:56:26.824 [ExplosionDamageSystem] About to explode Explosion_NonLethal from ExplosionTest<0x000001F164AB2370> ExplosionTest:18947 at <6196.22, 216.95, 2207.16> EXPLOSION range 4 dropoff 1
19:56:26.846 [ExplosionDamageSystem] About to explode Explosion_NonLethal from ExplosionTest<0x000001F164AB8310> ExplosionTest:18946 at <5412.63, 212.75, 2808.28> EXPLOSION range 4 dropoff 1
19:56:26.858 [ExplosionDamageSystem] About to explode Explosion_NonLethal from ExplosionTest<0x000001F164AB2D00> ExplosionTest:18945 at <6027.8, 213.15, 2338.6> EXPLOSION range 4 dropoff 1
19:56:26.859 [ExplosionDamageSystem] About to explode Explosion_NonLethal from ExplosionTest<0x000001F164AB7980> ExplosionTest:18944 at <5905.32, 234.92, 2524.28> EXPLOSION range 4 dropoff 1
19:56:26.884 [ExplosionDamageSystem] About to explode Explosion_NonLethal from ExplosionTest<0x000001F164AB6FF0> ExplosionTest:18943 at <6297.31, 235.63, 2287.31> EXPLOSION range 4 dropoff 1
19:56:26.895 [ExplosionDamageSystem] About to explode Explosion_NonLethal from ExplosionTest<0x000001F164AB8CA0> ExplosionTest:18942 at <6096.11, 218.37, 1902.66> EXPLOSION range 4 dropoff 1
19:56:26.895 [ExplosionDamageSystem] About to explode Explosion_NonLethal from ExplosionTest<0x000001F164AB19E0> ExplosionTest:18941 at <5682.91, 199.74, 1686.48> EXPLOSION range 4 dropoff 1
19:56:26.916 [ExplosionDamageSystem] About to explode Explosion_NonLethal from ExplosionTest<0x000001F164AB6660> ExplosionTest:18940 at <6289.67, 229.55, 1820.5> EXPLOSION range 4 dropoff 1
19:56:26.923 [ExplosionDamageSystem] About to explode Explosion_NonLethal from ExplosionTest<0x000001F164AB5CD0> ExplosionTest:18939 at <5650.06, 201.94, 2748.47> EXPLOSION range 4 dropoff 1
19:56:26.931 [ExplosionDamageSystem] About to explode Explosion_NonLethal from ExplosionTest<0x000001F164AAEA10> ExplosionTest:18938 at <6064.22, 219.43, 1732.52> EXPLOSION range 4 dropoff 1
19:56:26.948 [ExplosionDamageSystem] About to explode Explosion_NonLethal from ExplosionTest<0x000001F164AB5340> ExplosionTest:18937 at <3731.92, 233.01, 704.81> EXPLOSION range 4 dropoff 1
19:56:26.953 [ExplosionDamageSystem] About to explode Explosion_NonLethal from ExplosionTest<0x000001F164AAE080> ExplosionTest:18936 at <5782.85, 203.73, 1234.68> EXPLOSION range 4 dropoff 1
19:56:26.953 [ExplosionDamageSystem] About to explode Explosion_NonLethal from ExplosionTest<0x000001F164AB1050> ExplosionTest:18935 at <6326.16, 220.18, 1869.52> EXPLOSION range 4 dropoff 1
19:56:26.956 [ExplosionDamageSystem] About to explode Explosion_NonLethal from ExplosionTest<0x000001F164AAF3A0> ExplosionTest:18934 at <5835, 201.77, 2558.65> EXPLOSION range 4 dropoff 1
19:56:26.958 [ExplosionDamageSystem] About to explode Explosion_NonLethal from ExplosionTest<0x000001F164AB3690> ExplosionTest:18933 at <6075.43, 221.77, 1722> EXPLOSION range 4 dropoff 1
19:56:26.958 [ExplosionDamageSystem] About to explode Explosion_NonLethal from ExplosionTest<0x000001F164AB49B0> ExplosionTest:18932 at <5502.47, 196.54, 2975.64> EXPLOSION range 4 dropoff 1
19:56:26.968 [ExplosionDamageSystem] About to explode Explosion_NonLethal from ExplosionTest<0x000001F164AB4020> ExplosionTest:18931 at <4218.8, 231.7, 2572.18> EXPLOSION range 4 dropoff 1
19:56:26.972 [ExplosionDamageSystem] About to explode Explosion_NonLethal from ExplosionTest<0x000001F164AAFD30> ExplosionTest:18930 at <5876.98, 210.66, 2271> EXPLOSION range 4 dropoff 1
19:56:26.983 [ExplosionDamageSystem] About to explode Explosion_NonLethal from ExplosionTest<0x000001F164AB06C0> ExplosionTest:18929 at <6540.4, 206.07, 1633.09> EXPLOSION range 4 dropoff 1
19:56:26.989 [ExplosionDamageSystem] About to explode Explosion_NonLethal from ExplosionTest<0x000001F164AEDFB0> ExplosionTest:18928 at <5477.83, 197.47, 2903.75> EXPLOSION range 4 dropoff 1
19:56:27.001 [ExplosionDamageSystem] About to explode Explosion_NonLethal from ExplosionTest<0x000001F164AE89A0> ExplosionTest:18927 at <5603.11, 212.13, 1771.01> EXPLOSION range 4 dropoff 1
19:56:27.012 [ExplosionDamageSystem] About to explode Explosion_NonLethal from ExplosionTest<0x000001F164AEA650> ExplosionTest:18926 at <5581.01, 195.46, 1661.36> EXPLOSION range 4 dropoff 1
19:56:27.019 [ExplosionDamageSystem] About to explode Explosion_NonLethal from ExplosionTest<0x000001F164AE9CC0> ExplosionTest:18925 at <10016.3, 252.36, 1698.1> EXPLOSION range 4 dropoff 1
19:56:27.031 [ExplosionDamageSystem] About to explode Explosion_NonLethal from ExplosionTest<0x000001F164AEAFE0> ExplosionTest:18924 at <6205.47, 223.49, 2128.45> EXPLOSION range 4 dropoff 1
19:56:27.040 [ExplosionDamageSystem] About to explode Explosion_NonLethal from ExplosionTest<0x000001F164AECC90> ExplosionTest:18923 at <5653.56, 205.53, 1605.91> EXPLOSION range 4 dropoff 1
19:56:27.043 [ExplosionDamageSystem] About to explode Explosion_NonLethal from ExplosionTest<0x000001F164AEC300> ExplosionTest:18922 at <5922.79, 219.17, 2321.61> EXPLOSION range 4 dropoff 1
19:56:27.044 [ExplosionDamageSystem] About to explode Explosion_NonLethal from ExplosionTest<0x000001F164AEB970> ExplosionTest:18921 at <6432.01, 233.78, 1678.23> EXPLOSION range 4 dropoff 1
19:56:27.045 [ExplosionDamageSystem] About to explode Explosion_NonLethal from ExplosionTest<0x000001F164AE9330> ExplosionTest:18920 at <6320.43, 222.69, 1773.34> EXPLOSION range 4 dropoff 1
19:56:27.045 [ExplosionDamageSystem] About to explode Explosion_NonLethal from ExplosionTest<0x000001F164AED620> ExplosionTest:18919 at <5715.89, 204.44, 2793.34> EXPLOSION range 4 dropoff 1
19:56:27.056 [ExplosionDamageSystem] About to explode Explosion_NonLethal from ExplosionTest<0x000001F164AE8010> ExplosionTest:18918 at <5498.9, 213.81, 2908.83> EXPLOSION range 4 dropoff 1
19:56:27.063 [ExplosionDamageSystem] About to explode Explosion_NonLethal from ExplosionTest<0x000001F164AE0D50> ExplosionTest:18917 at <11440.6, 235.17, 3655.54> EXPLOSION range 4 dropoff 1
19:56:27.071 [ExplosionDamageSystem] About to explode Explosion_NonLethal from ExplosionTest<0x000001F164AE7680> ExplosionTest:18916 at <1799.79, 220.58, 2404.75> EXPLOSION range 4 dropoff 1
19:56:27.080 [ExplosionDamageSystem] About to explode Explosion_NonLethal from ExplosionTest<0x000001F164AE03C0> ExplosionTest:18915 at <12702.1, 313.55, 331.42> EXPLOSION range 4 dropoff 1
19:56:27.094 [ExplosionDamageSystem] About to explode Explosion_NonLethal from ExplosionTest<0x000001F164AE6CF0> ExplosionTest:18914 at <5706.78, 221.44, 2882.06> EXPLOSION range 4 dropoff 1
19:56:27.097 [ExplosionDamageSystem] About to explode Explosion_NonLethal from ExplosionTest<0x000001F164ADFA30> ExplosionTest:18913 at <5719.5, 199.98, 2555.75> EXPLOSION range 4 dropoff 1
19:56:27.102 [ExplosionDamageSystem] About to explode Explosion_NonLethal from ExplosionTest<0x000001F164AE5040> ExplosionTest:18912 at <8600.14, 216.23, 2846.5> EXPLOSION range 4 dropoff 1
19:56:27.108 [ExplosionDamageSystem] About to explode Explosion_NonLethal from ExplosionTest<0x000001F164AE2070> ExplosionTest:18911 at <5432.25, 199.19, 2583.92> EXPLOSION range 4 dropoff 1
19:56:27.140 [ExplosionDamageSystem] About to explode Explosion_NonLethal from ExplosionTest<0x000001F164AE6360> ExplosionTest:18910 at <6230.22, 225.32, 2365.88> EXPLOSION range 4 dropoff 1
19:56:27.151 [ExplosionDamageSystem] About to explode Explosion_NonLethal from ExplosionTest<0x000001F164AE59D0> ExplosionTest:18909 at <5851.24, 201.33, 2323.11> EXPLOSION range 4 dropoff 1
19:56:27.154 [ExplosionDamageSystem] About to explode Explosion_NonLethal from ExplosionTest<0x000001F164AE46B0> ExplosionTest:18908 at <5638.17, 199.86, 1777.73> EXPLOSION range 4 dropoff 1
19:56:27.159 [ExplosionDamageSystem] About to explode Explosion_NonLethal from ExplosionTest<0x000001F164AE16E0> ExplosionTest:18907 at <5808.01, 217.28, 2493.44> EXPLOSION range 4 dropoff 1
19:56:27.167 [ExplosionDamageSystem] About to explode Explosion_NonLethal from ExplosionTest<0x000001F164AE2A00> ExplosionTest:18906 at <5698.84, 212.4, 2903.15> EXPLOSION range 4 dropoff 1
19:56:27.167 [ExplosionDamageSystem] About to explode Explosion_NonLethal from ExplosionTest<0x000001F164AE3390> ExplosionTest:18905 at <5588.04, 205.1, 2605.09> EXPLOSION range 4 dropoff 1
19:56:27.174 [ExplosionDamageSystem] About to explode Explosion_NonLethal from ExplosionTest<0x000001F164AE3D20> ExplosionTest:18904 at <5928.91, 229.59, 2336.53> EXPLOSION range 4 dropoff 1
19:56:27.175 [ExplosionDamageSystem] About to explode Explosion_NonLethal from ExplosionTest<0x000001F164AD8770> ExplosionTest:18903 at <6131.18, 220.26, 1798.04> EXPLOSION range 4 dropoff 1
19:58:18.798 [VehicleDeleted] Truck_01_Covered_Orange (id=3BC3ECCE9C481AE0563C068DF455E059 pos=<11412.2, -6842.81, 15500.2> lifetime=0)
