19:34:44.908 [ExplosionDamageSystem] About to explode Explosion_NonLethal from ExplosionTest<0x000001CC67128610> ExplosionTest:18940 at <6087.86, 218.27, 1894.82> EXPLOSION range 4 dropoff 1
19:34:44.940 [ExplosionDamageSystem] About to explode Explosion_NonLethal from ExplosionTest<0x000001CC6711BD40> ExplosionTest:18939 at <5433.83, 199.77, 2874.01> EXPLOSION range 4 dropoff 1
19:34:44.956 [ExplosionDamageSystem] About to explode Explosion_NonLethal from ExplosionTest<0x000001CC67121CE0> ExplosionTest:18938 at <5764.73, 202.72, 1681.88> EXPLOSION range 4 dropoff 1
19:34:44.985 [ExplosionDamageSystem] About to explode Explosion_NonLethal from ExplosionTest<0x000001CC67121350> ExplosionTest:18937 at <3942.72, 216.93, 1150.33> EXPLOSION range 4 dropoff 1
19:34:44.991 [ExplosionDamageSystem] About to explode Explosion_NonLethal from ExplosionTest<0x000001CC671209C0> ExplosionTest:18936 at <5964.95, 251.98, 2263.09> EXPLOSION range 4 dropoff 1
19:34:45.007 [ExplosionDamageSystem] About to explode Explosion_NonLethal from ExplosionTest<0x000001CC6711C6D0> ExplosionTest:18935 at <6042.82, 215.07, 1862.73> EXPLOSION range 4 dropoff 1
19:34:45.019 [ExplosionDamageSystem] About to explode Explosion_NonLethal from ExplosionTest<0x000001CC67122670> ExplosionTest:18934 at <5722.04, 198.76, 1695.89> EXPLOSION range 4 dropoff 1
19:34:45.024 [ExplosionDamageSystem] About to explode Explosion_NonLethal from ExplosionTest<0x000001CC6711A090> ExplosionTest:18933 at <6297.39, 221.13, 2065.32> EXPLOSION range 4 dropoff 1
19:34:45.032 [ExplosionDamageSystem] About to explode Explosion_NonLethal from ExplosionTest<0x000001CC67120030> ExplosionTest:18932 at <5864.89, 201.4, 2284.14> EXPLOSION range 4 dropoff 1
19:34:45.039 [ExplosionDamageSystem] About to explode Explosion_NonLethal from ExplosionTest<0x000001CC6711B3B0> ExplosionTest:18931 at <9792.65, 253.29, 1535.99> EXPLOSION range 4 dropoff 1
19:34:45.045 [ExplosionDamageSystem] About to explode Explosion_NonLethal from ExplosionTest<0x000001CC6711F6A0> ExplosionTest:18930 at <5670.82, 212.51, 2753.23> EXPLOSION range 4 dropoff 1
19:34:45.048 [ExplosionDamageSystem] About to explode Explosion_NonLethal from ExplosionTest<0x000001CC6711ED10> ExplosionTest:18929 at <5585.79, 199.18, 1856.59> EXPLOSION range 4 dropoff 1
19:34:45.059 [ExplosionDamageSystem] About to explode Explosion_NonLethal from ExplosionTest<0x000001CC6711E380> ExplosionTest:18928 at <5639.45, 211.01, 2732.67> EXPLOSION range 4 dropoff 1
19:34:45.065 [ExplosionDamageSystem] About to explode Explosion_NonLethal from ExplosionTest<0x000001CC6711AA20> ExplosionTest:18927 at <6073, 231.97, 1720.47> EXPLOSION range 4 dropoff 1
19:34:45.078 [ExplosionDamageSystem] About to explode Explosion_NonLethal from ExplosionTest<0x000001CC6711D9F0> ExplosionTest:18926 at <6419.28, 226.96, 1652.05> EXPLOSION range 4 dropoff 1
19:34:45.100 [ExplosionDamageSystem] About to explode Explosion_NonLethal from ExplosionTest<0x000001CC67119700> ExplosionTest:18925 at <6412.15, 215.28, 1237.12> EXPLOSION range 4 dropoff 1
19:34:45.104 [ExplosionDamageSystem] About to explode Explosion_NonLethal from ExplosionTest<0x000001CC6711D060> ExplosionTest:18924 at <5577.46, 201.86, 2603.67> EXPLOSION range 4 dropoff 1
19:34:45.109 [ExplosionDamageSystem] About to explode Explosion_NonLethal from ExplosionTest<0x000001CC67112440> ExplosionTest:18923 at <5762.3, 205.47, 1440.91> EXPLOSION range 4 dropoff 1
19:34:45.121 [ExplosionDamageSystem] About to explode Explosion_NonLethal from ExplosionTest<0x000001CC671183E0> ExplosionTest:18922 at <5654.34, 212.48, 1634.49> EXPLOSION range 4 dropoff 1
19:34:45.125 [ExplosionDamageSystem] About to explode Explosion_NonLethal from ExplosionTest<0x000001CC67117A50> ExplosionTest:18921 at <5444.06, 198.15, 2673.54> EXPLOSION range 4 dropoff 1
19:34:45.132 [ExplosionDamageSystem] About to explode Explosion_NonLethal from ExplosionTest<0x000001CC67118D70> ExplosionTest:18920 at <6432.46, 210.69, 1225.22> EXPLOSION range 4 dropoff 1
19:34:45.137 [ExplosionDamageSystem] About to explode Explosion_NonLethal from ExplosionTest<0x000001CC67110790> ExplosionTest:18919 at <5762.53, 206.12, 1686.75> EXPLOSION range 4 dropoff 1
19:34:45.138 [ExplosionDamageSystem] About to explode Explosion_NonLethal from ExplosionTest<0x000001CC67113760> ExplosionTest:18918 at <8601.39, 206.03, 2850.25> EXPLOSION range 4 dropoff 1
19:34:45.139 [ExplosionDamageSystem] About to explode Explosion_NonLethal from ExplosionTest<0x000001CC671170C0> ExplosionTest:18917 at <6221.22, 225.57, 2234.32> EXPLOSION range 4 dropoff 1
19:34:45.153 [ExplosionDamageSystem] About to explode Explosion_NonLethal from ExplosionTest<0x000001CC67111AB0> ExplosionTest:18916 at <4749.69, 194.09, 353.82> EXPLOSION range 4 dropoff 1
19:34:45.155 [ExplosionDamageSystem] About to explode Explosion_NonLethal from ExplosionTest<0x000001CC6710FE00> ExplosionTest:18915 at <11440, 234.42, 3656.94> EXPLOSION range 4 dropoff 1
19:34:45.163 [ExplosionDamageSystem] About to explode Explosion_NonLethal from ExplosionTest<0x000001CC671140F0> ExplosionTest:18914 at <5829.15, 198.54, 2637.17> EXPLOSION range 4 dropoff 1
19:34:45.167 [ExplosionDamageSystem] About to explode Explosion_NonLethal from ExplosionTest<0x000001CC67116730> ExplosionTest:18913 at <6408.81, 227.98, 1358.28> EXPLOSION range 4 dropoff 1
19:34:45.180 [ExplosionDamageSystem] About to explode Explosion_NonLethal from ExplosionTest<0x000001CC67112DD0> ExplosionTest:18912 at <5656.82, 212.33, 1615.45> EXPLOSION range 4 dropoff 1
19:34:45.180 [ExplosionDamageSystem] About to explode Explosion_NonLethal from ExplosionTest<0x000001CC67115DA0> ExplosionTest:18911 at <5543.79, 197.86, 2548.47> EXPLOSION range 4 dropoff 1
19:34:45.198 [ExplosionDamageSystem] About to explode Explosion_NonLethal from ExplosionTest<0x000001CC67115410> ExplosionTest:18910 at <5720.89, 218.75, 2792.23> EXPLOSION range 4 dropoff 1
19:34:45.273 [ExplosionDamageSystem] About to explode Explosion_NonLethal from ExplosionTest<0x000001CC6710F470> ExplosionTest:18909 at <6321.02, 224.46, 2194.64> EXPLOSION range 4 dropoff 1
19:34:45.278 [ExplosionDamageSystem] About to explode Explosion_NonLethal from ExplosionTest<0x000001CC67114A80> ExplosionTest:18908 at <5983.4, 226.43, 2310.29> EXPLOSION range 4 dropoff 1
19:34:45.279 [ExplosionDamageSystem] About to explode Explosion_NonLethal from ExplosionTest<0x000001CC67111120> ExplosionTest:18907 at <5993.46, 213.41, 2333.7> EXPLOSION range 4 dropoff 1
19:34:45.286 [ExplosionDamageSystem] About to explode Explosion_NonLethal from ExplosionTest<0x000001CC5E4D4FA0> ExplosionTest:18906 at <5758.95, 205.71, 1795.46> EXPLOSION range 4 dropoff 1
19:34:45.310 [ExplosionDamageSystem] About to explode Explosion_NonLethal from ExplosionTest<0x000001CC5E4D4610> ExplosionTest:18905 at <5617.63, 199.46, 1765.4> EXPLOSION range 4 dropoff 1
19:34:45.321 [ExplosionDamageSystem] About to explode Explosion_NonLethal from ExplosionTest<0x000001CC5E4CD350> ExplosionTest:18904 at <8631.36, 215.27, 2787.48> EXPLOSION range 4 dropoff 1
19:34:45.324 [ExplosionDamageSystem] About to explode Explosion_NonLethal from ExplosionTest<0x000001CC5E4D3C80> ExplosionTest:18903 at <5704.96, 203.22, 2593.77> EXPLOSION range 4 dropoff 1
19:34:45.331 [ExplosionDamageSystem] About to explode Explosion_NonLethal from ExplosionTest<0x000001CC5E4D2960> ExplosionTest:18902 at <5680.48, 199.66, 1714.57> EXPLOSION range 4 dropoff 1
19:34:45.331 [ExplosionDamageSystem] About to explode Explosion_NonLethal from ExplosionTest<0x000001CC5E4D1FD0> ExplosionTest:18901 at <6262.77, 221.38, 2260.63> EXPLOSION range 4 dropoff 1
19:34:45.341 [ExplosionDamageSystem] About to explode Explosion_NonLethal from ExplosionTest<0x000001CC5E4D32F0> ExplosionTest:18900 at <6149.11, 216.95, 1821.48> EXPLOSION range 4 dropoff 1
19:34:45.347 [ExplosionDamageSystem] About to explode Explosion_NonLethal from ExplosionTest<0x000001CC5E4D1640> ExplosionTest:18899 at <5605.01, 201.93, 1763.39> EXPLOSION range 4 dropoff 1
19:34:45.350 [ExplosionDamageSystem] About to explode Explosion_NonLethal from ExplosionTest<0x000001CC5E4D0CB0> ExplosionTest:18898 at <5498.58, 196.83, 2512.67> EXPLOSION range 4 dropoff 1
19:34:45.351 [ExplosionDamageSystem] About to explode Explosion_NonLethal from ExplosionTest<0x000001CC5E4CF990> ExplosionTest:18897 at <9320.01, 265.62, 1678.01> EXPLOSION range 4 dropoff 1
19:34:45.353 [ExplosionDamageSystem] About to explode Explosion_NonLethal from ExplosionTest<0x000001CC5E4D0320> ExplosionTest:18896 at <6353.99, 223.79, 1555.81> EXPLOSION range 4 dropoff 1
19:34:45.361 [ExplosionDamageSystem] About to explode Explosion_NonLethal from ExplosionTest<0x000001CC5E4CF000> ExplosionTest:18895 at <5814.19, 206.7, 1411.79> EXPLOSION range 4 dropoff 1
19:34:45.367 [ExplosionDamageSystem] About to explode Explosion_NonLethal from ExplosionTest<0x000001CC5E4CE670> ExplosionTest:18894 at <7128.8, 232.55, 1454.43> EXPLOSION range 4 dropoff 1
19:34:45.368 [ExplosionDamageSystem] About to explode Explosion_NonLethal from ExplosionTest<0x000001CC5E4C73B0> ExplosionTest:18893 at <5729.07, 208.77, 2849.47> EXPLOSION range 4 dropoff 1
19:34:45.368 [ExplosionDamageSystem] About to explode Explosion_NonLethal from ExplosionTest<0x000001CC5E4CC9C0> ExplosionTest:18892 at <6137.65, 225.79, 1932.51> EXPLOSION range 4 dropoff 1
19:34:45.399 [ExplosionDamageSystem] About to explode Explosion_NonLethal from ExplosionTest<0x000001CC5E4CDCE0> ExplosionTest:18891 at <5985.39, 215.17, 1472.33> EXPLOSION range 4 dropoff 1
19:34:45.424 [ExplosionDamageSystem] About to explode Explosion_NonLethal from ExplosionTest<0x000001CC5E4CA380> ExplosionTest:18890 at <5870.01, 204.16, 1686.35> EXPLOSION range 4 dropoff 1
19:34:45.435 [ExplosionDamageSystem] About to explode Explosion_NonLethal from ExplosionTest<0x000001CC5E4C99F0> ExplosionTest:18889 at <6122.82, 234.97, 1734.55> EXPLOSION range 4 dropoff 1
19:34:45.438 [ExplosionDamageSystem] About to explode Explosion_NonLethal from ExplosionTest<0x000001CC5E4CC030> ExplosionTest:18888 at <6065.59, 225.77, 1366.94> EXPLOSION range 4 dropoff 1
19:34:45.442 [ExplosionDamageSystem] About to explode Explosion_NonLethal from ExplosionTest<0x000001CC5E4CAD10> ExplosionTest:18887 at <6309.72, 222.95, 2263.03> EXPLOSION range 4 dropoff 1
19:34:45.443 [ExplosionDamageSystem] About to explode Explosion_NonLethal from ExplosionTest<0x000001CC5E4C9060> ExplosionTest:18886 at <6446.61, 209.53, 1496.57> EXPLOSION range 4 dropoff 1
