21:44:21.780 [ExplosionDamageSystem] About to explode Explosion_NonLethal from ExplosionTest<0x0000016E446D2EC0> ExplosionTest:26544 at <7279.34, 37.26, 2339.56> EXPLOSION range 4 dropoff 1
21:44:21.787 [ExplosionDamageSystem] About to explode Explosion_NonLethal from ExplosionTest<0x0000016E446D1BA0> ExplosionTest:26543 at <6950.4, 40.02, 1960.81> EXPLOSION range 4 dropoff 1
21:44:21.795 [ExplosionDamageSystem] About to explode Explosion_NonLethal from ExplosionTest<0x0000016E446D1210> ExplosionTest:26542 at <7349.58, 4.16, 1426.76> EXPLOSION range 4 dropoff 1
21:44:21.795 [ExplosionDamageSystem] About to explode Explosion_NonLethal from ExplosionTest<0x0000016E446CA8E0> ExplosionTest:26541 at <6955.65, 40.06, 1793.17> EXPLOSION range 4 dropoff 1
21:44:21.797 [ExplosionDamageSystem] About to explode Explosion_NonLethal from ExplosionTest<0x0000016E446CC590> ExplosionTest:26540 at <6164.35, 17.24, 1145.97> EXPLOSION range 4 dropoff 1
21:44:21.801 [ExplosionDamageSystem] About to explode Explosion_NonLethal from ExplosionTest<0x0000016E446D0880> ExplosionTest:26539 at <6756.75, 47.08, 1978.31> EXPLOSION range 4 dropoff 1
21:44:21.809 [ExplosionDamageSystem] About to explode Explosion_NonLethal from ExplosionTest<0x0000016E446CBC00> ExplosionTest:26538 at <6932.07, 3.15, 1440.38> EXPLOSION range 4 dropoff 1
21:44:21.809 [ExplosionDamageSystem] About to explode Explosion_NonLethal from ExplosionTest<0x0000016E446CD8B0> ExplosionTest:26537 at <6954.71, 39.16, 1996.71> EXPLOSION range 4 dropoff 1
21:44:21.812 [ExplosionDamageSystem] About to explode Explosion_NonLethal from ExplosionTest<0x0000016E446CFEF0> ExplosionTest:26536 at <7270.37, 35.41, 2276.02> EXPLOSION range 4 dropoff 1
21:44:21.816 [ExplosionDamageSystem] About to explode Explosion_NonLethal from ExplosionTest<0x0000016E446C9F50> ExplosionTest:26535 at <7293.82, 37.32, 2375.35> EXPLOSION range 4 dropoff 1
21:44:21.817 [ExplosionDamageSystem] About to explode Explosion_NonLethal from ExplosionTest<0x0000016E446CF560> ExplosionTest:26534 at <6850.01, 3.67, 1516.01> EXPLOSION range 4 dropoff 1
21:44:21.825 [ExplosionDamageSystem] About to explode Explosion_NonLethal from ExplosionTest<0x0000016E446CB270> ExplosionTest:26533 at <6962.43, 39.62, 1941.51> EXPLOSION range 4 dropoff 1
21:44:21.827 [ExplosionDamageSystem] About to explode Explosion_NonLethal from ExplosionTest<0x0000016E446CE240> ExplosionTest:26532 at <6379.23, 31.8, 1920.72> EXPLOSION range 4 dropoff 1
21:44:21.830 [ExplosionDamageSystem] About to explode Explosion_NonLethal from ExplosionTest<0x0000016E446CEBD0> ExplosionTest:26531 at <6976.79, 40.13, 1958.18> EXPLOSION range 4 dropoff 1
21:44:21.830 [ExplosionDamageSystem] About to explode Explosion_NonLethal from ExplosionTest<0x0000016E446C2C90> ExplosionTest:26530 at <6913.92, 3.06, 1436.23> EXPLOSION range 4 dropoff 1
21:44:21.830 [ExplosionDamageSystem] About to explode Explosion_NonLethal from ExplosionTest<0x0000016E446C95C0> ExplosionTest:26529 at <6962.82, 44.28, 1935.38> EXPLOSION range 4 dropoff 1
21:44:21.831 [ExplosionDamageSystem] About to explode Explosion_NonLethal from ExplosionTest<0x0000016E446C2300> ExplosionTest:26528 at <6802.86, 40.58, 1945.5> EXPLOSION range 4 dropoff 1
21:44:21.840 [ExplosionDamageSystem] About to explode Explosion_NonLethal from ExplosionTest<0x0000016E446C3FB0> ExplosionTest:26527 at <6910.05, 44.28, 1871.77> EXPLOSION range 4 dropoff 1
21:44:21.847 [ExplosionDamageSystem] About to explode Explosion_NonLethal from ExplosionTest<0x0000016E446C8C30> ExplosionTest:26526 at <6903.12, 40.02, 1884.74> EXPLOSION range 4 dropoff 1
21:44:21.851 [ExplosionDamageSystem] About to explode Explosion_NonLethal from ExplosionTest<0x0000016E446C82A0> ExplosionTest:26525 at <6692.37, 12.08, 1347.32> EXPLOSION range 4 dropoff 1
21:44:21.851 [ExplosionDamageSystem] About to explode Explosion_NonLethal from ExplosionTest<0x0000016E446C7910> ExplosionTest:26524 at <6834.35, 4.27, 1511.54> EXPLOSION range 4 dropoff 1
21:44:21.851 [ExplosionDamageSystem] About to explode Explosion_NonLethal from ExplosionTest<0x0000016E446C5C60> ExplosionTest:26523 at <6758.57, 29.51, 1852.69> EXPLOSION range 4 dropoff 1
21:44:21.854 [ExplosionDamageSystem] About to explode Explosion_NonLethal from ExplosionTest<0x0000016E446C3620> ExplosionTest:26522 at <6800, 40.58, 1947.38> EXPLOSION range 4 dropoff 1
21:44:21.854 [ExplosionDamageSystem] About to explode Explosion_NonLethal from ExplosionTest<0x0000016E446C6F80> ExplosionTest:26521 at <6501.25, 3.71, 1374.69> EXPLOSION range 4 dropoff 1
21:44:21.854 [ExplosionDamageSystem] About to explode Explosion_NonLethal from ExplosionTest<0x0000016E446C1970> ExplosionTest:26520 at <7152.81, 8.79, 1544.4> EXPLOSION range 4 dropoff 1
21:44:21.861 [ExplosionDamageSystem] About to explode Explosion_NonLethal from ExplosionTest<0x0000016E446C65F0> ExplosionTest:26519 at <7076.06, 8.21, 1552.52> EXPLOSION range 4 dropoff 1
21:44:21.866 [ExplosionDamageSystem] About to explode Explosion_NonLethal from ExplosionTest<0x0000016E446C4940> ExplosionTest:26518 at <6911.18, 2.89, 1448.44> EXPLOSION range 4 dropoff 1
21:44:21.867 [ExplosionDamageSystem] About to explode Explosion_NonLethal from ExplosionTest<0x0000016E446C52D0> ExplosionTest:26517 at <6935.74, 2.88, 1394.12> EXPLOSION range 4 dropoff 1
21:44:21.868 [ExplosionDamageSystem] About to explode Explosion_NonLethal from ExplosionTest<0x0000016E446BC360> ExplosionTest:26516 at <6910.03, 43.18, 1874.67> EXPLOSION range 4 dropoff 1
21:44:21.868 [ExplosionDamageSystem] About to explode Explosion_NonLethal from ExplosionTest<0x0000016E446C0FE0> ExplosionTest:26515 at <7067.28, 46.67, 2074.35> EXPLOSION range 4 dropoff 1
21:44:21.883 [ExplosionDamageSystem] About to explode Explosion_NonLethal from ExplosionTest<0x0000016E446C0650> ExplosionTest:26514 at <6974.91, 47.95, 2335.68> EXPLOSION range 4 dropoff 1
21:44:21.883 [ExplosionDamageSystem] About to explode Explosion_NonLethal from ExplosionTest<0x0000016E446B9390> ExplosionTest:26513 at <6401, 31.66, 2195.9> EXPLOSION range 4 dropoff 1
21:44:21.890 [ExplosionDamageSystem] About to explode Explosion_NonLethal from ExplosionTest<0x0000016E446BB9D0> ExplosionTest:26512 at <6928.92, 3.96, 1455.77> EXPLOSION range 4 dropoff 1
21:44:21.890 [ExplosionDamageSystem] About to explode Explosion_NonLethal from ExplosionTest<0x0000016E446BFCC0> ExplosionTest:26511 at <6636.96, 3.2, 1381.62> EXPLOSION range 4 dropoff 1
21:44:21.891 [ExplosionDamageSystem] About to explode Explosion_NonLethal from ExplosionTest<0x0000016E446B8A00> ExplosionTest:26510 at <7120.24, 45.54, 1784.67> EXPLOSION range 4 dropoff 1
21:44:21.895 [ExplosionDamageSystem] About to explode Explosion_NonLethal from ExplosionTest<0x0000016E446BF330> ExplosionTest:26509 at <6838.63, 8.74, 1385.42> EXPLOSION range 4 dropoff 1
21:44:21.954 [ExplosionDamageSystem] About to explode Explosion_NonLethal from ExplosionTest<0x0000016E446BB040> ExplosionTest:26508 at <6852.16, 39.21, 2030.93> EXPLOSION range 4 dropoff 1
21:44:21.964 [ExplosionDamageSystem] About to explode Explosion_NonLethal from ExplosionTest<0x0000016E446BA6B0> ExplosionTest:26507 at <7060.14, 45.35, 1823.01> EXPLOSION range 4 dropoff 1
21:44:21.965 [ExplosionDamageSystem] About to explode Explosion_NonLethal from ExplosionTest<0x0000016E446BD680> ExplosionTest:26506 at <6798.09, 29.57, 1859.17> EXPLOSION range 4 dropoff 1
21:44:21.969 [ExplosionDamageSystem] About to explode Explosion_NonLethal from ExplosionTest<0x0000016E446B9D20> ExplosionTest:26505 at <7157.05, 2.42, 1225.13> EXPLOSION range 4 dropoff 1
21:44:21.973 [ExplosionDamageSystem] About to explode Explosion_NonLethal from ExplosionTest<0x0000016E446B8070> ExplosionTest:26504 at <7218.42, 9.23, 1270.98> EXPLOSION range 4 dropoff 1
21:44:22.009 [ExplosionDamageSystem] About to explode Explosion_NonLethal from ExplosionTest<0x0000016E446BE9A0> ExplosionTest:26503 at <6969.94, 39.96, 1989.73> EXPLOSION range 4 dropoff 1
21:44:22.009 [ExplosionDamageSystem] About to explode Explosion_NonLethal from ExplosionTest<0x0000016E446BE010> ExplosionTest:26502 at <6917.73, 38.91, 1795.53> EXPLOSION range 4 dropoff 1
21:44:22.010 [ExplosionDamageSystem] About to explode Explosion_NonLethal from ExplosionTest<0x0000016E446BCCF0> ExplosionTest:26501 at <6791.9, 4.07, 1581.66> EXPLOSION range 4 dropoff 1
21:44:22.011 [ExplosionDamageSystem] About to explode Explosion_NonLethal from ExplosionTest<0x0000016E3D805000> ExplosionTest:26500 at <6602.16, 19.33, 1480.96> EXPLOSION range 4 dropoff 1
21:44:22.015 [ExplosionDamageSystem] About to explode Explosion_NonLethal from ExplosionTest<0x0000016E3D804670> ExplosionTest:26499 at <6952.45, 39.88, 1966.19> EXPLOSION range 4 dropoff 1
21:44:22.015 [ExplosionDamageSystem] About to explode Explosion_NonLethal from ExplosionTest<0x0000016E3D80AFA0> ExplosionTest:26498 at <6853.93, 39.45, 2090.98> EXPLOSION range 4 dropoff 1
21:44:22.018 [ExplosionDamageSystem] About to explode Explosion_NonLethal from ExplosionTest<0x0000016E3D807640> ExplosionTest:26497 at <8673.69, 16.25, 2422.21> EXPLOSION range 4 dropoff 1
21:44:22.021 [ExplosionDamageSystem] About to explode Explosion_NonLethal from ExplosionTest<0x0000016E3D8092F0> ExplosionTest:26496 at <6755.49, 43.38, 1938.78> EXPLOSION range 4 dropoff 1
21:44:22.023 [ExplosionDamageSystem] About to explode Explosion_NonLethal from ExplosionTest<0x0000016E3D808960> ExplosionTest:26495 at <8374.95, 31.1, 2195.44> EXPLOSION range 4 dropoff 1
21:44:22.031 [ExplosionDamageSystem] About to explode Explosion_NonLethal from ExplosionTest<0x0000016E3D807FD0> ExplosionTest:26494 at <6937.92, 7.43, 1424.21> EXPLOSION range 4 dropoff 1
21:44:22.032 [ExplosionDamageSystem] About to explode Explosion_NonLethal from ExplosionTest<0x0000016E3D805990> ExplosionTest:26493 at <7196.63, 9.22, 1260.96> EXPLOSION range 4 dropoff 1
21:44:22.032 [ExplosionDamageSystem] About to explode Explosion_NonLethal from ExplosionTest<0x0000016E3D806320> ExplosionTest:26492 at <6669.91, 2.95, 1427.99> EXPLOSION range 4 dropoff 1
21:44:22.033 [ExplosionDamageSystem] About to explode Explosion_NonLethal from ExplosionTest<0x0000016E3D803CE0> ExplosionTest:26491 at <6899.76, 42.76, 2092.39> EXPLOSION range 4 dropoff 1
21:44:22.035 [ExplosionDamageSystem] About to explode Explosion_NonLethal from ExplosionTest<0x0000016E3D80A610> ExplosionTest:26490 at <6690.18, 6.95, 1424.42> EXPLOSION range 4 dropoff 1
21:49:20.798 [MissionAirdrop] An airdrop is heading towards "Ruskovce" (pos=<1450.307129, 0.000000, 4046.354736> type=Random_Ruskovce) with a ExpansionAirdropContainer_Military
21:57:51.233 [Party] Player "BugiMen" (id=E8NUE864Ah88HeO756WaRkQGG6WE963kZ90uprHjMQY=) joined the party "Guardian Brave" (id=0 ownerUID=E8NUE864Ah88HeO756WaRkQGG6WE963kZ90uprHjMQY= ownerName=BugiMen)
22:07:27.627 [Killfeed] Hessher умер разбился с высоты.
