21:31:50.670 [ExplosionDamageSystem] About to explode Explosion_NonLethal from ExplosionTest<0x00000231446C1B10> ExplosionTest:26518 at <7328.43, 46, 2549.57> EXPLOSION range 4 dropoff 1
21:31:50.677 [ExplosionDamageSystem] About to explode Explosion_NonLethal from ExplosionTest<0x00000231446C1180> ExplosionTest:26517 at <6767.43, 10.97, 1556.2> EXPLOSION range 4 dropoff 1
21:31:50.678 [ExplosionDamageSystem] About to explode Explosion_NonLethal from ExplosionTest<0x00000231446BFE60> ExplosionTest:26516 at <6841.15, 40.16, 2039.54> EXPLOSION range 4 dropoff 1
21:31:50.689 [ExplosionDamageSystem] About to explode Explosion_NonLethal from ExplosionTest<0x00000231446BE1B0> ExplosionTest:26515 at <6305.24, 32.94, 1933.31> EXPLOSION range 4 dropoff 1
21:31:50.692 [ExplosionDamageSystem] About to explode Explosion_NonLethal from ExplosionTest<0x00000231446C4AE0> ExplosionTest:26514 at <6878.37, 46.74, 1859.4> EXPLOSION range 4 dropoff 1
21:31:50.741 [ExplosionDamageSystem] About to explode Explosion_NonLethal from ExplosionTest<0x00000231446BD820> ExplosionTest:26513 at <7243.08, 36.32, 2269.63> EXPLOSION range 4 dropoff 1
21:31:50.746 [ExplosionDamageSystem] About to explode Explosion_NonLethal from ExplosionTest<0x00000231446C2E30> ExplosionTest:26512 at <7282.74, 41.8, 2346.4> EXPLOSION range 4 dropoff 1
21:31:50.754 [ExplosionDamageSystem] About to explode Explosion_NonLethal from ExplosionTest<0x00000231446C07F0> ExplosionTest:26511 at <7058.06, 45.63, 1748.29> EXPLOSION range 4 dropoff 1
21:31:50.764 [ExplosionDamageSystem] About to explode Explosion_NonLethal from ExplosionTest<0x00000231446C24A0> ExplosionTest:26510 at <7110.9, 4.05, 1346.93> EXPLOSION range 4 dropoff 1
21:31:50.768 [ExplosionDamageSystem] About to explode Explosion_NonLethal from ExplosionTest<0x00000231446BF4D0> ExplosionTest:26509 at <7435.27, 4.32, 1475.05> EXPLOSION range 4 dropoff 1
21:31:50.769 [ExplosionDamageSystem] About to explode Explosion_NonLethal from ExplosionTest<0x00000231446C37C0> ExplosionTest:26508 at <7054.88, 46.71, 1736.63> EXPLOSION range 4 dropoff 1
21:31:50.770 [ExplosionDamageSystem] About to explode Explosion_NonLethal from ExplosionTest<0x00000231446C4150> ExplosionTest:26507 at <6920.4, 3.77, 1525.58> EXPLOSION range 4 dropoff 1
21:31:50.777 [ExplosionDamageSystem] About to explode Explosion_NonLethal from ExplosionTest<0x00000231446BEB40> ExplosionTest:26506 at <6632.87, 3.1, 1445.18> EXPLOSION range 4 dropoff 1
21:31:50.779 [ExplosionDamageSystem] About to explode Explosion_NonLethal from ExplosionTest<0x00000231446B6560> ExplosionTest:26505 at <6953.2, 3.63, 1430.83> EXPLOSION range 4 dropoff 1
21:31:50.780 [ExplosionDamageSystem] About to explode Explosion_NonLethal from ExplosionTest<0x00000231446BCE90> ExplosionTest:26504 at <6938.62, 42.92, 1827.03> EXPLOSION range 4 dropoff 1
21:31:50.786 [ExplosionDamageSystem] About to explode Explosion_NonLethal from ExplosionTest<0x00000231446BBB70> ExplosionTest:26503 at <7332.85, 9.26, 1585.14> EXPLOSION range 4 dropoff 1
21:31:50.793 [ExplosionDamageSystem] About to explode Explosion_NonLethal from ExplosionTest<0x00000231446BC500> ExplosionTest:26502 at <6689.09, 3.1, 1352.32> EXPLOSION range 4 dropoff 1
21:31:50.793 [ExplosionDamageSystem] About to explode Explosion_NonLethal from ExplosionTest<0x00000231446B8210> ExplosionTest:26501 at <6402.76, 32.44, 2195.75> EXPLOSION range 4 dropoff 1
21:31:50.800 [ExplosionDamageSystem] About to explode Explosion_NonLethal from ExplosionTest<0x00000231446B5BD0> ExplosionTest:26500 at <7070.36, 9.02, 1551.65> EXPLOSION range 4 dropoff 1
21:31:50.811 [ExplosionDamageSystem] About to explode Explosion_NonLethal from ExplosionTest<0x00000231446B7880> ExplosionTest:26499 at <6976.73, 13.47, 1497.65> EXPLOSION range 4 dropoff 1
21:31:50.811 [ExplosionDamageSystem] About to explode Explosion_NonLethal from ExplosionTest<0x00000231446B8BA0> ExplosionTest:26498 at <7100.5, 46.23, 1817.8> EXPLOSION range 4 dropoff 1
21:31:50.814 [ExplosionDamageSystem] About to explode Explosion_NonLethal from ExplosionTest<0x00000231446B6EF0> ExplosionTest:26497 at <6627.05, 2.85, 1332.71> EXPLOSION range 4 dropoff 1
21:31:50.815 [ExplosionDamageSystem] About to explode Explosion_NonLethal from ExplosionTest<0x00000231446BA850> ExplosionTest:26496 at <6968.94, 40.33, 2035.19> EXPLOSION range 4 dropoff 1
21:31:50.824 [ExplosionDamageSystem] About to explode Explosion_NonLethal from ExplosionTest<0x00000231446B9EC0> ExplosionTest:26495 at <6750.67, 39.16, 2016.92> EXPLOSION range 4 dropoff 1
21:31:50.831 [ExplosionDamageSystem] About to explode Explosion_NonLethal from ExplosionTest<0x00000231446B9530> ExplosionTest:26494 at <6656.34, 2.85, 1333.99> EXPLOSION range 4 dropoff 1
21:31:50.832 [ExplosionDamageSystem] About to explode Explosion_NonLethal from ExplosionTest<0x00000231446BB1E0> ExplosionTest:26493 at <6634.46, 11.14, 1439.71> EXPLOSION range 4 dropoff 1
21:31:50.832 [ExplosionDamageSystem] About to explode Explosion_NonLethal from ExplosionTest<0x00000231446AE910> ExplosionTest:26492 at <6967.07, 40.27, 1989.1> EXPLOSION range 4 dropoff 1
21:31:50.839 [ExplosionDamageSystem] About to explode Explosion_NonLethal from ExplosionTest<0x00000231446B5240> ExplosionTest:26491 at <5076.72, 10.38, 1109.86> EXPLOSION range 4 dropoff 1
21:31:50.845 [ExplosionDamageSystem] About to explode Explosion_NonLethal from ExplosionTest<0x00000231446ADF80> ExplosionTest:26490 at <6596.8, 2.92, 1377.96> EXPLOSION range 4 dropoff 1
21:31:50.846 [ExplosionDamageSystem] About to explode Explosion_NonLethal from ExplosionTest<0x00000231446B48B0> ExplosionTest:26489 at <6700.57, 39.4, 1902.78> EXPLOSION range 4 dropoff 1
21:31:50.854 [ExplosionDamageSystem] About to explode Explosion_NonLethal from ExplosionTest<0x00000231446B3F20> ExplosionTest:26488 at <7233.7, 21.83, 1793.4> EXPLOSION range 4 dropoff 1
21:31:50.856 [ExplosionDamageSystem] About to explode Explosion_NonLethal from ExplosionTest<0x00000231446B2C00> ExplosionTest:26487 at <6875.58, 39.27, 1887.36> EXPLOSION range 4 dropoff 1
21:31:50.863 [ExplosionDamageSystem] About to explode Explosion_NonLethal from ExplosionTest<0x00000231446ACC60> ExplosionTest:26486 at <6841, 39.79, 2033.56> EXPLOSION range 4 dropoff 1
21:31:50.864 [ExplosionDamageSystem] About to explode Explosion_NonLethal from ExplosionTest<0x00000231446B0F50> ExplosionTest:26485 at <6951.76, 40.01, 1969.95> EXPLOSION range 4 dropoff 1
21:31:50.868 [ExplosionDamageSystem] About to explode Explosion_NonLethal from ExplosionTest<0x00000231446B2270> ExplosionTest:26484 at <6713.69, 39.26, 2006.91> EXPLOSION range 4 dropoff 1
21:31:50.870 [ExplosionDamageSystem] About to explode Explosion_NonLethal from ExplosionTest<0x00000231446AF2A0> ExplosionTest:26483 at <6664.04, 3.61, 1354.6> EXPLOSION range 4 dropoff 1
21:31:50.871 [ExplosionDamageSystem] About to explode Explosion_NonLethal from ExplosionTest<0x00000231446B18E0> ExplosionTest:26482 at <6640.69, 3.69, 1335.14> EXPLOSION range 4 dropoff 1
21:31:50.871 [ExplosionDamageSystem] About to explode Explosion_NonLethal from ExplosionTest<0x00000231446B05C0> ExplosionTest:26481 at <6488.28, 40.88, 1578.4> EXPLOSION range 4 dropoff 1
21:31:50.876 [ExplosionDamageSystem] About to explode Explosion_NonLethal from ExplosionTest<0x00000231446B3590> ExplosionTest:26480 at <6798.26, 29.8, 1833.39> EXPLOSION range 4 dropoff 1
21:31:50.881 [ExplosionDamageSystem] About to explode Explosion_NonLethal from ExplosionTest<0x00000231446AD5F0> ExplosionTest:26479 at <6647.65, 3.15, 1408.12> EXPLOSION range 4 dropoff 1
21:31:50.882 [ExplosionDamageSystem] About to explode Explosion_NonLethal from ExplosionTest<0x00000231446A9300> ExplosionTest:26478 at <7178.83, 7.45, 1247.33> EXPLOSION range 4 dropoff 1
21:31:51.001 [ExplosionDamageSystem] About to explode Explosion_NonLethal from ExplosionTest<0x00000231446AC2D0> ExplosionTest:26477 at <6970.05, 47.2, 1934.68> EXPLOSION range 4 dropoff 1
21:31:51.002 [ExplosionDamageSystem] About to explode Explosion_NonLethal from ExplosionTest<0x00000231446AFC30> ExplosionTest:26476 at <6372.59, 32.34, 2164.88> EXPLOSION range 4 dropoff 1
21:31:51.004 [ExplosionDamageSystem] About to explode Explosion_NonLethal from ExplosionTest<0x00000231446AB940> ExplosionTest:26475 at <7193.76, -5.19, 1244.07> EXPLOSION range 4 dropoff 1
21:31:51.004 [ExplosionDamageSystem] About to explode Explosion_NonLethal from ExplosionTest<0x00000231446AAFB0> ExplosionTest:26474 at <6691.65, 12.22, 1352.15> EXPLOSION range 4 dropoff 1
21:31:51.005 [ExplosionDamageSystem] About to explode Explosion_NonLethal from ExplosionTest<0x00000231446A9C90> ExplosionTest:26473 at <6931.87, 3.65, 1440> EXPLOSION range 4 dropoff 1
21:31:51.005 [ExplosionDamageSystem] About to explode Explosion_NonLethal from ExplosionTest<0x00000231446AA620> ExplosionTest:26472 at <6904.09, 39.71, 1888.78> EXPLOSION range 4 dropoff 1
21:31:51.006 [ExplosionDamageSystem] About to explode Explosion_NonLethal from ExplosionTest<0x00000231446A2040> ExplosionTest:26471 at <7001.85, 7.77, 1512.19> EXPLOSION range 4 dropoff 1
21:31:51.008 [ExplosionDamageSystem] About to explode Explosion_NonLethal from ExplosionTest<0x00000231446A8970> ExplosionTest:26470 at <7280, 23.71, 1900.02> EXPLOSION range 4 dropoff 1
21:31:51.012 [ExplosionDamageSystem] About to explode Explosion_NonLethal from ExplosionTest<0x00000231446A7FE0> ExplosionTest:26469 at <6966.36, 39.21, 1918.48> EXPLOSION range 4 dropoff 1
21:31:51.013 [ExplosionDamageSystem] About to explode Explosion_NonLethal from ExplosionTest<0x00000231446A0D20> ExplosionTest:26468 at <6823.68, 6.49, 1370.33> EXPLOSION range 4 dropoff 1
21:31:51.018 [ExplosionDamageSystem] About to explode Explosion_NonLethal from ExplosionTest<0x00000231446A16B0> ExplosionTest:26467 at <8220.68, 3.59, 1907.5> EXPLOSION range 4 dropoff 1
21:31:51.021 [ExplosionDamageSystem] About to explode Explosion_NonLethal from ExplosionTest<0x00000231446A7650> ExplosionTest:26466 at <6912.19, 39.26, 1853.72> EXPLOSION range 4 dropoff 1
21:31:51.022 [ExplosionDamageSystem] About to explode Explosion_NonLethal from ExplosionTest<0x00000231446A6CC0> ExplosionTest:26465 at <6753.05, 47.61, 1988.41> EXPLOSION range 4 dropoff 1
21:31:51.023 [ExplosionDamageSystem] About to explode Explosion_NonLethal from ExplosionTest<0x00000231446A6330> ExplosionTest:26464 at <6175.04, 8.28, 1302.27> EXPLOSION range 4 dropoff 1
21:36:49.910 [MissionAirdrop] An airdrop is heading towards "Dubnicka" (pos=<9382.219727, 0.000000, 6662.459961> type=Random_DUBNICKA) with a ExpansionAirdropContainer_Basebuilding
