19:24:07.691 [ExplosionDamageSystem] About to explode Explosion_NonLethal from ExplosionTest<0x00000221C6DCBBE0> ExplosionTest:26479 at <6997.84, 43.02, 2349.68> EXPLOSION range 4 dropoff 1
19:24:07.697 [ExplosionDamageSystem] About to explode Explosion_NonLethal from ExplosionTest<0x00000221C6DD11F0> ExplosionTest:26478 at <6806.76, 39.16, 2037> EXPLOSION range 4 dropoff 1
19:24:07.707 [ExplosionDamageSystem] About to explode Explosion_NonLethal from ExplosionTest<0x00000221C6DC9F30> ExplosionTest:26477 at <7243.85, 8.96, 1296.35> EXPLOSION range 4 dropoff 1
19:24:07.733 [ExplosionDamageSystem] About to explode Explosion_NonLethal from ExplosionTest<0x00000221C6DD0860> ExplosionTest:26476 at <7119.33, 3.1, 1331.92> EXPLOSION range 4 dropoff 1
19:24:07.734 [ExplosionDamageSystem] About to explode Explosion_NonLethal from ExplosionTest<0x00000221C6DCF540> ExplosionTest:26475 at <6816.62, 4.45, 1496.46> EXPLOSION range 4 dropoff 1
19:24:07.738 [ExplosionDamageSystem] About to explode Explosion_NonLethal from ExplosionTest<0x00000221C6DCCF00> ExplosionTest:26474 at <7166.05, 8.92, 1215.25> EXPLOSION range 4 dropoff 1
19:24:07.782 [ExplosionDamageSystem] About to explode Explosion_NonLethal from ExplosionTest<0x00000221C6DCC570> ExplosionTest:26473 at <6648.36, 4.01, 1370.72> EXPLOSION range 4 dropoff 1
19:24:07.782 [ExplosionDamageSystem] About to explode Explosion_NonLethal from ExplosionTest<0x00000221C6DC95A0> ExplosionTest:26472 at <6805.89, 3.78, 1571.97> EXPLOSION range 4 dropoff 1
19:24:07.787 [ExplosionDamageSystem] About to explode Explosion_NonLethal from ExplosionTest<0x00000221C6DCFED0> ExplosionTest:26471 at <6641.2, 3.71, 1332.52> EXPLOSION range 4 dropoff 1
19:24:07.788 [ExplosionDamageSystem] About to explode Explosion_NonLethal from ExplosionTest<0x00000221C6DC8280> ExplosionTest:26470 at <6466.49, 50.59, 1534.43> EXPLOSION range 4 dropoff 1
19:24:07.788 [ExplosionDamageSystem] About to explode Explosion_NonLethal from ExplosionTest<0x00000221C6DCEBB0> ExplosionTest:26469 at <6965.12, 47.04, 1950.63> EXPLOSION range 4 dropoff 1
19:24:07.791 [ExplosionDamageSystem] About to explode Explosion_NonLethal from ExplosionTest<0x00000221C6DC8C10> ExplosionTest:26468 at <6751.57, 43.32, 1990.48> EXPLOSION range 4 dropoff 1
19:24:07.794 [ExplosionDamageSystem] About to explode Explosion_NonLethal from ExplosionTest<0x00000221C6DCE220> ExplosionTest:26467 at <6912.72, 42.51, 2090.8> EXPLOSION range 4 dropoff 1
19:24:07.797 [ExplosionDamageSystem] About to explode Explosion_NonLethal from ExplosionTest<0x00000221C6DC0FC0> ExplosionTest:26466 at <8295.33, 6.76, 1880.62> EXPLOSION range 4 dropoff 1
19:24:07.798 [ExplosionDamageSystem] About to explode Explosion_NonLethal from ExplosionTest<0x00000221C6DC52B0> ExplosionTest:26465 at <6362.8, 5.13, 1387.24> EXPLOSION range 4 dropoff 1
19:24:07.798 [ExplosionDamageSystem] About to explode Explosion_NonLethal from ExplosionTest<0x00000221C6DC1950> ExplosionTest:26464 at <7308.68, 39.87, 2415.54> EXPLOSION range 4 dropoff 1
19:24:07.802 [ExplosionDamageSystem] About to explode Explosion_NonLethal from ExplosionTest<0x00000221C6DC2C70> ExplosionTest:26463 at <6853.91, 3.1, 1544.49> EXPLOSION range 4 dropoff 1
19:24:07.810 [ExplosionDamageSystem] About to explode Explosion_NonLethal from ExplosionTest<0x00000221C6DC3F90> ExplosionTest:26462 at <7318, 37.38, 2372.94> EXPLOSION range 4 dropoff 1
19:24:07.811 [ExplosionDamageSystem] About to explode Explosion_NonLethal from ExplosionTest<0x00000221C6DC6F60> ExplosionTest:26461 at <6771.92, -0.95, 1464.99> EXPLOSION range 4 dropoff 1
19:24:07.817 [ExplosionDamageSystem] About to explode Explosion_NonLethal from ExplosionTest<0x00000221C6DC65D0> ExplosionTest:26460 at <6919.2, 2.96, 1497.77> EXPLOSION range 4 dropoff 1
19:24:07.817 [ExplosionDamageSystem] About to explode Explosion_NonLethal from ExplosionTest<0x00000221C6DC3600> ExplosionTest:26459 at <6977.97, 39.23, 1867.07> EXPLOSION range 4 dropoff 1
19:24:07.817 [ExplosionDamageSystem] About to explode Explosion_NonLethal from ExplosionTest<0x00000221C6DC78F0> ExplosionTest:26458 at <7117.04, 49.05, 1742.5> EXPLOSION range 4 dropoff 1
19:24:07.821 [ExplosionDamageSystem] About to explode Explosion_NonLethal from ExplosionTest<0x00000221C6DC5C40> ExplosionTest:26457 at <6380.31, 3.1, 1074.6> EXPLOSION range 4 dropoff 1
19:24:07.822 [ExplosionDamageSystem] About to explode Explosion_NonLethal from ExplosionTest<0x00000221C6DC4920> ExplosionTest:26456 at <6962.57, 42.92, 1981.81> EXPLOSION range 4 dropoff 1
19:24:07.823 [ExplosionDamageSystem] About to explode Explosion_NonLethal from ExplosionTest<0x00000221C6DC22E0> ExplosionTest:26455 at <7062.08, 45.94, 1822.02> EXPLOSION range 4 dropoff 1
19:24:07.824 [ExplosionDamageSystem] About to explode Explosion_NonLethal from ExplosionTest<0x00000221C6DBFCA0> ExplosionTest:26454 at <6691.7, 3.2, 1353.81> EXPLOSION range 4 dropoff 1
19:24:07.824 [ExplosionDamageSystem] About to explode Explosion_NonLethal from ExplosionTest<0x00000221C6DBA690> ExplosionTest:26453 at <7277.64, 41.82, 2327.3> EXPLOSION range 4 dropoff 1
19:24:07.826 [ExplosionDamageSystem] About to explode Explosion_NonLethal from ExplosionTest<0x00000221C6DB9D00> ExplosionTest:26452 at <6398.8, 32.05, 2117.55> EXPLOSION range 4 dropoff 1
19:24:07.828 [ExplosionDamageSystem] About to explode Explosion_NonLethal from ExplosionTest<0x00000221C6DBB020> ExplosionTest:26451 at <6668.11, 2.95, 1420.52> EXPLOSION range 4 dropoff 1
19:24:07.828 [ExplosionDamageSystem] About to explode Explosion_NonLethal from ExplosionTest<0x00000221C6DBF310> ExplosionTest:26450 at <6305.74, 32.5, 1932.5> EXPLOSION range 4 dropoff 1
19:24:07.830 [ExplosionDamageSystem] About to explode Explosion_NonLethal from ExplosionTest<0x00000221C6DBDFF0> ExplosionTest:26449 at <7126.25, 35.61, 2228.51> EXPLOSION range 4 dropoff 1
19:24:07.832 [ExplosionDamageSystem] About to explode Explosion_NonLethal from ExplosionTest<0x00000221C6DC0630> ExplosionTest:26448 at <6893.31, 38.86, 2088.12> EXPLOSION range 4 dropoff 1
19:24:07.834 [ExplosionDamageSystem] About to explode Explosion_NonLethal from ExplosionTest<0x00000221C6DBD660> ExplosionTest:26447 at <6752.82, 43.8, 1987.98> EXPLOSION range 4 dropoff 1
19:24:07.834 [ExplosionDamageSystem] About to explode Explosion_NonLethal from ExplosionTest<0x00000221C6DBE980> ExplosionTest:26446 at <6943.84, 3.94, 1493.65> EXPLOSION range 4 dropoff 1
19:24:07.834 [ExplosionDamageSystem] About to explode Explosion_NonLethal from ExplosionTest<0x00000221C6DB63A0> ExplosionTest:26445 at <6921.85, 40.17, 2036.22> EXPLOSION range 4 dropoff 1
19:24:07.838 [ExplosionDamageSystem] About to explode Explosion_NonLethal from ExplosionTest<0x00000221C6DB89E0> ExplosionTest:26444 at <6771.67, 47.99, 2049.67> EXPLOSION range 4 dropoff 1
19:24:07.838 [ExplosionDamageSystem] About to explode Explosion_NonLethal from ExplosionTest<0x00000221C6DB9370> ExplosionTest:26443 at <6379.92, 31.8, 1918.52> EXPLOSION range 4 dropoff 1
19:24:07.840 [ExplosionDamageSystem] About to explode Explosion_NonLethal from ExplosionTest<0x00000221C6DB6D30> ExplosionTest:26442 at <6846.01, 8.74, 1392.94> EXPLOSION range 4 dropoff 1
19:24:07.842 [ExplosionDamageSystem] About to explode Explosion_NonLethal from ExplosionTest<0x00000221C6DB76C0> ExplosionTest:26441 at <6947.25, 4.41, 1492.22> EXPLOSION range 4 dropoff 1
19:24:07.843 [ExplosionDamageSystem] About to explode Explosion_NonLethal from ExplosionTest<0x00000221C6DBCCD0> ExplosionTest:26440 at <6970.88, 39.22, 1827.36> EXPLOSION range 4 dropoff 1
19:24:07.845 [ExplosionDamageSystem] About to explode Explosion_NonLethal from ExplosionTest<0x00000221C6DB5A10> ExplosionTest:26439 at <7239.4, 35.57, 2264.69> EXPLOSION range 4 dropoff 1
19:24:07.848 [ExplosionDamageSystem] About to explode Explosion_NonLethal from ExplosionTest<0x00000221C6DBC340> ExplosionTest:26438 at <6667.37, 3.06, 1354.51> EXPLOSION range 4 dropoff 1
19:24:07.849 [ExplosionDamageSystem] About to explode Explosion_NonLethal from ExplosionTest<0x00000221C6DB5080> ExplosionTest:26437 at <7209.74, -5.18, 1257.48> EXPLOSION range 4 dropoff 1
19:24:07.849 [ExplosionDamageSystem] About to explode Explosion_NonLethal from ExplosionTest<0x00000221C6DBB9B0> ExplosionTest:26436 at <7133.89, 7.97, 1487.4> EXPLOSION range 4 dropoff 1
19:24:07.852 [ExplosionDamageSystem] About to explode Explosion_NonLethal from ExplosionTest<0x00000221C6DB8050> ExplosionTest:26435 at <7320.97, 39.06, 2402.56> EXPLOSION range 4 dropoff 1
19:24:07.852 [ExplosionDamageSystem] About to explode Explosion_NonLethal from ExplosionTest<0x00000221C6DF4FB0> ExplosionTest:26434 at <6911.82, 42.94, 2095.69> EXPLOSION range 4 dropoff 1
19:24:07.852 [ExplosionDamageSystem] About to explode Explosion_NonLethal from ExplosionTest<0x00000221C6DF3C90> ExplosionTest:26433 at <6372.68, 32.34, 2164.86> EXPLOSION range 4 dropoff 1
19:24:07.854 [ExplosionDamageSystem] About to explode Explosion_NonLethal from ExplosionTest<0x00000221C6DF4620> ExplosionTest:26432 at <6394.91, 32.03, 2111.4> EXPLOSION range 4 dropoff 1
19:24:07.854 [ExplosionDamageSystem] About to explode Explosion_NonLethal from ExplosionTest<0x00000221C6DF3300> ExplosionTest:26431 at <6880.32, 40.1, 1880.17> EXPLOSION range 4 dropoff 1
19:24:07.866 [ExplosionDamageSystem] About to explode Explosion_NonLethal from ExplosionTest<0x00000221C6DF2970> ExplosionTest:26430 at <6808.56, 3.98, 1495.6> EXPLOSION range 4 dropoff 1
19:24:07.866 [ExplosionDamageSystem] About to explode Explosion_NonLethal from ExplosionTest<0x00000221C6DF1FE0> ExplosionTest:26429 at <8185.13, 3.29, 2850.19> EXPLOSION range 4 dropoff 1
19:24:07.866 [ExplosionDamageSystem] About to explode Explosion_NonLethal from ExplosionTest<0x00000221C6DEAD20> ExplosionTest:26428 at <7876.42, 20.56, 1671.24> EXPLOSION range 4 dropoff 1
19:24:07.871 [ExplosionDamageSystem] About to explode Explosion_NonLethal from ExplosionTest<0x00000221C6DF1650> ExplosionTest:26427 at <8290.74, 7.78, 1888.99> EXPLOSION range 4 dropoff 1
19:24:07.871 [ExplosionDamageSystem] About to explode Explosion_NonLethal from ExplosionTest<0x00000221C6DEB6B0> ExplosionTest:26426 at <6937.99, 39.23, 1834.53> EXPLOSION range 4 dropoff 1
19:24:07.872 [ExplosionDamageSystem] About to explode Explosion_NonLethal from ExplosionTest<0x00000221C6DEA390> ExplosionTest:26425 at <6926.89, 39.22, 1829.56> EXPLOSION range 4 dropoff 1
19:29:07.003 [MissionAirdrop] An airdrop is heading towards "Alica" (pos=<4882.939941, 0.000000, 4713.546875> type=Random_Alicia) with a ExpansionAirdropContainer_Military
19:30:57.183 [AI Object Patrol 00024] Spawning 1 West bots at <2129.454590, 20.333580, 14619.346680>
19:30:57.386 [AI Object Patrol 00024] Global patrol count: 1
19:30:57.386 [AI Object Patrol 00024] Global Expansion AI count: 2 alive, 0 deceased
19:30:57.387 [AI Object Patrol 00024] MilitaryRoaming category patrol count: 1
19:31:36.101 [AI Object Patrol 00001] Spawning 2 East bots at <6443.280762, 187.879272, 11086.112305>
19:31:36.221 [AI Object Patrol 00001] Global patrol count: 2
19:31:36.221 [AI Object Patrol 00001] Global Expansion AI count: 3 alive, 0 deceased
19:31:36.222 [AI Object Patrol 00001] HelicopterWreck category patrol count: 1
19:32:13.515 [VehicleEnter] Player "Kl9Usa" (id=1wpk7PmmT2A4WpWCdcLXyoG1rjwkTNDgqfRSKboRIAE=) entered vehicle UH-1H (id=E642B304E143C9FAA0347A83F1C98227 pos=<5925.05, 29.22, 1441.58>) as pilot
19:32:24.780 [AI Object Patrol 00025] Spawning 1 West bots at <7155.679688, 250.958786, 11619.875000>
19:32:24.862 [AI Object Patrol 00025] Global patrol count: 3
19:32:24.862 [AI Object Patrol 00025] Global Expansion AI count: 5 alive, 0 deceased
19:32:24.862 [AI Object Patrol 00025] MilitaryRoaming category patrol count: 2
19:32:24.918 [AI Object Patrol 00026] Spawning 1 West bots at <7173.888184, 286.886047, 11622.039063>
19:32:24.986 [AI Object Patrol 00026] Global patrol count: 4
19:32:24.986 [AI Object Patrol 00026] Global Expansion AI count: 6 alive, 0 deceased
19:32:24.986 [AI Object Patrol 00026] MilitaryRoaming category patrol count: 3
19:32:25.226 [AI Object Patrol 00010] Spawning 1 West bots at <7193.865234, 567.796265, 11591.088867>
19:32:25.293 [AI Object Patrol 00010] Global patrol count: 5
19:32:25.293 [AI Object Patrol 00010] Global Expansion AI count: 7 alive, 0 deceased
19:32:25.293 [AI Object Patrol 00010] MilitaryRoaming category patrol count: 4
19:32:25.293 [AI Object Patrol 00009] Spawning 1 West bots at <7163.487305, 334.419373, 11578.009766>
19:32:25.363 [AI Object Patrol 00009] Global patrol count: 6
19:32:25.363 [AI Object Patrol 00009] Global Expansion AI count: 8 alive, 0 deceased
19:32:25.363 [AI Object Patrol 00009] MilitaryRoaming category patrol count: 5
19:32:37.369 [VehicleEngine] Player "Kl9Usa" (id=1wpk7PmmT2A4WpWCdcLXyoG1rjwkTNDgqfRSKboRIAE=) started vehicle UH-1H (id=E642B304E143C9FAA0347A83F1C98227 pos=<5925.15, 29.22, 1441.48>)
19:35:53.062 [AI Object Patrol 00004] Spawning 1 West bots at <2603.033447, 40.056824, 3480.446777>
19:35:53.156 [AI Object Patrol 00004] Global patrol count: 7
19:35:53.157 [AI Object Patrol 00004] Global Expansion AI count: 9 alive, 0 deceased
19:35:53.157 [AI Object Patrol 00004] MilitaryStatic category patrol count: 1
19:35:53.157 [AI Object Patrol 00003] Spawning 2 East bots at <3319.053711, 17.725115, 4383.982910>
19:35:53.278 [AI Object Patrol 00003] Global patrol count: 8
19:35:53.279 [AI Object Patrol 00003] Global Expansion AI count: 10 alive, 0 deceased
19:35:53.279 [AI Object Patrol 00003] HelicopterWreck category patrol count: 2
19:36:19.472 [VehicleEngine] Player "NULL" (id=NULL) stopped vehicle UH-1H (id=E642B304E143C9FAA0347A83F1C98227 pos=<2548.14, 157.95, 3486.36>)
19:36:19.472 [VehicleLeave] Player "Kl9Usa" (id=1wpk7PmmT2A4WpWCdcLXyoG1rjwkTNDgqfRSKboRIAE=) left vehicle UH-1H (id=E642B304E143C9FAA0347A83F1C98227 pos=<2548.14, 157.95, 3486.36>) as pilot
19:41:32.324 [AI Object Patrol 00024] Despawning 1 West bots (spawn position <2129.454590, 20.333580, 14619.346680>, 0/1 deceased)
19:41:32.325 [AI Object Patrol 00024] Global patrol count: 7
19:41:32.327 [AI Object Patrol 00024] Global Expansion AI count: 10 alive, 0 deceased
19:41:32.327 [AI Object Patrol 00024] MilitaryRoaming category patrol count: 4
19:43:07.030 [AI Object Patrol 00001] Despawning 2 East bots (spawn position <6443.280762, 187.879272, 11086.112305>, 0/2 deceased)
19:43:07.030 [AI Object Patrol 00001] Global patrol count: 6
19:43:07.030 [AI Object Patrol 00001] Global Expansion AI count: 8 alive, 0 deceased
19:43:07.031 [AI Object Patrol 00001] HelicopterWreck category patrol count: 1
19:43:07.329 [AI Object Patrol 00009] Despawning 1 West bots (spawn position <7163.487305, 334.419373, 11578.009766>, 0/1 deceased)
19:43:07.329 [AI Object Patrol 00009] Global patrol count: 5
19:43:07.329 [AI Object Patrol 00009] Global Expansion AI count: 7 alive, 0 deceased
19:43:07.329 [AI Object Patrol 00009] MilitaryRoaming category patrol count: 3
19:43:07.329 [AI Object Patrol 00010] Despawning 1 West bots (spawn position <7193.865234, 567.796265, 11591.088867>, 0/1 deceased)
19:43:07.330 [AI Object Patrol 00010] Global patrol count: 4
19:43:07.330 [AI Object Patrol 00010] Global Expansion AI count: 6 alive, 0 deceased
19:43:07.330 [AI Object Patrol 00010] MilitaryRoaming category patrol count: 2
19:43:07.777 [AI Object Patrol 00025] Despawning 1 West bots (spawn position <7155.679688, 250.958786, 11619.875000>, 0/1 deceased)
19:43:07.777 [AI Object Patrol 00025] Global patrol count: 3
19:43:07.777 [AI Object Patrol 00025] Global Expansion AI count: 5 alive, 0 deceased
19:43:07.777 [AI Object Patrol 00025] MilitaryRoaming category patrol count: 1
19:43:07.916 [AI Object Patrol 00026] Despawning 1 West bots (spawn position <7173.888184, 286.886047, 11622.039063>, 0/1 deceased)
19:43:07.916 [AI Object Patrol 00026] Global patrol count: 2
19:43:07.917 [AI Object Patrol 00026] Global Expansion AI count: 4 alive, 0 deceased
19:43:07.917 [AI Object Patrol 00026] MilitaryRoaming category patrol count: 0
