01:45:14.449 [ExplosionDamageSystem] About to explode Explosion_NonLethal from ExplosionTest<0x00000254644F1B80> ExplosionTest:18965 at <5708.43, 209.19, 2578.22> EXPLOSION range 4 dropoff 1
01:45:14.459 [ExplosionDamageSystem] About to explode Explosion_NonLethal from ExplosionTest<0x00000254644F11F0> ExplosionTest:18964 at <5435.04, 225.55, 2932.37> EXPLOSION range 4 dropoff 1
01:45:14.470 [ExplosionDamageSystem] About to explode Explosion_NonLethal from ExplosionTest<0x00000254644EFED0> ExplosionTest:18963 at <6172.29, 225.27, 2263.79> EXPLOSION range 4 dropoff 1
01:45:14.494 [ExplosionDamageSystem] About to explode Explosion_NonLethal from ExplosionTest<0x00000254644F41C0> ExplosionTest:18962 at <9794.58, 265.96, 1550.1> EXPLOSION range 4 dropoff 1
01:45:14.495 [ExplosionDamageSystem] About to explode Explosion_NonLethal from ExplosionTest<0x00000254644E8280> ExplosionTest:18961 at <6151.02, 221.84, 1911.54> EXPLOSION range 4 dropoff 1
01:45:14.498 [ExplosionDamageSystem] About to explode Explosion_NonLethal from ExplosionTest<0x00000254644E9F30> ExplosionTest:18960 at <9329.5, 266.31, 1674.18> EXPLOSION range 4 dropoff 1
01:45:14.502 [ExplosionDamageSystem] About to explode Explosion_NonLethal from ExplosionTest<0x00000254644EB250> ExplosionTest:18959 at <10100.4, 250.56, 1615.08> EXPLOSION range 4 dropoff 1
01:45:14.511 [ExplosionDamageSystem] About to explode Explosion_NonLethal from ExplosionTest<0x00000254644E95A0> ExplosionTest:18958 at <5679.21, 196.98, 1938.63> EXPLOSION range 4 dropoff 1
01:45:14.531 [ExplosionDamageSystem] About to explode Explosion_NonLethal from ExplosionTest<0x00000254644EEBB0> ExplosionTest:18957 at <5688.48, 208.96, 1478.18> EXPLOSION range 4 dropoff 1
01:45:14.544 [ExplosionDamageSystem] About to explode Explosion_NonLethal from ExplosionTest<0x00000254644EE220> ExplosionTest:18956 at <5495.16, 233.11, 2934.57> EXPLOSION range 4 dropoff 1
01:45:14.556 [ExplosionDamageSystem] About to explode Explosion_NonLethal from ExplosionTest<0x00000254644ECF00> ExplosionTest:18955 at <6182.88, 216.19, 1804.35> EXPLOSION range 4 dropoff 1
01:45:14.568 [ExplosionDamageSystem] About to explode Explosion_NonLethal from ExplosionTest<0x00000254644ED890> ExplosionTest:18954 at <5432.23, 199.19, 2583.94> EXPLOSION range 4 dropoff 1
01:45:14.597 [ExplosionDamageSystem] About to explode Explosion_NonLethal from ExplosionTest<0x00000254644EA8C0> ExplosionTest:18953 at <5407.9, 196.11, 1679.33> EXPLOSION range 4 dropoff 1
01:45:14.611 [ExplosionDamageSystem] About to explode Explosion_NonLethal from ExplosionTest<0x00000254644EBBE0> ExplosionTest:18952 at <6059.39, 215.74, 1847.19> EXPLOSION range 4 dropoff 1
01:45:14.618 [ExplosionDamageSystem] About to explode Explosion_NonLethal from ExplosionTest<0x00000254644EC570> ExplosionTest:18951 at <5990.54, 215.26, 1461.26> EXPLOSION range 4 dropoff 1
01:45:14.632 [ExplosionDamageSystem] About to explode Explosion_NonLethal from ExplosionTest<0x00000254644E8C10> ExplosionTest:18950 at <5993.62, 225.83, 2226.01> EXPLOSION range 4 dropoff 1
01:45:14.641 [ExplosionDamageSystem] About to explode Explosion_NonLethal from ExplosionTest<0x00000254644E1950> ExplosionTest:18949 at <6400.62, 217.76, 1258.57> EXPLOSION range 4 dropoff 1
01:45:14.645 [ExplosionDamageSystem] About to explode Explosion_NonLethal from ExplosionTest<0x00000254644E78F0> ExplosionTest:18948 at <5419.96, 209.71, 1675.04> EXPLOSION range 4 dropoff 1
01:45:14.645 [ExplosionDamageSystem] About to explode Explosion_NonLethal from ExplosionTest<0x00000254644E6F60> ExplosionTest:18947 at <6381.23, 222.76, 2152.49> EXPLOSION range 4 dropoff 1
01:45:14.652 [ExplosionDamageSystem] About to explode Explosion_NonLethal from ExplosionTest<0x00000254644E65D0> ExplosionTest:18946 at <6278.97, 222.47, 2125.51> EXPLOSION range 4 dropoff 1
01:45:14.662 [ExplosionDamageSystem] About to explode Explosion_NonLethal from ExplosionTest<0x00000254644DFCA0> ExplosionTest:18945 at <12069.9, 283.93, 2775.04> EXPLOSION range 4 dropoff 1
01:45:14.665 [ExplosionDamageSystem] About to explode Explosion_NonLethal from ExplosionTest<0x00000254644DF310> ExplosionTest:18944 at <6046.62, 222.85, 2389.89> EXPLOSION range 4 dropoff 1
01:45:14.673 [ExplosionDamageSystem] About to explode Explosion_NonLethal from ExplosionTest<0x00000254644E5C40> ExplosionTest:18943 at <5953.92, 220.07, 2568.77> EXPLOSION range 4 dropoff 1
01:45:14.680 [ExplosionDamageSystem] About to explode Explosion_NonLethal from ExplosionTest<0x00000254644DE980> ExplosionTest:18942 at <4383.74, 189.92, 257.54> EXPLOSION range 4 dropoff 1
01:45:14.681 [ExplosionDamageSystem] About to explode Explosion_NonLethal from ExplosionTest<0x00000254644E22E0> ExplosionTest:18941 at <5884.62, 228.14, 2575.47> EXPLOSION range 4 dropoff 1
01:45:14.687 [ExplosionDamageSystem] About to explode Explosion_NonLethal from ExplosionTest<0x00000254644E0630> ExplosionTest:18940 at <5757.16, 197.43, 1790.86> EXPLOSION range 4 dropoff 1
01:45:14.718 [ExplosionDamageSystem] About to explode Explosion_NonLethal from ExplosionTest<0x00000254644E52B0> ExplosionTest:18939 at <5591.14, 198.22, 2549> EXPLOSION range 4 dropoff 1
01:45:14.723 [ExplosionDamageSystem] About to explode Explosion_NonLethal from ExplosionTest<0x00000254644E3600> ExplosionTest:18938 at <5976.71, 201.04, 2539.61> EXPLOSION range 4 dropoff 1
01:45:14.727 [ExplosionDamageSystem] About to explode Explosion_NonLethal from ExplosionTest<0x00000254644E0FC0> ExplosionTest:18937 at <6329.68, 219.33, 1858.88> EXPLOSION range 4 dropoff 1
01:45:14.731 [ExplosionDamageSystem] About to explode Explosion_NonLethal from ExplosionTest<0x00000254644DDFF0> ExplosionTest:18936 at <5132.3, 192.76, 729.31> EXPLOSION range 4 dropoff 1
01:45:14.739 [ExplosionDamageSystem] About to explode Explosion_NonLethal from ExplosionTest<0x00000254644E4920> ExplosionTest:18935 at <5813.87, 206.63, 1421.48> EXPLOSION range 4 dropoff 1
01:45:14.749 [ExplosionDamageSystem] About to explode Explosion_NonLethal from ExplosionTest<0x00000254644E3F90> ExplosionTest:18934 at <5929.54, 212.12, 1770.11> EXPLOSION range 4 dropoff 1
01:45:14.764 [ExplosionDamageSystem] About to explode Explosion_NonLethal from ExplosionTest<0x00000254644DD660> ExplosionTest:18933 at <5875.45, 204.64, 2283.15> EXPLOSION range 4 dropoff 1
01:45:14.773 [ExplosionDamageSystem] About to explode Explosion_NonLethal from ExplosionTest<0x00000254644E2C70> ExplosionTest:18932 at <6300.01, 218.23, 1991.35> EXPLOSION range 4 dropoff 1
01:45:14.774 [ExplosionDamageSystem] About to explode Explosion_NonLethal from ExplosionTest<0x00000254644D6D30> ExplosionTest:18931 at <6234.63, 223.02, 1927.72> EXPLOSION range 4 dropoff 1
01:45:14.776 [ExplosionDamageSystem] About to explode Explosion_NonLethal from ExplosionTest<0x00000254644D63A0> ExplosionTest:18930 at <5800.24, 196.81, 1983.73> EXPLOSION range 4 dropoff 1
01:45:14.784 [ExplosionDamageSystem] About to explode Explosion_NonLethal from ExplosionTest<0x00000254644D9D00> ExplosionTest:18929 at <5646.76, 218, 2735.31> EXPLOSION range 4 dropoff 1
01:45:14.792 [ExplosionDamageSystem] About to explode Explosion_NonLethal from ExplosionTest<0x00000254644DCCD0> ExplosionTest:18928 at <5753.83, 198.29, 1789.75> EXPLOSION range 4 dropoff 1
01:45:14.793 [ExplosionDamageSystem] About to explode Explosion_NonLethal from ExplosionTest<0x00000254644D9370> ExplosionTest:18927 at <5385.55, 211.02, 2905.75> EXPLOSION range 4 dropoff 1
01:45:14.802 [ExplosionDamageSystem] About to explode Explosion_NonLethal from ExplosionTest<0x00000254644D5A10> ExplosionTest:18926 at <7404.78, 229.84, 1563.74> EXPLOSION range 4 dropoff 1
01:45:14.803 [ExplosionDamageSystem] About to explode Explosion_NonLethal from ExplosionTest<0x00000254644DC340> ExplosionTest:18925 at <6858.94, 205.62, 1587.36> EXPLOSION range 4 dropoff 1
01:45:14.806 [ExplosionDamageSystem] About to explode Explosion_NonLethal from ExplosionTest<0x00000254644D5080> ExplosionTest:18924 at <8635.04, 214.34, 2786.65> EXPLOSION range 4 dropoff 1
01:45:14.810 [ExplosionDamageSystem] About to explode Explosion_NonLethal from ExplosionTest<0x00000254644D89E0> ExplosionTest:18923 at <5512.1, 201.06, 2702.66> EXPLOSION range 4 dropoff 1
01:45:14.821 [ExplosionDamageSystem] About to explode Explosion_NonLethal from ExplosionTest<0x00000254644D8050> ExplosionTest:18922 at <6348.11, 204.44, 1344.5> EXPLOSION range 4 dropoff 1
01:45:14.839 [ExplosionDamageSystem] About to explode Explosion_NonLethal from ExplosionTest<0x00000254644DB020> ExplosionTest:18921 at <9800.15, 253.35, 1541.82> EXPLOSION range 4 dropoff 1
01:45:14.840 [ExplosionDamageSystem] About to explode Explosion_NonLethal from ExplosionTest<0x00000254644DA690> ExplosionTest:18920 at <6809.11, 210.34, 1503.92> EXPLOSION range 4 dropoff 1
01:45:14.841 [ExplosionDamageSystem] About to explode Explosion_NonLethal from ExplosionTest<0x00000254644DB9B0> ExplosionTest:18919 at <4223.48, 231.99, 2563.55> EXPLOSION range 4 dropoff 1
01:45:14.846 [ExplosionDamageSystem] About to explode Explosion_NonLethal from ExplosionTest<0x00000254644D76C0> ExplosionTest:18918 at <5753.44, 199.92, 2525.01> EXPLOSION range 4 dropoff 1
01:45:14.857 [ExplosionDamageSystem] About to explode Explosion_NonLethal from ExplosionTest<0x0000025464511650> ExplosionTest:18917 at <5618.38, 196.86, 1721.99> EXPLOSION range 4 dropoff 1
01:45:14.873 [ExplosionDamageSystem] About to explode Explosion_NonLethal from ExplosionTest<0x0000025464510CC0> ExplosionTest:18916 at <5476.69, 219.97, 2935.78> EXPLOSION range 4 dropoff 1
01:45:14.873 [ExplosionDamageSystem] About to explode Explosion_NonLethal from ExplosionTest<0x0000025464510330> ExplosionTest:18915 at <13082.5, 315.54, 518.83> EXPLOSION range 4 dropoff 1
01:45:14.876 [ExplosionDamageSystem] About to explode Explosion_NonLethal from ExplosionTest<0x000002546450F010> ExplosionTest:18914 at <6234.28, 216.11, 2362.74> EXPLOSION range 4 dropoff 1
01:45:14.883 [ExplosionDamageSystem] About to explode Explosion_NonLethal from ExplosionTest<0x0000025464513C90> ExplosionTest:18913 at <5661.46, 201.15, 2788.33> EXPLOSION range 4 dropoff 1
01:45:14.884 [ExplosionDamageSystem] About to explode Explosion_NonLethal from ExplosionTest<0x000002546450E680> ExplosionTest:18912 at <6060.92, 231.87, 1734.76> EXPLOSION range 4 dropoff 1
01:45:14.900 [ExplosionDamageSystem] About to explode Explosion_NonLethal from ExplosionTest<0x0000025464514FB0> ExplosionTest:18911 at <5993.52, 214.5, 1471.33> EXPLOSION range 4 dropoff 1
01:47:53.592 [Safezone] Player "Hessher" (id=MilAR913ecKsrHUOy0uV_fIY7CR0FzNOXUGd_pWZtgI= pos=<7394.44, 234.9, 5010.27>) entered the safezone
01:50:14.747 [MissionAirdrop] An airdrop is heading towards "Alica" (pos=<4882.939941, 0.000000, 4713.546875> type=Random_Alicia) with a ExpansionAirdropContainer_Military
