21:22:04.672 [ExplosionDamageSystem] About to explode Explosion_NonLethal from ExplosionTest<0x000001E543D0F560> ExplosionTest:26505 at <6590.42, 6.3, 1362.6> EXPLOSION range 4 dropoff 1
21:22:04.673 [ExplosionDamageSystem] About to explode Explosion_NonLethal from ExplosionTest<0x000001E543D0D8B0> ExplosionTest:26504 at <8369.92, 30.71, 2196.93> EXPLOSION range 4 dropoff 1
21:22:04.682 [ExplosionDamageSystem] About to explode Explosion_NonLethal from ExplosionTest<0x000001E543D0CF20> ExplosionTest:26503 at <6926.83, 3.82, 1464.08> EXPLOSION range 4 dropoff 1
21:22:04.683 [ExplosionDamageSystem] About to explode Explosion_NonLethal from ExplosionTest<0x000001E543D0FEF0> ExplosionTest:26502 at <6337.11, 2.13, 1153.83> EXPLOSION range 4 dropoff 1
21:22:04.683 [ExplosionDamageSystem] About to explode Explosion_NonLethal from ExplosionTest<0x000001E543D0EBD0> ExplosionTest:26501 at <6259.57, 32.19, 2265.19> EXPLOSION range 4 dropoff 1
21:22:04.688 [ExplosionDamageSystem] About to explode Explosion_NonLethal from ExplosionTest<0x000001E543D02C90> ExplosionTest:26500 at <6373.81, 31.95, 2147.32> EXPLOSION range 4 dropoff 1
21:22:04.691 [ExplosionDamageSystem] About to explode Explosion_NonLethal from ExplosionTest<0x000001E543D095C0> ExplosionTest:26499 at <6907.45, 39.74, 1893.47> EXPLOSION range 4 dropoff 1
21:22:04.700 [ExplosionDamageSystem] About to explode Explosion_NonLethal from ExplosionTest<0x000001E543D03FB0> ExplosionTest:26498 at <7114.19, 45.67, 1786.57> EXPLOSION range 4 dropoff 1
21:22:04.704 [ExplosionDamageSystem] About to explode Explosion_NonLethal from ExplosionTest<0x000001E543D02300> ExplosionTest:26497 at <6602.09, 3.15, 1433.78> EXPLOSION range 4 dropoff 1
21:22:04.705 [ExplosionDamageSystem] About to explode Explosion_NonLethal from ExplosionTest<0x000001E543D08C30> ExplosionTest:26496 at <6653.06, 3.15, 1412.22> EXPLOSION range 4 dropoff 1
21:22:04.705 [ExplosionDamageSystem] About to explode Explosion_NonLethal from ExplosionTest<0x000001E543D082A0> ExplosionTest:26495 at <6713.58, 40.12, 1994.04> EXPLOSION range 4 dropoff 1
21:22:04.709 [ExplosionDamageSystem] About to explode Explosion_NonLethal from ExplosionTest<0x000001E543D065F0> ExplosionTest:26494 at <6757.46, 40.29, 2006.56> EXPLOSION range 4 dropoff 1
21:22:04.712 [ExplosionDamageSystem] About to explode Explosion_NonLethal from ExplosionTest<0x000001E543D00FE0> ExplosionTest:26493 at <7101.84, 46.23, 1817.32> EXPLOSION range 4 dropoff 1
21:22:04.713 [ExplosionDamageSystem] About to explode Explosion_NonLethal from ExplosionTest<0x000001E543D05C60> ExplosionTest:26492 at <6841.3, 39.13, 1820.81> EXPLOSION range 4 dropoff 1
21:22:04.717 [ExplosionDamageSystem] About to explode Explosion_NonLethal from ExplosionTest<0x000001E543D03620> ExplosionTest:26491 at <6970.42, 43.24, 2032.22> EXPLOSION range 4 dropoff 1
21:22:04.722 [ExplosionDamageSystem] About to explode Explosion_NonLethal from ExplosionTest<0x000001E543D04940> ExplosionTest:26490 at <6348.7, 35.13, 2160.56> EXPLOSION range 4 dropoff 1
21:22:04.722 [ExplosionDamageSystem] About to explode Explosion_NonLethal from ExplosionTest<0x000001E543D07910> ExplosionTest:26489 at <6953.93, 3.36, 1426.01> EXPLOSION range 4 dropoff 1
21:22:04.723 [ExplosionDamageSystem] About to explode Explosion_NonLethal from ExplosionTest<0x000001E543D01970> ExplosionTest:26488 at <6793.81, 35.84, 1835.06> EXPLOSION range 4 dropoff 1
21:22:04.725 [ExplosionDamageSystem] About to explode Explosion_NonLethal from ExplosionTest<0x000001E543D06F80> ExplosionTest:26487 at <7046.78, 46.04, 1833.43> EXPLOSION range 4 dropoff 1
21:22:04.726 [ExplosionDamageSystem] About to explode Explosion_NonLethal from ExplosionTest<0x000001E543D052D0> ExplosionTest:26486 at <6949.79, 39.88, 1966.41> EXPLOSION range 4 dropoff 1
21:22:04.728 [ExplosionDamageSystem] About to explode Explosion_NonLethal from ExplosionTest<0x000001E543CF9D20> ExplosionTest:26485 at <6486.56, 2.84, 1367.29> EXPLOSION range 4 dropoff 1
21:22:04.728 [ExplosionDamageSystem] About to explode Explosion_NonLethal from ExplosionTest<0x000001E543CFD680> ExplosionTest:26484 at <6791.05, 2.87, 1581.11> EXPLOSION range 4 dropoff 1
21:22:04.732 [ExplosionDamageSystem] About to explode Explosion_NonLethal from ExplosionTest<0x000001E543CFC360> ExplosionTest:26483 at <6769.31, 28.8, 1861.76> EXPLOSION range 4 dropoff 1
21:22:04.734 [ExplosionDamageSystem] About to explode Explosion_NonLethal from ExplosionTest<0x000001E543D00650> ExplosionTest:26482 at <6919.4, 7.66, 1532.88> EXPLOSION range 4 dropoff 1
21:22:04.735 [ExplosionDamageSystem] About to explode Explosion_NonLethal from ExplosionTest<0x000001E543CFB9D0> ExplosionTest:26481 at <6629.32, 2.85, 1333.63> EXPLOSION range 4 dropoff 1
21:22:04.736 [ExplosionDamageSystem] About to explode Explosion_NonLethal from ExplosionTest<0x000001E543CFCCF0> ExplosionTest:26480 at <6802.57, 39.16, 2034> EXPLOSION range 4 dropoff 1
21:22:04.742 [ExplosionDamageSystem] About to explode Explosion_NonLethal from ExplosionTest<0x000001E543CFB040> ExplosionTest:26479 at <6952.22, 7.16, 1429.14> EXPLOSION range 4 dropoff 1
21:22:04.742 [ExplosionDamageSystem] About to explode Explosion_NonLethal from ExplosionTest<0x000001E543CFE010> ExplosionTest:26478 at <6635.05, 3.15, 1468.1> EXPLOSION range 4 dropoff 1
21:22:04.747 [ExplosionDamageSystem] About to explode Explosion_NonLethal from ExplosionTest<0x000001E543CFA6B0> ExplosionTest:26477 at <6801.85, 38.16, 1824.07> EXPLOSION range 4 dropoff 1
21:22:04.747 [ExplosionDamageSystem] About to explode Explosion_NonLethal from ExplosionTest<0x000001E543CF9390> ExplosionTest:26476 at <6609.75, 18.93, 1493.59> EXPLOSION range 4 dropoff 1
21:22:04.750 [ExplosionDamageSystem] About to explode Explosion_NonLethal from ExplosionTest<0x000001E543CFFCC0> ExplosionTest:26475 at <7294.51, 37.36, 2374.51> EXPLOSION range 4 dropoff 1
21:22:04.753 [ExplosionDamageSystem] About to explode Explosion_NonLethal from ExplosionTest<0x000001E543CF8A00> ExplosionTest:26474 at <6833.66, 41.74, 1945.16> EXPLOSION range 4 dropoff 1
21:22:04.759 [ExplosionDamageSystem] About to explode Explosion_NonLethal from ExplosionTest<0x000001E543CFF330> ExplosionTest:26473 at <6679.69, 40.39, 2045.49> EXPLOSION range 4 dropoff 1
21:22:04.759 [ExplosionDamageSystem] About to explode Explosion_NonLethal from ExplosionTest<0x000001E543CF8070> ExplosionTest:26472 at <6824.17, 39.99, 1900.5> EXPLOSION range 4 dropoff 1
21:22:04.760 [ExplosionDamageSystem] About to explode Explosion_NonLethal from ExplosionTest<0x000001E543CFE9A0> ExplosionTest:26471 at <6688.34, 3.14, 1420.25> EXPLOSION range 4 dropoff 1
21:22:04.760 [ExplosionDamageSystem] About to explode Explosion_NonLethal from ExplosionTest<0x000001E543D32000> ExplosionTest:26470 at <6727.59, 3.15, 1483.07> EXPLOSION range 4 dropoff 1
21:22:04.761 [ExplosionDamageSystem] About to explode Explosion_NonLethal from ExplosionTest<0x000001E543D37FA0> ExplosionTest:26469 at <6951.32, 39.48, 1941.45> EXPLOSION range 4 dropoff 1
21:22:04.761 [ExplosionDamageSystem] About to explode Explosion_NonLethal from ExplosionTest<0x000001E543D37610> ExplosionTest:26468 at <5444.74, 6.11, 1005.84> EXPLOSION range 4 dropoff 1
21:22:04.765 [ExplosionDamageSystem] About to explode Explosion_NonLethal from ExplosionTest<0x000001E543D30350> ExplosionTest:26467 at <7798.31, 40.65, 2599.6> EXPLOSION range 4 dropoff 1
21:22:04.768 [ExplosionDamageSystem] About to explode Explosion_NonLethal from ExplosionTest<0x000001E543D31670> ExplosionTest:26466 at <6361.73, 32.04, 1975.09> EXPLOSION range 4 dropoff 1
21:22:04.774 [ExplosionDamageSystem] About to explode Explosion_NonLethal from ExplosionTest<0x000001E543D36C80> ExplosionTest:26465 at <6428.97, 37.86, 2162.61> EXPLOSION range 4 dropoff 1
21:22:04.776 [ExplosionDamageSystem] About to explode Explosion_NonLethal from ExplosionTest<0x000001E543D33CB0> ExplosionTest:26464 at <7124.74, 35.61, 2227.12> EXPLOSION range 4 dropoff 1
21:22:04.778 [ExplosionDamageSystem] About to explode Explosion_NonLethal from ExplosionTest<0x000001E543D362F0> ExplosionTest:26463 at <6912.12, 39.26, 1853> EXPLOSION range 4 dropoff 1
21:22:04.781 [ExplosionDamageSystem] About to explode Explosion_NonLethal from ExplosionTest<0x000001E543D32990> ExplosionTest:26462 at <6806.49, 3.98, 1496.26> EXPLOSION range 4 dropoff 1
21:22:04.787 [ExplosionDamageSystem] About to explode Explosion_NonLethal from ExplosionTest<0x000001E543D34FD0> ExplosionTest:26461 at <7123.47, 45.3, 1856.72> EXPLOSION range 4 dropoff 1
21:22:04.787 [ExplosionDamageSystem] About to explode Explosion_NonLethal from ExplosionTest<0x000001E543D33320> ExplosionTest:26460 at <6752.38, 39.3, 1922.89> EXPLOSION range 4 dropoff 1
21:22:04.790 [ExplosionDamageSystem] About to explode Explosion_NonLethal from ExplosionTest<0x000001E543D35960> ExplosionTest:26459 at <6567.64, 3.26, 1376.49> EXPLOSION range 4 dropoff 1
21:22:04.791 [ExplosionDamageSystem] About to explode Explosion_NonLethal from ExplosionTest<0x000001E543D30CE0> ExplosionTest:26458 at <6922.34, 39.71, 2034.39> EXPLOSION range 4 dropoff 1
21:22:04.793 [ExplosionDamageSystem] About to explode Explosion_NonLethal from ExplosionTest<0x000001E543D34640> ExplosionTest:26457 at <6975.96, 7.14, 1495.04> EXPLOSION range 4 dropoff 1
21:22:04.794 [ExplosionDamageSystem] About to explode Explosion_NonLethal from ExplosionTest<0x000001E543D29090> ExplosionTest:26456 at <6114.72, 16.85, 1202.75> EXPLOSION range 4 dropoff 1
21:22:04.799 [ExplosionDamageSystem] About to explode Explosion_NonLethal from ExplosionTest<0x000001E543D2F9C0> ExplosionTest:26455 at <6913.05, 2.93, 1452.65> EXPLOSION range 4 dropoff 1
21:22:04.799 [ExplosionDamageSystem] About to explode Explosion_NonLethal from ExplosionTest<0x000001E543D2F030> ExplosionTest:26454 at <6507.16, 16.93, 1445.77> EXPLOSION range 4 dropoff 1
21:22:04.802 [ExplosionDamageSystem] About to explode Explosion_NonLethal from ExplosionTest<0x000001E543D2E6A0> ExplosionTest:26453 at <6267.51, 10.24, 1129.06> EXPLOSION range 4 dropoff 1
21:22:04.803 [ExplosionDamageSystem] About to explode Explosion_NonLethal from ExplosionTest<0x000001E543D2DD10> ExplosionTest:26452 at <7210.83, 2.9, 1253.24> EXPLOSION range 4 dropoff 1
21:22:04.850 [ExplosionDamageSystem] About to explode Explosion_NonLethal from ExplosionTest<0x000001E543D26A50> ExplosionTest:26451 at <7313.28, 36.75, 2332.9> EXPLOSION range 4 dropoff 1
21:27:03.690 [MissionAirdrop] An airdrop is heading towards "Hornany" (pos=<1923.219971, 0.000000, 7877.379883> type=Random_Hornany) with a ExpansionAirdropContainer_Military
