18:53:23.167 [ExplosionDamageSystem] About to explode Explosion_NonLethal from ExplosionTest<0x0000022CE69B86C0> ExplosionTest:18962 at <5702.33, 221.64, 2815.32> EXPLOSION range 4 dropoff 1
18:53:23.187 [ExplosionDamageSystem] About to explode Explosion_NonLethal from ExplosionTest<0x0000022CE69BEFF0> ExplosionTest:18961 at <13044.3, 317.41, 354.13> EXPLOSION range 4 dropoff 1
18:53:23.188 [ExplosionDamageSystem] About to explode Explosion_NonLethal from ExplosionTest<0x0000022CE69B7D30> ExplosionTest:18960 at <9789.98, 265.96, 1548.75> EXPLOSION range 4 dropoff 1
18:53:23.196 [ExplosionDamageSystem] About to explode Explosion_NonLethal from ExplosionTest<0x0000022CE69BAD00> ExplosionTest:18959 at <5829.41, 198.4, 2634.9> EXPLOSION range 4 dropoff 1
18:53:23.204 [ExplosionDamageSystem] About to explode Explosion_NonLethal from ExplosionTest<0x0000022CE69BE660> ExplosionTest:18958 at <7405.52, 206.46, 1791.88> EXPLOSION range 4 dropoff 1
18:53:23.206 [ExplosionDamageSystem] About to explode Explosion_NonLethal from ExplosionTest<0x0000022CE69B73A0> ExplosionTest:18957 at <5883.25, 207.94, 2255.96> EXPLOSION range 4 dropoff 1
18:53:23.222 [ExplosionDamageSystem] About to explode Explosion_NonLethal from ExplosionTest<0x0000022CE69BA370> ExplosionTest:18956 at <5761.46, 199.84, 2496.39> EXPLOSION range 4 dropoff 1
18:53:23.241 [ExplosionDamageSystem] About to explode Explosion_NonLethal from ExplosionTest<0x0000022CE69BDCD0> ExplosionTest:18955 at <5947.78, 220.07, 2562.64> EXPLOSION range 4 dropoff 1
18:53:23.252 [ExplosionDamageSystem] About to explode Explosion_NonLethal from ExplosionTest<0x0000022CE69BB690> ExplosionTest:18954 at <6041.12, 227.74, 1850.93> EXPLOSION range 4 dropoff 1
18:53:23.275 [ExplosionDamageSystem] About to explode Explosion_NonLethal from ExplosionTest<0x0000022CE69BC9B0> ExplosionTest:18953 at <5946.39, 219.88, 2343.2> EXPLOSION range 4 dropoff 1
18:53:23.285 [ExplosionDamageSystem] About to explode Explosion_NonLethal from ExplosionTest<0x0000022CE69B6A10> ExplosionTest:18952 at <5428.65, 199.27, 2573.92> EXPLOSION range 4 dropoff 1
18:53:23.289 [ExplosionDamageSystem] About to explode Explosion_NonLethal from ExplosionTest<0x0000022CE69BD340> ExplosionTest:18951 at <5676.49, 197.72, 1857.25> EXPLOSION range 4 dropoff 1
18:53:23.323 [ExplosionDamageSystem] About to explode Explosion_NonLethal from ExplosionTest<0x0000022CE69B6080> ExplosionTest:18950 at <6289.68, 220.59, 1421.77> EXPLOSION range 4 dropoff 1
18:53:23.328 [ExplosionDamageSystem] About to explode Explosion_NonLethal from ExplosionTest<0x0000022CE69BC020> ExplosionTest:18949 at <6334.76, 229.53, 1862.31> EXPLOSION range 4 dropoff 1
18:53:23.349 [ExplosionDamageSystem] About to explode Explosion_NonLethal from ExplosionTest<0x0000022CE1F1BD20> ExplosionTest:18948 at <6280.3, 232.01, 1807.73> EXPLOSION range 4 dropoff 1
18:53:23.357 [ExplosionDamageSystem] About to explode Explosion_NonLethal from ExplosionTest<0x0000022CE1F1AA00> ExplosionTest:18947 at <5712.6, 214.64, 2790.05> EXPLOSION range 4 dropoff 1
18:53:23.358 [ExplosionDamageSystem] About to explode Explosion_NonLethal from ExplosionTest<0x0000022CE1F20010> ExplosionTest:18946 at <3716.55, 214.64, 761.63> EXPLOSION range 4 dropoff 1
18:53:23.359 [ExplosionDamageSystem] About to explode Explosion_NonLethal from ExplosionTest<0x0000022CE1F1F680> ExplosionTest:18945 at <6258.42, 221.21, 2256.24> EXPLOSION range 4 dropoff 1
18:53:23.382 [ExplosionDamageSystem] About to explode Explosion_NonLethal from ExplosionTest<0x0000022CE1F1ECF0> ExplosionTest:18944 at <5422.41, 206.31, 1662.34> EXPLOSION range 4 dropoff 1
18:53:23.408 [ExplosionDamageSystem] About to explode Explosion_NonLethal from ExplosionTest<0x0000022CE1F1D9D0> ExplosionTest:18943 at <6387.8, 220.44, 1529.73> EXPLOSION range 4 dropoff 1
18:53:23.573 [ExplosionDamageSystem] About to explode Explosion_NonLethal from ExplosionTest<0x0000022CE1F18D50> ExplosionTest:18942 at <13034.5, 322.82, 446.57> EXPLOSION range 4 dropoff 1
18:53:23.574 [ExplosionDamageSystem] About to explode Explosion_NonLethal from ExplosionTest<0x0000022CE1F196E0> ExplosionTest:18941 at <6072.85, 218.53, 1890.89> EXPLOSION range 4 dropoff 1
18:53:23.574 [ExplosionDamageSystem] About to explode Explosion_NonLethal from ExplosionTest<0x0000022CE1F1B390> ExplosionTest:18940 at <5526.03, 202.98, 2403.01> EXPLOSION range 4 dropoff 1
18:53:23.587 [ExplosionDamageSystem] About to explode Explosion_NonLethal from ExplosionTest<0x0000022CE1F1E360> ExplosionTest:18939 at <5453.21, 197.17, 2549.55> EXPLOSION range 4 dropoff 1
18:53:23.595 [ExplosionDamageSystem] About to explode Explosion_NonLethal from ExplosionTest<0x0000022CE1F1C6B0> ExplosionTest:18938 at <13028.7, 304.74, 355.63> EXPLOSION range 4 dropoff 1
18:53:23.596 [ExplosionDamageSystem] About to explode Explosion_NonLethal from ExplosionTest<0x0000022CE1F1A070> ExplosionTest:18937 at <6404.71, 221.09, 1649.22> EXPLOSION range 4 dropoff 1
18:53:23.609 [ExplosionDamageSystem] About to explode Explosion_NonLethal from ExplosionTest<0x0000022CE1F1D040> ExplosionTest:18936 at <6276.95, 236.81, 2289.44> EXPLOSION range 4 dropoff 1
18:53:23.613 [ExplosionDamageSystem] About to explode Explosion_NonLethal from ExplosionTest<0x0000022CE1F12420> ExplosionTest:18935 at <6126.03, 214.32, 1858.66> EXPLOSION range 4 dropoff 1
18:53:23.651 [ExplosionDamageSystem] About to explode Explosion_NonLethal from ExplosionTest<0x0000022CE1F11A90> ExplosionTest:18934 at <3985.6, 206.49, 1106.33> EXPLOSION range 4 dropoff 1
18:53:23.653 [ExplosionDamageSystem] About to explode Explosion_NonLethal from ExplosionTest<0x0000022CE1F183C0> ExplosionTest:18933 at <6298.63, 218.17, 1997.47> EXPLOSION range 4 dropoff 1
18:53:23.659 [ExplosionDamageSystem] About to explode Explosion_NonLethal from ExplosionTest<0x0000022CE1F17A30> ExplosionTest:18932 at <6191.4, 226.87, 2383.38> EXPLOSION range 4 dropoff 1
18:53:23.681 [ExplosionDamageSystem] About to explode Explosion_NonLethal from ExplosionTest<0x0000022CE1F170A0> ExplosionTest:18931 at <5410.4, 209.12, 2540.01> EXPLOSION range 4 dropoff 1
18:53:23.684 [ExplosionDamageSystem] About to explode Explosion_NonLethal from ExplosionTest<0x0000022CE1F16710> ExplosionTest:18930 at <5585.96, 212.33, 1821.49> EXPLOSION range 4 dropoff 1
18:53:23.695 [ExplosionDamageSystem] About to explode Explosion_NonLethal from ExplosionTest<0x0000022CE1F15D80> ExplosionTest:18929 at <5690.62, 212.35, 1680.46> EXPLOSION range 4 dropoff 1
18:53:23.709 [ExplosionDamageSystem] About to explode Explosion_NonLethal from ExplosionTest<0x0000022CE1F0EAC0> ExplosionTest:18928 at <5908.63, 217.23, 1114.16> EXPLOSION range 4 dropoff 1
18:53:23.710 [ExplosionDamageSystem] About to explode Explosion_NonLethal from ExplosionTest<0x0000022CE1F11100> ExplosionTest:18927 at <5424.64, 212.49, 2924.41> EXPLOSION range 4 dropoff 1
18:53:23.719 [ExplosionDamageSystem] About to explode Explosion_NonLethal from ExplosionTest<0x0000022CE1F153F0> ExplosionTest:18926 at <5743.2, 220.89, 2835.44> EXPLOSION range 4 dropoff 1
18:53:23.720 [ExplosionDamageSystem] About to explode Explosion_NonLethal from ExplosionTest<0x0000022CE1F10770> ExplosionTest:18925 at <5910.57, 204.22, 1706.47> EXPLOSION range 4 dropoff 1
18:53:23.726 [ExplosionDamageSystem] About to explode Explosion_NonLethal from ExplosionTest<0x0000022CE1F0E130> ExplosionTest:18924 at <6515.3, 205.65, 1595.04> EXPLOSION range 4 dropoff 1
18:53:23.733 [ExplosionDamageSystem] About to explode Explosion_NonLethal from ExplosionTest<0x0000022CE1F0F450> ExplosionTest:18923 at <6200.56, 216.96, 2212> EXPLOSION range 4 dropoff 1
18:53:23.742 [ExplosionDamageSystem] About to explode Explosion_NonLethal from ExplosionTest<0x0000022CE1F13740> ExplosionTest:18922 at <6346.6, 204.44, 1343.57> EXPLOSION range 4 dropoff 1
18:53:23.763 [ExplosionDamageSystem] About to explode Explosion_NonLethal from ExplosionTest<0x0000022CE1F14A60> ExplosionTest:18921 at <6284.8, 217.03, 1412.17> EXPLOSION range 4 dropoff 1
18:53:23.764 [ExplosionDamageSystem] About to explode Explosion_NonLethal from ExplosionTest<0x0000022CE1F12DB0> ExplosionTest:18920 at <6168.82, 217.3, 1636.35> EXPLOSION range 4 dropoff 1
18:53:23.841 [ExplosionDamageSystem] About to explode Explosion_NonLethal from ExplosionTest<0x0000022CE1F140D0> ExplosionTest:18919 at <5847.15, 200.07, 2330.78> EXPLOSION range 4 dropoff 1
18:53:23.848 [ExplosionDamageSystem] About to explode Explosion_NonLethal from ExplosionTest<0x0000022CE1F0FDE0> ExplosionTest:18918 at <6185.4, 232.59, 1709.9> EXPLOSION range 4 dropoff 1
18:53:23.855 [ExplosionDamageSystem] About to explode Explosion_NonLethal from ExplosionTest<0x0000022CE1F08B20> ExplosionTest:18917 at <5714.48, 218.04, 2781.54> EXPLOSION range 4 dropoff 1
18:53:23.861 [ExplosionDamageSystem] About to explode Explosion_NonLethal from ExplosionTest<0x0000022CE1F06E70> ExplosionTest:18916 at <5584.16, 202.33, 2944.95> EXPLOSION range 4 dropoff 1
18:53:23.890 [ExplosionDamageSystem] About to explode Explosion_NonLethal from ExplosionTest<0x0000022CE1F0D7A0> ExplosionTest:18915 at <5943.09, 217.96, 2493.96> EXPLOSION range 4 dropoff 1
18:53:23.904 [ExplosionDamageSystem] About to explode Explosion_NonLethal from ExplosionTest<0x0000022CE1F0B160> ExplosionTest:18914 at <7742.74, 212.08, 1993.76> EXPLOSION range 4 dropoff 1
18:53:23.912 [ExplosionDamageSystem] About to explode Explosion_NonLethal from ExplosionTest<0x0000022CE1F08190> ExplosionTest:18913 at <5922.51, 217.86, 2506.38> EXPLOSION range 4 dropoff 1
18:53:23.913 [ExplosionDamageSystem] About to explode Explosion_NonLethal from ExplosionTest<0x0000022CE1F094B0> ExplosionTest:18912 at <5944.21, 229.59, 2338.3> EXPLOSION range 4 dropoff 1
18:53:23.913 [ExplosionDamageSystem] About to explode Explosion_NonLethal from ExplosionTest<0x0000022CE1F07800> ExplosionTest:18911 at <5405.84, 212.42, 2911.32> EXPLOSION range 4 dropoff 1
18:53:23.913 [ExplosionDamageSystem] About to explode Explosion_NonLethal from ExplosionTest<0x0000022CE1F064E0> ExplosionTest:18910 at <6411.35, 229.14, 1343.24> EXPLOSION range 4 dropoff 1
18:53:23.914 [ExplosionDamageSystem] About to explode Explosion_NonLethal from ExplosionTest<0x0000022CE1F0CE10> ExplosionTest:18909 at <5464.37, 232.58, 2721.31> EXPLOSION range 4 dropoff 1
18:53:23.918 [ExplosionDamageSystem] About to explode Explosion_NonLethal from ExplosionTest<0x0000022CE1F0A7D0> ExplosionTest:18908 at <6276.8, 220.78, 2301.63> EXPLOSION range 4 dropoff 1
