14:54:33.528 [ExplosionDamageSystem] About to explode Explosion_NonLethal from ExplosionTest<0x000002D404344890> ExplosionTest:27427 at <8325.26, 7.77, 1901.36> EXPLOSION range 4 dropoff 1
14:54:33.532 [ExplosionDamageSystem] About to explode Explosion_NonLethal from ExplosionTest<0x000002D40433D5D0> ExplosionTest:27426 at <6954.05, 39.18, 1960.83> EXPLOSION range 4 dropoff 1
14:54:33.542 [ExplosionDamageSystem] About to explode Explosion_NonLethal from ExplosionTest<0x000002D404343F00> ExplosionTest:27425 at <7270.36, 35.41, 2275.92> EXPLOSION range 4 dropoff 1
14:54:33.548 [ExplosionDamageSystem] About to explode Explosion_NonLethal from ExplosionTest<0x000002D404343570> ExplosionTest:27424 at <7139.71, 4.03, 1346.04> EXPLOSION range 4 dropoff 1
14:54:33.549 [ExplosionDamageSystem] About to explode Explosion_NonLethal from ExplosionTest<0x000002D404342BE0> ExplosionTest:27423 at <6847.34, 3.65, 1511.95> EXPLOSION range 4 dropoff 1
14:54:33.550 [ExplosionDamageSystem] About to explode Explosion_NonLethal from ExplosionTest<0x000002D40433E8F0> ExplosionTest:27422 at <8374.38, 30.65, 2196.77> EXPLOSION range 4 dropoff 1
14:54:33.557 [ExplosionDamageSystem] About to explode Explosion_NonLethal from ExplosionTest<0x000002D4043405A0> ExplosionTest:27421 at <7122.79, 45.3, 1873.08> EXPLOSION range 4 dropoff 1
14:54:33.557 [ExplosionDamageSystem] About to explode Explosion_NonLethal from ExplosionTest<0x000002D40433FC10> ExplosionTest:27420 at <6849.54, 40.27, 2034.82> EXPLOSION range 4 dropoff 1
14:54:33.562 [ExplosionDamageSystem] About to explode Explosion_NonLethal from ExplosionTest<0x000002D40433CC40> ExplosionTest:27419 at <7138.24, 3.65, 1345.69> EXPLOSION range 4 dropoff 1
14:54:33.562 [ExplosionDamageSystem] About to explode Explosion_NonLethal from ExplosionTest<0x000002D4043418C0> ExplosionTest:27418 at <6846.67, 11.14, 1536.46> EXPLOSION range 4 dropoff 1
14:54:33.562 [ExplosionDamageSystem] About to explode Explosion_NonLethal from ExplosionTest<0x000002D404342250> ExplosionTest:27417 at <6671.58, 2.95, 1424.88> EXPLOSION range 4 dropoff 1
14:54:33.563 [ExplosionDamageSystem] About to explode Explosion_NonLethal from ExplosionTest<0x000002D40433DF60> ExplosionTest:27416 at <6504.95, 16.21, 1445.36> EXPLOSION range 4 dropoff 1
14:54:33.567 [ExplosionDamageSystem] About to explode Explosion_NonLethal from ExplosionTest<0x000002D404340F30> ExplosionTest:27415 at <7798.4, 40.16, 2600.09> EXPLOSION range 4 dropoff 1
14:54:33.570 [ExplosionDamageSystem] About to explode Explosion_NonLethal from ExplosionTest<0x000002D404335980> ExplosionTest:27414 at <7315.35, 38.15, 2369.52> EXPLOSION range 4 dropoff 1
14:54:33.573 [ExplosionDamageSystem] About to explode Explosion_NonLethal from ExplosionTest<0x000002D40433C2B0> ExplosionTest:27413 at <6757.48, 39.2, 1959.75> EXPLOSION range 4 dropoff 1
14:54:33.579 [ExplosionDamageSystem] About to explode Explosion_NonLethal from ExplosionTest<0x000002D404334FF0> ExplosionTest:27412 at <6603.8, 3.14, 1429> EXPLOSION range 4 dropoff 1
14:54:33.579 [ExplosionDamageSystem] About to explode Explosion_NonLethal from ExplosionTest<0x000002D40433B920> ExplosionTest:27411 at <6907.76, 43.18, 1883.54> EXPLOSION range 4 dropoff 1
14:54:33.590 [ExplosionDamageSystem] About to explode Explosion_NonLethal from ExplosionTest<0x000002D404336CA0> ExplosionTest:27410 at <6847.7, 47.03, 1899.36> EXPLOSION range 4 dropoff 1
14:54:33.594 [ExplosionDamageSystem] About to explode Explosion_NonLethal from ExplosionTest<0x000002D404334660> ExplosionTest:27409 at <6678.25, 39.82, 2045.75> EXPLOSION range 4 dropoff 1
14:54:33.594 [ExplosionDamageSystem] About to explode Explosion_NonLethal from ExplosionTest<0x000002D4043392E0> ExplosionTest:27408 at <6326.26, 2.65, 1157.14> EXPLOSION range 4 dropoff 1
14:54:33.595 [ExplosionDamageSystem] About to explode Explosion_NonLethal from ExplosionTest<0x000002D40433AF90> ExplosionTest:27407 at <6397.53, 31.66, 2118.54> EXPLOSION range 4 dropoff 1
14:54:33.597 [ExplosionDamageSystem] About to explode Explosion_NonLethal from ExplosionTest<0x000002D404337FC0> ExplosionTest:27406 at <6928.3, 4.38, 1467.51> EXPLOSION range 4 dropoff 1
14:54:33.597 [ExplosionDamageSystem] About to explode Explosion_NonLethal from ExplosionTest<0x000002D404333CD0> ExplosionTest:27405 at <6956.35, 39.71, 1792.94> EXPLOSION range 4 dropoff 1
14:54:33.599 [ExplosionDamageSystem] About to explode Explosion_NonLethal from ExplosionTest<0x000002D404336310> ExplosionTest:27404 at <6417.16, 32.61, 2180.92> EXPLOSION range 4 dropoff 1
14:54:33.601 [ExplosionDamageSystem] About to explode Explosion_NonLethal from ExplosionTest<0x000002D404339C70> ExplosionTest:27403 at <7102.18, 45.63, 1786.47> EXPLOSION range 4 dropoff 1
14:54:33.603 [ExplosionDamageSystem] About to explode Explosion_NonLethal from ExplosionTest<0x000002D40433A600> ExplosionTest:27402 at <6923.69, 40.16, 1833.29> EXPLOSION range 4 dropoff 1
14:54:33.604 [ExplosionDamageSystem] About to explode Explosion_NonLethal from ExplosionTest<0x000002D404337630> ExplosionTest:27401 at <6955.89, 39.17, 1914.76> EXPLOSION range 4 dropoff 1
14:54:33.604 [ExplosionDamageSystem] About to explode Explosion_NonLethal from ExplosionTest<0x000002D404338950> ExplosionTest:27400 at <6736.32, 39.22, 2015.8> EXPLOSION range 4 dropoff 1
14:54:33.605 [ExplosionDamageSystem] About to explode Explosion_NonLethal from ExplosionTest<0x000002D40432CA10> ExplosionTest:27399 at <6947.7, 40.44, 1874.51> EXPLOSION range 4 dropoff 1
14:54:33.605 [ExplosionDamageSystem] About to explode Explosion_NonLethal from ExplosionTest<0x000002D404333340> ExplosionTest:27398 at <8401.98, 31.64, 2267.38> EXPLOSION range 4 dropoff 1
14:54:33.607 [ExplosionDamageSystem] About to explode Explosion_NonLethal from ExplosionTest<0x000002D404330D00> ExplosionTest:27397 at <6400.16, 32.05, 2197.11> EXPLOSION range 4 dropoff 1
14:54:33.608 [ExplosionDamageSystem] About to explode Explosion_NonLethal from ExplosionTest<0x000002D404331690> ExplosionTest:27396 at <7073.3, 9.05, 1548.52> EXPLOSION range 4 dropoff 1
14:54:33.609 [ExplosionDamageSystem] About to explode Explosion_NonLethal from ExplosionTest<0x000002D40432C080> ExplosionTest:27395 at <6807.89, 3.13, 1510.06> EXPLOSION range 4 dropoff 1
14:54:33.609 [ExplosionDamageSystem] About to explode Explosion_NonLethal from ExplosionTest<0x000002D4043329B0> ExplosionTest:27394 at <7002.2, 8.62, 1510.34> EXPLOSION range 4 dropoff 1
14:54:33.610 [ExplosionDamageSystem] About to explode Explosion_NonLethal from ExplosionTest<0x000002D40432D3A0> ExplosionTest:27393 at <6354.82, 35.31, 2165.15> EXPLOSION range 4 dropoff 1
14:54:33.611 [ExplosionDamageSystem] About to explode Explosion_NonLethal from ExplosionTest<0x000002D404330370> ExplosionTest:27392 at <7112.3, 50.96, 1744.64> EXPLOSION range 4 dropoff 1
14:54:33.611 [ExplosionDamageSystem] About to explode Explosion_NonLethal from ExplosionTest<0x000002D40432F050> ExplosionTest:27391 at <6896.91, 3.85, 1550.86> EXPLOSION range 4 dropoff 1
14:54:33.613 [ExplosionDamageSystem] About to explode Explosion_NonLethal from ExplosionTest<0x000002D40432DD30> ExplosionTest:27390 at <6912.1, 40.24, 1832.84> EXPLOSION range 4 dropoff 1
14:54:33.613 [ExplosionDamageSystem] About to explode Explosion_NonLethal from ExplosionTest<0x000002D40432E6C0> ExplosionTest:27389 at <6879.23, 39.33, 1875.54> EXPLOSION range 4 dropoff 1
14:54:33.613 [ExplosionDamageSystem] About to explode Explosion_NonLethal from ExplosionTest<0x000002D404332020> ExplosionTest:27388 at <6753.1, 47.04, 1977.01> EXPLOSION range 4 dropoff 1
14:54:33.613 [ExplosionDamageSystem] About to explode Explosion_NonLethal from ExplosionTest<0x000002D40432F9E0> ExplosionTest:27387 at <6572.23, 2.97, 1427.34> EXPLOSION range 4 dropoff 1
14:54:33.613 [ExplosionDamageSystem] About to explode Explosion_NonLethal from ExplosionTest<0x000002D3FE132C20> ExplosionTest:27386 at <7745.19, 16.18, 1659.61> EXPLOSION range 4 dropoff 1
14:54:33.614 [ExplosionDamageSystem] About to explode Explosion_NonLethal from ExplosionTest<0x000002D3FE139550> ExplosionTest:27385 at <6564.28, 3.22, 1380.2> EXPLOSION range 4 dropoff 1
14:54:33.614 [ExplosionDamageSystem] About to explode Explosion_NonLethal from ExplosionTest<0x000002D3FE138BC0> ExplosionTest:27384 at <6808.19, 39.24, 2038> EXPLOSION range 4 dropoff 1
14:54:33.616 [ExplosionDamageSystem] About to explode Explosion_NonLethal from ExplosionTest<0x000002D3FE1335B0> ExplosionTest:27383 at <6361.71, 32.89, 1972.85> EXPLOSION range 4 dropoff 1
14:54:33.619 [ExplosionDamageSystem] About to explode Explosion_NonLethal from ExplosionTest<0x000002D3FE132290> ExplosionTest:27382 at <6380.35, 3.1, 1074.61> EXPLOSION range 4 dropoff 1
14:54:33.620 [ExplosionDamageSystem] About to explode Explosion_NonLethal from ExplosionTest<0x000002D3FE1378A0> ExplosionTest:27381 at <6914.06, 4.03, 1435.32> EXPLOSION range 4 dropoff 1
14:54:33.620 [ExplosionDamageSystem] About to explode Explosion_NonLethal from ExplosionTest<0x000002D3FE138230> ExplosionTest:27380 at <6951.79, 10.46, 1428.76> EXPLOSION range 4 dropoff 1
14:54:33.620 [ExplosionDamageSystem] About to explode Explosion_NonLethal from ExplosionTest<0x000002D3FE136F10> ExplosionTest:27379 at <6810.58, 3.1, 1554.89> EXPLOSION range 4 dropoff 1
14:54:33.622 [ExplosionDamageSystem] About to explode Explosion_NonLethal from ExplosionTest<0x000002D3FE1348D0> ExplosionTest:27378 at <7229.38, 6.2, 1272.75> EXPLOSION range 4 dropoff 1
14:54:33.648 [ExplosionDamageSystem] About to explode Explosion_NonLethal from ExplosionTest<0x000002D3FE136580> ExplosionTest:27377 at <7061.93, 12.75, 1542.45> EXPLOSION range 4 dropoff 1
14:54:33.648 [ExplosionDamageSystem] About to explode Explosion_NonLethal from ExplosionTest<0x000002D3FE135260> ExplosionTest:27376 at <6764.56, -0.64, 1465.17> EXPLOSION range 4 dropoff 1
14:54:33.649 [ExplosionDamageSystem] About to explode Explosion_NonLethal from ExplosionTest<0x000002D3FE135BF0> ExplosionTest:27375 at <7431.45, 7.23, 1471.12> EXPLOSION range 4 dropoff 1
14:54:33.649 [ExplosionDamageSystem] About to explode Explosion_NonLethal from ExplosionTest<0x000002D3FE130F70> ExplosionTest:27374 at <6968.92, 40.33, 2035.31> EXPLOSION range 4 dropoff 1
14:54:33.654 [ExplosionDamageSystem] About to explode Explosion_NonLethal from ExplosionTest<0x000002D3FE131900> ExplosionTest:27373 at <7125.83, 35.61, 2228.35> EXPLOSION range 4 dropoff 1
14:59:32.486 [MissionAirdrop] An airdrop is heading towards "Podluzany" (pos=<5035.295410, 0.000000, 6871.165039> type=Random_Podluzany) with a ExpansionAirdropContainer_Military
