23:24:10.584 [ExplosionDamageSystem] About to explode Explosion_NonLethal from ExplosionTest<0x00000230623F47E0> ExplosionTest:18960 at <6060.13, 222.26, 1571.31> EXPLOSION range 4 dropoff 1
23:24:10.613 [ExplosionDamageSystem] About to explode Explosion_NonLethal from ExplosionTest<0x00000230623FA780> ExplosionTest:18959 at <5658.17, 218.21, 2745.59> EXPLOSION range 4 dropoff 1
23:24:10.619 [ExplosionDamageSystem] About to explode Explosion_NonLethal from ExplosionTest<0x00000230623F34C0> ExplosionTest:18958 at <6140.37, 238.36, 1752.63> EXPLOSION range 4 dropoff 1
23:24:10.626 [ExplosionDamageSystem] About to explode Explosion_NonLethal from ExplosionTest<0x00000230623F3E50> ExplosionTest:18957 at <6586.94, 205.24, 1552.27> EXPLOSION range 4 dropoff 1
23:24:10.635 [ExplosionDamageSystem] About to explode Explosion_NonLethal from ExplosionTest<0x00000230623F6E20> ExplosionTest:18956 at <7391.28, 244.15, 1550.63> EXPLOSION range 4 dropoff 1
23:24:10.638 [ExplosionDamageSystem] About to explode Explosion_NonLethal from ExplosionTest<0x00000230623F5B00> ExplosionTest:18955 at <9311.43, 262.22, 1674.5> EXPLOSION range 4 dropoff 1
23:24:10.641 [ExplosionDamageSystem] About to explode Explosion_NonLethal from ExplosionTest<0x00000230623F8140> ExplosionTest:18954 at <6101, 214.24, 1594.74> EXPLOSION range 4 dropoff 1
23:24:10.643 [ExplosionDamageSystem] About to explode Explosion_NonLethal from ExplosionTest<0x00000230623F5170> ExplosionTest:18953 at <5813.51, 203.75, 1150.66> EXPLOSION range 4 dropoff 1
23:24:10.645 [ExplosionDamageSystem] About to explode Explosion_NonLethal from ExplosionTest<0x00000230623F6490> ExplosionTest:18952 at <5717.36, 212.59, 2572.59> EXPLOSION range 4 dropoff 1
23:24:10.650 [ExplosionDamageSystem] About to explode Explosion_NonLethal from ExplosionTest<0x00000230623F8AD0> ExplosionTest:18951 at <4754.6, 192.83, 358.68> EXPLOSION range 4 dropoff 1
23:24:10.650 [ExplosionDamageSystem] About to explode Explosion_NonLethal from ExplosionTest<0x00000230623F77B0> ExplosionTest:18950 at <9312.49, 262.22, 1668.65> EXPLOSION range 4 dropoff 1
23:24:10.650 [ExplosionDamageSystem] About to explode Explosion_NonLethal from ExplosionTest<0x00000230623EC200> ExplosionTest:18949 at <6615.44, 207.6, 1325.14> EXPLOSION range 4 dropoff 1
23:24:10.653 [ExplosionDamageSystem] About to explode Explosion_NonLethal from ExplosionTest<0x00000230623F2B30> ExplosionTest:18948 at <6347.03, 218.09, 1835.28> EXPLOSION range 4 dropoff 1
23:24:10.667 [ExplosionDamageSystem] About to explode Explosion_NonLethal from ExplosionTest<0x00000230623EB870> ExplosionTest:18947 at <5841.98, 204.26, 876.17> EXPLOSION range 4 dropoff 1
23:24:10.672 [ExplosionDamageSystem] About to explode Explosion_NonLethal from ExplosionTest<0x00000230623F21A0> ExplosionTest:18946 at <6163.93, 213.53, 2031.27> EXPLOSION range 4 dropoff 1
23:24:10.682 [ExplosionDamageSystem] About to explode Explosion_NonLethal from ExplosionTest<0x00000230623EF1D0> ExplosionTest:18945 at <5548.89, 196.94, 2557> EXPLOSION range 4 dropoff 1
23:24:10.692 [ExplosionDamageSystem] About to explode Explosion_NonLethal from ExplosionTest<0x00000230623EE840> ExplosionTest:18944 at <5651.72, 208.93, 1616.66> EXPLOSION range 4 dropoff 1
23:24:10.698 [ExplosionDamageSystem] About to explode Explosion_NonLethal from ExplosionTest<0x00000230623F04F0> ExplosionTest:18943 at <5417.13, 212.74, 2786.64> EXPLOSION range 4 dropoff 1
23:24:10.706 [ExplosionDamageSystem] About to explode Explosion_NonLethal from ExplosionTest<0x00000230623EFB60> ExplosionTest:18942 at <6217.35, 213.44, 1993.37> EXPLOSION range 4 dropoff 1
23:24:10.711 [ExplosionDamageSystem] About to explode Explosion_NonLethal from ExplosionTest<0x00000230623EDEB0> ExplosionTest:18941 at <6348.1, 220.28, 1758.88> EXPLOSION range 4 dropoff 1
23:24:10.731 [ExplosionDamageSystem] About to explode Explosion_NonLethal from ExplosionTest<0x00000230623EAEE0> ExplosionTest:18940 at <6146.04, 232.99, 1816.86> EXPLOSION range 4 dropoff 1
23:24:10.736 [ExplosionDamageSystem] About to explode Explosion_NonLethal from ExplosionTest<0x00000230623ECB90> ExplosionTest:18939 at <6171.22, 217.3, 1634.5> EXPLOSION range 4 dropoff 1
23:24:10.741 [ExplosionDamageSystem] About to explode Explosion_NonLethal from ExplosionTest<0x00000230623ED520> ExplosionTest:18938 at <6604.86, 205.51, 1755.45> EXPLOSION range 4 dropoff 1
23:24:10.758 [ExplosionDamageSystem] About to explode Explosion_NonLethal from ExplosionTest<0x00000230623F0E80> ExplosionTest:18937 at <6452.35, 206.38, 1496.01> EXPLOSION range 4 dropoff 1
23:24:10.769 [ExplosionDamageSystem] About to explode Explosion_NonLethal from ExplosionTest<0x00000230623F1810> ExplosionTest:18936 at <5931.52, 215.01, 1540.88> EXPLOSION range 4 dropoff 1
23:24:10.770 [ExplosionDamageSystem] About to explode Explosion_NonLethal from ExplosionTest<0x00000230623E3C20> ExplosionTest:18935 at <6203.09, 216.99, 1744.62> EXPLOSION range 4 dropoff 1
23:24:10.823 [ExplosionDamageSystem] About to explode Explosion_NonLethal from ExplosionTest<0x00000230623E6BF0> ExplosionTest:18934 at <6464.21, 209.22, 1558.41> EXPLOSION range 4 dropoff 1
23:24:10.828 [ExplosionDamageSystem] About to explode Explosion_NonLethal from ExplosionTest<0x00000230623EA550> ExplosionTest:18933 at <6221.65, 218.83, 2310.58> EXPLOSION range 4 dropoff 1
23:24:10.839 [ExplosionDamageSystem] About to explode Explosion_NonLethal from ExplosionTest<0x00000230623E4F40> ExplosionTest:18932 at <13037.8, 322.27, 450.11> EXPLOSION range 4 dropoff 1
23:24:10.839 [ExplosionDamageSystem] About to explode Explosion_NonLethal from ExplosionTest<0x00000230623E9BC0> ExplosionTest:18931 at <5633.8, 203.08, 1817.53> EXPLOSION range 4 dropoff 1
23:24:10.850 [ExplosionDamageSystem] About to explode Explosion_NonLethal from ExplosionTest<0x00000230623E9230> ExplosionTest:18930 at <6282.68, 217.03, 1420.55> EXPLOSION range 4 dropoff 1
23:24:10.857 [ExplosionDamageSystem] About to explode Explosion_NonLethal from ExplosionTest<0x00000230623E88A0> ExplosionTest:18929 at <6249.33, 221.85, 2206.92> EXPLOSION range 4 dropoff 1
23:24:10.872 [ExplosionDamageSystem] About to explode Explosion_NonLethal from ExplosionTest<0x00000230623E6260> ExplosionTest:18928 at <6001.46, 222.62, 2327.77> EXPLOSION range 4 dropoff 1
23:24:10.879 [ExplosionDamageSystem] About to explode Explosion_NonLethal from ExplosionTest<0x00000230623E15E0> ExplosionTest:18927 at <5600.89, 212.96, 1791.71> EXPLOSION range 4 dropoff 1
23:24:10.881 [ExplosionDamageSystem] About to explode Explosion_NonLethal from ExplosionTest<0x00000230623E7580> ExplosionTest:18926 at <6196, 222.91, 1673.61> EXPLOSION range 4 dropoff 1
23:24:10.881 [ExplosionDamageSystem] About to explode Explosion_NonLethal from ExplosionTest<0x00000230623E1F70> ExplosionTest:18925 at <5635.12, 201.97, 2738.59> EXPLOSION range 4 dropoff 1
23:24:10.881 [ExplosionDamageSystem] About to explode Explosion_NonLethal from ExplosionTest<0x00000230623E3290> ExplosionTest:18924 at <5659.22, 201.01, 2754.27> EXPLOSION range 4 dropoff 1
23:24:10.882 [ExplosionDamageSystem] About to explode Explosion_NonLethal from ExplosionTest<0x00000230623E2900> ExplosionTest:18923 at <5718.18, 224.44, 2864.48> EXPLOSION range 4 dropoff 1
23:24:10.886 [ExplosionDamageSystem] About to explode Explosion_NonLethal from ExplosionTest<0x00000230623E58D0> ExplosionTest:18922 at <6196.2, 232.36, 2282.12> EXPLOSION range 4 dropoff 1
23:24:10.890 [ExplosionDamageSystem] About to explode Explosion_NonLethal from ExplosionTest<0x00000230623E45B0> ExplosionTest:18921 at <6253.98, 238.56, 2138.07> EXPLOSION range 4 dropoff 1
23:24:10.896 [ExplosionDamageSystem] About to explode Explosion_NonLethal from ExplosionTest<0x00000230623E7F10> ExplosionTest:18920 at <5450.76, 198.65, 2885.29> EXPLOSION range 4 dropoff 1
23:24:10.946 [ExplosionDamageSystem] About to explode Explosion_NonLethal from ExplosionTest<0x00000230623DBFD0> ExplosionTest:18919 at <5584.69, 208.23, 2720.76> EXPLOSION range 4 dropoff 1
23:24:10.951 [ExplosionDamageSystem] About to explode Explosion_NonLethal from ExplosionTest<0x00000230623DB640> ExplosionTest:18918 at <7387.35, 243.44, 1554.6> EXPLOSION range 4 dropoff 1
23:24:10.952 [ExplosionDamageSystem] About to explode Explosion_NonLethal from ExplosionTest<0x00000230623DA320> ExplosionTest:18917 at <6116.04, 218.38, 2288.27> EXPLOSION range 4 dropoff 1
23:24:10.955 [ExplosionDamageSystem] About to explode Explosion_NonLethal from ExplosionTest<0x00000230623E0C50> ExplosionTest:18916 at <6451.03, 208.44, 1494.85> EXPLOSION range 4 dropoff 1
23:24:10.955 [ExplosionDamageSystem] About to explode Explosion_NonLethal from ExplosionTest<0x00000230623E02C0> ExplosionTest:18915 at <6115.94, 213.92, 1815.34> EXPLOSION range 4 dropoff 1
23:24:10.955 [ExplosionDamageSystem] About to explode Explosion_NonLethal from ExplosionTest<0x00000230623D9000> ExplosionTest:18914 at <9976.28, 250.5, 1628.23> EXPLOSION range 4 dropoff 1
23:24:10.962 [ExplosionDamageSystem] About to explode Explosion_NonLethal from ExplosionTest<0x00000230623DF930> ExplosionTest:18913 at <6129.73, 233.23, 1793.82> EXPLOSION range 4 dropoff 1
23:24:10.963 [ExplosionDamageSystem] About to explode Explosion_NonLethal from ExplosionTest<0x00000230623D8670> ExplosionTest:18912 at <6186.89, 216.14, 2226.85> EXPLOSION range 4 dropoff 1
23:24:10.964 [ExplosionDamageSystem] About to explode Explosion_NonLethal from ExplosionTest<0x00000230623DC960> ExplosionTest:18911 at <6200.71, 217.85, 2201.72> EXPLOSION range 4 dropoff 1
23:24:10.964 [ExplosionDamageSystem] About to explode Explosion_NonLethal from ExplosionTest<0x00000230623DEFA0> ExplosionTest:18910 at <6151.42, 205.66, 958.48> EXPLOSION range 4 dropoff 1
23:24:10.970 [ExplosionDamageSystem] About to explode Explosion_NonLethal from ExplosionTest<0x00000230623D7CE0> ExplosionTest:18909 at <5578.67, 195.84, 1660.66> EXPLOSION range 4 dropoff 1
23:24:10.977 [ExplosionDamageSystem] About to explode Explosion_NonLethal from ExplosionTest<0x00000230623DE610> ExplosionTest:18908 at <6231.06, 217.99, 1739.2> EXPLOSION range 4 dropoff 1
23:24:10.981 [ExplosionDamageSystem] About to explode Explosion_NonLethal from ExplosionTest<0x00000230623DDC80> ExplosionTest:18907 at <5618.27, 208.86, 1844.57> EXPLOSION range 4 dropoff 1
23:24:10.985 [ExplosionDamageSystem] About to explode Explosion_NonLethal from ExplosionTest<0x00000230623DACB0> ExplosionTest:18906 at <6192.58, 214.22, 2311.5> EXPLOSION range 4 dropoff 1
23:29:10.502 [MissionAirdrop] An airdrop is heading towards "Motesice" (pos=<1018.799988, 0.000000, 13120.400391> type=Random_Motesice) with a ExpansionAirdropContainer_Military
