22:28:54.257 [ExplosionDamageSystem] About to explode Explosion_NonLethal from ExplosionTest<0x000001F15FD8ECE0> ExplosionTest:18998 at <5903.08, 204.17, 1735.16> EXPLOSION range 4 dropoff 1
22:28:54.324 [ExplosionDamageSystem] About to explode Explosion_NonLethal from ExplosionTest<0x000001F15FD95610> ExplosionTest:18997 at <6271.51, 223.62, 2257.16> EXPLOSION range 4 dropoff 1
22:28:54.336 [ExplosionDamageSystem] About to explode Explosion_NonLethal from ExplosionTest<0x000001F15FD8E350> ExplosionTest:18996 at <6446.41, 205.28, 1347.52> EXPLOSION range 4 dropoff 1
22:28:54.349 [ExplosionDamageSystem] About to explode Explosion_NonLethal from ExplosionTest<0x000001F15FD90000> ExplosionTest:18995 at <6138.53, 212.69, 2046.12> EXPLOSION range 4 dropoff 1
22:28:54.363 [ExplosionDamageSystem] About to explode Explosion_NonLethal from ExplosionTest<0x000001F15FD942F0> ExplosionTest:18994 at <6308.68, 226.35, 2265.95> EXPLOSION range 4 dropoff 1
22:28:54.364 [ExplosionDamageSystem] About to explode Explosion_NonLethal from ExplosionTest<0x000001F15FD92FD0> ExplosionTest:18993 at <6181.93, 218.96, 1987.52> EXPLOSION range 4 dropoff 1
22:28:54.384 [ExplosionDamageSystem] About to explode Explosion_NonLethal from ExplosionTest<0x000001F15FD94C80> ExplosionTest:18992 at <5874.11, 202.56, 1811.01> EXPLOSION range 4 dropoff 1
22:28:54.404 [ExplosionDamageSystem] About to explode Explosion_NonLethal from ExplosionTest<0x000001F15FD8F670> ExplosionTest:18991 at <9703.74, 250.87, 1620.29> EXPLOSION range 4 dropoff 1
22:28:54.412 [ExplosionDamageSystem] About to explode Explosion_NonLethal from ExplosionTest<0x000001F15FD93960> ExplosionTest:18990 at <5762.41, 199.98, 2496.87> EXPLOSION range 4 dropoff 1
22:28:54.422 [ExplosionDamageSystem] About to explode Explosion_NonLethal from ExplosionTest<0x000001F15FD90990> ExplosionTest:18989 at <5695.55, 222.38, 2919.35> EXPLOSION range 4 dropoff 1
22:28:54.425 [ExplosionDamageSystem] About to explode Explosion_NonLethal from ExplosionTest<0x000001F15FD87090> ExplosionTest:18988 at <6007.89, 212.98, 2386.53> EXPLOSION range 4 dropoff 1
22:28:54.432 [ExplosionDamageSystem] About to explode Explosion_NonLethal from ExplosionTest<0x000001F15FD8D9C0> ExplosionTest:18987 at <3732.01, 216.8, 698.15> EXPLOSION range 4 dropoff 1
22:28:54.437 [ExplosionDamageSystem] About to explode Explosion_NonLethal from ExplosionTest<0x000001F15FD86700> ExplosionTest:18986 at <6171.94, 221.33, 2064.24> EXPLOSION range 4 dropoff 1
22:28:54.439 [ExplosionDamageSystem] About to explode Explosion_NonLethal from ExplosionTest<0x000001F15FD8D030> ExplosionTest:18985 at <6391.41, 222.53, 1843.54> EXPLOSION range 4 dropoff 1
22:28:54.452 [ExplosionDamageSystem] About to explode Explosion_NonLethal from ExplosionTest<0x000001F15FD8A060> ExplosionTest:18984 at <6049.51, 206.06, 931.16> EXPLOSION range 4 dropoff 1
22:28:54.460 [ExplosionDamageSystem] About to explode Explosion_NonLethal from ExplosionTest<0x000001F15FD8A9F0> ExplosionTest:18983 at <6659.92, 206.03, 1667.1> EXPLOSION range 4 dropoff 1
22:28:54.463 [ExplosionDamageSystem] About to explode Explosion_NonLethal from ExplosionTest<0x000001F15FD8C6A0> ExplosionTest:18982 at <5479.87, 198.42, 2942.62> EXPLOSION range 4 dropoff 1
22:28:54.472 [ExplosionDamageSystem] About to explode Explosion_NonLethal from ExplosionTest<0x000001F15FD8BD10> ExplosionTest:18981 at <6304.08, 232.47, 1843.98> EXPLOSION range 4 dropoff 1
22:28:54.482 [ExplosionDamageSystem] About to explode Explosion_NonLethal from ExplosionTest<0x000001F15FD88D40> ExplosionTest:18980 at <5630.55, 234.35, 2511.34> EXPLOSION range 4 dropoff 1
22:28:54.487 [ExplosionDamageSystem] About to explode Explosion_NonLethal from ExplosionTest<0x000001F15FD896D0> ExplosionTest:18979 at <5383.59, 239.14, 2840.91> EXPLOSION range 4 dropoff 1
22:28:54.578 [ExplosionDamageSystem] About to explode Explosion_NonLethal from ExplosionTest<0x000001F15FD883B0> ExplosionTest:18978 at <6150.27, 206.04, 961.53> EXPLOSION range 4 dropoff 1
22:28:54.583 [ExplosionDamageSystem] About to explode Explosion_NonLethal from ExplosionTest<0x000001F15FD8B380> ExplosionTest:18977 at <5654.53, 212.32, 1632.64> EXPLOSION range 4 dropoff 1
22:28:54.591 [ExplosionDamageSystem] About to explode Explosion_NonLethal from ExplosionTest<0x000001F15FD87A20> ExplosionTest:18976 at <8767.92, 204.22, 3133.46> EXPLOSION range 4 dropoff 1
22:28:54.606 [ExplosionDamageSystem] About to explode Explosion_NonLethal from ExplosionTest<0x000001F15FD7F440> ExplosionTest:18975 at <5976.75, 238.13, 2240.77> EXPLOSION range 4 dropoff 1
22:28:54.620 [ExplosionDamageSystem] About to explode Explosion_NonLethal from ExplosionTest<0x000001F15FD85D70> ExplosionTest:18974 at <6320.62, 232.89, 1772.3> EXPLOSION range 4 dropoff 1
22:28:54.626 [ExplosionDamageSystem] About to explode Explosion_NonLethal from ExplosionTest<0x000001F15FD853E0> ExplosionTest:18973 at <6080.3, 228.95, 1824.22> EXPLOSION range 4 dropoff 1
22:28:54.641 [ExplosionDamageSystem] About to explode Explosion_NonLethal from ExplosionTest<0x000001F15FD84A50> ExplosionTest:18972 at <5756.84, 221.88, 2415.07> EXPLOSION range 4 dropoff 1
22:28:54.649 [ExplosionDamageSystem] About to explode Explosion_NonLethal from ExplosionTest<0x000001F15FD840C0> ExplosionTest:18971 at <7120.99, 253.05, 1473.63> EXPLOSION range 4 dropoff 1
22:28:54.655 [ExplosionDamageSystem] About to explode Explosion_NonLethal from ExplosionTest<0x000001F15FD82410> ExplosionTest:18970 at <5990.56, 215.26, 1461.31> EXPLOSION range 4 dropoff 1
22:28:54.704 [ExplosionDamageSystem] About to explode Explosion_NonLethal from ExplosionTest<0x000001F15FD7CE00> ExplosionTest:18969 at <13074.9, 322.54, 517.49> EXPLOSION range 4 dropoff 1
22:28:54.707 [ExplosionDamageSystem] About to explode Explosion_NonLethal from ExplosionTest<0x000001F15FD81A80> ExplosionTest:18968 at <6064.86, 229.12, 1842.86> EXPLOSION range 4 dropoff 1
22:28:54.708 [ExplosionDamageSystem] About to explode Explosion_NonLethal from ExplosionTest<0x000001F15FD83730> ExplosionTest:18967 at <5420.31, 197.04, 1642.16> EXPLOSION range 4 dropoff 1
22:28:54.717 [ExplosionDamageSystem] About to explode Explosion_NonLethal from ExplosionTest<0x000001F15FD7EAB0> ExplosionTest:18966 at <5709.07, 199.95, 1610.98> EXPLOSION range 4 dropoff 1
22:28:54.727 [ExplosionDamageSystem] About to explode Explosion_NonLethal from ExplosionTest<0x000001F15FD7C470> ExplosionTest:18965 at <6616.63, 207.6, 1325.82> EXPLOSION range 4 dropoff 1
22:28:54.730 [ExplosionDamageSystem] About to explode Explosion_NonLethal from ExplosionTest<0x000001F15FD80760> ExplosionTest:18964 at <13036.3, 309.44, 461.76> EXPLOSION range 4 dropoff 1
22:28:54.731 [ExplosionDamageSystem] About to explode Explosion_NonLethal from ExplosionTest<0x000001F15FD82DA0> ExplosionTest:18963 at <5750.54, 217.49, 2828.21> EXPLOSION range 4 dropoff 1
22:28:54.738 [ExplosionDamageSystem] About to explode Explosion_NonLethal from ExplosionTest<0x000001F15FD7E120> ExplosionTest:18962 at <6306.73, 207.7, 1429.95> EXPLOSION range 4 dropoff 1
22:28:54.746 [ExplosionDamageSystem] About to explode Explosion_NonLethal from ExplosionTest<0x000001F15FD810F0> ExplosionTest:18961 at <5415.28, 210.42, 1688.17> EXPLOSION range 4 dropoff 1
22:28:54.753 [ExplosionDamageSystem] About to explode Explosion_NonLethal from ExplosionTest<0x000001F15FD7D790> ExplosionTest:18960 at <5898.22, 235.36, 2544.69> EXPLOSION range 4 dropoff 1
22:28:54.773 [ExplosionDamageSystem] About to explode Explosion_NonLethal from ExplosionTest<0x000001F15FD7FDD0> ExplosionTest:18959 at <6247.13, 232.05, 2216.49> EXPLOSION range 4 dropoff 1
22:28:54.786 [ExplosionDamageSystem] About to explode Explosion_NonLethal from ExplosionTest<0x000001F15FD7BAE0> ExplosionTest:18958 at <13033.6, 318.12, 360.2> EXPLOSION range 4 dropoff 1
22:28:54.787 [ExplosionDamageSystem] About to explode Explosion_NonLethal from ExplosionTest<0x000001F15FD7B150> ExplosionTest:18957 at <6234.92, 215.49, 1009.16> EXPLOSION range 4 dropoff 1
22:28:54.793 [ExplosionDamageSystem] About to explode Explosion_NonLethal from ExplosionTest<0x000001F15FD75B40> ExplosionTest:18956 at <6048.42, 216.88, 2397.98> EXPLOSION range 4 dropoff 1
22:28:54.794 [ExplosionDamageSystem] About to explode Explosion_NonLethal from ExplosionTest<0x000001F15FD7A7C0> ExplosionTest:18955 at <5930.37, 219.49, 1632.04> EXPLOSION range 4 dropoff 1
22:28:54.798 [ExplosionDamageSystem] About to explode Explosion_NonLethal from ExplosionTest<0x000001F15FD777F0> ExplosionTest:18954 at <6374.53, 221.9, 1857.97> EXPLOSION range 4 dropoff 1
22:28:54.798 [ExplosionDamageSystem] About to explode Explosion_NonLethal from ExplosionTest<0x000001F15FD751B0> ExplosionTest:18953 at <6397.53, 220.52, 1629.14> EXPLOSION range 4 dropoff 1
22:28:54.820 [ExplosionDamageSystem] About to explode Explosion_NonLethal from ExplosionTest<0x000001F15FD794A0> ExplosionTest:18952 at <6294.85, 218.63, 2052.32> EXPLOSION range 4 dropoff 1
22:28:54.831 [ExplosionDamageSystem] About to explode Explosion_NonLethal from ExplosionTest<0x000001F15FD74820> ExplosionTest:18951 at <6147.67, 225.99, 1828.95> EXPLOSION range 4 dropoff 1
22:28:54.839 [ExplosionDamageSystem] About to explode Explosion_NonLethal from ExplosionTest<0x000001F15FD78180> ExplosionTest:18950 at <5991.83, 218.87, 1478.65> EXPLOSION range 4 dropoff 1
22:28:54.846 [ExplosionDamageSystem] About to explode Explosion_NonLethal from ExplosionTest<0x000001F15FD79E30> ExplosionTest:18949 at <5911.62, 207.44, 1095.78> EXPLOSION range 4 dropoff 1
22:28:54.850 [ExplosionDamageSystem] About to explode Explosion_NonLethal from ExplosionTest<0x000001F15FD78B10> ExplosionTest:18948 at <5467.87, 198.75, 2877.39> EXPLOSION range 4 dropoff 1
22:28:54.852 [ExplosionDamageSystem] About to explode Explosion_NonLethal from ExplosionTest<0x000001F15FD764D0> ExplosionTest:18947 at <5412.91, 205.23, 2527.87> EXPLOSION range 4 dropoff 1
22:28:54.938 [ExplosionDamageSystem] About to explode Explosion_NonLethal from ExplosionTest<0x000001F15FD76E60> ExplosionTest:18946 at <5689.14, 199.25, 1436.29> EXPLOSION range 4 dropoff 1
22:28:54.954 [ExplosionDamageSystem] About to explode Explosion_NonLethal from ExplosionTest<0x000001F15FD6D560> ExplosionTest:18945 at <6222.05, 218.32, 2307.13> EXPLOSION range 4 dropoff 1
22:28:54.960 [ExplosionDamageSystem] About to explode Explosion_NonLethal from ExplosionTest<0x000001F15FD73E90> ExplosionTest:18944 at <6141.21, 215.49, 1923.2> EXPLOSION range 4 dropoff 1
22:33:55.182 [MissionAirdrop] An airdrop is heading towards "Optimum" (pos=<13468.894531, 0.000000, 8018.133301> type=Random_Optimum) with a ExpansionAirdropContainer_Military
