21:00:17.034 [ExplosionDamageSystem] About to explode Explosion_NonLethal from ExplosionTest<0x000002AC44689CF0> ExplosionTest:26642 at <6907.78, 39.16, 1898.51> EXPLOSION range 4 dropoff 1
21:00:17.050 [ExplosionDamageSystem] About to explode Explosion_NonLethal from ExplosionTest<0x000002AC44689360> ExplosionTest:26641 at <6893.51, 38.86, 2088.29> EXPLOSION range 4 dropoff 1
21:00:17.055 [ExplosionDamageSystem] About to explode Explosion_NonLethal from ExplosionTest<0x000002AC446889D0> ExplosionTest:26640 at <6736.63, 39.22, 2019.07> EXPLOSION range 4 dropoff 1
21:00:17.059 [ExplosionDamageSystem] About to explode Explosion_NonLethal from ExplosionTest<0x000002AC44685070> ExplosionTest:26639 at <6781.91, 39.1, 2049.99> EXPLOSION range 4 dropoff 1
21:00:17.060 [ExplosionDamageSystem] About to explode Explosion_NonLethal from ExplosionTest<0x000002AC44688040> ExplosionTest:26638 at <6373.29, 32.03, 2050.42> EXPLOSION range 4 dropoff 1
21:00:17.062 [ExplosionDamageSystem] About to explode Explosion_NonLethal from ExplosionTest<0x000002AC44685A00> ExplosionTest:26637 at <8670.82, 17.39, 2419.97> EXPLOSION range 4 dropoff 1
21:00:17.065 [ExplosionDamageSystem] About to explode Explosion_NonLethal from ExplosionTest<0x000002AC44686390> ExplosionTest:26636 at <6716.73, 39.26, 1994.56> EXPLOSION range 4 dropoff 1
21:00:17.065 [ExplosionDamageSystem] About to explode Explosion_NonLethal from ExplosionTest<0x000002AC44686D20> ExplosionTest:26635 at <6977.91, 39.65, 1892.33> EXPLOSION range 4 dropoff 1
21:00:17.066 [ExplosionDamageSystem] About to explode Explosion_NonLethal from ExplosionTest<0x000002AC446876B0> ExplosionTest:26634 at <7210.27, 2.9, 1252.97> EXPLOSION range 4 dropoff 1
21:00:17.143 [ExplosionDamageSystem] About to explode Explosion_NonLethal from ExplosionTest<0x000002AC4467D420> ExplosionTest:26633 at <6822.07, 11.45, 1370.26> EXPLOSION range 4 dropoff 1
21:00:17.147 [ExplosionDamageSystem] About to explode Explosion_NonLethal from ExplosionTest<0x000002AC4467FA60> ExplosionTest:26632 at <6393.59, 32.02, 2112.06> EXPLOSION range 4 dropoff 1
21:00:17.148 [ExplosionDamageSystem] About to explode Explosion_NonLethal from ExplosionTest<0x000002AC44683D50> ExplosionTest:26631 at <7349.29, 5.22, 1424.23> EXPLOSION range 4 dropoff 1
21:00:17.149 [ExplosionDamageSystem] About to explode Explosion_NonLethal from ExplosionTest<0x000002AC44681710> ExplosionTest:26630 at <6871.6, 40.01, 1873.24> EXPLOSION range 4 dropoff 1
21:00:17.158 [ExplosionDamageSystem] About to explode Explosion_NonLethal from ExplosionTest<0x000002AC44680D80> ExplosionTest:26629 at <6944.63, 40.22, 1830.29> EXPLOSION range 4 dropoff 1
21:00:17.161 [ExplosionDamageSystem] About to explode Explosion_NonLethal from ExplosionTest<0x000002AC446833C0> ExplosionTest:26628 at <6733.08, 3.15, 1484.32> EXPLOSION range 4 dropoff 1
21:00:17.168 [ExplosionDamageSystem] About to explode Explosion_NonLethal from ExplosionTest<0x000002AC4467F0D0> ExplosionTest:26627 at <6931.28, 3.14, 1437.45> EXPLOSION range 4 dropoff 1
21:00:17.168 [ExplosionDamageSystem] About to explode Explosion_NonLethal from ExplosionTest<0x000002AC4467C100> ExplosionTest:26626 at <7352.09, 5.21, 1435.64> EXPLOSION range 4 dropoff 1
21:00:17.168 [ExplosionDamageSystem] About to explode Explosion_NonLethal from ExplosionTest<0x000002AC44682A30> ExplosionTest:26625 at <6913.52, 4, 1436.87> EXPLOSION range 4 dropoff 1
21:00:17.168 [ExplosionDamageSystem] About to explode Explosion_NonLethal from ExplosionTest<0x000002AC446803F0> ExplosionTest:26624 at <6942.85, 39.75, 1795.33> EXPLOSION range 4 dropoff 1
21:00:17.169 [ExplosionDamageSystem] About to explode Explosion_NonLethal from ExplosionTest<0x000002AC446820A0> ExplosionTest:26623 at <6785.42, 3.65, 1565.24> EXPLOSION range 4 dropoff 1
21:00:17.169 [ExplosionDamageSystem] About to explode Explosion_NonLethal from ExplosionTest<0x000002AC44679AC0> ExplosionTest:26622 at <6686.59, 3.14, 1416.64> EXPLOSION range 4 dropoff 1
21:00:17.169 [ExplosionDamageSystem] About to explode Explosion_NonLethal from ExplosionTest<0x000002AC44677E10> ExplosionTest:26621 at <6913.97, 3.06, 1434.38> EXPLOSION range 4 dropoff 1
21:00:17.170 [ExplosionDamageSystem] About to explode Explosion_NonLethal from ExplosionTest<0x000002AC4467B770> ExplosionTest:26620 at <8565.3, 26.46, 2368.84> EXPLOSION range 4 dropoff 1
21:00:17.171 [ExplosionDamageSystem] About to explode Explosion_NonLethal from ExplosionTest<0x000002AC4467ADE0> ExplosionTest:26619 at <7285.03, 37.57, 2333.64> EXPLOSION range 4 dropoff 1
21:00:17.174 [ExplosionDamageSystem] About to explode Explosion_NonLethal from ExplosionTest<0x000002AC4467E740> ExplosionTest:26618 at <6911.76, 2.85, 1451.89> EXPLOSION range 4 dropoff 1
21:00:17.175 [ExplosionDamageSystem] About to explode Explosion_NonLethal from ExplosionTest<0x000002AC44679130> ExplosionTest:26617 at <6920.44, 38.91, 1794.44> EXPLOSION range 4 dropoff 1
21:00:17.175 [ExplosionDamageSystem] About to explode Explosion_NonLethal from ExplosionTest<0x000002AC4467CA90> ExplosionTest:26616 at <8220.53, 3.59, 1906.55> EXPLOSION range 4 dropoff 1
21:00:17.175 [ExplosionDamageSystem] About to explode Explosion_NonLethal from ExplosionTest<0x000002AC44677480> ExplosionTest:26615 at <6482.58, 2.89, 1366.62> EXPLOSION range 4 dropoff 1
21:00:17.176 [ExplosionDamageSystem] About to explode Explosion_NonLethal from ExplosionTest<0x000002AC446787A0> ExplosionTest:26614 at <6937.78, 43.18, 1895.36> EXPLOSION range 4 dropoff 1
21:00:17.176 [ExplosionDamageSystem] About to explode Explosion_NonLethal from ExplosionTest<0x000002AC4467A450> ExplosionTest:26613 at <7351.77, 4.16, 1423.79> EXPLOSION range 4 dropoff 1
21:00:17.176 [ExplosionDamageSystem] About to explode Explosion_NonLethal from ExplosionTest<0x000002AC4467DDB0> ExplosionTest:26612 at <6484.28, 2.84, 1364.85> EXPLOSION range 4 dropoff 1
21:00:17.177 [ExplosionDamageSystem] About to explode Explosion_NonLethal from ExplosionTest<0x000002AC44671E70> ExplosionTest:26611 at <6904.75, 39.28, 2035.63> EXPLOSION range 4 dropoff 1
21:00:17.180 [ExplosionDamageSystem] About to explode Explosion_NonLethal from ExplosionTest<0x000002AC44676AF0> ExplosionTest:26610 at <6921.44, 41.43, 1948.41> EXPLOSION range 4 dropoff 1
21:00:17.182 [ExplosionDamageSystem] About to explode Explosion_NonLethal from ExplosionTest<0x000002AC446757D0> ExplosionTest:26609 at <6847.12, 11.75, 1540.97> EXPLOSION range 4 dropoff 1
21:00:17.188 [ExplosionDamageSystem] About to explode Explosion_NonLethal from ExplosionTest<0x000002AC44676160> ExplosionTest:26608 at <7118.34, 4.34, 1322.54> EXPLOSION range 4 dropoff 1
21:00:17.190 [ExplosionDamageSystem] About to explode Explosion_NonLethal from ExplosionTest<0x000002AC44674E40> ExplosionTest:26607 at <6877.06, 39.27, 1891.67> EXPLOSION range 4 dropoff 1
21:00:17.190 [ExplosionDamageSystem] About to explode Explosion_NonLethal from ExplosionTest<0x000002AC446714E0> ExplosionTest:26606 at <6800.37, 41.28, 1947.64> EXPLOSION range 4 dropoff 1
21:00:17.196 [ExplosionDamageSystem] About to explode Explosion_NonLethal from ExplosionTest<0x000002AC4466E510> ExplosionTest:26605 at <6933.98, 38.95, 1794.1> EXPLOSION range 4 dropoff 1
21:00:17.196 [ExplosionDamageSystem] About to explode Explosion_NonLethal from ExplosionTest<0x000002AC446744B0> ExplosionTest:26604 at <7613.47, 37.18, 2587.9> EXPLOSION range 4 dropoff 1
21:00:17.199 [ExplosionDamageSystem] About to explode Explosion_NonLethal from ExplosionTest<0x000002AC44673B20> ExplosionTest:26603 at <6170.94, 17.39, 1158.35> EXPLOSION range 4 dropoff 1
21:00:17.206 [ExplosionDamageSystem] About to explode Explosion_NonLethal from ExplosionTest<0x000002AC4466C860> ExplosionTest:26602 at <6841.9, 40.07, 1899.53> EXPLOSION range 4 dropoff 1
21:00:17.207 [ExplosionDamageSystem] About to explode Explosion_NonLethal from ExplosionTest<0x000002AC44670B50> ExplosionTest:26601 at <6728.3, 3.24, 1484.58> EXPLOSION range 4 dropoff 1
21:00:17.208 [ExplosionDamageSystem] About to explode Explosion_NonLethal from ExplosionTest<0x000002AC4466F830> ExplosionTest:26600 at <6803.34, 40.93, 1943.39> EXPLOSION range 4 dropoff 1
21:00:17.208 [ExplosionDamageSystem] About to explode Explosion_NonLethal from ExplosionTest<0x000002AC446701C0> ExplosionTest:26599 at <6907.55, 39.16, 1875.48> EXPLOSION range 4 dropoff 1
21:00:17.208 [ExplosionDamageSystem] About to explode Explosion_NonLethal from ExplosionTest<0x000002AC44673190> ExplosionTest:26598 at <6893.79, 3.59, 1515.02> EXPLOSION range 4 dropoff 1
21:00:17.210 [ExplosionDamageSystem] About to explode Explosion_NonLethal from ExplosionTest<0x000002AC4466DB80> ExplosionTest:26597 at <6745.59, 71.36, 1855.76> EXPLOSION range 4 dropoff 1
21:00:17.211 [ExplosionDamageSystem] About to explode Explosion_NonLethal from ExplosionTest<0x000002AC4466D1F0> ExplosionTest:26596 at <6878.24, 40.17, 1876.99> EXPLOSION range 4 dropoff 1
21:00:17.212 [ExplosionDamageSystem] About to explode Explosion_NonLethal from ExplosionTest<0x000002AC4466EEA0> ExplosionTest:26595 at <6628.45, 11.14, 1443.13> EXPLOSION range 4 dropoff 1
21:00:17.212 [ExplosionDamageSystem] About to explode Explosion_NonLethal from ExplosionTest<0x000002AC44672800> ExplosionTest:26594 at <6763.76, 3.07, 1560.25> EXPLOSION range 4 dropoff 1
21:00:17.213 [ExplosionDamageSystem] About to explode Explosion_NonLethal from ExplosionTest<0x000002AC446655A0> ExplosionTest:26593 at <6839.82, 39.22, 2031.18> EXPLOSION range 4 dropoff 1
21:00:17.218 [ExplosionDamageSystem] About to explode Explosion_NonLethal from ExplosionTest<0x000002AC4466BED0> ExplosionTest:26592 at <6953.11, 39.16, 1997.88> EXPLOSION range 4 dropoff 1
21:00:17.222 [ExplosionDamageSystem] About to explode Explosion_NonLethal from ExplosionTest<0x000002AC4466B540> ExplosionTest:26591 at <6615.89, 3.06, 1395.52> EXPLOSION range 4 dropoff 1
21:00:17.222 [ExplosionDamageSystem] About to explode Explosion_NonLethal from ExplosionTest<0x000002AC4466ABB0> ExplosionTest:26590 at <6847.04, 3.64, 1507.02> EXPLOSION range 4 dropoff 1
21:00:17.224 [ExplosionDamageSystem] About to explode Explosion_NonLethal from ExplosionTest<0x000002AC4466A220> ExplosionTest:26589 at <6359.22, 2.09, 1124.49> EXPLOSION range 4 dropoff 1
21:00:17.225 [ExplosionDamageSystem] About to explode Explosion_NonLethal from ExplosionTest<0x000002AC44668F00> ExplosionTest:26588 at <6699.86, 38.88, 1904.53> EXPLOSION range 4 dropoff 1
21:05:21.000 [MissionAirdrop] An airdrop is heading towards "Ksinna" (pos=<12568.053711, 0.000000, 11070.549805> type=Random_Ksinna) with a ExpansionAirdropContainer_Military
