23:48:51.940 [ExplosionDamageSystem] About to explode Explosion_NonLethal from ExplosionTest<0x0000022CE62F6690> ExplosionTest:18904 at <6217.66, 206.12, 1020.98> EXPLOSION range 4 dropoff 1
23:48:51.950 [ExplosionDamageSystem] About to explode Explosion_NonLethal from ExplosionTest<0x0000022CE62F06F0> ExplosionTest:18903 at <6418.27, 248.58, 1347.38> EXPLOSION range 4 dropoff 1
23:48:51.959 [ExplosionDamageSystem] About to explode Explosion_NonLethal from ExplosionTest<0x0000022CE62F5D00> ExplosionTest:18902 at <5741.75, 220.89, 2833.07> EXPLOSION range 4 dropoff 1
23:48:51.966 [ExplosionDamageSystem] About to explode Explosion_NonLethal from ExplosionTest<0x0000022CE62F5370> ExplosionTest:18901 at <6363.58, 224.71, 1643.49> EXPLOSION range 4 dropoff 1
23:48:51.982 [ExplosionDamageSystem] About to explode Explosion_NonLethal from ExplosionTest<0x0000022CE62EE0B0> ExplosionTest:18900 at <7385.99, 230.83, 1558.26> EXPLOSION range 4 dropoff 1
23:48:51.987 [ExplosionDamageSystem] About to explode Explosion_NonLethal from ExplosionTest<0x0000022CE62F49E0> ExplosionTest:18899 at <5759.19, 230.93, 2399.86> EXPLOSION range 4 dropoff 1
23:48:51.997 [ExplosionDamageSystem] About to explode Explosion_NonLethal from ExplosionTest<0x0000022CE62EFD60> ExplosionTest:18898 at <5735.68, 199.84, 2533.28> EXPLOSION range 4 dropoff 1
23:48:52.010 [ExplosionDamageSystem] About to explode Explosion_NonLethal from ExplosionTest<0x0000022CE62F2D30> ExplosionTest:18897 at <6150.96, 215.79, 1823.12> EXPLOSION range 4 dropoff 1
23:48:52.016 [ExplosionDamageSystem] About to explode Explosion_NonLethal from ExplosionTest<0x0000022CE62ED720> ExplosionTest:18896 at <5763.8, 200.27, 1623.42> EXPLOSION range 4 dropoff 1
23:48:52.031 [ExplosionDamageSystem] About to explode Explosion_NonLethal from ExplosionTest<0x0000022CE62EEA40> ExplosionTest:18895 at <5973.78, 215.14, 1617.11> EXPLOSION range 4 dropoff 1
23:48:52.067 [ExplosionDamageSystem] About to explode Explosion_NonLethal from ExplosionTest<0x0000022CE62F4050> ExplosionTest:18894 at <6049.06, 228.45, 1858.87> EXPLOSION range 4 dropoff 1
23:48:52.073 [ExplosionDamageSystem] About to explode Explosion_NonLethal from ExplosionTest<0x0000022CE62F36C0> ExplosionTest:18893 at <6209.93, 224.67, 2300.56> EXPLOSION range 4 dropoff 1
23:48:52.087 [ExplosionDamageSystem] About to explode Explosion_NonLethal from ExplosionTest<0x0000022CE62F23A0> ExplosionTest:18892 at <6261.24, 220.22, 2262.4> EXPLOSION range 4 dropoff 1
23:48:52.095 [ExplosionDamageSystem] About to explode Explosion_NonLethal from ExplosionTest<0x0000022CE62F1A10> ExplosionTest:18891 at <5688.1, 197.4, 1907.18> EXPLOSION range 4 dropoff 1
23:48:52.110 [ExplosionDamageSystem] About to explode Explosion_NonLethal from ExplosionTest<0x0000022CE62EF3D0> ExplosionTest:18890 at <5429.18, 212.07, 2782.76> EXPLOSION range 4 dropoff 1
23:48:52.126 [ExplosionDamageSystem] About to explode Explosion_NonLethal from ExplosionTest<0x0000022CDD2BEAE0> ExplosionTest:18889 at <4217.76, 231.32, 2574.01> EXPLOSION range 4 dropoff 1
23:48:52.135 [ExplosionDamageSystem] About to explode Explosion_NonLethal from ExplosionTest<0x0000022CDD2BE150> ExplosionTest:18888 at <5711.38, 199.92, 2584.9> EXPLOSION range 4 dropoff 1
23:48:52.142 [ExplosionDamageSystem] About to explode Explosion_NonLethal from ExplosionTest<0x0000022CDD2BD7C0> ExplosionTest:18887 at <5916.34, 204.99, 1718.34> EXPLOSION range 4 dropoff 1
23:48:52.165 [ExplosionDamageSystem] About to explode Explosion_NonLethal from ExplosionTest<0x0000022CDD2BCE30> ExplosionTest:18886 at <5750.73, 199.37, 1595.4> EXPLOSION range 4 dropoff 1
23:48:52.165 [ExplosionDamageSystem] About to explode Explosion_NonLethal from ExplosionTest<0x0000022CDD2BC4A0> ExplosionTest:18885 at <2288.18, 214.12, 1893.94> EXPLOSION range 4 dropoff 1
23:48:52.171 [ExplosionDamageSystem] About to explode Explosion_NonLethal from ExplosionTest<0x0000022CDD2B5B70> ExplosionTest:18884 at <5770.67, 213.3, 2501.31> EXPLOSION range 4 dropoff 1
23:48:52.171 [ExplosionDamageSystem] About to explode Explosion_NonLethal from ExplosionTest<0x0000022CDD2B81B0> ExplosionTest:18883 at <5912.87, 217.71, 1104.33> EXPLOSION range 4 dropoff 1
23:48:52.175 [ExplosionDamageSystem] About to explode Explosion_NonLethal from ExplosionTest<0x0000022CDD2B51E0> ExplosionTest:18882 at <5458.67, 204.87, 2893.4> EXPLOSION range 4 dropoff 1
23:48:52.186 [ExplosionDamageSystem] About to explode Explosion_NonLethal from ExplosionTest<0x0000022CDD2B7820> ExplosionTest:18881 at <6137.45, 213.26, 1867.94> EXPLOSION range 4 dropoff 1
23:48:52.210 [ExplosionDamageSystem] About to explode Explosion_NonLethal from ExplosionTest<0x0000022CDD2B9E60> ExplosionTest:18880 at <5683.48, 204.44, 2822.85> EXPLOSION range 4 dropoff 1
23:48:52.218 [ExplosionDamageSystem] About to explode Explosion_NonLethal from ExplosionTest<0x0000022CDD2B94D0> ExplosionTest:18879 at <6047.07, 218.26, 1746.31> EXPLOSION range 4 dropoff 1
23:48:52.234 [ExplosionDamageSystem] About to explode Explosion_NonLethal from ExplosionTest<0x0000022CDD2B2BA0> ExplosionTest:18878 at <5874.38, 205.12, 1683.11> EXPLOSION range 4 dropoff 1
23:48:52.247 [ExplosionDamageSystem] About to explode Explosion_NonLethal from ExplosionTest<0x0000022CDD2B8B40> ExplosionTest:18877 at <5131.92, 192.31, 730.52> EXPLOSION range 4 dropoff 1
23:48:52.256 [ExplosionDamageSystem] About to explode Explosion_NonLethal from ExplosionTest<0x0000022CDD2AB8E0> ExplosionTest:18876 at <9850.05, 250.48, 1521.66> EXPLOSION range 4 dropoff 1
23:48:52.264 [ExplosionDamageSystem] About to explode Explosion_NonLethal from ExplosionTest<0x0000022CDD2B2210> ExplosionTest:18875 at <6138.66, 213.57, 2390.85> EXPLOSION range 4 dropoff 1
23:48:52.267 [ExplosionDamageSystem] About to explode Explosion_NonLethal from ExplosionTest<0x0000022CDD2AAF50> ExplosionTest:18874 at <6514.77, 210.65, 1591.57> EXPLOSION range 4 dropoff 1
23:48:52.271 [ExplosionDamageSystem] About to explode Explosion_NonLethal from ExplosionTest<0x0000022CDD2AC270> ExplosionTest:18873 at <5534.38, 211.07, 2656.67> EXPLOSION range 4 dropoff 1
23:48:52.286 [ExplosionDamageSystem] About to explode Explosion_NonLethal from ExplosionTest<0x0000022CDD2B1880> ExplosionTest:18872 at <6234.31, 216.11, 2362.39> EXPLOSION range 4 dropoff 1
23:48:52.290 [ExplosionDamageSystem] About to explode Explosion_NonLethal from ExplosionTest<0x0000022CDD2AA5C0> ExplosionTest:18871 at <5591.18, 208.77, 1828.61> EXPLOSION range 4 dropoff 1
23:48:52.297 [ExplosionDamageSystem] About to explode Explosion_NonLethal from ExplosionTest<0x0000022CDD2B0EF0> ExplosionTest:18870 at <9968.57, 251.8, 1614.67> EXPLOSION range 4 dropoff 1
23:48:52.300 [ExplosionDamageSystem] About to explode Explosion_NonLethal from ExplosionTest<0x0000022CDD2A9C30> ExplosionTest:18869 at <6205.27, 226.32, 1652.17> EXPLOSION range 4 dropoff 1
23:48:52.311 [ExplosionDamageSystem] About to explode Explosion_NonLethal from ExplosionTest<0x0000022CDD2B0560> ExplosionTest:18868 at <6333.87, 229.53, 1872> EXPLOSION range 4 dropoff 1
23:48:52.325 [ExplosionDamageSystem] About to explode Explosion_NonLethal from ExplosionTest<0x0000022CDD2A92A0> ExplosionTest:18867 at <5939.12, 213.38, 2333> EXPLOSION range 4 dropoff 1
23:48:52.335 [ExplosionDamageSystem] About to explode Explosion_NonLethal from ExplosionTest<0x0000022CDD2AFBD0> ExplosionTest:18866 at <5696.45, 215.58, 2812.95> EXPLOSION range 4 dropoff 1
23:48:52.336 [ExplosionDamageSystem] About to explode Explosion_NonLethal from ExplosionTest<0x0000022CDD2A8910> ExplosionTest:18865 at <5669.09, 215.58, 2848.88> EXPLOSION range 4 dropoff 1
23:48:52.336 [ExplosionDamageSystem] About to explode Explosion_NonLethal from ExplosionTest<0x0000022CDD2AF240> ExplosionTest:18864 at <5550.5, 214.47, 2653.78> EXPLOSION range 4 dropoff 1
23:48:52.336 [ExplosionDamageSystem] About to explode Explosion_NonLethal from ExplosionTest<0x0000022CDD2A7F80> ExplosionTest:18863 at <6289.74, 220.59, 1421.81> EXPLOSION range 4 dropoff 1
23:48:52.344 [ExplosionDamageSystem] About to explode Explosion_NonLethal from ExplosionTest<0x0000022CDD2ADF20> ExplosionTest:18862 at <5632.53, 216.04, 1830.53> EXPLOSION range 4 dropoff 1
23:48:52.346 [ExplosionDamageSystem] About to explode Explosion_NonLethal from ExplosionTest<0x0000022CDD2ACC00> ExplosionTest:18861 at <6251.36, 218.14, 1782.82> EXPLOSION range 4 dropoff 1
23:48:52.356 [ExplosionDamageSystem] About to explode Explosion_NonLethal from ExplosionTest<0x0000022CDD2AD590> ExplosionTest:18860 at <9805.4, 269.56, 1497.3> EXPLOSION range 4 dropoff 1
23:48:52.356 [ExplosionDamageSystem] About to explode Explosion_NonLethal from ExplosionTest<0x0000022CDD2AE8B0> ExplosionTest:18859 at <5945.18, 214.62, 1534.89> EXPLOSION range 4 dropoff 1
23:48:52.357 [ExplosionDamageSystem] About to explode Explosion_NonLethal from ExplosionTest<0x0000022CDD2A1FE0> ExplosionTest:18858 at <6281.24, 228.25, 2152.51> EXPLOSION range 4 dropoff 1
23:48:52.367 [ExplosionDamageSystem] About to explode Explosion_NonLethal from ExplosionTest<0x0000022CDD2A0CC0> ExplosionTest:18857 at <6165.96, 230.07, 2382.16> EXPLOSION range 4 dropoff 1
23:48:52.368 [ExplosionDamageSystem] About to explode Explosion_NonLethal from ExplosionTest<0x0000022CDD2A3C90> ExplosionTest:18856 at <6217.45, 228.97, 2236.01> EXPLOSION range 4 dropoff 1
23:48:52.370 [ExplosionDamageSystem] About to explode Explosion_NonLethal from ExplosionTest<0x0000022CDD2A75F0> ExplosionTest:18855 at <5563.43, 214.63, 2877.38> EXPLOSION range 4 dropoff 1
23:48:52.370 [ExplosionDamageSystem] About to explode Explosion_NonLethal from ExplosionTest<0x0000022CDD2A4620> ExplosionTest:18854 at <8608.68, 219.63, 2859.86> EXPLOSION range 4 dropoff 1
23:48:52.373 [ExplosionDamageSystem] About to explode Explosion_NonLethal from ExplosionTest<0x0000022CDD2A0330> ExplosionTest:18853 at <6390.09, 229.79, 2164.05> EXPLOSION range 4 dropoff 1
23:48:52.382 [ExplosionDamageSystem] About to explode Explosion_NonLethal from ExplosionTest<0x0000022CDD2A3300> ExplosionTest:18852 at <5848.66, 197.59, 2317.92> EXPLOSION range 4 dropoff 1
23:48:52.390 [ExplosionDamageSystem] About to explode Explosion_NonLethal from ExplosionTest<0x0000022CDD2A2970> ExplosionTest:18851 at <3951.98, 206.16, 1166.68> EXPLOSION range 4 dropoff 1
23:48:52.392 [ExplosionDamageSystem] About to explode Explosion_NonLethal from ExplosionTest<0x0000022CDD2A4FB0> ExplosionTest:18850 at <3957.07, 214.74, 1081.84> EXPLOSION range 4 dropoff 1
23:49:51.107 [Safezone] Player "Hessher" (id=MilAR913ecKsrHUOy0uV_fIY7CR0FzNOXUGd_pWZtgI= pos=<7408.53, 235.03, 5009.9>) entered the safezone
23:53:27.918 [Market] Player "Hessher" (id=MilAR913ecKsrHUOy0uV_fIY7CR0FzNOXUGd_pWZtgI=) has sold kod_ksvk x1 (0x0000022CFC4CA3C0) at the trader "Weapons (Mark [#STR_EXPANSION_MARKET_TRADER_WEAPONS])" in market zone "Алтарь Торговец" (pos=<3823.472656, 381.982819, 9115.619141>) and got 9000.
23:53:51.241 [MissionAirdrop] An airdrop is heading towards "Latkovce" (pos=<12917.967773, 0.000000, 743.150452> type=Random_Latkovce) with a ExpansionAirdropContainer_Basebuilding
23:54:13.255 [Market] Player "Hessher" (id=MilAR913ecKsrHUOy0uV_fIY7CR0FzNOXUGd_pWZtgI=) has sold kod_ksvk x1 (0x0000022CFC4C5260) at the trader "Weapons (Mark [#STR_EXPANSION_MARKET_TRADER_WEAPONS])" in market zone "Алтарь Торговец" (pos=<3823.472656, 381.982819, 9115.619141>) and got 9000.
23:54:57.090 [Market] Player "Hessher" (id=MilAR913ecKsrHUOy0uV_fIY7CR0FzNOXUGd_pWZtgI=) has bought kod_rsass_black x1 (0x0000022D13CDEE30) from the trader "Weapons (Mark [#STR_EXPANSION_MARKET_TRADER_WEAPONS])" in market zone "Алтарь Торговец" (pos=<3823.472656, 381.982819, 9115.619141>) for a price of 9506.
23:55:34.286 [Safezone] Player "Hessher" (id=MilAR913ecKsrHUOy0uV_fIY7CR0FzNOXUGd_pWZtgI= pos=<7483.12, 262.26, 5626.43>) left the safezone
23:55:54.461 [Killfeed] Hessher умер разбился с высоты.
23:58:17.734 [Safezone] Player "Hessher" (id=MilAR913ecKsrHUOy0uV_fIY7CR0FzNOXUGd_pWZtgI= pos=<7420.58, 234.96, 5009.86>) entered the safezone
