23:49:41.586 [ExplosionDamageSystem] About to explode Explosion_NonLethal from ExplosionTest<0x000001EEE43CE300> ExplosionTest:18995 at <6078.93, 208.58, 1364.44> EXPLOSION range 4 dropoff 1
23:49:41.601 [ExplosionDamageSystem] About to explode Explosion_NonLethal from ExplosionTest<0x000001EEE43CD970> ExplosionTest:18994 at <5943.14, 214.88, 2496.61> EXPLOSION range 4 dropoff 1
23:49:41.616 [ExplosionDamageSystem] About to explode Explosion_NonLethal from ExplosionTest<0x000001EEE43CCFE0> ExplosionTest:18993 at <6820.36, 210.6, 1497.96> EXPLOSION range 4 dropoff 1
23:49:41.620 [ExplosionDamageSystem] About to explode Explosion_NonLethal from ExplosionTest<0x000001EEE43CC650> ExplosionTest:18992 at <5650.01, 218.03, 2866.77> EXPLOSION range 4 dropoff 1
23:49:41.632 [ExplosionDamageSystem] About to explode Explosion_NonLethal from ExplosionTest<0x000001EEE43CBCC0> ExplosionTest:18991 at <5422.8, 212.65, 2578.14> EXPLOSION range 4 dropoff 1
23:49:41.635 [ExplosionDamageSystem] About to explode Explosion_NonLethal from ExplosionTest<0x000001EEE43C23C0> ExplosionTest:18990 at <5987.06, 207.39, 1413.9> EXPLOSION range 4 dropoff 1
23:49:41.654 [ExplosionDamageSystem] About to explode Explosion_NonLethal from ExplosionTest<0x000001EEE43C8CF0> ExplosionTest:18989 at <5874.27, 201.7, 1808.47> EXPLOSION range 4 dropoff 1
23:49:41.683 [ExplosionDamageSystem] About to explode Explosion_NonLethal from ExplosionTest<0x000001EEE43C5D20> ExplosionTest:18988 at <5679.36, 215.13, 2764.12> EXPLOSION range 4 dropoff 1
23:49:41.691 [ExplosionDamageSystem] About to explode Explosion_NonLethal from ExplosionTest<0x000001EEE43C4070> ExplosionTest:18987 at <5656.04, 195.17, 854.31> EXPLOSION range 4 dropoff 1
23:49:41.713 [ExplosionDamageSystem] About to explode Explosion_NonLethal from ExplosionTest<0x000001EEE43C36E0> ExplosionTest:18986 at <6287.14, 224.03, 1420.86> EXPLOSION range 4 dropoff 1
23:49:41.719 [ExplosionDamageSystem] About to explode Explosion_NonLethal from ExplosionTest<0x000001EEE43C5390> ExplosionTest:18985 at <5553.98, 197.32, 2518.72> EXPLOSION range 4 dropoff 1
23:49:41.734 [ExplosionDamageSystem] About to explode Explosion_NonLethal from ExplosionTest<0x000001EEE43C4A00> ExplosionTest:18984 at <6193.03, 233.79, 1666.6> EXPLOSION range 4 dropoff 1
23:49:41.745 [ExplosionDamageSystem] About to explode Explosion_NonLethal from ExplosionTest<0x000001EEE43C2D50> ExplosionTest:18983 at <5526.16, 218.26, 2693.16> EXPLOSION range 4 dropoff 1
23:49:41.759 [ExplosionDamageSystem] About to explode Explosion_NonLethal from ExplosionTest<0x000001EEE43C79D0> ExplosionTest:18982 at <7387.06, 230.83, 1559.06> EXPLOSION range 4 dropoff 1
23:49:41.763 [ExplosionDamageSystem] About to explode Explosion_NonLethal from ExplosionTest<0x000001EEE43C7040> ExplosionTest:18981 at <6098.66, 219.3, 1583.9> EXPLOSION range 4 dropoff 1
23:49:41.835 [ExplosionDamageSystem] About to explode Explosion_NonLethal from ExplosionTest<0x000001EEE43C8360> ExplosionTest:18980 at <4745.88, 191.07, 535.65> EXPLOSION range 4 dropoff 1
23:49:41.840 [ExplosionDamageSystem] About to explode Explosion_NonLethal from ExplosionTest<0x000001EEE43C66B0> ExplosionTest:18979 at <6121.71, 213.57, 2380.45> EXPLOSION range 4 dropoff 1
23:49:41.848 [ExplosionDamageSystem] About to explode Explosion_NonLethal from ExplosionTest<0x000001EEE43BB100> ExplosionTest:18978 at <5510.38, 196.79, 2952.44> EXPLOSION range 4 dropoff 1
23:49:41.855 [ExplosionDamageSystem] About to explode Explosion_NonLethal from ExplosionTest<0x000001EEE43C1A30> ExplosionTest:18977 at <6396.07, 220.52, 1641.68> EXPLOSION range 4 dropoff 1
23:49:41.864 [ExplosionDamageSystem] About to explode Explosion_NonLethal from ExplosionTest<0x000001EEE43C10A0> ExplosionTest:18976 at <6072.84, 209.57, 1370> EXPLOSION range 4 dropoff 1
23:49:41.864 [ExplosionDamageSystem] About to explode Explosion_NonLethal from ExplosionTest<0x000001EEE43BFD80> ExplosionTest:18975 at <5702.25, 209.19, 2601.7> EXPLOSION range 4 dropoff 1
23:49:41.871 [ExplosionDamageSystem] About to explode Explosion_NonLethal from ExplosionTest<0x000001EEE43BF3F0> ExplosionTest:18974 at <5782.23, 205.55, 1431> EXPLOSION range 4 dropoff 1
23:49:41.889 [ExplosionDamageSystem] About to explode Explosion_NonLethal from ExplosionTest<0x000001EEE43BBA90> ExplosionTest:18973 at <5419.4, 196.11, 1663.34> EXPLOSION range 4 dropoff 1
23:49:41.893 [ExplosionDamageSystem] About to explode Explosion_NonLethal from ExplosionTest<0x000001EEE43C0710> ExplosionTest:18972 at <5762.26, 205.47, 1440.96> EXPLOSION range 4 dropoff 1
23:49:41.894 [ExplosionDamageSystem] About to explode Explosion_NonLethal from ExplosionTest<0x000001EEE43B9450> ExplosionTest:18971 at <7322.24, 224.69, 1523.39> EXPLOSION range 4 dropoff 1
23:49:41.896 [ExplosionDamageSystem] About to explode Explosion_NonLethal from ExplosionTest<0x000001EEE43BEA60> ExplosionTest:18970 at <3931.53, 207.3, 1148.1> EXPLOSION range 4 dropoff 1
23:49:41.900 [ExplosionDamageSystem] About to explode Explosion_NonLethal from ExplosionTest<0x000001EEE43B77A0> ExplosionTest:18969 at <6173.63, 216.39, 2158.83> EXPLOSION range 4 dropoff 1
23:49:41.909 [ExplosionDamageSystem] About to explode Explosion_NonLethal from ExplosionTest<0x000001EEE43B8130> ExplosionTest:18968 at <5845.98, 198.82, 2330.19> EXPLOSION range 4 dropoff 1
23:49:41.920 [ExplosionDamageSystem] About to explode Explosion_NonLethal from ExplosionTest<0x000001EEE43BE0D0> ExplosionTest:18967 at <5682.75, 199.74, 1686.35> EXPLOSION range 4 dropoff 1
23:49:41.931 [ExplosionDamageSystem] About to explode Explosion_NonLethal from ExplosionTest<0x000001EEE43B6E10> ExplosionTest:18966 at <5978.61, 213.11, 2318.6> EXPLOSION range 4 dropoff 1
23:49:41.942 [ExplosionDamageSystem] About to explode Explosion_NonLethal from ExplosionTest<0x000001EEE43BA770> ExplosionTest:18965 at <6394.99, 221.82, 1262.84> EXPLOSION range 4 dropoff 1
23:49:41.945 [ExplosionDamageSystem] About to explode Explosion_NonLethal from ExplosionTest<0x000001EEE43BD740> ExplosionTest:18964 at <6301.74, 226.51, 1994.19> EXPLOSION range 4 dropoff 1
23:49:41.950 [ExplosionDamageSystem] About to explode Explosion_NonLethal from ExplosionTest<0x000001EEE43BC420> ExplosionTest:18963 at <6187.66, 215.73, 1846.87> EXPLOSION range 4 dropoff 1
23:49:41.958 [ExplosionDamageSystem] About to explode Explosion_NonLethal from ExplosionTest<0x000001EEE43BCDB0> ExplosionTest:18962 at <6608.27, 216.98, 1334.71> EXPLOSION range 4 dropoff 1
23:49:41.961 [ExplosionDamageSystem] About to explode Explosion_NonLethal from ExplosionTest<0x000001EEE43B8AC0> ExplosionTest:18961 at <5965.89, 213.89, 1518.75> EXPLOSION range 4 dropoff 1
23:49:41.963 [ExplosionDamageSystem] About to explode Explosion_NonLethal from ExplosionTest<0x000001EEE43B6480> ExplosionTest:18960 at <6169.92, 217.3, 1638.69> EXPLOSION range 4 dropoff 1
23:49:41.968 [ExplosionDamageSystem] About to explode Explosion_NonLethal from ExplosionTest<0x000001EEE43B9DE0> ExplosionTest:18959 at <6106.62, 206.47, 900.99> EXPLOSION range 4 dropoff 1
23:49:41.984 [ExplosionDamageSystem] About to explode Explosion_NonLethal from ExplosionTest<0x000001EEE43AF1C0> ExplosionTest:18958 at <13033.9, 308.51, 443.29> EXPLOSION range 4 dropoff 1
23:49:41.984 [ExplosionDamageSystem] About to explode Explosion_NonLethal from ExplosionTest<0x000001EEE43B5AF0> ExplosionTest:18957 at <5892.81, 215.93, 2466.03> EXPLOSION range 4 dropoff 1
23:49:41.995 [ExplosionDamageSystem] About to explode Explosion_NonLethal from ExplosionTest<0x000001EEE43AE830> ExplosionTest:18956 at <6420.58, 239.18, 1779.41> EXPLOSION range 4 dropoff 1
23:49:42.003 [ExplosionDamageSystem] About to explode Explosion_NonLethal from ExplosionTest<0x000001EEE43B5160> ExplosionTest:18955 at <5430.66, 208.54, 2586.53> EXPLOSION range 4 dropoff 1
23:49:42.003 [ExplosionDamageSystem] About to explode Explosion_NonLethal from ExplosionTest<0x000001EEE43B47D0> ExplosionTest:18954 at <5400.38, 212.75, 2826.83> EXPLOSION range 4 dropoff 1
23:49:42.016 [ExplosionDamageSystem] About to explode Explosion_NonLethal from ExplosionTest<0x000001EEE43B3E40> ExplosionTest:18953 at <6047.81, 224.34, 1861> EXPLOSION range 4 dropoff 1
23:49:42.019 [ExplosionDamageSystem] About to explode Explosion_NonLethal from ExplosionTest<0x000001EEE43B34B0> ExplosionTest:18952 at <6227.74, 215.71, 1827.35> EXPLOSION range 4 dropoff 1
23:49:42.027 [ExplosionDamageSystem] About to explode Explosion_NonLethal from ExplosionTest<0x000001EEE43ADEA0> ExplosionTest:18951 at <5684.56, 214.64, 2825.07> EXPLOSION range 4 dropoff 1
23:49:42.032 [ExplosionDamageSystem] About to explode Explosion_NonLethal from ExplosionTest<0x000001EEE43B2B20> ExplosionTest:18950 at <3723.05, 229.41, 711.37> EXPLOSION range 4 dropoff 1
23:49:42.041 [ExplosionDamageSystem] About to explode Explosion_NonLethal from ExplosionTest<0x000001EEE43B2190> ExplosionTest:18949 at <6269.91, 232.19, 2244.14> EXPLOSION range 4 dropoff 1
23:49:42.052 [ExplosionDamageSystem] About to explode Explosion_NonLethal from ExplosionTest<0x000001EEE43B04E0> ExplosionTest:18948 at <5577.9, 219.34, 2950.8> EXPLOSION range 4 dropoff 1
23:49:42.053 [ExplosionDamageSystem] About to explode Explosion_NonLethal from ExplosionTest<0x000001EEE43AFB50> ExplosionTest:18947 at <6125.62, 218.43, 1943.16> EXPLOSION range 4 dropoff 1
23:49:42.053 [ExplosionDamageSystem] About to explode Explosion_NonLethal from ExplosionTest<0x000001EEE43B1800> ExplosionTest:18946 at <5966.4, 223.53, 2360.45> EXPLOSION range 4 dropoff 1
23:49:42.060 [ExplosionDamageSystem] About to explode Explosion_NonLethal from ExplosionTest<0x000001EEE43B0E70> ExplosionTest:18945 at <6170.96, 230.07, 2387.43> EXPLOSION range 4 dropoff 1
23:49:42.069 [ExplosionDamageSystem] About to explode Explosion_NonLethal from ExplosionTest<0x000001EEE43A6BE0> ExplosionTest:18944 at <6228.49, 230.25, 2228.79> EXPLOSION range 4 dropoff 1
23:49:42.084 [ExplosionDamageSystem] About to explode Explosion_NonLethal from ExplosionTest<0x000001EEE43ACB80> ExplosionTest:18943 at <5921.82, 219.15, 1631.07> EXPLOSION range 4 dropoff 1
23:49:42.088 [ExplosionDamageSystem] About to explode Explosion_NonLethal from ExplosionTest<0x000001EEE43AC1F0> ExplosionTest:18942 at <6291.13, 222.25, 2290.69> EXPLOSION range 4 dropoff 1
23:49:42.094 [ExplosionDamageSystem] About to explode Explosion_NonLethal from ExplosionTest<0x000001EEE43AD510> ExplosionTest:18941 at <6387.11, 220.6, 1531.47> EXPLOSION range 4 dropoff 1
