03:38:28.873 [ExplosionDamageSystem] About to explode Explosion_NonLethal from ExplosionTest<0x000002A5C76AA010> ExplosionTest:19105 at <5808.35, 210.28, 2481.48> EXPLOSION range 4 dropoff 1
03:38:28.893 [ExplosionDamageSystem] About to explode Explosion_NonLethal from ExplosionTest<0x000002A5C76A9680> ExplosionTest:19104 at <5417.25, 206.31, 1645.54> EXPLOSION range 4 dropoff 1
03:38:28.901 [ExplosionDamageSystem] About to explode Explosion_NonLethal from ExplosionTest<0x000002A5C76A79D0> ExplosionTest:19103 at <5588.57, 200.87, 2606.12> EXPLOSION range 4 dropoff 1
03:38:28.905 [ExplosionDamageSystem] About to explode Explosion_NonLethal from ExplosionTest<0x000002A5C76AC650> ExplosionTest:19102 at <6363.9, 220.32, 1870.76> EXPLOSION range 4 dropoff 1
03:38:28.924 [ExplosionDamageSystem] About to explode Explosion_NonLethal from ExplosionTest<0x000002A5C76AB330> ExplosionTest:19101 at <6021.91, 216.39, 2331.41> EXPLOSION range 4 dropoff 1
03:38:28.939 [ExplosionDamageSystem] About to explode Explosion_NonLethal from ExplosionTest<0x000002A5C76A2D50> ExplosionTest:19100 at <5679.08, 198.73, 1705.47> EXPLOSION range 4 dropoff 1
03:38:28.952 [ExplosionDamageSystem] About to explode Explosion_NonLethal from ExplosionTest<0x000002A5C76A8CF0> ExplosionTest:19099 at <1176.42, 238.43, 152.82> EXPLOSION range 4 dropoff 1
03:38:28.956 [ExplosionDamageSystem] About to explode Explosion_NonLethal from ExplosionTest<0x000002A5C76A5390> ExplosionTest:19098 at <6217.21, 219.7, 2249.02> EXPLOSION range 4 dropoff 1
03:38:28.966 [ExplosionDamageSystem] About to explode Explosion_NonLethal from ExplosionTest<0x000002A5C76A4A00> ExplosionTest:19097 at <5615.76, 215.11, 2731.6> EXPLOSION range 4 dropoff 1
03:38:28.973 [ExplosionDamageSystem] About to explode Explosion_NonLethal from ExplosionTest<0x000002A5C76A8360> ExplosionTest:19096 at <5756.84, 221.88, 2415.03> EXPLOSION range 4 dropoff 1
03:38:28.982 [ExplosionDamageSystem] About to explode Explosion_NonLethal from ExplosionTest<0x000002A5C76A10A0> ExplosionTest:19095 at <7279.72, 206.31, 2151.87> EXPLOSION range 4 dropoff 1
03:38:28.984 [ExplosionDamageSystem] About to explode Explosion_NonLethal from ExplosionTest<0x000002A5C769FD80> ExplosionTest:19094 at <5580.47, 196.68, 1661.13> EXPLOSION range 4 dropoff 1
03:38:28.989 [ExplosionDamageSystem] About to explode Explosion_NonLethal from ExplosionTest<0x000002A5C76A36E0> ExplosionTest:19093 at <5688.38, 197.42, 1906.2> EXPLOSION range 4 dropoff 1
03:38:29.003 [ExplosionDamageSystem] About to explode Explosion_NonLethal from ExplosionTest<0x000002A5C76A66B0> ExplosionTest:19092 at <5976.09, 213.11, 2318.92> EXPLOSION range 4 dropoff 1
03:38:29.003 [ExplosionDamageSystem] About to explode Explosion_NonLethal from ExplosionTest<0x000002A5C76A5D20> ExplosionTest:19091 at <6058.48, 232.01, 1838.12> EXPLOSION range 4 dropoff 1
03:38:29.033 [ExplosionDamageSystem] About to explode Explosion_NonLethal from ExplosionTest<0x000002A5C76A4070> ExplosionTest:19090 at <6254.46, 234.96, 2137.42> EXPLOSION range 4 dropoff 1
03:38:29.046 [ExplosionDamageSystem] About to explode Explosion_NonLethal from ExplosionTest<0x000002A5C76A0710> ExplosionTest:19089 at <7219.14, 206.52, 1992.59> EXPLOSION range 4 dropoff 1
03:38:29.069 [ExplosionDamageSystem] About to explode Explosion_NonLethal from ExplosionTest<0x000002A5C76A23C0> ExplosionTest:19088 at <6115.26, 217.92, 1561.39> EXPLOSION range 4 dropoff 1
03:38:29.082 [ExplosionDamageSystem] About to explode Explosion_NonLethal from ExplosionTest<0x000002A5C76A1A30> ExplosionTest:19087 at <5431.48, 211.76, 2769.34> EXPLOSION range 4 dropoff 1
03:38:29.102 [ExplosionDamageSystem] About to explode Explosion_NonLethal from ExplosionTest<0x000002A5C7699DE0> ExplosionTest:19086 at <13085.8, 312.14, 529.88> EXPLOSION range 4 dropoff 1
03:38:29.103 [ExplosionDamageSystem] About to explode Explosion_NonLethal from ExplosionTest<0x000002A5C7698AC0> ExplosionTest:19085 at <5383.78, 194.9, 1738.32> EXPLOSION range 4 dropoff 1
03:38:29.115 [ExplosionDamageSystem] About to explode Explosion_NonLethal from ExplosionTest<0x000002A5C769F3F0> ExplosionTest:19084 at <5727.76, 220.33, 2862.96> EXPLOSION range 4 dropoff 1
03:38:29.126 [ExplosionDamageSystem] About to explode Explosion_NonLethal from ExplosionTest<0x000002A5C7698130> ExplosionTest:19083 at <5578.61, 199.24, 1862.64> EXPLOSION range 4 dropoff 1
03:38:29.135 [ExplosionDamageSystem] About to explode Explosion_NonLethal from ExplosionTest<0x000002A5C769EA60> ExplosionTest:19082 at <5714.23, 221.64, 2788.27> EXPLOSION range 4 dropoff 1
03:38:29.142 [ExplosionDamageSystem] About to explode Explosion_NonLethal from ExplosionTest<0x000002A5C76977A0> ExplosionTest:19081 at <6605.37, 205.51, 1754.94> EXPLOSION range 4 dropoff 1
03:38:29.146 [ExplosionDamageSystem] About to explode Explosion_NonLethal from ExplosionTest<0x000002A5C7699450> ExplosionTest:19080 at <5761.13, 206.8, 1677.47> EXPLOSION range 4 dropoff 1
03:38:29.154 [ExplosionDamageSystem] About to explode Explosion_NonLethal from ExplosionTest<0x000002A5C769E0D0> ExplosionTest:19079 at <6281.1, 236.21, 1647.37> EXPLOSION range 4 dropoff 1
03:38:29.161 [ExplosionDamageSystem] About to explode Explosion_NonLethal from ExplosionTest<0x000002A5C7696E10> ExplosionTest:19078 at <5685.73, 196.99, 1928.1> EXPLOSION range 4 dropoff 1
03:38:29.162 [ExplosionDamageSystem] About to explode Explosion_NonLethal from ExplosionTest<0x000002A5C769D740> ExplosionTest:19077 at <5479.05, 215.06, 2761.86> EXPLOSION range 4 dropoff 1
03:38:29.162 [ExplosionDamageSystem] About to explode Explosion_NonLethal from ExplosionTest<0x000002A5C7696480> ExplosionTest:19076 at <10099.7, 250.55, 1616.37> EXPLOSION range 4 dropoff 1
03:38:29.166 [ExplosionDamageSystem] About to explode Explosion_NonLethal from ExplosionTest<0x000002A5C769CDB0> ExplosionTest:19075 at <6413.45, 220.16, 1651.34> EXPLOSION range 4 dropoff 1
03:38:29.189 [ExplosionDamageSystem] About to explode Explosion_NonLethal from ExplosionTest<0x000002A5C769A770> ExplosionTest:19074 at <5680.94, 216.7, 2421.99> EXPLOSION range 4 dropoff 1
03:38:29.193 [ExplosionDamageSystem] About to explode Explosion_NonLethal from ExplosionTest<0x000002A5C769B100> ExplosionTest:19073 at <4222.6, 231.79, 2562.11> EXPLOSION range 4 dropoff 1
03:38:29.198 [ExplosionDamageSystem] About to explode Explosion_NonLethal from ExplosionTest<0x000002A5C769C420> ExplosionTest:19072 at <6058.35, 218.27, 1735.65> EXPLOSION range 4 dropoff 1
03:38:29.210 [ExplosionDamageSystem] About to explode Explosion_NonLethal from ExplosionTest<0x000002A5C769BA90> ExplosionTest:19071 at <6066.07, 219.2, 1727.95> EXPLOSION range 4 dropoff 1
03:38:29.211 [ExplosionDamageSystem] About to explode Explosion_NonLethal from ExplosionTest<0x000002A5BE818700> ExplosionTest:19070 at <6289.63, 221.12, 2068.83> EXPLOSION range 4 dropoff 1
03:38:29.219 [ExplosionDamageSystem] About to explode Explosion_NonLethal from ExplosionTest<0x000002A5BE817D70> ExplosionTest:19069 at <5717.02, 213.46, 1517.24> EXPLOSION range 4 dropoff 1
03:38:29.227 [ExplosionDamageSystem] About to explode Explosion_NonLethal from ExplosionTest<0x000002A5BE8173E0> ExplosionTest:19068 at <5978.78, 219.88, 2374.66> EXPLOSION range 4 dropoff 1
03:38:29.230 [ExplosionDamageSystem] About to explode Explosion_NonLethal from ExplosionTest<0x000002A5BE816A50> ExplosionTest:19067 at <13028.6, 321.01, 355.73> EXPLOSION range 4 dropoff 1
03:38:29.230 [ExplosionDamageSystem] About to explode Explosion_NonLethal from ExplosionTest<0x000002A5BE80F790> ExplosionTest:19066 at <6257.43, 236.16, 2215.53> EXPLOSION range 4 dropoff 1
03:38:29.231 [ExplosionDamageSystem] About to explode Explosion_NonLethal from ExplosionTest<0x000002A5BE8160C0> ExplosionTest:19065 at <2124.81, 210.43, 1988.5> EXPLOSION range 4 dropoff 1
03:38:29.282 [ExplosionDamageSystem] About to explode Explosion_NonLethal from ExplosionTest<0x000002A5BE80EE00> ExplosionTest:19064 at <4360.36, 190.51, 250.23> EXPLOSION range 4 dropoff 1
03:38:29.289 [ExplosionDamageSystem] About to explode Explosion_NonLethal from ExplosionTest<0x000002A5BE815730> ExplosionTest:19063 at <6420.79, 239.18, 1779.2> EXPLOSION range 4 dropoff 1
03:38:29.295 [ExplosionDamageSystem] About to explode Explosion_NonLethal from ExplosionTest<0x000002A5BE814DA0> ExplosionTest:19062 at <6025.72, 225.76, 2339.58> EXPLOSION range 4 dropoff 1
03:38:29.296 [ExplosionDamageSystem] About to explode Explosion_NonLethal from ExplosionTest<0x000002A5BE8130F0> ExplosionTest:19061 at <5887.32, 214.06, 2261.7> EXPLOSION range 4 dropoff 1
03:38:29.310 [ExplosionDamageSystem] About to explode Explosion_NonLethal from ExplosionTest<0x000002A5BE810AB0> ExplosionTest:19060 at <6080.69, 214.14, 1560.14> EXPLOSION range 4 dropoff 1
03:38:29.321 [ExplosionDamageSystem] About to explode Explosion_NonLethal from ExplosionTest<0x000002A5BE811DD0> ExplosionTest:19059 at <5657.13, 200.87, 2793.83> EXPLOSION range 4 dropoff 1
03:38:29.323 [ExplosionDamageSystem] About to explode Explosion_NonLethal from ExplosionTest<0x000002A5BE812760> ExplosionTest:19058 at <5636.9, 197.68, 1590.61> EXPLOSION range 4 dropoff 1
03:38:29.326 [ExplosionDamageSystem] About to explode Explosion_NonLethal from ExplosionTest<0x000002A5BE811440> ExplosionTest:19057 at <5417.65, 198.28, 2875.78> EXPLOSION range 4 dropoff 1
03:38:29.402 [ExplosionDamageSystem] About to explode Explosion_NonLethal from ExplosionTest<0x000002A5BE80DAE0> ExplosionTest:19056 at <5581.7, 208.45, 1859.18> EXPLOSION range 4 dropoff 1
03:38:29.402 [ExplosionDamageSystem] About to explode Explosion_NonLethal from ExplosionTest<0x000002A5BE814410> ExplosionTest:19055 at <5906.16, 228.14, 2550.46> EXPLOSION range 4 dropoff 1
03:38:29.413 [ExplosionDamageSystem] About to explode Explosion_NonLethal from ExplosionTest<0x000002A5BE80E470> ExplosionTest:19054 at <4379.16, 189.73, 258.04> EXPLOSION range 4 dropoff 1
03:38:29.414 [ExplosionDamageSystem] About to explode Explosion_NonLethal from ExplosionTest<0x000002A5BE810120> ExplosionTest:19053 at <5568.09, 242.02, 2862.19> EXPLOSION range 4 dropoff 1
03:38:29.418 [ExplosionDamageSystem] About to explode Explosion_NonLethal from ExplosionTest<0x000002A5BE813A80> ExplosionTest:19052 at <6406.79, 227.32, 1638.04> EXPLOSION range 4 dropoff 1
03:38:29.425 [ExplosionDamageSystem] About to explode Explosion_NonLethal from ExplosionTest<0x000002A5BE806820> ExplosionTest:19051 at <5408.55, 215.15, 2792.73> EXPLOSION range 4 dropoff 1
