00:46:53.587 [ExplosionDamageSystem] About to explode Explosion_NonLethal from ExplosionTest<0x0000020F6662F860> ExplosionTest:19023 at <5842.25, 205.18, 876.66> EXPLOSION range 4 dropoff 1
00:46:53.596 [ExplosionDamageSystem] About to explode Explosion_NonLethal from ExplosionTest<0x0000020F66632830> ExplosionTest:19022 at <6297.16, 238.52, 2282.6> EXPLOSION range 4 dropoff 1
00:46:53.611 [ExplosionDamageSystem] About to explode Explosion_NonLethal from ExplosionTest<0x0000020F66631EA0> ExplosionTest:19021 at <6022.65, 225.92, 2332.38> EXPLOSION range 4 dropoff 1
00:46:53.632 [ExplosionDamageSystem] About to explode Explosion_NonLethal from ExplosionTest<0x0000020F66631510> ExplosionTest:19020 at <6081.01, 214.39, 1631.97> EXPLOSION range 4 dropoff 1
00:46:53.714 [ExplosionDamageSystem] About to explode Explosion_NonLethal from ExplosionTest<0x0000020F666331C0> ExplosionTest:19019 at <6111.95, 217.4, 1520.1> EXPLOSION range 4 dropoff 1
00:46:53.741 [ExplosionDamageSystem] About to explode Explosion_NonLethal from ExplosionTest<0x0000020F6662EED0> ExplosionTest:19018 at <5647.65, 204.43, 2874.22> EXPLOSION range 4 dropoff 1
00:46:53.758 [ExplosionDamageSystem] About to explode Explosion_NonLethal from ExplosionTest<0x0000020F66625F60> ExplosionTest:19017 at <6143.02, 218.23, 1875.48> EXPLOSION range 4 dropoff 1
00:46:53.820 [ExplosionDamageSystem] About to explode Explosion_NonLethal from ExplosionTest<0x0000020F666298C0> ExplosionTest:19016 at <6303.1, 225.67, 1844.73> EXPLOSION range 4 dropoff 1
00:46:53.838 [ExplosionDamageSystem] About to explode Explosion_NonLethal from ExplosionTest<0x0000020F666285A0> ExplosionTest:19015 at <9797.28, 255.76, 1544.9> EXPLOSION range 4 dropoff 1
00:46:53.849 [ExplosionDamageSystem] About to explode Explosion_NonLethal from ExplosionTest<0x0000020F6662C890> ExplosionTest:19014 at <6265.52, 236.67, 1472.35> EXPLOSION range 4 dropoff 1
00:46:53.860 [ExplosionDamageSystem] About to explode Explosion_NonLethal from ExplosionTest<0x0000020F6662BF00> ExplosionTest:19013 at <6000.34, 221.67, 1403.63> EXPLOSION range 4 dropoff 1
00:46:53.897 [ExplosionDamageSystem] About to explode Explosion_NonLethal from ExplosionTest<0x0000020F66627280> ExplosionTest:19012 at <6283.26, 216.94, 1864.76> EXPLOSION range 4 dropoff 1
00:46:53.900 [ExplosionDamageSystem] About to explode Explosion_NonLethal from ExplosionTest<0x0000020F6662B570> ExplosionTest:19011 at <5637.26, 199.72, 1777.46> EXPLOSION range 4 dropoff 1
00:46:53.926 [ExplosionDamageSystem] About to explode Explosion_NonLethal from ExplosionTest<0x0000020F6662ABE0> ExplosionTest:19010 at <6256.38, 215.48, 1937.38> EXPLOSION range 4 dropoff 1
00:46:53.939 [ExplosionDamageSystem] About to explode Explosion_NonLethal from ExplosionTest<0x0000020F66628F30> ExplosionTest:19009 at <5781.96, 196.04, 1970.06> EXPLOSION range 4 dropoff 1
00:46:53.974 [ExplosionDamageSystem] About to explode Explosion_NonLethal from ExplosionTest<0x0000020F66627C10> ExplosionTest:19008 at <6608.32, 216.98, 1334.76> EXPLOSION range 4 dropoff 1
00:46:53.978 [ExplosionDamageSystem] About to explode Explosion_NonLethal from ExplosionTest<0x0000020F666268F0> ExplosionTest:19007 at <5584.82, 243.32, 2945.47> EXPLOSION range 4 dropoff 1
00:46:54.013 [ExplosionDamageSystem] About to explode Explosion_NonLethal from ExplosionTest<0x0000020F6662A250> ExplosionTest:19006 at <5688.83, 197.4, 1907.18> EXPLOSION range 4 dropoff 1
00:46:54.035 [ExplosionDamageSystem] About to explode Explosion_NonLethal from ExplosionTest<0x0000020F6661FFC0> ExplosionTest:19005 at <6488.67, 205.22, 1518.89> EXPLOSION range 4 dropoff 1
00:46:54.061 [ExplosionDamageSystem] About to explode Explosion_NonLethal from ExplosionTest<0x0000020F6661F630> ExplosionTest:19004 at <6168.49, 217.3, 1636.79> EXPLOSION range 4 dropoff 1
00:46:54.079 [ExplosionDamageSystem] About to explode Explosion_NonLethal from ExplosionTest<0x0000020F6661ECA0> ExplosionTest:19003 at <6189.16, 214.26, 2378.38> EXPLOSION range 4 dropoff 1
00:46:54.109 [ExplosionDamageSystem] About to explode Explosion_NonLethal from ExplosionTest<0x0000020F666255D0> ExplosionTest:19002 at <6265.06, 219.95, 1652.59> EXPLOSION range 4 dropoff 1
00:46:54.119 [ExplosionDamageSystem] About to explode Explosion_NonLethal from ExplosionTest<0x0000020F6661E310> ExplosionTest:19001 at <6281.68, 231.68, 2119.17> EXPLOSION range 4 dropoff 1
00:46:54.135 [ExplosionDamageSystem] About to explode Explosion_NonLethal from ExplosionTest<0x0000020F66624C40> ExplosionTest:19000 at <5746.68, 198.99, 2516.75> EXPLOSION range 4 dropoff 1
00:46:54.158 [ExplosionDamageSystem] About to explode Explosion_NonLethal from ExplosionTest<0x0000020F6661D980> ExplosionTest:18999 at <6241.54, 218.52, 2366.71> EXPLOSION range 4 dropoff 1
00:46:54.168 [ExplosionDamageSystem] About to explode Explosion_NonLethal from ExplosionTest<0x0000020F666242B0> ExplosionTest:18998 at <5785.56, 203.72, 1115.88> EXPLOSION range 4 dropoff 1
00:46:54.174 [ExplosionDamageSystem] About to explode Explosion_NonLethal from ExplosionTest<0x0000020F6661CFF0> ExplosionTest:18997 at <6125.06, 213.39, 2316.03> EXPLOSION range 4 dropoff 1
00:46:54.197 [ExplosionDamageSystem] About to explode Explosion_NonLethal from ExplosionTest<0x0000020F666212E0> ExplosionTest:18996 at <6042.17, 215.11, 1602.8> EXPLOSION range 4 dropoff 1
00:46:54.198 [ExplosionDamageSystem] About to explode Explosion_NonLethal from ExplosionTest<0x0000020F66623920> ExplosionTest:18995 at <6207.08, 217.43, 2203.26> EXPLOSION range 4 dropoff 1
00:46:54.220 [ExplosionDamageSystem] About to explode Explosion_NonLethal from ExplosionTest<0x0000020F66622600> ExplosionTest:18994 at <6018, 222.25, 2391.48> EXPLOSION range 4 dropoff 1
00:46:54.224 [ExplosionDamageSystem] About to explode Explosion_NonLethal from ExplosionTest<0x0000020F6661C660> ExplosionTest:18993 at <5371.16, 196.11, 2801.52> EXPLOSION range 4 dropoff 1
00:46:54.318 [ExplosionDamageSystem] About to explode Explosion_NonLethal from ExplosionTest<0x0000020F66621C70> ExplosionTest:18992 at <5408.32, 205.29, 2524.87> EXPLOSION range 4 dropoff 1
00:46:54.361 [ExplosionDamageSystem] About to explode Explosion_NonLethal from ExplosionTest<0x0000020F66620950> ExplosionTest:18991 at <5654.51, 204.19, 2664.07> EXPLOSION range 4 dropoff 1
00:46:54.373 [ExplosionDamageSystem] About to explode Explosion_NonLethal from ExplosionTest<0x0000020F66622F90> ExplosionTest:18990 at <5559.92, 200.89, 2640.64> EXPLOSION range 4 dropoff 1
00:46:54.384 [ExplosionDamageSystem] About to explode Explosion_NonLethal from ExplosionTest<0x0000020F666153A0> ExplosionTest:18989 at <5544.47, 197, 2530.45> EXPLOSION range 4 dropoff 1
00:46:54.419 [ExplosionDamageSystem] About to explode Explosion_NonLethal from ExplosionTest<0x0000020F6661BCD0> ExplosionTest:18988 at <3950.48, 208.65, 1157.42> EXPLOSION range 4 dropoff 1
00:46:54.428 [ExplosionDamageSystem] About to explode Explosion_NonLethal from ExplosionTest<0x0000020F66618370> ExplosionTest:18987 at <5631.62, 216.07, 1791.52> EXPLOSION range 4 dropoff 1
00:46:54.429 [ExplosionDamageSystem] About to explode Explosion_NonLethal from ExplosionTest<0x0000020F66614A10> ExplosionTest:18986 at <6587.99, 207.45, 1527.09> EXPLOSION range 4 dropoff 1
00:46:54.444 [ExplosionDamageSystem] About to explode Explosion_NonLethal from ExplosionTest<0x0000020F6661B340> ExplosionTest:18985 at <5611.67, 211.94, 2720.68> EXPLOSION range 4 dropoff 1
00:46:54.524 [ExplosionDamageSystem] About to explode Explosion_NonLethal from ExplosionTest<0x0000020F666179E0> ExplosionTest:18984 at <5684.34, 207.84, 2841.34> EXPLOSION range 4 dropoff 1
00:46:54.533 [ExplosionDamageSystem] About to explode Explosion_NonLethal from ExplosionTest<0x0000020F6661A9B0> ExplosionTest:18983 at <6400.9, 238.57, 1838.35> EXPLOSION range 4 dropoff 1
00:46:54.541 [ExplosionDamageSystem] About to explode Explosion_NonLethal from ExplosionTest<0x0000020F66617050> ExplosionTest:18982 at <6076.48, 232.68, 1716.3> EXPLOSION range 4 dropoff 1
00:46:54.556 [ExplosionDamageSystem] About to explode Explosion_NonLethal from ExplosionTest<0x0000020F6661A020> ExplosionTest:18981 at <5656.86, 201.01, 2743.05> EXPLOSION range 4 dropoff 1
00:46:54.557 [ExplosionDamageSystem] About to explode Explosion_NonLethal from ExplosionTest<0x0000020F66619690> ExplosionTest:18980 at <6257.53, 235.61, 2210.02> EXPLOSION range 4 dropoff 1
00:46:54.564 [ExplosionDamageSystem] About to explode Explosion_NonLethal from ExplosionTest<0x0000020F66615D30> ExplosionTest:18979 at <6279.55, 221.12, 2068.99> EXPLOSION range 4 dropoff 1
00:46:54.570 [ExplosionDamageSystem] About to explode Explosion_NonLethal from ExplosionTest<0x0000020F666166C0> ExplosionTest:18978 at <5897.34, 215.53, 2556.68> EXPLOSION range 4 dropoff 1
00:46:54.595 [ExplosionDamageSystem] About to explode Explosion_NonLethal from ExplosionTest<0x0000020F66618D00> ExplosionTest:18977 at <5575.73, 200.87, 2606.05> EXPLOSION range 4 dropoff 1
00:46:54.602 [ExplosionDamageSystem] About to explode Explosion_NonLethal from ExplosionTest<0x0000020F66614080> ExplosionTest:18976 at <6314.37, 229.07, 1853.2> EXPLOSION range 4 dropoff 1
00:46:54.602 [ExplosionDamageSystem] About to explode Explosion_NonLethal from ExplosionTest<0x0000020F55C3E970> ExplosionTest:18975 at <9796.28, 269.56, 1523.24> EXPLOSION range 4 dropoff 1
00:46:54.603 [ExplosionDamageSystem] About to explode Explosion_NonLethal from ExplosionTest<0x0000020F55C3DFE0> ExplosionTest:18974 at <5687.76, 199.25, 1436.67> EXPLOSION range 4 dropoff 1
00:46:54.617 [ExplosionDamageSystem] About to explode Explosion_NonLethal from ExplosionTest<0x0000020F55C3D650> ExplosionTest:18973 at <6440.5, 207.83, 1201.63> EXPLOSION range 4 dropoff 1
00:46:54.624 [ExplosionDamageSystem] About to explode Explosion_NonLethal from ExplosionTest<0x0000020F55C3B010> ExplosionTest:18972 at <5667.16, 198.22, 1934.6> EXPLOSION range 4 dropoff 1
00:46:54.631 [ExplosionDamageSystem] About to explode Explosion_NonLethal from ExplosionTest<0x0000020F55C40FB0> ExplosionTest:18971 at <5979.4, 214.59, 1424.57> EXPLOSION range 4 dropoff 1
00:46:54.644 [ExplosionDamageSystem] About to explode Explosion_NonLethal from ExplosionTest<0x0000020F55C40620> ExplosionTest:18970 at <6814.52, 209.71, 1501> EXPLOSION range 4 dropoff 1
00:46:54.651 [ExplosionDamageSystem] About to explode Explosion_NonLethal from ExplosionTest<0x0000020F55C3A680> ExplosionTest:18969 at <6091.93, 213.65, 1902.87> EXPLOSION range 4 dropoff 1
00:51:54.554 [MissionAirdrop] An airdrop is heading towards "Bobot" (pos=<1319.270020, 0.000000, 10615.950195> type=Random_Bobot) with a ExpansionAirdropContainer_Basebuilding
