03:05:52.521 [ExplosionDamageSystem] About to explode Explosion_NonLethal from ExplosionTest<0x000002CD65F326C0> ExplosionTest:18978 at <4762.85, 190.67, 537.47> EXPLOSION range 4 dropoff 1
03:05:52.529 [ExplosionDamageSystem] About to explode Explosion_NonLethal from ExplosionTest<0x000002CD65F38FF0> ExplosionTest:18977 at <5849.86, 198.06, 2322.79> EXPLOSION range 4 dropoff 1
03:05:52.536 [ExplosionDamageSystem] About to explode Explosion_NonLethal from ExplosionTest<0x000002CD65F38660> ExplosionTest:18976 at <5783.88, 201.45, 2692.42> EXPLOSION range 4 dropoff 1
03:05:52.542 [ExplosionDamageSystem] About to explode Explosion_NonLethal from ExplosionTest<0x000002CD65F37CD0> ExplosionTest:18975 at <13077.9, 315.54, 516.2> EXPLOSION range 4 dropoff 1
03:05:52.545 [ExplosionDamageSystem] About to explode Explosion_NonLethal from ExplosionTest<0x000002CD65F31D30> ExplosionTest:18974 at <6133.67, 231.89, 1735.8> EXPLOSION range 4 dropoff 1
03:05:52.559 [ExplosionDamageSystem] About to explode Explosion_NonLethal from ExplosionTest<0x000002CD65F34D00> ExplosionTest:18973 at <13040.6, 317.41, 350.92> EXPLOSION range 4 dropoff 1
03:05:52.560 [ExplosionDamageSystem] About to explode Explosion_NonLethal from ExplosionTest<0x000002CD65F37340> ExplosionTest:18972 at <9972.51, 252.51, 1614.6> EXPLOSION range 4 dropoff 1
03:05:52.572 [ExplosionDamageSystem] About to explode Explosion_NonLethal from ExplosionTest<0x000002CD65F313A0> ExplosionTest:18971 at <5861.08, 234.46, 2488.63> EXPLOSION range 4 dropoff 1
03:05:52.592 [ExplosionDamageSystem] About to explode Explosion_NonLethal from ExplosionTest<0x000002CD65F35690> ExplosionTest:18970 at <5910.56, 222.48, 2541.51> EXPLOSION range 4 dropoff 1
03:05:52.598 [ExplosionDamageSystem] About to explode Explosion_NonLethal from ExplosionTest<0x000002CD65F369B0> ExplosionTest:18969 at <5508.25, 222.61, 2778.36> EXPLOSION range 4 dropoff 1
03:05:52.612 [ExplosionDamageSystem] About to explode Explosion_NonLethal from ExplosionTest<0x000002CD65F339E0> ExplosionTest:18968 at <5836.09, 228.09, 2443.89> EXPLOSION range 4 dropoff 1
03:05:52.628 [ExplosionDamageSystem] About to explode Explosion_NonLethal from ExplosionTest<0x000002CD65F30A10> ExplosionTest:18967 at <5879.84, 214.06, 2253.95> EXPLOSION range 4 dropoff 1
03:05:52.637 [ExplosionDamageSystem] About to explode Explosion_NonLethal from ExplosionTest<0x000002CD65F34370> ExplosionTest:18966 at <7173.25, 206.83, 1689.65> EXPLOSION range 4 dropoff 1
03:05:52.660 [ExplosionDamageSystem] About to explode Explosion_NonLethal from ExplosionTest<0x000002CD65F30080> ExplosionTest:18965 at <5483.21, 215.73, 2773.72> EXPLOSION range 4 dropoff 1
03:05:52.674 [ExplosionDamageSystem] About to explode Explosion_NonLethal from ExplosionTest<0x000002CD65F36020> ExplosionTest:18964 at <5923.48, 218.25, 1628.29> EXPLOSION range 4 dropoff 1
03:05:52.679 [ExplosionDamageSystem] About to explode Explosion_NonLethal from ExplosionTest<0x000002CD65F33050> ExplosionTest:18963 at <5582.58, 233.17, 3000.6> EXPLOSION range 4 dropoff 1
03:05:52.700 [ExplosionDamageSystem] About to explode Explosion_NonLethal from ExplosionTest<0x000002CD60205000> ExplosionTest:18962 at <5899.13, 205.55, 1725.05> EXPLOSION range 4 dropoff 1
03:05:52.722 [ExplosionDamageSystem] About to explode Explosion_NonLethal from ExplosionTest<0x000002CD60209C80> ExplosionTest:18961 at <5410.87, 231.88, 2930.06> EXPLOSION range 4 dropoff 1
03:05:52.734 [ExplosionDamageSystem] About to explode Explosion_NonLethal from ExplosionTest<0x000002CD60207FD0> ExplosionTest:18960 at <13153.3, 300.6, 592.89> EXPLOSION range 4 dropoff 1
03:05:52.739 [ExplosionDamageSystem] About to explode Explosion_NonLethal from ExplosionTest<0x000002CD6020AFA0> ExplosionTest:18959 at <6233.03, 228.07, 2311.25> EXPLOSION range 4 dropoff 1
03:05:52.754 [ExplosionDamageSystem] About to explode Explosion_NonLethal from ExplosionTest<0x000002CD6020A610> ExplosionTest:18958 at <6168.64, 217.3, 1635.42> EXPLOSION range 4 dropoff 1
03:05:52.768 [ExplosionDamageSystem] About to explode Explosion_NonLethal from ExplosionTest<0x000002CD602092F0> ExplosionTest:18957 at <6311.13, 217.68, 1903.92> EXPLOSION range 4 dropoff 1
03:05:52.775 [ExplosionDamageSystem] About to explode Explosion_NonLethal from ExplosionTest<0x000002CD60205990> ExplosionTest:18956 at <6083.43, 214.87, 1498.6> EXPLOSION range 4 dropoff 1
03:05:52.793 [ExplosionDamageSystem] About to explode Explosion_NonLethal from ExplosionTest<0x000002CD60206320> ExplosionTest:18955 at <6292.66, 224.88, 2179.72> EXPLOSION range 4 dropoff 1
03:05:52.814 [ExplosionDamageSystem] About to explode Explosion_NonLethal from ExplosionTest<0x000002CD60208960> ExplosionTest:18954 at <5920.66, 217.89, 1602.43> EXPLOSION range 4 dropoff 1
03:05:52.815 [ExplosionDamageSystem] About to explode Explosion_NonLethal from ExplosionTest<0x000002CD60207640> ExplosionTest:18953 at <10023, 262.56, 1699.92> EXPLOSION range 4 dropoff 1
03:05:52.819 [ExplosionDamageSystem] About to explode Explosion_NonLethal from ExplosionTest<0x000002CD60206CB0> ExplosionTest:18952 at <6120.46, 216.5, 2005.37> EXPLOSION range 4 dropoff 1
03:05:52.837 [ExplosionDamageSystem] About to explode Explosion_NonLethal from ExplosionTest<0x000002CD601FDD40> ExplosionTest:18951 at <5945.49, 207.55, 2174.96> EXPLOSION range 4 dropoff 1
03:05:52.846 [ExplosionDamageSystem] About to explode Explosion_NonLethal from ExplosionTest<0x000002CD60204670> ExplosionTest:18950 at <7152.05, 206.46, 1772.57> EXPLOSION range 4 dropoff 1
03:05:52.850 [ExplosionDamageSystem] About to explode Explosion_NonLethal from ExplosionTest<0x000002CD60203CE0> ExplosionTest:18949 at <5579.78, 212.56, 1852.52> EXPLOSION range 4 dropoff 1
03:05:52.863 [ExplosionDamageSystem] About to explode Explosion_NonLethal from ExplosionTest<0x000002CD601FCA20> ExplosionTest:18948 at <11440, 234.42, 3657.04> EXPLOSION range 4 dropoff 1
03:05:52.870 [ExplosionDamageSystem] About to explode Explosion_NonLethal from ExplosionTest<0x000002CD60203350> ExplosionTest:18947 at <5790.62, 208.79, 1434.38> EXPLOSION range 4 dropoff 1
03:05:52.877 [ExplosionDamageSystem] About to explode Explosion_NonLethal from ExplosionTest<0x000002CD602029C0> ExplosionTest:18946 at <5934.62, 209.17, 1792.72> EXPLOSION range 4 dropoff 1
03:05:52.881 [ExplosionDamageSystem] About to explode Explosion_NonLethal from ExplosionTest<0x000002CD601FC090> ExplosionTest:18945 at <6534.03, 205.25, 1644.77> EXPLOSION range 4 dropoff 1
03:05:52.885 [ExplosionDamageSystem] About to explode Explosion_NonLethal from ExplosionTest<0x000002CD60200380> ExplosionTest:18944 at <6228.86, 207.08, 1025.5> EXPLOSION range 4 dropoff 1
03:05:52.948 [ExplosionDamageSystem] About to explode Explosion_NonLethal from ExplosionTest<0x000002CD601FF060> ExplosionTest:18943 at <4554.44, 190.29, 285.77> EXPLOSION range 4 dropoff 1
03:05:52.949 [ExplosionDamageSystem] About to explode Explosion_NonLethal from ExplosionTest<0x000002CD60202030> ExplosionTest:18942 at <5677.3, 220.75, 2474.53> EXPLOSION range 4 dropoff 1
03:05:52.960 [ExplosionDamageSystem] About to explode Explosion_NonLethal from ExplosionTest<0x000002CD601FD3B0> ExplosionTest:18941 at <5761.69, 199.98, 2497.98> EXPLOSION range 4 dropoff 1
03:05:52.961 [ExplosionDamageSystem] About to explode Explosion_NonLethal from ExplosionTest<0x000002CD60200D10> ExplosionTest:18940 at <6415.1, 236.77, 1788.1> EXPLOSION range 4 dropoff 1
03:05:52.973 [ExplosionDamageSystem] About to explode Explosion_NonLethal from ExplosionTest<0x000002CD601FB700> ExplosionTest:18939 at <5937.98, 212.39, 2343.25> EXPLOSION range 4 dropoff 1
03:05:52.981 [ExplosionDamageSystem] About to explode Explosion_NonLethal from ExplosionTest<0x000002CD602016A0> ExplosionTest:18938 at <5816.28, 201.01, 2498.14> EXPLOSION range 4 dropoff 1
03:05:52.986 [ExplosionDamageSystem] About to explode Explosion_NonLethal from ExplosionTest<0x000002CD601FE6D0> ExplosionTest:18937 at <5652.19, 218.03, 2873.06> EXPLOSION range 4 dropoff 1
03:05:53.052 [ExplosionDamageSystem] About to explode Explosion_NonLethal from ExplosionTest<0x000002CD601FAD70> ExplosionTest:18936 at <6346.27, 220.22, 1748.09> EXPLOSION range 4 dropoff 1
03:05:53.053 [ExplosionDamageSystem] About to explode Explosion_NonLethal from ExplosionTest<0x000002CD601FF9F0> ExplosionTest:18935 at <7127.39, 211.57, 1524.29> EXPLOSION range 4 dropoff 1
03:05:53.058 [ExplosionDamageSystem] About to explode Explosion_NonLethal from ExplosionTest<0x000002CD601F3AB0> ExplosionTest:18934 at <5898.89, 235.36, 2544.85> EXPLOSION range 4 dropoff 1
03:05:53.059 [ExplosionDamageSystem] About to explode Explosion_NonLethal from ExplosionTest<0x000002CD601FA3E0> ExplosionTest:18933 at <5690.46, 199.21, 1437.97> EXPLOSION range 4 dropoff 1
03:05:53.074 [ExplosionDamageSystem] About to explode Explosion_NonLethal from ExplosionTest<0x000002CD601F3120> ExplosionTest:18932 at <6271.65, 221.43, 1920.27> EXPLOSION range 4 dropoff 1
03:05:53.074 [ExplosionDamageSystem] About to explode Explosion_NonLethal from ExplosionTest<0x000002CD601F9A50> ExplosionTest:18931 at <6239.33, 217.62, 2064.94> EXPLOSION range 4 dropoff 1
03:05:53.090 [ExplosionDamageSystem] About to explode Explosion_NonLethal from ExplosionTest<0x000002CD601F2790> ExplosionTest:18930 at <7327.94, 221.44, 1526.24> EXPLOSION range 4 dropoff 1
03:05:53.093 [ExplosionDamageSystem] About to explode Explosion_NonLethal from ExplosionTest<0x000002CD601F8730> ExplosionTest:18929 at <6080.12, 214.4, 1632.11> EXPLOSION range 4 dropoff 1
03:05:53.106 [ExplosionDamageSystem] About to explode Explosion_NonLethal from ExplosionTest<0x000002CD601F90C0> ExplosionTest:18928 at <5318.27, 198.28, 2826.87> EXPLOSION range 4 dropoff 1
03:05:53.115 [ExplosionDamageSystem] About to explode Explosion_NonLethal from ExplosionTest<0x000002CD601F1E00> ExplosionTest:18927 at <6124.21, 221.42, 2006.68> EXPLOSION range 4 dropoff 1
03:05:53.116 [ExplosionDamageSystem] About to explode Explosion_NonLethal from ExplosionTest<0x000002CD601F7DA0> ExplosionTest:18926 at <6244, 219.36, 2364.42> EXPLOSION range 4 dropoff 1
03:05:53.116 [ExplosionDamageSystem] About to explode Explosion_NonLethal from ExplosionTest<0x000002CD601F7410> ExplosionTest:18925 at <5149.62, 192.95, 540.29> EXPLOSION range 4 dropoff 1
03:05:53.124 [ExplosionDamageSystem] About to explode Explosion_NonLethal from ExplosionTest<0x000002CD601F1470> ExplosionTest:18924 at <9319.22, 253.01, 1667.72> EXPLOSION range 4 dropoff 1
03:10:54.046 [MissionAirdrop] An airdrop is heading towards "Lutov" (pos=<7907.857910, 0.000000, 7797.180176> type=Random_Lutov) with a ExpansionAirdropContainer_Basebuilding
