23:09:40.570 [ExplosionDamageSystem] About to explode Explosion_NonLethal from ExplosionTest<0x0000013A6729E020> ExplosionTest:18989 at <4656.71, 190.32, 370.83> EXPLOSION range 4 dropoff 1
23:09:40.576 [ExplosionDamageSystem] About to explode Explosion_NonLethal from ExplosionTest<0x0000013A672A0FF0> ExplosionTest:18988 at <5720.56, 209.16, 1638.76> EXPLOSION range 4 dropoff 1
23:09:40.588 [ExplosionDamageSystem] About to explode Explosion_NonLethal from ExplosionTest<0x0000013A672A3630> ExplosionTest:18987 at <5977.63, 213.11, 2317.46> EXPLOSION range 4 dropoff 1
23:09:40.599 [ExplosionDamageSystem] About to explode Explosion_NonLethal from ExplosionTest<0x0000013A672A0660> ExplosionTest:18986 at <6200.26, 220.45, 1665.95> EXPLOSION range 4 dropoff 1
23:09:40.603 [ExplosionDamageSystem] About to explode Explosion_NonLethal from ExplosionTest<0x0000013A67298A10> ExplosionTest:18985 at <5428.29, 199.27, 2573.7> EXPLOSION range 4 dropoff 1
23:09:40.606 [ExplosionDamageSystem] About to explode Explosion_NonLethal from ExplosionTest<0x0000013A67299D30> ExplosionTest:18984 at <6166.88, 213.86, 2381.18> EXPLOSION range 4 dropoff 1
23:09:40.622 [ExplosionDamageSystem] About to explode Explosion_NonLethal from ExplosionTest<0x0000013A672993A0> ExplosionTest:18983 at <3729.79, 223.3, 710.26> EXPLOSION range 4 dropoff 1
23:09:40.626 [ExplosionDamageSystem] About to explode Explosion_NonLethal from ExplosionTest<0x0000013A6729B050> ExplosionTest:18982 at <5721.65, 211.93, 2780.17> EXPLOSION range 4 dropoff 1
23:09:40.633 [ExplosionDamageSystem] About to explode Explosion_NonLethal from ExplosionTest<0x0000013A6729C370> ExplosionTest:18981 at <8637.17, 215.5, 2788.27> EXPLOSION range 4 dropoff 1
23:09:40.636 [ExplosionDamageSystem] About to explode Explosion_NonLethal from ExplosionTest<0x0000013A6729A6C0> ExplosionTest:18980 at <5596.61, 210.19, 1829.98> EXPLOSION range 4 dropoff 1
23:09:40.641 [ExplosionDamageSystem] About to explode Explosion_NonLethal from ExplosionTest<0x0000013A6729B9E0> ExplosionTest:18979 at <5812.72, 207.57, 2489.44> EXPLOSION range 4 dropoff 1
23:09:40.656 [ExplosionDamageSystem] About to explode Explosion_NonLethal from ExplosionTest<0x0000013A6729E9B0> ExplosionTest:18978 at <6051.31, 221.63, 1846.9> EXPLOSION range 4 dropoff 1
23:09:40.662 [ExplosionDamageSystem] About to explode Explosion_NonLethal from ExplosionTest<0x0000013A6729D690> ExplosionTest:18977 at <5681.51, 206.22, 1696.74> EXPLOSION range 4 dropoff 1
23:09:40.670 [ExplosionDamageSystem] About to explode Explosion_NonLethal from ExplosionTest<0x0000013A67298080> ExplosionTest:18976 at <8763.43, 204.77, 3149> EXPLOSION range 4 dropoff 1
23:09:40.679 [ExplosionDamageSystem] About to explode Explosion_NonLethal from ExplosionTest<0x0000013A5C67FAE0> ExplosionTest:18975 at <5573.16, 195.51, 808.35> EXPLOSION range 4 dropoff 1
23:09:40.680 [ExplosionDamageSystem] About to explode Explosion_NonLethal from ExplosionTest<0x0000013A5C678820> ExplosionTest:18974 at <6266.39, 237.42, 2258.17> EXPLOSION range 4 dropoff 1
23:09:40.695 [ExplosionDamageSystem] About to explode Explosion_NonLethal from ExplosionTest<0x0000013A5C67F150> ExplosionTest:18973 at <5881.22, 201.39, 2273.79> EXPLOSION range 4 dropoff 1
23:09:40.705 [ExplosionDamageSystem] About to explode Explosion_NonLethal from ExplosionTest<0x0000013A5C67E7C0> ExplosionTest:18972 at <6080.33, 226.9, 2394.54> EXPLOSION range 4 dropoff 1
23:09:40.710 [ExplosionDamageSystem] About to explode Explosion_NonLethal from ExplosionTest<0x0000013A5C67DE30> ExplosionTest:18971 at <6187.54, 224.61, 2144.42> EXPLOSION range 4 dropoff 1
23:09:40.718 [ExplosionDamageSystem] About to explode Explosion_NonLethal from ExplosionTest<0x0000013A5C67D4A0> ExplosionTest:18970 at <6361.72, 230.68, 1650.04> EXPLOSION range 4 dropoff 1
23:09:40.724 [ExplosionDamageSystem] About to explode Explosion_NonLethal from ExplosionTest<0x0000013A5C676B70> ExplosionTest:18969 at <5945.66, 226.58, 2273.61> EXPLOSION range 4 dropoff 1
23:09:40.730 [ExplosionDamageSystem] About to explode Explosion_NonLethal from ExplosionTest<0x0000013A5C677E90> ExplosionTest:18968 at <6254.8, 215.48, 1939.82> EXPLOSION range 4 dropoff 1
23:09:40.740 [ExplosionDamageSystem] About to explode Explosion_NonLethal from ExplosionTest<0x0000013A5C67CB10> ExplosionTest:18967 at <6089.72, 222.79, 2390.99> EXPLOSION range 4 dropoff 1
23:09:40.741 [ExplosionDamageSystem] About to explode Explosion_NonLethal from ExplosionTest<0x0000013A5C6791B0> ExplosionTest:18966 at <4384.75, 190.47, 256.57> EXPLOSION range 4 dropoff 1
23:09:40.741 [ExplosionDamageSystem] About to explode Explosion_NonLethal from ExplosionTest<0x0000013A5C67B7F0> ExplosionTest:18965 at <5525.5, 203.23, 2405.36> EXPLOSION range 4 dropoff 1
23:09:40.745 [ExplosionDamageSystem] About to explode Explosion_NonLethal from ExplosionTest<0x0000013A5C675850> ExplosionTest:18964 at <5995.25, 214.66, 1471> EXPLOSION range 4 dropoff 1
23:09:40.771 [ExplosionDamageSystem] About to explode Explosion_NonLethal from ExplosionTest<0x0000013A5C6761E0> ExplosionTest:18963 at <5852.55, 200.76, 2323.95> EXPLOSION range 4 dropoff 1
23:09:40.775 [ExplosionDamageSystem] About to explode Explosion_NonLethal from ExplosionTest<0x0000013A5C67C180> ExplosionTest:18962 at <6246.73, 221.94, 2276.13> EXPLOSION range 4 dropoff 1
23:09:40.775 [ExplosionDamageSystem] About to explode Explosion_NonLethal from ExplosionTest<0x0000013A5C674530> ExplosionTest:18961 at <6283.29, 216.6, 1865.7> EXPLOSION range 4 dropoff 1
23:09:40.783 [ExplosionDamageSystem] About to explode Explosion_NonLethal from ExplosionTest<0x0000013A5C67AE60> ExplosionTest:18960 at <5712.65, 200.43, 2750.71> EXPLOSION range 4 dropoff 1
23:09:40.784 [ExplosionDamageSystem] About to explode Explosion_NonLethal from ExplosionTest<0x0000013A5C674EC0> ExplosionTest:18959 at <5726.92, 220.33, 2872.63> EXPLOSION range 4 dropoff 1
23:09:40.794 [ExplosionDamageSystem] About to explode Explosion_NonLethal from ExplosionTest<0x0000013A5C677500> ExplosionTest:18958 at <6231.95, 217.4, 1750.51> EXPLOSION range 4 dropoff 1
23:09:40.800 [ExplosionDamageSystem] About to explode Explosion_NonLethal from ExplosionTest<0x0000013A5C679B40> ExplosionTest:18957 at <5931.19, 250.6, 2198.28> EXPLOSION range 4 dropoff 1
23:09:40.805 [ExplosionDamageSystem] About to explode Explosion_NonLethal from ExplosionTest<0x0000013A5C67A4D0> ExplosionTest:18956 at <5469.24, 197.66, 2466.7> EXPLOSION range 4 dropoff 1
23:09:40.815 [ExplosionDamageSystem] About to explode Explosion_NonLethal from ExplosionTest<0x0000013A5C66D270> ExplosionTest:18955 at <6220.89, 229.04, 2298.6> EXPLOSION range 4 dropoff 1
23:09:40.815 [ExplosionDamageSystem] About to explode Explosion_NonLethal from ExplosionTest<0x0000013A5C670240> ExplosionTest:18954 at <7383.37, 247.04, 1545.7> EXPLOSION range 4 dropoff 1
23:09:40.819 [ExplosionDamageSystem] About to explode Explosion_NonLethal from ExplosionTest<0x0000013A5C671EF0> ExplosionTest:18953 at <6620.73, 210.17, 1308.45> EXPLOSION range 4 dropoff 1
23:09:40.822 [ExplosionDamageSystem] About to explode Explosion_NonLethal from ExplosionTest<0x0000013A5C66F8B0> ExplosionTest:18952 at <5923.85, 218.84, 1633.44> EXPLOSION range 4 dropoff 1
23:09:40.824 [ExplosionDamageSystem] About to explode Explosion_NonLethal from ExplosionTest<0x0000013A5C673BA0> ExplosionTest:18951 at <5594.17, 198.34, 2326.09> EXPLOSION range 4 dropoff 1
23:09:40.826 [ExplosionDamageSystem] About to explode Explosion_NonLethal from ExplosionTest<0x0000013A5C673210> ExplosionTest:18950 at <6140.22, 217.75, 1876.31> EXPLOSION range 4 dropoff 1
23:09:40.832 [ExplosionDamageSystem] About to explode Explosion_NonLethal from ExplosionTest<0x0000013A5C66C8E0> ExplosionTest:18949 at <5687.54, 199.72, 1448.8> EXPLOSION range 4 dropoff 1
23:09:40.843 [ExplosionDamageSystem] About to explode Explosion_NonLethal from ExplosionTest<0x0000013A5C66E590> ExplosionTest:18948 at <6143.12, 218.23, 1875.38> EXPLOSION range 4 dropoff 1
23:09:40.844 [ExplosionDamageSystem] About to explode Explosion_NonLethal from ExplosionTest<0x0000013A5C672880> ExplosionTest:18947 at <6176.64, 227.83, 2262.03> EXPLOSION range 4 dropoff 1
23:09:40.851 [ExplosionDamageSystem] About to explode Explosion_NonLethal from ExplosionTest<0x0000013A5C66EF20> ExplosionTest:18946 at <6039.03, 224.34, 1860.42> EXPLOSION range 4 dropoff 1
23:09:40.851 [ExplosionDamageSystem] About to explode Explosion_NonLethal from ExplosionTest<0x0000013A5C66DC00> ExplosionTest:18945 at <13044.4, 325.71, 467.11> EXPLOSION range 4 dropoff 1
23:09:40.852 [ExplosionDamageSystem] About to explode Explosion_NonLethal from ExplosionTest<0x0000013A5C671560> ExplosionTest:18944 at <6285.69, 234.21, 2165.04> EXPLOSION range 4 dropoff 1
23:09:40.872 [ExplosionDamageSystem] About to explode Explosion_NonLethal from ExplosionTest<0x0000013A5C670BD0> ExplosionTest:18943 at <5759.7, 216.57, 1602.17> EXPLOSION range 4 dropoff 1
23:09:40.877 [ExplosionDamageSystem] About to explode Explosion_NonLethal from ExplosionTest<0x0000013A5C665FB0> ExplosionTest:18942 at <6402.07, 217.83, 1259.71> EXPLOSION range 4 dropoff 1
23:09:40.882 [ExplosionDamageSystem] About to explode Explosion_NonLethal from ExplosionTest<0x0000013A5C66BF50> ExplosionTest:18941 at <6811.78, 206.64, 1495.23> EXPLOSION range 4 dropoff 1
23:09:40.886 [ExplosionDamageSystem] About to explode Explosion_NonLethal from ExplosionTest<0x0000013A5C6685F0> ExplosionTest:18940 at <5817.96, 210.29, 2494.01> EXPLOSION range 4 dropoff 1
23:09:40.891 [ExplosionDamageSystem] About to explode Explosion_NonLethal from ExplosionTest<0x0000013A5C66B5C0> ExplosionTest:18939 at <5915.72, 207.69, 1085.75> EXPLOSION range 4 dropoff 1
23:09:40.893 [ExplosionDamageSystem] About to explode Explosion_NonLethal from ExplosionTest<0x0000013A5C667C60> ExplosionTest:18938 at <5606.96, 199.58, 1794.99> EXPLOSION range 4 dropoff 1
23:09:40.898 [ExplosionDamageSystem] About to explode Explosion_NonLethal from ExplosionTest<0x0000013A5C664300> ExplosionTest:18937 at <6222.89, 228.07, 2303.14> EXPLOSION range 4 dropoff 1
23:09:40.898 [ExplosionDamageSystem] About to explode Explosion_NonLethal from ExplosionTest<0x0000013A5C669910> ExplosionTest:18936 at <5992.3, 217.98, 1402.21> EXPLOSION range 4 dropoff 1
23:09:40.910 [ExplosionDamageSystem] About to explode Explosion_NonLethal from ExplosionTest<0x0000013A5C668F80> ExplosionTest:18935 at <6451.47, 217.07, 1192.74> EXPLOSION range 4 dropoff 1
23:14:40.599 [MissionAirdrop] An airdrop is heading towards "Optimum" (pos=<13468.894531, 0.000000, 8018.133301> type=Random_Optimum) with a ExpansionAirdropContainer_Military
