00:29:30.848 [ExplosionDamageSystem] About to explode Explosion_NonLethal from ExplosionTest<0x00000160E2D35860> ExplosionTest:18954 at <6395.79, 217.04, 1532.18> EXPLOSION range 4 dropoff 1
00:29:30.867 [ExplosionDamageSystem] About to explode Explosion_NonLethal from ExplosionTest<0x00000160E2D3A4E0> ExplosionTest:18953 at <5560.76, 202.59, 2737.59> EXPLOSION range 4 dropoff 1
00:29:30.877 [ExplosionDamageSystem] About to explode Explosion_NonLethal from ExplosionTest<0x00000160E2D39B50> ExplosionTest:18952 at <6294.91, 237.79, 2171.26> EXPLOSION range 4 dropoff 1
00:29:30.880 [ExplosionDamageSystem] About to explode Explosion_NonLethal from ExplosionTest<0x00000160E2D2C8F0> ExplosionTest:18951 at <5791.02, 218.16, 1424.51> EXPLOSION range 4 dropoff 1
00:29:30.889 [ExplosionDamageSystem] About to explode Explosion_NonLethal from ExplosionTest<0x00000160E2D33220> ExplosionTest:18950 at <5926.69, 215.52, 1541.15> EXPLOSION range 4 dropoff 1
00:29:30.890 [ExplosionDamageSystem] About to explode Explosion_NonLethal from ExplosionTest<0x00000160E2D30250> ExplosionTest:18949 at <5405.99, 198.86, 2531.13> EXPLOSION range 4 dropoff 1
00:29:30.908 [ExplosionDamageSystem] About to explode Explosion_NonLethal from ExplosionTest<0x00000160E2D2BF60> ExplosionTest:18948 at <6257.57, 234.38, 2269.78> EXPLOSION range 4 dropoff 1
00:29:30.919 [ExplosionDamageSystem] About to explode Explosion_NonLethal from ExplosionTest<0x00000160E2D32890> ExplosionTest:18947 at <5874.4, 201.45, 2264.04> EXPLOSION range 4 dropoff 1
00:29:30.928 [ExplosionDamageSystem] About to explode Explosion_NonLethal from ExplosionTest<0x00000160E2D31F00> ExplosionTest:18946 at <5628.27, 215.08, 2729.82> EXPLOSION range 4 dropoff 1
00:29:30.929 [ExplosionDamageSystem] About to explode Explosion_NonLethal from ExplosionTest<0x00000160E2D31570> ExplosionTest:18945 at <5983.79, 215.43, 1464.72> EXPLOSION range 4 dropoff 1
00:29:30.958 [ExplosionDamageSystem] About to explode Explosion_NonLethal from ExplosionTest<0x00000160E2D2F8C0> ExplosionTest:18944 at <6282.31, 223.85, 2297.73> EXPLOSION range 4 dropoff 1
00:29:30.960 [ExplosionDamageSystem] About to explode Explosion_NonLethal from ExplosionTest<0x00000160E2D30BE0> ExplosionTest:18943 at <5920.49, 205.15, 1712.95> EXPLOSION range 4 dropoff 1
00:29:30.975 [ExplosionDamageSystem] About to explode Explosion_NonLethal from ExplosionTest<0x00000160E2D2EF30> ExplosionTest:18942 at <5869.67, 217.61, 2279.2> EXPLOSION range 4 dropoff 1
00:29:30.975 [ExplosionDamageSystem] About to explode Explosion_NonLethal from ExplosionTest<0x00000160E2D2E5A0> ExplosionTest:18941 at <4385.16, 189.36, 256.29> EXPLOSION range 4 dropoff 1
00:29:30.976 [ExplosionDamageSystem] About to explode Explosion_NonLethal from ExplosionTest<0x00000160E2D2D280> ExplosionTest:18940 at <5518.15, 197.02, 2937.69> EXPLOSION range 4 dropoff 1
00:29:30.983 [ExplosionDamageSystem] About to explode Explosion_NonLethal from ExplosionTest<0x00000160E2D2DC10> ExplosionTest:18939 at <6211.92, 214.29, 1946.94> EXPLOSION range 4 dropoff 1
00:29:30.989 [ExplosionDamageSystem] About to explode Explosion_NonLethal from ExplosionTest<0x00000160E2D24CA0> ExplosionTest:18938 at <5671.52, 214.64, 2843.21> EXPLOSION range 4 dropoff 1
00:29:31.000 [ExplosionDamageSystem] About to explode Explosion_NonLethal from ExplosionTest<0x00000160E2D2B5D0> ExplosionTest:18937 at <6331.98, 225.86, 1680.48> EXPLOSION range 4 dropoff 1
00:29:31.008 [ExplosionDamageSystem] About to explode Explosion_NonLethal from ExplosionTest<0x00000160E2D2AC40> ExplosionTest:18936 at <5824.61, 210.29, 2499.12> EXPLOSION range 4 dropoff 1
00:29:31.021 [ExplosionDamageSystem] About to explode Explosion_NonLethal from ExplosionTest<0x00000160E2D23980> ExplosionTest:18935 at <5571.79, 219.34, 2974.36> EXPLOSION range 4 dropoff 1
00:29:31.030 [ExplosionDamageSystem] About to explode Explosion_NonLethal from ExplosionTest<0x00000160E2D2A2B0> ExplosionTest:18934 at <6184.64, 214.07, 2327.35> EXPLOSION range 4 dropoff 1
00:29:31.033 [ExplosionDamageSystem] About to explode Explosion_NonLethal from ExplosionTest<0x00000160E2D22FF0> ExplosionTest:18933 at <5727.46, 202.99, 1685.75> EXPLOSION range 4 dropoff 1
00:29:31.042 [ExplosionDamageSystem] About to explode Explosion_NonLethal from ExplosionTest<0x00000160E2D272E0> ExplosionTest:18932 at <6901.34, 206.23, 1617.91> EXPLOSION range 4 dropoff 1
00:29:31.042 [ExplosionDamageSystem] About to explode Explosion_NonLethal from ExplosionTest<0x00000160E2D29920> ExplosionTest:18931 at <5590.99, 212.88, 1819.22> EXPLOSION range 4 dropoff 1
00:29:31.050 [ExplosionDamageSystem] About to explode Explosion_NonLethal from ExplosionTest<0x00000160E2D24310> ExplosionTest:18930 at <6617.86, 216.98, 1314.16> EXPLOSION range 4 dropoff 1
00:29:31.051 [ExplosionDamageSystem] About to explode Explosion_NonLethal from ExplosionTest<0x00000160E2D22660> ExplosionTest:18929 at <5704.98, 203.22, 2593.9> EXPLOSION range 4 dropoff 1
00:29:31.056 [ExplosionDamageSystem] About to explode Explosion_NonLethal from ExplosionTest<0x00000160E2D27C70> ExplosionTest:18928 at <4752.55, 191.07, 535.28> EXPLOSION range 4 dropoff 1
00:29:31.059 [ExplosionDamageSystem] About to explode Explosion_NonLethal from ExplosionTest<0x00000160E2D26950> ExplosionTest:18927 at <3722.64, 229.41, 710.23> EXPLOSION range 4 dropoff 1
00:29:31.062 [ExplosionDamageSystem] About to explode Explosion_NonLethal from ExplosionTest<0x00000160E2D25630> ExplosionTest:18926 at <5710.67, 224.84, 2891.94> EXPLOSION range 4 dropoff 1
00:29:31.064 [ExplosionDamageSystem] About to explode Explosion_NonLethal from ExplosionTest<0x00000160E2D28600> ExplosionTest:18925 at <5699.47, 218.04, 2916.96> EXPLOSION range 4 dropoff 1
00:29:31.065 [ExplosionDamageSystem] About to explode Explosion_NonLethal from ExplosionTest<0x00000160E2D28F90> ExplosionTest:18924 at <6014.3, 219.54, 2403.26> EXPLOSION range 4 dropoff 1
00:29:31.072 [ExplosionDamageSystem] About to explode Explosion_NonLethal from ExplosionTest<0x00000160E2D25FC0> ExplosionTest:18923 at <6809.06, 206.46, 1499.29> EXPLOSION range 4 dropoff 1
00:29:31.073 [ExplosionDamageSystem] About to explode Explosion_NonLethal from ExplosionTest<0x00000160E2D1B3A0> ExplosionTest:18922 at <5679.02, 211.24, 2836.45> EXPLOSION range 4 dropoff 1
00:29:31.073 [ExplosionDamageSystem] About to explode Explosion_NonLethal from ExplosionTest<0x00000160E2D21CD0> ExplosionTest:18921 at <6253.24, 219.13, 1782.86> EXPLOSION range 4 dropoff 1
00:29:31.124 [ExplosionDamageSystem] About to explode Explosion_NonLethal from ExplosionTest<0x00000160E2D1F690> ExplosionTest:18920 at <5642.85, 205.67, 1770.92> EXPLOSION range 4 dropoff 1
00:29:31.127 [ExplosionDamageSystem] About to explode Explosion_NonLethal from ExplosionTest<0x00000160E2D1ED00> ExplosionTest:18919 at <2290.91, 214.57, 1889.24> EXPLOSION range 4 dropoff 1
00:29:31.131 [ExplosionDamageSystem] About to explode Explosion_NonLethal from ExplosionTest<0x00000160E2D21340> ExplosionTest:18918 at <5656.18, 218.21, 2746.11> EXPLOSION range 4 dropoff 1
00:29:31.131 [ExplosionDamageSystem] About to explode Explosion_NonLethal from ExplosionTest<0x00000160E2D1E370> ExplosionTest:18917 at <5716.89, 212.23, 2889.17> EXPLOSION range 4 dropoff 1
00:29:31.131 [ExplosionDamageSystem] About to explode Explosion_NonLethal from ExplosionTest<0x00000160E2D20020> ExplosionTest:18916 at <5854.06, 205.13, 2581.01> EXPLOSION range 4 dropoff 1
00:29:31.141 [ExplosionDamageSystem] About to explode Explosion_NonLethal from ExplosionTest<0x00000160E2D1D9E0> ExplosionTest:18915 at <4364.34, 189.65, 252.66> EXPLOSION range 4 dropoff 1
00:29:31.141 [ExplosionDamageSystem] About to explode Explosion_NonLethal from ExplosionTest<0x00000160E2D1A080> ExplosionTest:18914 at <5923.48, 221.25, 2531.97> EXPLOSION range 4 dropoff 1
00:29:31.147 [ExplosionDamageSystem] About to explode Explosion_NonLethal from ExplosionTest<0x00000160E2D1C6C0> ExplosionTest:18913 at <5990.23, 214.8, 1478.85> EXPLOSION range 4 dropoff 1
00:29:31.151 [ExplosionDamageSystem] About to explode Explosion_NonLethal from ExplosionTest<0x00000160E2D1D050> ExplosionTest:18912 at <6885.8, 213.72, 1615.91> EXPLOSION range 4 dropoff 1
00:29:31.151 [ExplosionDamageSystem] About to explode Explosion_NonLethal from ExplosionTest<0x00000160E2D1AA10> ExplosionTest:18911 at <6193.69, 215.24, 1858.06> EXPLOSION range 4 dropoff 1
00:29:31.157 [ExplosionDamageSystem] About to explode Explosion_NonLethal from ExplosionTest<0x00000160E2D209B0> ExplosionTest:18910 at <6231.62, 225.32, 2368.81> EXPLOSION range 4 dropoff 1
00:29:31.159 [ExplosionDamageSystem] About to explode Explosion_NonLethal from ExplosionTest<0x00000160E2D1BD30> ExplosionTest:18909 at <5676.6, 197.61, 1856.3> EXPLOSION range 4 dropoff 1
00:29:31.175 [ExplosionDamageSystem] About to explode Explosion_NonLethal from ExplosionTest<0x00000160E2D55CC0> ExplosionTest:18908 at <5427.56, 215.54, 2586.65> EXPLOSION range 4 dropoff 1
00:29:31.178 [ExplosionDamageSystem] About to explode Explosion_NonLethal from ExplosionTest<0x00000160E2D58300> ExplosionTest:18907 at <4737.13, 191.38, 386.92> EXPLOSION range 4 dropoff 1
00:29:31.181 [ExplosionDamageSystem] About to explode Explosion_NonLethal from ExplosionTest<0x00000160E2D53680> ExplosionTest:18906 at <5619.66, 212.22, 1863.49> EXPLOSION range 4 dropoff 1
00:29:31.182 [ExplosionDamageSystem] About to explode Explosion_NonLethal from ExplosionTest<0x00000160E2D57970> ExplosionTest:18905 at <6259.04, 225.25, 2209.42> EXPLOSION range 4 dropoff 1
00:29:31.183 [ExplosionDamageSystem] About to explode Explosion_NonLethal from ExplosionTest<0x00000160E2D59FB0> ExplosionTest:18904 at <6016.03, 215.18, 1603.14> EXPLOSION range 4 dropoff 1
00:29:31.191 [ExplosionDamageSystem] About to explode Explosion_NonLethal from ExplosionTest<0x00000160E2D55330> ExplosionTest:18903 at <6067.15, 222.29, 1831.01> EXPLOSION range 4 dropoff 1
00:29:31.220 [ExplosionDamageSystem] About to explode Explosion_NonLethal from ExplosionTest<0x00000160E2D549A0> ExplosionTest:18902 at <6859.88, 206.04, 1587.31> EXPLOSION range 4 dropoff 1
00:29:31.223 [ExplosionDamageSystem] About to explode Explosion_NonLethal from ExplosionTest<0x00000160E2D56650> ExplosionTest:18901 at <5405.75, 218.54, 2813.6> EXPLOSION range 4 dropoff 1
00:29:31.278 [ExplosionDamageSystem] About to explode Explosion_NonLethal from ExplosionTest<0x00000160E2D52CF0> ExplosionTest:18900 at <5534.22, 218.15, 2679.55> EXPLOSION range 4 dropoff 1
00:32:48.555 [Safezone] Player "Hessher" (id=MilAR913ecKsrHUOy0uV_fIY7CR0FzNOXUGd_pWZtgI= pos=<7435.67, 235.18, 4962.13>) entered the safezone
00:34:31.785 [MissionAirdrop] An airdrop is heading towards "Lutov" (pos=<7907.857910, 0.000000, 7797.180176> type=Random_Lutov) with a ExpansionAirdropContainer
