16:18:32.253 [ExplosionDamageSystem] About to explode Explosion_NonLethal from ExplosionTest<0x00000202D22F34B0> ExplosionTest:27305 at <6397.59, 31.66, 2118.63> EXPLOSION range 4 dropoff 1
16:18:32.257 [ExplosionDamageSystem] About to explode Explosion_NonLethal from ExplosionTest<0x00000202D22F2B20> ExplosionTest:27304 at <6812.78, 3.1, 1553.88> EXPLOSION range 4 dropoff 1
16:18:32.263 [ExplosionDamageSystem] About to explode Explosion_NonLethal from ExplosionTest<0x00000202D22EE830> ExplosionTest:27303 at <6952.75, 39.16, 1994.49> EXPLOSION range 4 dropoff 1
16:18:32.272 [ExplosionDamageSystem] About to explode Explosion_NonLethal from ExplosionTest<0x00000202D22EF1C0> ExplosionTest:27302 at <6706.17, 4.34, 1350.09> EXPLOSION range 4 dropoff 1
16:18:32.273 [ExplosionDamageSystem] About to explode Explosion_NonLethal from ExplosionTest<0x00000202D22F2190> ExplosionTest:27301 at <6616.99, 3.65, 1396.43> EXPLOSION range 4 dropoff 1
16:18:32.273 [ExplosionDamageSystem] About to explode Explosion_NonLethal from ExplosionTest<0x00000202D22F1800> ExplosionTest:27300 at <6733.22, 3.15, 1484.38> EXPLOSION range 4 dropoff 1
16:18:32.280 [ExplosionDamageSystem] About to explode Explosion_NonLethal from ExplosionTest<0x00000202D22F47D0> ExplosionTest:27299 at <6956.21, 39.95, 1941.86> EXPLOSION range 4 dropoff 1
16:18:32.282 [ExplosionDamageSystem] About to explode Explosion_NonLethal from ExplosionTest<0x00000202D22F0E70> ExplosionTest:27298 at <6944.06, 39.91, 1827.7> EXPLOSION range 4 dropoff 1
16:18:32.285 [ExplosionDamageSystem] About to explode Explosion_NonLethal from ExplosionTest<0x00000202D22ED510> ExplosionTest:27297 at <6575.57, 7.43, 1424.94> EXPLOSION range 4 dropoff 1
16:18:32.286 [ExplosionDamageSystem] About to explode Explosion_NonLethal from ExplosionTest<0x00000202D22F04E0> ExplosionTest:27296 at <6907.58, 39.74, 1893.51> EXPLOSION range 4 dropoff 1
16:18:32.294 [ExplosionDamageSystem] About to explode Explosion_NonLethal from ExplosionTest<0x00000202D22EFB50> ExplosionTest:27295 at <6894.54, 3.93, 1514.01> EXPLOSION range 4 dropoff 1
16:18:32.297 [ExplosionDamageSystem] About to explode Explosion_NonLethal from ExplosionTest<0x00000202D22E6250> ExplosionTest:27294 at <7342.53, 12.49, 1580.45> EXPLOSION range 4 dropoff 1
16:18:32.301 [ExplosionDamageSystem] About to explode Explosion_NonLethal from ExplosionTest<0x00000202D22EA540> ExplosionTest:27293 at <7327.43, 45.29, 2521.1> EXPLOSION range 4 dropoff 1
16:18:32.304 [ExplosionDamageSystem] About to explode Explosion_NonLethal from ExplosionTest<0x00000202D22E8890> ExplosionTest:27292 at <6977.49, 39.68, 1957.52> EXPLOSION range 4 dropoff 1
16:18:32.304 [ExplosionDamageSystem] About to explode Explosion_NonLethal from ExplosionTest<0x00000202D22E7F00> ExplosionTest:27291 at <6482.62, 2.89, 1366.51> EXPLOSION range 4 dropoff 1
16:18:32.304 [ExplosionDamageSystem] About to explode Explosion_NonLethal from ExplosionTest<0x00000202D22ECB80> ExplosionTest:27290 at <6575.62, 3.81, 1362.54> EXPLOSION range 4 dropoff 1
16:18:32.305 [ExplosionDamageSystem] About to explode Explosion_NonLethal from ExplosionTest<0x00000202D22E58C0> ExplosionTest:27289 at <6852.33, 39.21, 2031.05> EXPLOSION range 4 dropoff 1
16:18:32.311 [ExplosionDamageSystem] About to explode Explosion_NonLethal from ExplosionTest<0x00000202D22E6BE0> ExplosionTest:27288 at <6920.36, 38.91, 1794.59> EXPLOSION range 4 dropoff 1
16:18:32.313 [ExplosionDamageSystem] About to explode Explosion_NonLethal from ExplosionTest<0x00000202D22EC1F0> ExplosionTest:27287 at <6432.65, 37.4, 2164.37> EXPLOSION range 4 dropoff 1
16:18:32.314 [ExplosionDamageSystem] About to explode Explosion_NonLethal from ExplosionTest<0x00000202D22E4F30> ExplosionTest:27286 at <8673.14, 16.31, 2421.43> EXPLOSION range 4 dropoff 1
16:18:32.316 [ExplosionDamageSystem] About to explode Explosion_NonLethal from ExplosionTest<0x00000202D22E9220> ExplosionTest:27285 at <5919.86, 40.59, 1813.37> EXPLOSION range 4 dropoff 1
16:18:32.316 [ExplosionDamageSystem] About to explode Explosion_NonLethal from ExplosionTest<0x00000202D22EB860> ExplosionTest:27284 at <6267.94, 10.24, 1128.96> EXPLOSION range 4 dropoff 1
16:18:32.318 [ExplosionDamageSystem] About to explode Explosion_NonLethal from ExplosionTest<0x00000202D22EAED0> ExplosionTest:27283 at <7302.34, 38.23, 2402.92> EXPLOSION range 4 dropoff 1
16:18:32.322 [ExplosionDamageSystem] About to explode Explosion_NonLethal from ExplosionTest<0x00000202D22E3280> ExplosionTest:27282 at <6966.08, 39.21, 1918.34> EXPLOSION range 4 dropoff 1
16:18:32.322 [ExplosionDamageSystem] About to explode Explosion_NonLethal from ExplosionTest<0x00000202D22E9BB0> ExplosionTest:27281 at <6842.11, 6.04, 1376.44> EXPLOSION range 4 dropoff 1
16:18:32.378 [ExplosionDamageSystem] About to explode Explosion_NonLethal from ExplosionTest<0x00000202D22E15D0> ExplosionTest:27280 at <6357.33, 33.03, 2156.55> EXPLOSION range 4 dropoff 1
16:18:32.380 [ExplosionDamageSystem] About to explode Explosion_NonLethal from ExplosionTest<0x00000202D22E1F60> ExplosionTest:27279 at <7127.84, 35.62, 2228.36> EXPLOSION range 4 dropoff 1
16:18:32.382 [ExplosionDamageSystem] About to explode Explosion_NonLethal from ExplosionTest<0x00000202D22E45A0> ExplosionTest:27278 at <6865.99, 39.27, 1903.76> EXPLOSION range 4 dropoff 1
16:18:32.389 [ExplosionDamageSystem] About to explode Explosion_NonLethal from ExplosionTest<0x00000202D22E28F0> ExplosionTest:27277 at <6802.25, 2.67, 1317.15> EXPLOSION range 4 dropoff 1
16:18:32.420 [ExplosionDamageSystem] About to explode Explosion_NonLethal from ExplosionTest<0x00000202D22E7570> ExplosionTest:27276 at <6607.17, 18.45, 1483.02> EXPLOSION range 4 dropoff 1
16:18:32.423 [ExplosionDamageSystem] About to explode Explosion_NonLethal from ExplosionTest<0x00000202D22E3C10> ExplosionTest:27275 at <8563.04, 26.45, 2367.8> EXPLOSION range 4 dropoff 1
16:18:32.440 [ExplosionDamageSystem] About to explode Explosion_NonLethal from ExplosionTest<0x00000202D22E02B0> ExplosionTest:27274 at <6361.9, 32.04, 1974.97> EXPLOSION range 4 dropoff 1
16:18:32.446 [ExplosionDamageSystem] About to explode Explosion_NonLethal from ExplosionTest<0x00000202D22E0C40> ExplosionTest:27273 at <7011.42, 8.32, 1498.34> EXPLOSION range 4 dropoff 1
16:18:32.446 [ExplosionDamageSystem] About to explode Explosion_NonLethal from ExplosionTest<0x00000202D22D8FF0> ExplosionTest:27272 at <7302.99, 38.67, 2704.24> EXPLOSION range 4 dropoff 1
16:18:32.450 [ExplosionDamageSystem] About to explode Explosion_NonLethal from ExplosionTest<0x00000202D22DF920> ExplosionTest:27271 at <6642.24, 3.1, 1444.55> EXPLOSION range 4 dropoff 1
16:18:32.450 [ExplosionDamageSystem] About to explode Explosion_NonLethal from ExplosionTest<0x00000202D22DEF90> ExplosionTest:27270 at <6360.86, 35.14, 2149.52> EXPLOSION range 4 dropoff 1
16:18:32.450 [ExplosionDamageSystem] About to explode Explosion_NonLethal from ExplosionTest<0x00000202D22D7CD0> ExplosionTest:27269 at <6820.06, 17.89, 1358.67> EXPLOSION range 4 dropoff 1
16:18:32.451 [ExplosionDamageSystem] About to explode Explosion_NonLethal from ExplosionTest<0x00000202D22DE600> ExplosionTest:27268 at <6813.51, 10.46, 1566.18> EXPLOSION range 4 dropoff 1
16:18:32.451 [ExplosionDamageSystem] About to explode Explosion_NonLethal from ExplosionTest<0x00000202D22DDC70> ExplosionTest:27267 at <6737.82, 40.16, 2016.06> EXPLOSION range 4 dropoff 1
16:18:32.454 [ExplosionDamageSystem] About to explode Explosion_NonLethal from ExplosionTest<0x00000202D22D8660> ExplosionTest:27266 at <6613.39, 18.26, 1485.45> EXPLOSION range 4 dropoff 1
16:18:32.454 [ExplosionDamageSystem] About to explode Explosion_NonLethal from ExplosionTest<0x00000202D22DB630> ExplosionTest:27265 at <6604.07, 18.93, 1488.1> EXPLOSION range 4 dropoff 1
16:18:32.454 [ExplosionDamageSystem] About to explode Explosion_NonLethal from ExplosionTest<0x00000202D22DD2E0> ExplosionTest:27264 at <6397.69, 22.24, 1528.26> EXPLOSION range 4 dropoff 1
16:18:32.455 [ExplosionDamageSystem] About to explode Explosion_NonLethal from ExplosionTest<0x00000202D22D9980> ExplosionTest:27263 at <6571.72, 8.11, 1366.55> EXPLOSION range 4 dropoff 1
16:18:32.455 [ExplosionDamageSystem] About to explode Explosion_NonLethal from ExplosionTest<0x00000202D22DC950> ExplosionTest:27262 at <6753.12, 39.78, 1922.68> EXPLOSION range 4 dropoff 1
16:18:32.461 [ExplosionDamageSystem] About to explode Explosion_NonLethal from ExplosionTest<0x00000202D22DBFC0> ExplosionTest:27261 at <7313.24, 36.75, 2332.26> EXPLOSION range 4 dropoff 1
16:18:32.465 [ExplosionDamageSystem] About to explode Explosion_NonLethal from ExplosionTest<0x00000202D22D7340> ExplosionTest:27260 at <6945.69, 3.94, 1492.87> EXPLOSION range 4 dropoff 1
16:18:32.466 [ExplosionDamageSystem] About to explode Explosion_NonLethal from ExplosionTest<0x00000202D22D4D00> ExplosionTest:27259 at <6976.02, 14.38, 1503.2> EXPLOSION range 4 dropoff 1
16:18:32.466 [ExplosionDamageSystem] About to explode Explosion_NonLethal from ExplosionTest<0x00000202D22D69B0> ExplosionTest:27258 at <6750.35, 9.35, 1542.05> EXPLOSION range 4 dropoff 1
16:18:32.466 [ExplosionDamageSystem] About to explode Explosion_NonLethal from ExplosionTest<0x00000202D22D5690> ExplosionTest:27257 at <6186.05, 16.42, 1062.77> EXPLOSION range 4 dropoff 1
16:18:32.467 [ExplosionDamageSystem] About to explode Explosion_NonLethal from ExplosionTest<0x00000202D22DACA0> ExplosionTest:27256 at <6755.37, 43.01, 2058.87> EXPLOSION range 4 dropoff 1
16:18:32.489 [ExplosionDamageSystem] About to explode Explosion_NonLethal from ExplosionTest<0x00000202D22DA310> ExplosionTest:27255 at <7216.32, 9.23, 1274.55> EXPLOSION range 4 dropoff 1
16:18:32.493 [ExplosionDamageSystem] About to explode Explosion_NonLethal from ExplosionTest<0x00000202D22D0080> ExplosionTest:27254 at <6959.77, 39.92, 1875.6> EXPLOSION range 4 dropoff 1
16:18:32.493 [ExplosionDamageSystem] About to explode Explosion_NonLethal from ExplosionTest<0x00000202D22D4370> ExplosionTest:27253 at <6925.5, 3.05, 1469.15> EXPLOSION range 4 dropoff 1
16:18:32.493 [ExplosionDamageSystem] About to explode Explosion_NonLethal from ExplosionTest<0x00000202D22D13A0> ExplosionTest:27252 at <6697.34, 11.5, 1479.9> EXPLOSION range 4 dropoff 1
16:18:32.494 [ExplosionDamageSystem] About to explode Explosion_NonLethal from ExplosionTest<0x00000202D22D39E0> ExplosionTest:27251 at <6752.54, 39.21, 2009.76> EXPLOSION range 4 dropoff 1
16:23:31.324 [MissionAirdrop] An airdrop is heading towards "Ruskovce" (pos=<1450.307129, 0.000000, 4046.354736> type=Random_Ruskovce) with a ExpansionAirdropContainer_Military
16:40:48.401 [AI Object Patrol 00008] Spawning 1 West bots at <7172.015137, 511.196106, 11670.177734>
16:40:48.684 [AI Object Patrol 00008] Global patrol count: 1
16:40:48.685 [AI Object Patrol 00008] Global Expansion AI count: 2 alive, 0 deceased
16:40:48.686 [AI Object Patrol 00008] MilitaryRoaming category patrol count: 1
16:40:48.716 [AI Object Patrol 00006] Spawning 1 West bots at <7188.092285, 250.958786, 11621.670898>
16:40:48.804 [AI Object Patrol 00006] Global patrol count: 2
16:40:48.804 [AI Object Patrol 00006] Global Expansion AI count: 3 alive, 0 deceased
16:40:48.804 [AI Object Patrol 00006] MilitaryRoaming category patrol count: 2
16:40:48.852 [AI Object Patrol 00007] Spawning 1 West bots at <7173.888184, 286.886047, 11622.039063>
16:40:48.918 [AI Object Patrol 00007] Global patrol count: 3
16:40:48.919 [AI Object Patrol 00007] Global Expansion AI count: 4 alive, 0 deceased
16:40:48.919 [AI Object Patrol 00007] MilitaryRoaming category patrol count: 3
16:40:49.035 [AI Object Patrol 00005] Spawning 1 West bots at <7173.708496, 286.886047, 11581.824219>
16:40:49.097 [AI Object Patrol 00005] Global patrol count: 4
16:40:49.097 [AI Object Patrol 00005] Global Expansion AI count: 5 alive, 0 deceased
16:40:49.097 [AI Object Patrol 00005] MilitaryRoaming category patrol count: 4
16:51:06.716 [AI Object Patrol 00008] Despawning 1 West bots (spawn position <7172.015137, 511.196106, 11670.177734>, 0/1 deceased)
16:51:06.717 [AI Object Patrol 00008] Global patrol count: 3
16:51:06.717 [AI Object Patrol 00008] Global Expansion AI count: 4 alive, 0 deceased
16:51:06.717 [AI Object Patrol 00008] MilitaryRoaming category patrol count: 3
16:51:06.850 [AI Object Patrol 00006] Despawning 1 West bots (spawn position <7188.092285, 250.958786, 11621.670898>, 0/1 deceased)
16:51:06.850 [AI Object Patrol 00006] Global patrol count: 2
16:51:06.850 [AI Object Patrol 00006] Global Expansion AI count: 3 alive, 0 deceased
16:51:06.850 [AI Object Patrol 00006] MilitaryRoaming category patrol count: 2
16:51:06.962 [AI Object Patrol 00007] Despawning 1 West bots (spawn position <7173.888184, 286.886047, 11622.039063>, 0/1 deceased)
16:51:06.962 [AI Object Patrol 00007] Global patrol count: 1
16:51:06.962 [AI Object Patrol 00007] Global Expansion AI count: 2 alive, 0 deceased
16:51:06.962 [AI Object Patrol 00007] MilitaryRoaming category patrol count: 1
16:51:07.353 [AI Object Patrol 00005] Despawning 1 West bots (spawn position <7173.708496, 286.886047, 11581.824219>, 0/1 deceased)
16:51:07.353 [AI Object Patrol 00005] Global patrol count: 0
16:51:07.353 [AI Object Patrol 00005] Global Expansion AI count: 1 alive, 0 deceased
16:51:07.354 [AI Object Patrol 00005] MilitaryRoaming category patrol count: 0
