23:06:05.620 [ExplosionDamageSystem] About to explode Explosion_NonLethal from ExplosionTest<0x00000191664BA0D0> ExplosionTest:18970 at <5684.38, 224.84, 2925.17> EXPLOSION range 4 dropoff 1
23:06:05.625 [ExplosionDamageSystem] About to explode Explosion_NonLethal from ExplosionTest<0x00000191664B37A0> ExplosionTest:18969 at <6407.47, 231.78, 1643.58> EXPLOSION range 4 dropoff 1
23:06:05.638 [ExplosionDamageSystem] About to explode Explosion_NonLethal from ExplosionTest<0x00000191664B6770> ExplosionTest:18968 at <5684.92, 221.63, 2837.52> EXPLOSION range 4 dropoff 1
23:06:05.646 [ExplosionDamageSystem] About to explode Explosion_NonLethal from ExplosionTest<0x00000191664B8DB0> ExplosionTest:18967 at <13048.4, 309.5, 466.33> EXPLOSION range 4 dropoff 1
23:06:05.647 [ExplosionDamageSystem] About to explode Explosion_NonLethal from ExplosionTest<0x00000191664B9740> ExplosionTest:18966 at <13043.2, 309.5, 444.12> EXPLOSION range 4 dropoff 1
23:06:05.648 [ExplosionDamageSystem] About to explode Explosion_NonLethal from ExplosionTest<0x00000191664B2E10> ExplosionTest:18965 at <6324.24, 236.49, 1771.94> EXPLOSION range 4 dropoff 1
23:06:05.652 [ExplosionDamageSystem] About to explode Explosion_NonLethal from ExplosionTest<0x00000191664B4130> ExplosionTest:18964 at <5998.45, 219.63, 1478.46> EXPLOSION range 4 dropoff 1
23:06:05.659 [ExplosionDamageSystem] About to explode Explosion_NonLethal from ExplosionTest<0x00000191664B7A90> ExplosionTest:18963 at <5775.53, 196.09, 1972.25> EXPLOSION range 4 dropoff 1
23:06:05.682 [ExplosionDamageSystem] About to explode Explosion_NonLethal from ExplosionTest<0x00000191664B7100> ExplosionTest:18962 at <5149.66, 193.83, 541.45> EXPLOSION range 4 dropoff 1
23:06:05.688 [ExplosionDamageSystem] About to explode Explosion_NonLethal from ExplosionTest<0x00000191664B2480> ExplosionTest:18961 at <5648.26, 208.92, 1645.55> EXPLOSION range 4 dropoff 1
23:06:05.693 [ExplosionDamageSystem] About to explode Explosion_NonLethal from ExplosionTest<0x00000191664B1AF0> ExplosionTest:18960 at <5535.18, 197.55, 2548.03> EXPLOSION range 4 dropoff 1
23:06:05.712 [ExplosionDamageSystem] About to explode Explosion_NonLethal from ExplosionTest<0x00000191664B1160> ExplosionTest:18959 at <5758.92, 197.91, 1790.89> EXPLOSION range 4 dropoff 1
23:06:05.731 [ExplosionDamageSystem] About to explode Explosion_NonLethal from ExplosionTest<0x00000191664B07D0> ExplosionTest:18958 at <5695.38, 222.38, 2919.35> EXPLOSION range 4 dropoff 1
23:06:05.731 [ExplosionDamageSystem] About to explode Explosion_NonLethal from ExplosionTest<0x00000191664AFE40> ExplosionTest:18957 at <5912.53, 217.71, 1104.88> EXPLOSION range 4 dropoff 1
23:06:05.734 [ExplosionDamageSystem] About to explode Explosion_NonLethal from ExplosionTest<0x00000191664A8B80> ExplosionTest:18956 at <5668.93, 202.3, 2760.45> EXPLOSION range 4 dropoff 1
23:06:05.738 [ExplosionDamageSystem] About to explode Explosion_NonLethal from ExplosionTest<0x00000191664AF4B0> ExplosionTest:18955 at <5915.74, 218.39, 1112.18> EXPLOSION range 4 dropoff 1
23:06:05.740 [ExplosionDamageSystem] About to explode Explosion_NonLethal from ExplosionTest<0x00000191664AEB20> ExplosionTest:18954 at <5630.98, 210.49, 1807.22> EXPLOSION range 4 dropoff 1
23:06:05.748 [ExplosionDamageSystem] About to explode Explosion_NonLethal from ExplosionTest<0x00000191664A7860> ExplosionTest:18953 at <6222.25, 216.47, 1827.1> EXPLOSION range 4 dropoff 1
23:06:05.793 [ExplosionDamageSystem] About to explode Explosion_NonLethal from ExplosionTest<0x00000191664AE190> ExplosionTest:18952 at <5995.63, 217.29, 1406.62> EXPLOSION range 4 dropoff 1
23:06:05.807 [ExplosionDamageSystem] About to explode Explosion_NonLethal from ExplosionTest<0x00000191664A6ED0> ExplosionTest:18951 at <5667.12, 215.29, 2752.32> EXPLOSION range 4 dropoff 1
23:06:05.807 [ExplosionDamageSystem] About to explode Explosion_NonLethal from ExplosionTest<0x00000191664AD800> ExplosionTest:18950 at <6008.56, 212.05, 2390.56> EXPLOSION range 4 dropoff 1
23:06:05.855 [ExplosionDamageSystem] About to explode Explosion_NonLethal from ExplosionTest<0x00000191664A6540> ExplosionTest:18949 at <6296.18, 222.24, 2054.69> EXPLOSION range 4 dropoff 1
23:06:05.863 [ExplosionDamageSystem] About to explode Explosion_NonLethal from ExplosionTest<0x00000191664A81F0> ExplosionTest:18948 at <5731.55, 210.91, 1484.27> EXPLOSION range 4 dropoff 1
23:06:05.869 [ExplosionDamageSystem] About to explode Explosion_NonLethal from ExplosionTest<0x00000191664ACE70> ExplosionTest:18947 at <9972.06, 251.26, 1607.89> EXPLOSION range 4 dropoff 1
23:06:05.880 [ExplosionDamageSystem] About to explode Explosion_NonLethal from ExplosionTest<0x00000191664ABB50> ExplosionTest:18946 at <6417.06, 248.58, 1370.06> EXPLOSION range 4 dropoff 1
23:06:05.883 [ExplosionDamageSystem] About to explode Explosion_NonLethal from ExplosionTest<0x00000191664AB1C0> ExplosionTest:18945 at <9789.18, 262.56, 1541.26> EXPLOSION range 4 dropoff 1
23:06:05.887 [ExplosionDamageSystem] About to explode Explosion_NonLethal from ExplosionTest<0x00000191664AC4E0> ExplosionTest:18944 at <5916.61, 214.14, 1541.18> EXPLOSION range 4 dropoff 1
23:06:05.887 [ExplosionDamageSystem] About to explode Explosion_NonLethal from ExplosionTest<0x00000191664AA830> ExplosionTest:18943 at <5391.53, 201.33, 2555.67> EXPLOSION range 4 dropoff 1
23:06:05.905 [ExplosionDamageSystem] About to explode Explosion_NonLethal from ExplosionTest<0x00000191664A5BB0> ExplosionTest:18942 at <6244.49, 218.52, 2363.2> EXPLOSION range 4 dropoff 1
23:06:05.916 [ExplosionDamageSystem] About to explode Explosion_NonLethal from ExplosionTest<0x00000191664A9EA0> ExplosionTest:18941 at <5711.24, 205.76, 1622.81> EXPLOSION range 4 dropoff 1
23:06:05.918 [ExplosionDamageSystem] About to explode Explosion_NonLethal from ExplosionTest<0x00000191664A9510> ExplosionTest:18940 at <6292.02, 232.1, 2352.49> EXPLOSION range 4 dropoff 1
23:06:05.919 [ExplosionDamageSystem] About to explode Explosion_NonLethal from ExplosionTest<0x000001916649E8F0> ExplosionTest:18939 at <5417.12, 212.74, 2786.59> EXPLOSION range 4 dropoff 1
23:06:05.920 [ExplosionDamageSystem] About to explode Explosion_NonLethal from ExplosionTest<0x00000191664A5220> ExplosionTest:18938 at <5708.07, 212.59, 2573.51> EXPLOSION range 4 dropoff 1
23:06:05.924 [ExplosionDamageSystem] About to explode Explosion_NonLethal from ExplosionTest<0x00000191664A3F00> ExplosionTest:18937 at <5552.91, 214.32, 2882.77> EXPLOSION range 4 dropoff 1
23:06:05.929 [ExplosionDamageSystem] About to explode Explosion_NonLethal from ExplosionTest<0x00000191664A4890> ExplosionTest:18936 at <6206.45, 233.83, 1661.56> EXPLOSION range 4 dropoff 1
23:06:05.936 [ExplosionDamageSystem] About to explode Explosion_NonLethal from ExplosionTest<0x00000191664A2BE0> ExplosionTest:18935 at <7391.93, 244.15, 1550.08> EXPLOSION range 4 dropoff 1
23:06:05.938 [ExplosionDamageSystem] About to explode Explosion_NonLethal from ExplosionTest<0x00000191664A3570> ExplosionTest:18934 at <5615.93, 212.22, 1858.76> EXPLOSION range 4 dropoff 1
23:06:05.941 [ExplosionDamageSystem] About to explode Explosion_NonLethal from ExplosionTest<0x00000191664A2250> ExplosionTest:18933 at <5612.61, 211, 2729.43> EXPLOSION range 4 dropoff 1
23:06:05.941 [ExplosionDamageSystem] About to explode Explosion_NonLethal from ExplosionTest<0x00000191664A0F30> ExplosionTest:18932 at <5486.25, 215.74, 2765.71> EXPLOSION range 4 dropoff 1
23:06:05.943 [ExplosionDamageSystem] About to explode Explosion_NonLethal from ExplosionTest<0x000001916649FC10> ExplosionTest:18931 at <5707.17, 197.36, 2435.55> EXPLOSION range 4 dropoff 1
23:06:05.950 [ExplosionDamageSystem] About to explode Explosion_NonLethal from ExplosionTest<0x000001916649DF60> ExplosionTest:18930 at <5392.79, 196.11, 1698.29> EXPLOSION range 4 dropoff 1
23:06:05.953 [ExplosionDamageSystem] About to explode Explosion_NonLethal from ExplosionTest<0x00000191664A18C0> ExplosionTest:18929 at <6216.54, 232.37, 2237.18> EXPLOSION range 4 dropoff 1
23:06:05.967 [ExplosionDamageSystem] About to explode Explosion_NonLethal from ExplosionTest<0x00000191664A05A0> ExplosionTest:18928 at <4933.74, 192.96, 533.74> EXPLOSION range 4 dropoff 1
23:06:05.977 [ExplosionDamageSystem] About to explode Explosion_NonLethal from ExplosionTest<0x000001916649D5D0> ExplosionTest:18927 at <10162.8, 289.08, 2364.2> EXPLOSION range 4 dropoff 1
23:06:05.978 [ExplosionDamageSystem] About to explode Explosion_NonLethal from ExplosionTest<0x000001916649F280> ExplosionTest:18926 at <5409.41, 213.31, 1634.48> EXPLOSION range 4 dropoff 1
23:06:05.978 [ExplosionDamageSystem] About to explode Explosion_NonLethal from ExplosionTest<0x0000019166496310> ExplosionTest:18925 at <5460.2, 198.15, 2729.67> EXPLOSION range 4 dropoff 1
23:06:05.978 [ExplosionDamageSystem] About to explode Explosion_NonLethal from ExplosionTest<0x000001916649CC40> ExplosionTest:18924 at <5428.15, 198.34, 2585.95> EXPLOSION range 4 dropoff 1
23:06:05.979 [ExplosionDamageSystem] About to explode Explosion_NonLethal from ExplosionTest<0x0000019166495980> ExplosionTest:18923 at <6227.36, 218.3, 1739.6> EXPLOSION range 4 dropoff 1
23:06:05.979 [ExplosionDamageSystem] About to explode Explosion_NonLethal from ExplosionTest<0x0000019166497630> ExplosionTest:18922 at <5760.75, 200.5, 1619.41> EXPLOSION range 4 dropoff 1
23:06:05.982 [ExplosionDamageSystem] About to explode Explosion_NonLethal from ExplosionTest<0x0000019166499C70> ExplosionTest:18921 at <6342.42, 236.49, 1762.74> EXPLOSION range 4 dropoff 1
23:06:05.983 [ExplosionDamageSystem] About to explode Explosion_NonLethal from ExplosionTest<0x0000019166498950> ExplosionTest:18920 at <5538.7, 215.13, 2899.93> EXPLOSION range 4 dropoff 1
23:06:05.987 [ExplosionDamageSystem] About to explode Explosion_NonLethal from ExplosionTest<0x0000019166496CA0> ExplosionTest:18919 at <5956.81, 217.65, 2557.6> EXPLOSION range 4 dropoff 1
23:06:05.998 [ExplosionDamageSystem] About to explode Explosion_NonLethal from ExplosionTest<0x000001916649C2B0> ExplosionTest:18918 at <6078.15, 217.81, 1883.43> EXPLOSION range 4 dropoff 1
23:06:06.023 [ExplosionDamageSystem] About to explode Explosion_NonLethal from ExplosionTest<0x0000019166497FC0> ExplosionTest:18917 at <6180.68, 216.19, 1806.76> EXPLOSION range 4 dropoff 1
23:06:06.027 [ExplosionDamageSystem] About to explode Explosion_NonLethal from ExplosionTest<0x000001916649B920> ExplosionTest:18916 at <6133.98, 217.75, 1878.58> EXPLOSION range 4 dropoff 1
23:11:05.887 [MissionAirdrop] An airdrop is heading towards "Lutov" (pos=<7907.857910, 0.000000, 7797.180176> type=Random_Lutov) with a ExpansionAirdropContainer_Basebuilding
