20:51:01.623 [ExplosionDamageSystem] About to explode Explosion_NonLethal from ExplosionTest<0x000002083E62C960> ExplosionTest:26545 at <6817.98, 39.1, 1904.46> EXPLOSION range 4 dropoff 1
20:51:01.636 [ExplosionDamageSystem] About to explode Explosion_NonLethal from ExplosionTest<0x000002083E6256A0> ExplosionTest:26544 at <6373.95, 32.03, 2049.95> EXPLOSION range 4 dropoff 1
20:51:01.642 [ExplosionDamageSystem] About to explode Explosion_NonLethal from ExplosionTest<0x000002083E629000> ExplosionTest:26543 at <6786.18, 3.21, 1565.37> EXPLOSION range 4 dropoff 1
20:51:01.643 [ExplosionDamageSystem] About to explode Explosion_NonLethal from ExplosionTest<0x000002083E626030> ExplosionTest:26542 at <7118.31, 4, 1330.6> EXPLOSION range 4 dropoff 1
20:51:01.645 [ExplosionDamageSystem] About to explode Explosion_NonLethal from ExplosionTest<0x000002083E627CE0> ExplosionTest:26541 at <6912.4, 3.69, 1453.08> EXPLOSION range 4 dropoff 1
20:51:01.646 [ExplosionDamageSystem] About to explode Explosion_NonLethal from ExplosionTest<0x000002083E62BFD0> ExplosionTest:26540 at <8163.43, 9.71, 1786.38> EXPLOSION range 4 dropoff 1
20:51:01.649 [ExplosionDamageSystem] About to explode Explosion_NonLethal from ExplosionTest<0x000002083E62ACB0> ExplosionTest:26539 at <7111.12, 4.05, 1346.22> EXPLOSION range 4 dropoff 1
20:51:01.650 [ExplosionDamageSystem] About to explode Explosion_NonLethal from ExplosionTest<0x000002083E62A320> ExplosionTest:26538 at <6497.99, 2.89, 1372.66> EXPLOSION range 4 dropoff 1
20:51:01.650 [ExplosionDamageSystem] About to explode Explosion_NonLethal from ExplosionTest<0x000002083E62B640> ExplosionTest:26537 at <6895.57, 3.26, 1549.28> EXPLOSION range 4 dropoff 1
20:51:01.654 [ExplosionDamageSystem] About to explode Explosion_NonLethal from ExplosionTest<0x000002083E627350> ExplosionTest:26536 at <6634.57, 3.15, 1471.42> EXPLOSION range 4 dropoff 1
20:51:01.656 [ExplosionDamageSystem] About to explode Explosion_NonLethal from ExplosionTest<0x000002083E628670> ExplosionTest:26535 at <6750.88, 39.16, 2016.31> EXPLOSION range 4 dropoff 1
20:51:01.661 [ExplosionDamageSystem] About to explode Explosion_NonLethal from ExplosionTest<0x000002083E61E3E0> ExplosionTest:26534 at <6649.95, 7.51, 1374.12> EXPLOSION range 4 dropoff 1
20:51:01.662 [ExplosionDamageSystem] About to explode Explosion_NonLethal from ExplosionTest<0x000002083E6239F0> ExplosionTest:26533 at <6839.42, 55.92, 1857.13> EXPLOSION range 4 dropoff 1
20:51:01.668 [ExplosionDamageSystem] About to explode Explosion_NonLethal from ExplosionTest<0x000002083E623060> ExplosionTest:26532 at <6865.23, 39.78, 2031.03> EXPLOSION range 4 dropoff 1
20:51:01.683 [ExplosionDamageSystem] About to explode Explosion_NonLethal from ExplosionTest<0x000002083E621D40> ExplosionTest:26531 at <6008.33, 33.07, 1936.42> EXPLOSION range 4 dropoff 1
20:51:01.688 [ExplosionDamageSystem] About to explode Explosion_NonLethal from ExplosionTest<0x000002083E624D10> ExplosionTest:26530 at <7034.26, 46.11, 2083.28> EXPLOSION range 4 dropoff 1
20:51:01.730 [ExplosionDamageSystem] About to explode Explosion_NonLethal from ExplosionTest<0x000002083E6213B0> ExplosionTest:26529 at <6752.7, 46.52, 2005.42> EXPLOSION range 4 dropoff 1
20:51:01.733 [ExplosionDamageSystem] About to explode Explosion_NonLethal from ExplosionTest<0x000002083E61F700> ExplosionTest:26528 at <6908.36, 39.16, 1898.06> EXPLOSION range 4 dropoff 1
20:51:01.747 [ExplosionDamageSystem] About to explode Explosion_NonLethal from ExplosionTest<0x000002083E624380> ExplosionTest:26527 at <8370.04, 30.71, 2196.38> EXPLOSION range 4 dropoff 1
20:51:01.760 [ExplosionDamageSystem] About to explode Explosion_NonLethal from ExplosionTest<0x000002083E620090> ExplosionTest:26526 at <6955.86, 39.01, 1944.73> EXPLOSION range 4 dropoff 1
20:51:01.764 [ExplosionDamageSystem] About to explode Explosion_NonLethal from ExplosionTest<0x000002083E6226D0> ExplosionTest:26525 at <6920.55, 38.91, 1794.6> EXPLOSION range 4 dropoff 1
20:51:01.766 [ExplosionDamageSystem] About to explode Explosion_NonLethal from ExplosionTest<0x000002083E61ED70> ExplosionTest:26524 at <6691.72, 11.14, 1347.37> EXPLOSION range 4 dropoff 1
20:51:01.767 [ExplosionDamageSystem] About to explode Explosion_NonLethal from ExplosionTest<0x000002083E61DA50> ExplosionTest:26523 at <6620.38, 18.07, 1490.62> EXPLOSION range 4 dropoff 1
20:51:01.771 [ExplosionDamageSystem] About to explode Explosion_NonLethal from ExplosionTest<0x000002083E620A20> ExplosionTest:26522 at <6918.16, 42.2, 1944.93> EXPLOSION range 4 dropoff 1
20:51:01.774 [ExplosionDamageSystem] About to explode Explosion_NonLethal from ExplosionTest<0x000002083E616790> ExplosionTest:26521 at <6813.94, 3.2, 1549.17> EXPLOSION range 4 dropoff 1
20:51:01.775 [ExplosionDamageSystem] About to explode Explosion_NonLethal from ExplosionTest<0x000002083E61D0C0> ExplosionTest:26520 at <6904.2, 39.16, 1899.71> EXPLOSION range 4 dropoff 1
20:51:01.776 [ExplosionDamageSystem] About to explode Explosion_NonLethal from ExplosionTest<0x000002083E61C730> ExplosionTest:26519 at <6754.46, 39.33, 1993> EXPLOSION range 4 dropoff 1
20:51:01.776 [ExplosionDamageSystem] About to explode Explosion_NonLethal from ExplosionTest<0x000002083E615E00> ExplosionTest:26518 at <6945.78, 39.23, 1826.34> EXPLOSION range 4 dropoff 1
20:51:01.779 [ExplosionDamageSystem] About to explode Explosion_NonLethal from ExplosionTest<0x000002083E615470> ExplosionTest:26517 at <6638.14, 2.95, 1372.97> EXPLOSION range 4 dropoff 1
20:51:01.779 [ExplosionDamageSystem] About to explode Explosion_NonLethal from ExplosionTest<0x000002083E61AA80> ExplosionTest:26516 at <6953.64, 39.66, 1957.35> EXPLOSION range 4 dropoff 1
20:51:01.783 [ExplosionDamageSystem] About to explode Explosion_NonLethal from ExplosionTest<0x000002083E619760> ExplosionTest:26515 at <6943.1, 39, 1875.4> EXPLOSION range 4 dropoff 1
20:51:01.784 [ExplosionDamageSystem] About to explode Explosion_NonLethal from ExplosionTest<0x000002083E617AB0> ExplosionTest:26514 at <6267.67, 4.57, 1331.99> EXPLOSION range 4 dropoff 1
20:51:01.785 [ExplosionDamageSystem] About to explode Explosion_NonLethal from ExplosionTest<0x000002083E61BDA0> ExplosionTest:26513 at <7276.55, 41.39, 2319.12> EXPLOSION range 4 dropoff 1
20:51:01.789 [ExplosionDamageSystem] About to explode Explosion_NonLethal from ExplosionTest<0x000002083E618440> ExplosionTest:26512 at <6407.84, 32.01, 2203.2> EXPLOSION range 4 dropoff 1
20:51:01.801 [ExplosionDamageSystem] About to explode Explosion_NonLethal from ExplosionTest<0x000002083E617120> ExplosionTest:26511 at <6932.96, 39.19, 2033.77> EXPLOSION range 4 dropoff 1
20:51:01.805 [ExplosionDamageSystem] About to explode Explosion_NonLethal from ExplosionTest<0x000002083E61A0F0> ExplosionTest:26510 at <6666.96, 3.57, 1353.43> EXPLOSION range 4 dropoff 1
20:51:01.806 [ExplosionDamageSystem] About to explode Explosion_NonLethal from ExplosionTest<0x000002083E61B410> ExplosionTest:26509 at <7027.52, 46.14, 2062.52> EXPLOSION range 4 dropoff 1
20:51:01.808 [ExplosionDamageSystem] About to explode Explosion_NonLethal from ExplosionTest<0x000002083E618DD0> ExplosionTest:26508 at <7025.33, 46.11, 2042.46> EXPLOSION range 4 dropoff 1
20:51:01.811 [ExplosionDamageSystem] About to explode Explosion_NonLethal from ExplosionTest<0x000002083E614AE0> ExplosionTest:26507 at <6652.01, 3.24, 1410.33> EXPLOSION range 4 dropoff 1
20:51:01.812 [ExplosionDamageSystem] About to explode Explosion_NonLethal from ExplosionTest<0x000002083E614150> ExplosionTest:26506 at <6812.77, 5.22, 1485.89> EXPLOSION range 4 dropoff 1
20:51:01.822 [ExplosionDamageSystem] About to explode Explosion_NonLethal from ExplosionTest<0x000002083E60CE90> ExplosionTest:26505 at <6927.74, 39.22, 1830.05> EXPLOSION range 4 dropoff 1
20:51:01.825 [ExplosionDamageSystem] About to explode Explosion_NonLethal from ExplosionTest<0x000002083E6137C0> ExplosionTest:26504 at <6919.31, 7.66, 1532.85> EXPLOSION range 4 dropoff 1
20:51:01.825 [ExplosionDamageSystem] About to explode Explosion_NonLethal from ExplosionTest<0x000002083E612E30> ExplosionTest:26503 at <7255.77, 39.3, 2268.54> EXPLOSION range 4 dropoff 1
20:51:01.830 [ExplosionDamageSystem] About to explode Explosion_NonLethal from ExplosionTest<0x000002083E60D820> ExplosionTest:26502 at <6994.72, 6.3, 1503.4> EXPLOSION range 4 dropoff 1
20:51:01.831 [ExplosionDamageSystem] About to explode Explosion_NonLethal from ExplosionTest<0x000002083E6124A0> ExplosionTest:26501 at <6404.71, 22.26, 1509.26> EXPLOSION range 4 dropoff 1
20:51:01.831 [ExplosionDamageSystem] About to explode Explosion_NonLethal from ExplosionTest<0x000002083E60BB70> ExplosionTest:26500 at <6832.19, 41.74, 1944.96> EXPLOSION range 4 dropoff 1
20:51:01.838 [ExplosionDamageSystem] About to explode Explosion_NonLethal from ExplosionTest<0x000002083E60F4D0> ExplosionTest:26499 at <6906.77, 39.16, 1829.2> EXPLOSION range 4 dropoff 1
20:51:01.840 [ExplosionDamageSystem] About to explode Explosion_NonLethal from ExplosionTest<0x000002083E611B10> ExplosionTest:26498 at <7053.9, 46.6, 2066.88> EXPLOSION range 4 dropoff 1
20:51:01.845 [ExplosionDamageSystem] About to explode Explosion_NonLethal from ExplosionTest<0x000002083E60C500> ExplosionTest:26497 at <6910.32, 38.74, 2091.24> EXPLOSION range 4 dropoff 1
20:51:01.847 [ExplosionDamageSystem] About to explode Explosion_NonLethal from ExplosionTest<0x000002083E60EB40> ExplosionTest:26496 at <6658.14, 2.89, 1332.82> EXPLOSION range 4 dropoff 1
20:51:01.848 [ExplosionDamageSystem] About to explode Explosion_NonLethal from ExplosionTest<0x000002083E611180> ExplosionTest:26495 at <6695.15, 3.64, 1479.02> EXPLOSION range 4 dropoff 1
20:51:01.849 [ExplosionDamageSystem] About to explode Explosion_NonLethal from ExplosionTest<0x000002083E60E1B0> ExplosionTest:26494 at <6802.8, 29.3, 1813.33> EXPLOSION range 4 dropoff 1
20:51:01.850 [ExplosionDamageSystem] About to explode Explosion_NonLethal from ExplosionTest<0x000002083E60FE60> ExplosionTest:26493 at <6956.29, 39.71, 1792.94> EXPLOSION range 4 dropoff 1
20:51:01.851 [ExplosionDamageSystem] About to explode Explosion_NonLethal from ExplosionTest<0x000002083E60A850> ExplosionTest:26492 at <7240.8, 36.23, 2257.77> EXPLOSION range 4 dropoff 1
20:51:01.851 [ExplosionDamageSystem] About to explode Explosion_NonLethal from ExplosionTest<0x000002083E60B1E0> ExplosionTest:26491 at <6790.22, 28.8, 1860.73> EXPLOSION range 4 dropoff 1
