22:12:19.503 [ExplosionDamageSystem] About to explode Explosion_NonLethal from ExplosionTest<0x0000026E47A19E30> ExplosionTest:26497 at <6852.28, 40.22, 2033.73> EXPLOSION range 4 dropoff 1
22:12:19.521 [ExplosionDamageSystem] About to explode Explosion_NonLethal from ExplosionTest<0x0000026E47A16E60> ExplosionTest:26496 at <6940.4, 39, 1874.33> EXPLOSION range 4 dropoff 1
22:12:19.536 [ExplosionDamageSystem] About to explode Explosion_NonLethal from ExplosionTest<0x0000026E47A177F0> ExplosionTest:26495 at <6927.77, 3.05, 1471.05> EXPLOSION range 4 dropoff 1
22:12:19.537 [ExplosionDamageSystem] About to explode Explosion_NonLethal from ExplosionTest<0x0000026E47A151B0> ExplosionTest:26494 at <6650.53, 3.15, 1409.86> EXPLOSION range 4 dropoff 1
22:12:19.537 [ExplosionDamageSystem] About to explode Explosion_NonLethal from ExplosionTest<0x0000026E47A14820> ExplosionTest:26493 at <6868.07, 39.03, 2041.65> EXPLOSION range 4 dropoff 1
22:12:19.538 [ExplosionDamageSystem] About to explode Explosion_NonLethal from ExplosionTest<0x0000026E47A0D560> ExplosionTest:26492 at <6685.57, 3.14, 1417.75> EXPLOSION range 4 dropoff 1
22:12:19.538 [ExplosionDamageSystem] About to explode Explosion_NonLethal from ExplosionTest<0x0000026E47A13E90> ExplosionTest:26491 at <7059.77, 45.35, 1821.69> EXPLOSION range 4 dropoff 1
22:12:19.539 [ExplosionDamageSystem] About to explode Explosion_NonLethal from ExplosionTest<0x0000026E47A12B70> ExplosionTest:26490 at <6924.14, 3.82, 1465.54> EXPLOSION range 4 dropoff 1
22:12:19.539 [ExplosionDamageSystem] About to explode Explosion_NonLethal from ExplosionTest<0x0000026E47A11850> ExplosionTest:26489 at <6962.81, 39.13, 1948.36> EXPLOSION range 4 dropoff 1
22:12:19.544 [ExplosionDamageSystem] About to explode Explosion_NonLethal from ExplosionTest<0x0000026E47A0CBD0> ExplosionTest:26488 at <6786.2, 4.1, 1565.47> EXPLOSION range 4 dropoff 1
22:12:19.545 [ExplosionDamageSystem] About to explode Explosion_NonLethal from ExplosionTest<0x0000026E47A13500> ExplosionTest:26487 at <6757.02, 39.84, 1941.93> EXPLOSION range 4 dropoff 1
22:12:19.559 [ExplosionDamageSystem] About to explode Explosion_NonLethal from ExplosionTest<0x0000026E47A10EC0> ExplosionTest:26486 at <6956.49, 39.06, 1879.17> EXPLOSION range 4 dropoff 1
22:12:19.560 [ExplosionDamageSystem] About to explode Explosion_NonLethal from ExplosionTest<0x0000026E47A0FBA0> ExplosionTest:26485 at <6930.5, 3, 1457.28> EXPLOSION range 4 dropoff 1
22:12:19.560 [ExplosionDamageSystem] About to explode Explosion_NonLethal from ExplosionTest<0x0000026E47A0DEF0> ExplosionTest:26484 at <6713.58, 40.12, 1994.02> EXPLOSION range 4 dropoff 1
22:12:19.563 [ExplosionDamageSystem] About to explode Explosion_NonLethal from ExplosionTest<0x0000026E47A10530> ExplosionTest:26483 at <6486.52, 2.84, 1366.57> EXPLOSION range 4 dropoff 1
22:12:19.564 [ExplosionDamageSystem] About to explode Explosion_NonLethal from ExplosionTest<0x0000026E47A121E0> ExplosionTest:26482 at <6604.73, 18.07, 1488.9> EXPLOSION range 4 dropoff 1
22:12:19.576 [ExplosionDamageSystem] About to explode Explosion_NonLethal from ExplosionTest<0x0000026E47A0F210> ExplosionTest:26481 at <6937.44, 2.88, 1394.85> EXPLOSION range 4 dropoff 1
22:12:19.578 [ExplosionDamageSystem] About to explode Explosion_NonLethal from ExplosionTest<0x0000026E47A0C240> ExplosionTest:26480 at <6909.79, 2.85, 1466.46> EXPLOSION range 4 dropoff 1
22:12:19.579 [ExplosionDamageSystem] About to explode Explosion_NonLethal from ExplosionTest<0x0000026E47A0E880> ExplosionTest:26479 at <6977.14, 39.3, 1894.74> EXPLOSION range 4 dropoff 1
22:12:19.579 [ExplosionDamageSystem] About to explode Explosion_NonLethal from ExplosionTest<0x0000026E47A04F80> ExplosionTest:26478 at <6943.66, 39.96, 1873.11> EXPLOSION range 4 dropoff 1
22:12:19.579 [ExplosionDamageSystem] About to explode Explosion_NonLethal from ExplosionTest<0x0000026E47A0B8B0> ExplosionTest:26477 at <6671.99, 2.95, 1425.12> EXPLOSION range 4 dropoff 1
22:12:19.580 [ExplosionDamageSystem] About to explode Explosion_NonLethal from ExplosionTest<0x0000026E47A09270> ExplosionTest:26476 at <7115.46, 48.35, 1753.55> EXPLOSION range 4 dropoff 1
22:12:19.588 [ExplosionDamageSystem] About to explode Explosion_NonLethal from ExplosionTest<0x0000026E47A088E0> ExplosionTest:26475 at <6970.88, 39.05, 1972.19> EXPLOSION range 4 dropoff 1
22:12:19.592 [ExplosionDamageSystem] About to explode Explosion_NonLethal from ExplosionTest<0x0000026E47A07F50> ExplosionTest:26474 at <6920.36, 3.67, 1531.78> EXPLOSION range 4 dropoff 1
22:12:19.595 [ExplosionDamageSystem] About to explode Explosion_NonLethal from ExplosionTest<0x0000026E47A0A590> ExplosionTest:26473 at <6876.51, 38.94, 1844.79> EXPLOSION range 4 dropoff 1
22:12:19.605 [ExplosionDamageSystem] About to explode Explosion_NonLethal from ExplosionTest<0x0000026E47A09C00> ExplosionTest:26472 at <6733.11, 3.15, 1484.38> EXPLOSION range 4 dropoff 1
22:12:19.607 [ExplosionDamageSystem] About to explode Explosion_NonLethal from ExplosionTest<0x0000026E47A045F0> ExplosionTest:26471 at <6934.2, 3.15, 1439.04> EXPLOSION range 4 dropoff 1
22:12:19.608 [ExplosionDamageSystem] About to explode Explosion_NonLethal from ExplosionTest<0x0000026E47A0AF20> ExplosionTest:26470 at <7363.16, 3.39, 1459.22> EXPLOSION range 4 dropoff 1
22:12:19.609 [ExplosionDamageSystem] About to explode Explosion_NonLethal from ExplosionTest<0x0000026E47A075C0> ExplosionTest:26469 at <6935.99, 3.7, 1518.05> EXPLOSION range 4 dropoff 1
22:12:19.609 [ExplosionDamageSystem] About to explode Explosion_NonLethal from ExplosionTest<0x0000026E47A00300> ExplosionTest:26468 at <6768.61, 8.08, 1542.08> EXPLOSION range 4 dropoff 1
22:12:19.610 [ExplosionDamageSystem] About to explode Explosion_NonLethal from ExplosionTest<0x0000026E47A02940> ExplosionTest:26467 at <6819.78, 14.15, 1359.41> EXPLOSION range 4 dropoff 1
22:12:19.711 [ExplosionDamageSystem] About to explode Explosion_NonLethal from ExplosionTest<0x0000026E47A032D0> ExplosionTest:26466 at <8381.75, 4.03, 1737.51> EXPLOSION range 4 dropoff 1
22:12:19.712 [ExplosionDamageSystem] About to explode Explosion_NonLethal from ExplosionTest<0x0000026E47A01FB0> ExplosionTest:26465 at <6338.58, 2.13, 1154.49> EXPLOSION range 4 dropoff 1
22:12:19.713 [ExplosionDamageSystem] About to explode Explosion_NonLethal from ExplosionTest<0x0000026E47A01620> ExplosionTest:26464 at <5048.23, 17.09, 1200.29> EXPLOSION range 4 dropoff 1
22:12:19.715 [ExplosionDamageSystem] About to explode Explosion_NonLethal from ExplosionTest<0x0000026E47A00C90> ExplosionTest:26463 at <6955.16, 40.07, 2034.38> EXPLOSION range 4 dropoff 1
22:12:19.722 [ExplosionDamageSystem] About to explode Explosion_NonLethal from ExplosionTest<0x0000026E47A06C30> ExplosionTest:26462 at <6610, 18.17, 1491.86> EXPLOSION range 4 dropoff 1
22:12:19.723 [ExplosionDamageSystem] About to explode Explosion_NonLethal from ExplosionTest<0x0000026E47A03C60> ExplosionTest:26461 at <6871.73, 39.16, 1872.68> EXPLOSION range 4 dropoff 1
22:12:19.731 [ExplosionDamageSystem] About to explode Explosion_NonLethal from ExplosionTest<0x0000026E47A062A0> ExplosionTest:26460 at <6854.27, 8.22, 1543.97> EXPLOSION range 4 dropoff 1
22:12:19.740 [ExplosionDamageSystem] About to explode Explosion_NonLethal from ExplosionTest<0x0000026E47A05910> ExplosionTest:26459 at <6825.22, 14.55, 1375.88> EXPLOSION range 4 dropoff 1
22:12:19.740 [ExplosionDamageSystem] About to explode Explosion_NonLethal from ExplosionTest<0x0000026E479F9040> ExplosionTest:26458 at <6967.36, 39.22, 1970.48> EXPLOSION range 4 dropoff 1
22:12:19.741 [ExplosionDamageSystem] About to explode Explosion_NonLethal from ExplosionTest<0x0000026E479FF970> ExplosionTest:26457 at <6122.18, 16.86, 1180.48> EXPLOSION range 4 dropoff 1
22:12:19.753 [ExplosionDamageSystem] About to explode Explosion_NonLethal from ExplosionTest<0x0000026E479F86B0> ExplosionTest:26456 at <7138.22, 3.65, 1345.69> EXPLOSION range 4 dropoff 1
22:12:19.755 [ExplosionDamageSystem] About to explode Explosion_NonLethal from ExplosionTest<0x0000026E479FEFE0> ExplosionTest:26455 at <6408.57, 32.02, 2203.66> EXPLOSION range 4 dropoff 1
22:12:19.765 [ExplosionDamageSystem] About to explode Explosion_NonLethal from ExplosionTest<0x0000026E479FD330> ExplosionTest:26454 at <7009.66, 8.68, 1497.2> EXPLOSION range 4 dropoff 1
22:12:19.766 [ExplosionDamageSystem] About to explode Explosion_NonLethal from ExplosionTest<0x0000026E479FC9A0> ExplosionTest:26453 at <6855.49, 47.1, 2062.88> EXPLOSION range 4 dropoff 1
22:12:19.770 [ExplosionDamageSystem] About to explode Explosion_NonLethal from ExplosionTest<0x0000026E479FE650> ExplosionTest:26452 at <7386.44, 3.59, 1433.58> EXPLOSION range 4 dropoff 1
22:12:19.771 [ExplosionDamageSystem] About to explode Explosion_NonLethal from ExplosionTest<0x0000026E479F7390> ExplosionTest:26451 at <7112.46, 3.56, 1347.34> EXPLOSION range 4 dropoff 1
22:12:19.772 [ExplosionDamageSystem] About to explode Explosion_NonLethal from ExplosionTest<0x0000026E479FDCC0> ExplosionTest:26450 at <6690.34, 3.1, 1354.44> EXPLOSION range 4 dropoff 1
22:12:19.772 [ExplosionDamageSystem] About to explode Explosion_NonLethal from ExplosionTest<0x0000026E479FC010> ExplosionTest:26449 at <8260.48, 22.66, 2237.15> EXPLOSION range 4 dropoff 1
22:12:19.778 [ExplosionDamageSystem] About to explode Explosion_NonLethal from ExplosionTest<0x0000026E479F7D20> ExplosionTest:26448 at <6797.14, 28.84, 1813.23> EXPLOSION range 4 dropoff 1
22:12:19.778 [ExplosionDamageSystem] About to explode Explosion_NonLethal from ExplosionTest<0x0000026E479F99D0> ExplosionTest:26447 at <6972.72, 6.06, 1497.83> EXPLOSION range 4 dropoff 1
22:12:19.779 [ExplosionDamageSystem] About to explode Explosion_NonLethal from ExplosionTest<0x0000026E479FB680> ExplosionTest:26446 at <6839.98, 40.16, 2037.93> EXPLOSION range 4 dropoff 1
22:12:19.781 [ExplosionDamageSystem] About to explode Explosion_NonLethal from ExplosionTest<0x0000026E479F6070> ExplosionTest:26445 at <8373.63, 31.52, 2196.49> EXPLOSION range 4 dropoff 1
22:12:19.793 [ExplosionDamageSystem] About to explode Explosion_NonLethal from ExplosionTest<0x0000026E479FACF0> ExplosionTest:26444 at <6949.08, 10.92, 1425.72> EXPLOSION range 4 dropoff 1
22:12:19.793 [ExplosionDamageSystem] About to explode Explosion_NonLethal from ExplosionTest<0x0000026E479FA360> ExplosionTest:26443 at <8401.89, 30.97, 2267.04> EXPLOSION range 4 dropoff 1
22:14:36.392 [Party] Player "BugiMen" (id=E8NUE864Ah88HeO756WaRkQGG6WE963kZ90uprHjMQY=) joined the party "Guardian Brave" (id=0 ownerUID=E8NUE864Ah88HeO756WaRkQGG6WE963kZ90uprHjMQY= ownerName=BugiMen)
22:17:18.575 [MissionAirdrop] An airdrop is heading towards "Motesice" (pos=<1018.799988, 0.000000, 13120.400391> type=Random_Motesice) with a ExpansionAirdropContainer_Basebuilding
22:19:04.608 [Killfeed] Kl9Usa умер разбился с высоты.
22:19:45.696 [VehicleEnter] Player "Kl9Usa" (id=1wpk7PmmT2A4WpWCdcLXyoG1rjwkTNDgqfRSKboRIAE=) entered vehicle Mh-6 Little Bird (id=6C5CB5ED63400C0F9501CAB4DAD4D5EE pos=<4001.87, 9.24, 3172.64>) as pilot
22:19:48.457 [VehicleEngine] Player "Kl9Usa" (id=1wpk7PmmT2A4WpWCdcLXyoG1rjwkTNDgqfRSKboRIAE=) started vehicle Mh-6 Little Bird (id=6C5CB5ED63400C0F9501CAB4DAD4D5EE pos=<4001.87, 9.24, 3172.58>)
22:23:04.455 [VehicleEngine] Player "NULL" (id=NULL) stopped vehicle Mh-6 Little Bird (id=6C5CB5ED63400C0F9501CAB4DAD4D5EE pos=<3933.94, 128.71, 3123.64>)
22:23:04.456 [VehicleLeave] Player "Kl9Usa" (id=1wpk7PmmT2A4WpWCdcLXyoG1rjwkTNDgqfRSKboRIAE=) left vehicle Mh-6 Little Bird (id=6C5CB5ED63400C0F9501CAB4DAD4D5EE pos=<3933.94, 128.71, 3123.64>) as pilot
22:23:51.053 [AI Object Patrol 00014] Spawning 1 West bots at <3169.525146, 22.986374, 4084.746094>
22:23:51.125 [AI Object Patrol 00014] Global patrol count: 1
22:23:51.125 [AI Object Patrol 00014] Global Expansion AI count: 2 alive, 0 deceased
22:23:51.125 [AI Object Patrol 00014] MilitaryRoaming category patrol count: 1
