22:55:07.368 [ExplosionDamageSystem] About to explode Explosion_NonLethal from ExplosionTest<0x0000019CE7700860> ExplosionTest:18999 at <6045.34, 224.34, 1854.23> EXPLOSION range 4 dropoff 1
22:55:07.414 [ExplosionDamageSystem] About to explode Explosion_NonLethal from ExplosionTest<0x0000019CE76FF540> ExplosionTest:18998 at <5682.87, 198.22, 1935.95> EXPLOSION range 4 dropoff 1
22:55:07.436 [ExplosionDamageSystem] About to explode Explosion_NonLethal from ExplosionTest<0x0000019CE76FEBB0> ExplosionTest:18997 at <6289.46, 205.63, 1198.96> EXPLOSION range 4 dropoff 1
22:55:07.451 [ExplosionDamageSystem] About to explode Explosion_NonLethal from ExplosionTest<0x0000019CE76FFED0> ExplosionTest:18996 at <7396.25, 237.33, 1564.14> EXPLOSION range 4 dropoff 1
22:55:07.453 [ExplosionDamageSystem] About to explode Explosion_NonLethal from ExplosionTest<0x0000019CE76FE220> ExplosionTest:18995 at <5849.11, 198.28, 2327.12> EXPLOSION range 4 dropoff 1
22:55:07.461 [ExplosionDamageSystem] About to explode Explosion_NonLethal from ExplosionTest<0x0000019CE76FD890> ExplosionTest:18994 at <5416.45, 209.71, 1656.09> EXPLOSION range 4 dropoff 1
22:55:07.480 [ExplosionDamageSystem] About to explode Explosion_NonLethal from ExplosionTest<0x0000019CE76F65D0> ExplosionTest:18993 at <5930.86, 230.27, 2607.43> EXPLOSION range 4 dropoff 1
22:55:07.491 [ExplosionDamageSystem] About to explode Explosion_NonLethal from ExplosionTest<0x0000019CE76FCF00> ExplosionTest:18992 at <5606.87, 243.52, 2977.4> EXPLOSION range 4 dropoff 1
22:55:07.494 [ExplosionDamageSystem] About to explode Explosion_NonLethal from ExplosionTest<0x0000019CE76FBBE0> ExplosionTest:18991 at <6146.34, 225.24, 1918.16> EXPLOSION range 4 dropoff 1
22:55:07.505 [ExplosionDamageSystem] About to explode Explosion_NonLethal from ExplosionTest<0x0000019CE76F95A0> ExplosionTest:18990 at <6309.18, 217.05, 1431.51> EXPLOSION range 4 dropoff 1
22:55:07.514 [ExplosionDamageSystem] About to explode Explosion_NonLethal from ExplosionTest<0x0000019CE76F8280> ExplosionTest:18989 at <4360.35, 190.51, 250.25> EXPLOSION range 4 dropoff 1
22:55:07.515 [ExplosionDamageSystem] About to explode Explosion_NonLethal from ExplosionTest<0x0000019CE76F78F0> ExplosionTest:18988 at <5876.57, 231.91, 2657.57> EXPLOSION range 4 dropoff 1
22:55:07.522 [ExplosionDamageSystem] About to explode Explosion_NonLethal from ExplosionTest<0x0000019CE76FC570> ExplosionTest:18987 at <5477.05, 219.97, 2935.98> EXPLOSION range 4 dropoff 1
22:55:07.534 [ExplosionDamageSystem] About to explode Explosion_NonLethal from ExplosionTest<0x0000019CE76FB250> ExplosionTest:18986 at <5842.78, 234.88, 2429.28> EXPLOSION range 4 dropoff 1
22:55:07.539 [ExplosionDamageSystem] About to explode Explosion_NonLethal from ExplosionTest<0x0000019CE76F8C10> ExplosionTest:18985 at <5486.37, 216.13, 2930> EXPLOSION range 4 dropoff 1
22:55:07.539 [ExplosionDamageSystem] About to explode Explosion_NonLethal from ExplosionTest<0x0000019CE76FA8C0> ExplosionTest:18984 at <6128.44, 214.51, 1860.5> EXPLOSION range 4 dropoff 1
22:55:07.545 [ExplosionDamageSystem] About to explode Explosion_NonLethal from ExplosionTest<0x0000019CE76F6F60> ExplosionTest:18983 at <6176.57, 206.6, 1012.34> EXPLOSION range 4 dropoff 1
22:55:07.552 [ExplosionDamageSystem] About to explode Explosion_NonLethal from ExplosionTest<0x0000019CE76EF310> ExplosionTest:18982 at <5846.38, 200.95, 2319.79> EXPLOSION range 4 dropoff 1
22:55:07.560 [ExplosionDamageSystem] About to explode Explosion_NonLethal from ExplosionTest<0x0000019CE76F0630> ExplosionTest:18981 at <6196.37, 228.67, 2273.23> EXPLOSION range 4 dropoff 1
22:55:07.581 [ExplosionDamageSystem] About to explode Explosion_NonLethal from ExplosionTest<0x0000019CE76F5C40> ExplosionTest:18980 at <6445.84, 208.44, 1497.04> EXPLOSION range 4 dropoff 1
22:55:07.601 [ExplosionDamageSystem] About to explode Explosion_NonLethal from ExplosionTest<0x0000019CE76F4920> ExplosionTest:18979 at <6115.55, 216, 2312.67> EXPLOSION range 4 dropoff 1
22:55:07.617 [ExplosionDamageSystem] About to explode Explosion_NonLethal from ExplosionTest<0x0000019CE76F52B0> ExplosionTest:18978 at <6216.69, 217.85, 2301.45> EXPLOSION range 4 dropoff 1
22:55:07.625 [ExplosionDamageSystem] About to explode Explosion_NonLethal from ExplosionTest<0x0000019CE76F22E0> ExplosionTest:18977 at <5913.97, 217.94, 2528.56> EXPLOSION range 4 dropoff 1
22:55:07.633 [ExplosionDamageSystem] About to explode Explosion_NonLethal from ExplosionTest<0x0000019CE76F3F90> ExplosionTest:18976 at <5722.35, 208.96, 1697.52> EXPLOSION range 4 dropoff 1
22:55:07.646 [ExplosionDamageSystem] About to explode Explosion_NonLethal from ExplosionTest<0x0000019CE76EFCA0> ExplosionTest:18975 at <5941.19, 236.82, 2206.85> EXPLOSION range 4 dropoff 1
22:55:07.659 [ExplosionDamageSystem] About to explode Explosion_NonLethal from ExplosionTest<0x0000019CE76F1950> ExplosionTest:18974 at <5692.71, 210.61, 2601.78> EXPLOSION range 4 dropoff 1
22:55:07.665 [ExplosionDamageSystem] About to explode Explosion_NonLethal from ExplosionTest<0x0000019CE76F0FC0> ExplosionTest:18973 at <5655.44, 221.91, 2572.46> EXPLOSION range 4 dropoff 1
22:55:07.666 [ExplosionDamageSystem] About to explode Explosion_NonLethal from ExplosionTest<0x0000019CE76F3600> ExplosionTest:18972 at <6437.83, 206.85, 1200.62> EXPLOSION range 4 dropoff 1
22:55:07.672 [ExplosionDamageSystem] About to explode Explosion_NonLethal from ExplosionTest<0x0000019CE76F2C70> ExplosionTest:18971 at <5417.7, 196.11, 1640.82> EXPLOSION range 4 dropoff 1
22:55:07.673 [ExplosionDamageSystem] About to explode Explosion_NonLethal from ExplosionTest<0x0000019CE76EB020> ExplosionTest:18970 at <5688.59, 209, 1426.15> EXPLOSION range 4 dropoff 1
22:55:07.684 [ExplosionDamageSystem] About to explode Explosion_NonLethal from ExplosionTest<0x0000019CE76ED660> ExplosionTest:18969 at <3938.75, 206.92, 1147.87> EXPLOSION range 4 dropoff 1
22:55:07.689 [ExplosionDamageSystem] About to explode Explosion_NonLethal from ExplosionTest<0x0000019CE76EE980> ExplosionTest:18968 at <5748.02, 216.57, 1591.85> EXPLOSION range 4 dropoff 1
22:55:07.700 [ExplosionDamageSystem] About to explode Explosion_NonLethal from ExplosionTest<0x0000019CE76EDFF0> ExplosionTest:18967 at <6601.74, 215.29, 1332.68> EXPLOSION range 4 dropoff 1
22:55:07.703 [ExplosionDamageSystem] About to explode Explosion_NonLethal from ExplosionTest<0x0000019CE76E63A0> ExplosionTest:18966 at <6014.3, 223.19, 2384.35> EXPLOSION range 4 dropoff 1
22:55:07.710 [ExplosionDamageSystem] About to explode Explosion_NonLethal from ExplosionTest<0x0000019CE76ECCD0> ExplosionTest:18965 at <5873.4, 207.9, 2276.25> EXPLOSION range 4 dropoff 1
22:55:07.715 [ExplosionDamageSystem] About to explode Explosion_NonLethal from ExplosionTest<0x0000019CE76E76C0> ExplosionTest:18964 at <6372.19, 230.94, 1849.21> EXPLOSION range 4 dropoff 1
22:55:07.733 [ExplosionDamageSystem] About to explode Explosion_NonLethal from ExplosionTest<0x0000019CE76E9D00> ExplosionTest:18963 at <6341.54, 226.09, 1767.16> EXPLOSION range 4 dropoff 1
22:55:07.823 [ExplosionDamageSystem] About to explode Explosion_NonLethal from ExplosionTest<0x0000019CE76EA690> ExplosionTest:18962 at <6412.14, 214.43, 1233.1> EXPLOSION range 4 dropoff 1
22:55:07.823 [ExplosionDamageSystem] About to explode Explosion_NonLethal from ExplosionTest<0x0000019CE76EC340> ExplosionTest:18961 at <6817.74, 206.9, 1490.32> EXPLOSION range 4 dropoff 1
22:55:07.827 [ExplosionDamageSystem] About to explode Explosion_NonLethal from ExplosionTest<0x0000019CE76E9370> ExplosionTest:18960 at <13033.3, 309.44, 439.73> EXPLOSION range 4 dropoff 1
22:55:07.828 [ExplosionDamageSystem] About to explode Explosion_NonLethal from ExplosionTest<0x0000019CE76E5A10> ExplosionTest:18959 at <10020.6, 253.29, 1706.04> EXPLOSION range 4 dropoff 1
22:55:07.840 [ExplosionDamageSystem] About to explode Explosion_NonLethal from ExplosionTest<0x0000019CE76E89E0> ExplosionTest:18958 at <5915.1, 217.78, 1107.01> EXPLOSION range 4 dropoff 1
22:55:07.842 [ExplosionDamageSystem] About to explode Explosion_NonLethal from ExplosionTest<0x0000019CE76EB9B0> ExplosionTest:18957 at <6280.36, 233.93, 2301.95> EXPLOSION range 4 dropoff 1
22:55:07.845 [ExplosionDamageSystem] About to explode Explosion_NonLethal from ExplosionTest<0x0000019CE76E8050> ExplosionTest:18956 at <5654.02, 218.03, 2874.6> EXPLOSION range 4 dropoff 1
22:55:07.855 [ExplosionDamageSystem] About to explode Explosion_NonLethal from ExplosionTest<0x0000019CE76E5080> ExplosionTest:18955 at <4761.82, 190.17, 535.43> EXPLOSION range 4 dropoff 1
22:55:07.863 [ExplosionDamageSystem] About to explode Explosion_NonLethal from ExplosionTest<0x0000019CE76E6D30> ExplosionTest:18954 at <6081.97, 219.3, 1712.01> EXPLOSION range 4 dropoff 1
22:55:07.874 [ExplosionDamageSystem] About to explode Explosion_NonLethal from ExplosionTest<0x0000019CDCA8D7D0> ExplosionTest:18953 at <6202.07, 226.32, 1657.09> EXPLOSION range 4 dropoff 1
22:55:07.890 [ExplosionDamageSystem] About to explode Explosion_NonLethal from ExplosionTest<0x0000019CDCA8CE40> ExplosionTest:18952 at <10165.6, 289.42, 2367.13> EXPLOSION range 4 dropoff 1
22:55:07.891 [ExplosionDamageSystem] About to explode Explosion_NonLethal from ExplosionTest<0x0000019CDCA8BB20> ExplosionTest:18951 at <5707.88, 218.72, 2798.04> EXPLOSION range 4 dropoff 1
22:55:07.903 [ExplosionDamageSystem] About to explode Explosion_NonLethal from ExplosionTest<0x0000019CDCA8B190> ExplosionTest:18950 at <5549.8, 214.47, 2652.92> EXPLOSION range 4 dropoff 1
22:55:07.909 [ExplosionDamageSystem] About to explode Explosion_NonLethal from ExplosionTest<0x0000019CDCA8C4B0> ExplosionTest:18949 at <3965, 211.59, 1081.16> EXPLOSION range 4 dropoff 1
22:55:07.910 [ExplosionDamageSystem] About to explode Explosion_NonLethal from ExplosionTest<0x0000019CDCA8E160> ExplosionTest:18948 at <6346.2, 217.94, 1563.03> EXPLOSION range 4 dropoff 1
22:55:07.918 [ExplosionDamageSystem] About to explode Explosion_NonLethal from ExplosionTest<0x0000019CDCA8A800> ExplosionTest:18947 at <6223.59, 218.69, 2312.4> EXPLOSION range 4 dropoff 1
22:55:07.929 [ExplosionDamageSystem] About to explode Explosion_NonLethal from ExplosionTest<0x0000019CDCA83540> ExplosionTest:18946 at <6060.02, 231.87, 1741.01> EXPLOSION range 4 dropoff 1
22:55:07.930 [ExplosionDamageSystem] About to explode Explosion_NonLethal from ExplosionTest<0x0000019CDCA89E70> ExplosionTest:18945 at <6099.56, 235.77, 2230.74> EXPLOSION range 4 dropoff 1
