02:45:39.691 [VehicleDestroyed] ExpansionMerlin_Dahoman (id=EE629EE7BF47ADF2916A769DCB93B870 pos=<7474.42, 225.61, 1360.88>)
02:45:39.730 [VehicleDestroyed] ExpansionMh6_Green (id=5FDBEBEC6A4A922302016F9500F9BC98 pos=<7481.91, 226.27, 1361.31>)
02:45:39.766 [VehicleDestroyed] ExpansionUh1h (id=5FE174D3384CA750D70C8DA591B2724D pos=<7486.88, 226.65, 1362.08>)
02:45:42.767 [VehicleDeleted] ToyotaRunner_pink (id=4EE285598E491BF4444B0E84860BF824 pos=<7426.62, 221.99, 1353.54> lifetime=-1)
02:45:42.769 [VehicleDeleted] Tahoe_Green (id=CD1049FC1C401A4B3A2A6690C3378AB3 pos=<7413.37, 221.88, 1377.71> lifetime=-1)
02:45:42.771 [VehicleDeleted] Jeep_GladiatorF9_BOSS_camo_dragonmoss (id=628898C12E4B3FB753EC1D8196AD7ACE pos=<7432.66, 222.73, 1353.8> lifetime=-1)
02:45:42.772 [VehicleDeleted] CrSk_Kawasaki_Mule_SX_4x4 (id=CCC740CC694F468A449B2083E3D10EEF pos=<7456.6, 224.73, 1360.1> lifetime=-1)
02:45:42.773 [VehicleDeleted] CrSk_Mercedes_G63_AMG_19 (id=EE74E9059A4AF9F724DC04B1B4A1627C pos=<7441.48, 223.3, 1352.65> lifetime=-1)
02:45:42.774 [VehicleDeleted] CrSk_Mercedes_G63_AMG_6x6_17_Black (id=BDA56F61C34B93F0B562A99FBCDC766A pos=<7439.62, 223.96, 1379.92> lifetime=-1)
02:45:42.775 [VehicleDeleted] CrSk_Toyota_Land_Cruiser_200_16_White (id=2E615508094C7B028E0EDFAE828A6BBA pos=<7461.13, 225.11, 1372.04> lifetime=-1)
02:45:42.776 [VehicleDeleted] ExpansionUAZCargoRoofless_LightGreen (id=9E5337A01740C94BFF094C900BD6B2B6 pos=<7406.78, 219.91, 1352.22> lifetime=-1)
02:45:42.778 [VehicleDeleted] Truck_01_Covered_Wine (id=B80FE81AEA433228E187E3A8A0810BB3 pos=<7409.65, 220.35, 1350.88> lifetime=-1)
02:45:42.779 [VehicleDeleted] ExpansionTractor_Blue (id=753AC9F67546ECB80C8FB6824978FE49 pos=<7412.94, 221.09, 1352.03> lifetime=-1)
02:45:42.781 [VehicleDeleted] Expansion_Landrover_Yellow (id=10B7A2153B428E1205A34E8DE718AA8C pos=<7416.43, 221.49, 1353.41> lifetime=-1)
02:45:42.783 [VehicleDeleted] Audi_RS6_ABT_MidNightBlue (id=8B6B12E75F49C4AA798B7B998D22C21D pos=<7459.21, 225.19, 1363.52> lifetime=-1)
02:45:42.784 [VehicleDeleted] CrSk_Typhoon_K_53949_khaki (id=7A7878B430427A6A8BC9DB88CE6500E1 pos=<7462.73, 225.68, 1356.81> lifetime=-1)
02:45:42.785 [VehicleDeleted] ExpansionHatchBird (id=417839C3B745F3A74F9503808413ADA1 pos=<7465.88, 225.83, 1357.53> lifetime=-1)
02:45:42.786 [VehicleDeleted] ExpansionBigGyrocopter (id=44DA4C1D69456C3B201DE4B03F8C7120 pos=<7469.03, 225.72, 1357.7> lifetime=-1)
02:45:42.787 [VehicleDeleted] ExpansionMerlin_Dahoman (id=C75C22111A4424C3D78C21A233266565 pos=<7474.23, 227.97, 1364.54> lifetime=-1)
02:45:42.789 [VehicleDeleted] ExpansionMh6_Green (id=B97B886217462D9C65C414A61FCCD544 pos=<7481.8, 227.94, 1361.89> lifetime=-1)
02:45:42.790 [VehicleDeleted] ExpansionUh1h (id=532968490D44DD55157F939EF5D66D20 pos=<7486.76, 228.06, 1363.57> lifetime=-1)
02:45:42.791 [VehicleDeleted] FC_Niva_GreenR (id=535F2DF5DC4C3A6CD899668EA2D734FA pos=<7492.22, 227.43, 1363.66> lifetime=-1)
02:45:42.793 [VehicleDeleted] FC_Uaz_2206_BlackR (id=5FE172696C46D9CF19247F89C69ABBA0 pos=<7496.6, 228.07, 1363.19> lifetime=-1)
02:45:42.794 [VehicleDeleted] savage_gaz2330_black (id=3F026CB5AF4145A84284F79EF2225743 pos=<7499.96, 228.53, 1362.7> lifetime=-1)
02:45:42.795 [VehicleDeleted] DodgeRam_BOSS_TopoGraphic (id=363BAFD742479AAF34C84781108A3D05 pos=<7505.63, 229, 1403.44> lifetime=-1)
02:45:42.796 [VehicleDeleted] FC_ATV_1NoAttach_Red (id=807E6DC26E4C2652499261B1ED0B40C2 pos=<7502.97, 228.58, 1362.64> lifetime=-1)
02:45:42.797 [VehicleDeleted] ExpansionVodnik_CamoMedical (id=25674E38F44913B7F6B21EABEEAAA8FD pos=<7403.52, 219.89, 1352.4> lifetime=-1)
02:45:42.799 [VehicleDeleted] CrSk_Rolls_Royce_Cullinan_Black (id=60311BB6914707290177188A90DF8DA3 pos=<7398.46, 219.33, 1360.37> lifetime=-1)
02:45:42.800 [VehicleDeleted] ExpansionBus (id=FEDD4CF97545DC771BEDD28E17FD7F92 pos=<7395.61, 220.44, 1379.26> lifetime=-1)
02:45:42.801 [VehicleDeleted] CrSk_Mercedes_AMG_GT63S (id=D679E020404EEB78E639538DC6EA6E12 pos=<7399.88, 219.06, 1356> lifetime=-1)
02:45:42.802 [VehicleDeleted] dodgechargerhellcat_black (id=BD02BFC32E410046DB666D977A82E967 pos=<7401.18, 219.03, 1350.99> lifetime=-1)
02:45:42.803 [VehicleDeleted] FC_ATV_1NoAttach_Blue (id=08CC2A5749425010930333BB03EFB10D pos=<7490.97, 227.33, 1392.26> lifetime=-1)
02:50:44.723 [MissionAirdrop] An airdrop is heading towards "Podluzany" (pos=<5035.295410, 0.000000, 6871.165039> type=Random_Podluzany) with a ExpansionAirdropContainer_Medical
