23:29:22.569 [ExplosionDamageSystem] About to explode Explosion_NonLethal from ExplosionTest<0x0000020766617CC0> ExplosionTest:18980 at <5820.4, 210.29, 2493.18> EXPLOSION range 4 dropoff 1
23:29:22.589 [ExplosionDamageSystem] About to explode Explosion_NonLethal from ExplosionTest<0x0000020766617330> ExplosionTest:18979 at <5931.87, 214.25, 1540.67> EXPLOSION range 4 dropoff 1
23:29:22.589 [ExplosionDamageSystem] About to explode Explosion_NonLethal from ExplosionTest<0x0000020766615680> ExplosionTest:18978 at <5632.86, 216.08, 1800.25> EXPLOSION range 4 dropoff 1
23:29:22.602 [ExplosionDamageSystem] About to explode Explosion_NonLethal from ExplosionTest<0x00000207666169A0> ExplosionTest:18977 at <1804.77, 220.07, 2406.66> EXPLOSION range 4 dropoff 1
23:29:22.612 [ExplosionDamageSystem] About to explode Explosion_NonLethal from ExplosionTest<0x0000020766610A00> ExplosionTest:18976 at <5753.95, 197.53, 1790.23> EXPLOSION range 4 dropoff 1
23:29:22.642 [ExplosionDamageSystem] About to explode Explosion_NonLethal from ExplosionTest<0x00000207666139D0> ExplosionTest:18975 at <6391.51, 232.14, 1627.7> EXPLOSION range 4 dropoff 1
23:29:22.660 [ExplosionDamageSystem] About to explode Explosion_NonLethal from ExplosionTest<0x0000020766611D20> ExplosionTest:18974 at <5955.32, 213.95, 1704.81> EXPLOSION range 4 dropoff 1
23:29:22.669 [ExplosionDamageSystem] About to explode Explosion_NonLethal from ExplosionTest<0x0000020766614360> ExplosionTest:18973 at <5601.16, 197.64, 2328.08> EXPLOSION range 4 dropoff 1
23:29:22.673 [ExplosionDamageSystem] About to explode Explosion_NonLethal from ExplosionTest<0x00000207666126B0> ExplosionTest:18972 at <5790.27, 201.45, 1824.84> EXPLOSION range 4 dropoff 1
23:29:22.673 [ExplosionDamageSystem] About to explode Explosion_NonLethal from ExplosionTest<0x0000020766616010> ExplosionTest:18971 at <6369.69, 230.43, 1738.1> EXPLOSION range 4 dropoff 1
23:29:22.698 [ExplosionDamageSystem] About to explode Explosion_NonLethal from ExplosionTest<0x0000020766610070> ExplosionTest:18970 at <5761.65, 199.98, 2498.02> EXPLOSION range 4 dropoff 1
23:29:22.702 [ExplosionDamageSystem] About to explode Explosion_NonLethal from ExplosionTest<0x0000020766613040> ExplosionTest:18969 at <5924.66, 214.96, 1544.21> EXPLOSION range 4 dropoff 1
23:29:22.702 [ExplosionDamageSystem] About to explode Explosion_NonLethal from ExplosionTest<0x0000020766614CF0> ExplosionTest:18968 at <5704.12, 209.19, 2600.39> EXPLOSION range 4 dropoff 1
23:29:22.707 [ExplosionDamageSystem] About to explode Explosion_NonLethal from ExplosionTest<0x000002075F3A5610> ExplosionTest:18967 at <5923.5, 237.49, 2601.09> EXPLOSION range 4 dropoff 1
23:29:22.714 [ExplosionDamageSystem] About to explode Explosion_NonLethal from ExplosionTest<0x000002075F3A4C80> ExplosionTest:18966 at <5924.59, 210.67, 1728.05> EXPLOSION range 4 dropoff 1
23:29:22.725 [ExplosionDamageSystem] About to explode Explosion_NonLethal from ExplosionTest<0x000002075F3A42F0> ExplosionTest:18965 at <5788.54, 221.76, 1428.69> EXPLOSION range 4 dropoff 1
23:29:22.737 [ExplosionDamageSystem] About to explode Explosion_NonLethal from ExplosionTest<0x000002075F3A5FA0> ExplosionTest:18964 at <6480.56, 206.74, 1539.1> EXPLOSION range 4 dropoff 1
23:29:22.740 [ExplosionDamageSystem] About to explode Explosion_NonLethal from ExplosionTest<0x000002075F3A2640> ExplosionTest:18963 at <4218, 231.32, 2573.96> EXPLOSION range 4 dropoff 1
23:29:22.746 [ExplosionDamageSystem] About to explode Explosion_NonLethal from ExplosionTest<0x000002075F3A1320> ExplosionTest:18962 at <5674.08, 215.68, 2765.24> EXPLOSION range 4 dropoff 1
23:29:22.754 [ExplosionDamageSystem] About to explode Explosion_NonLethal from ExplosionTest<0x000002075F3A1CB0> ExplosionTest:18961 at <5810.36, 197.7, 2406.68> EXPLOSION range 4 dropoff 1
23:29:22.764 [ExplosionDamageSystem] About to explode Explosion_NonLethal from ExplosionTest<0x000002075F3A3960> ExplosionTest:18960 at <6230.26, 224.22, 1870.52> EXPLOSION range 4 dropoff 1
23:29:22.770 [ExplosionDamageSystem] About to explode Explosion_NonLethal from ExplosionTest<0x000002075F3A2FD0> ExplosionTest:18959 at <5930.77, 204.22, 1367.28> EXPLOSION range 4 dropoff 1
23:29:22.778 [ExplosionDamageSystem] About to explode Explosion_NonLethal from ExplosionTest<0x000002075F39A060> ExplosionTest:18958 at <5592.76, 200.9, 2804.08> EXPLOSION range 4 dropoff 1
23:29:22.783 [ExplosionDamageSystem] About to explode Explosion_NonLethal from ExplosionTest<0x000002075F3A0990> ExplosionTest:18957 at <5833.64, 207.57, 2503.47> EXPLOSION range 4 dropoff 1
23:29:22.783 [ExplosionDamageSystem] About to explode Explosion_NonLethal from ExplosionTest<0x000002075F3A0000> ExplosionTest:18956 at <6659.04, 205.65, 1665.15> EXPLOSION range 4 dropoff 1
23:29:22.786 [ExplosionDamageSystem] About to explode Explosion_NonLethal from ExplosionTest<0x000002075F39F670> ExplosionTest:18955 at <5878.56, 234.92, 2560.73> EXPLOSION range 4 dropoff 1
23:29:22.787 [ExplosionDamageSystem] About to explode Explosion_NonLethal from ExplosionTest<0x000002075F39D030> ExplosionTest:18954 at <9802.12, 252.36, 1525.03> EXPLOSION range 4 dropoff 1
23:29:22.791 [ExplosionDamageSystem] About to explode Explosion_NonLethal from ExplosionTest<0x000002075F39B380> ExplosionTest:18953 at <5130.59, 192.19, 728.51> EXPLOSION range 4 dropoff 1
23:29:22.792 [ExplosionDamageSystem] About to explode Explosion_NonLethal from ExplosionTest<0x000002075F39C6A0> ExplosionTest:18952 at <6075.88, 218.21, 1883.87> EXPLOSION range 4 dropoff 1
23:29:22.804 [ExplosionDamageSystem] About to explode Explosion_NonLethal from ExplosionTest<0x000002075F39D9C0> ExplosionTest:18951 at <5674.59, 197.09, 1427.72> EXPLOSION range 4 dropoff 1
23:29:22.810 [ExplosionDamageSystem] About to explode Explosion_NonLethal from ExplosionTest<0x000002075F39ECE0> ExplosionTest:18950 at <6289.76, 229.55, 1820.43> EXPLOSION range 4 dropoff 1
23:29:22.814 [ExplosionDamageSystem] About to explode Explosion_NonLethal from ExplosionTest<0x000002075F39E350> ExplosionTest:18949 at <5928.25, 206.76, 1171.38> EXPLOSION range 4 dropoff 1
23:29:22.820 [ExplosionDamageSystem] About to explode Explosion_NonLethal from ExplosionTest<0x000002075F398D40> ExplosionTest:18948 at <5854.98, 203.42, 2323.3> EXPLOSION range 4 dropoff 1
23:29:22.829 [ExplosionDamageSystem] About to explode Explosion_NonLethal from ExplosionTest<0x000002075F39BD10> ExplosionTest:18947 at <6084.97, 218.75, 1821.2> EXPLOSION range 4 dropoff 1
23:29:22.837 [ExplosionDamageSystem] About to explode Explosion_NonLethal from ExplosionTest<0x000002075F3996D0> ExplosionTest:18946 at <6149.8, 230.1, 1817.84> EXPLOSION range 4 dropoff 1
23:29:22.843 [ExplosionDamageSystem] About to explode Explosion_NonLethal from ExplosionTest<0x000002075F39A9F0> ExplosionTest:18945 at <6331.13, 222.73, 1862.1> EXPLOSION range 4 dropoff 1
23:29:22.855 [ExplosionDamageSystem] About to explode Explosion_NonLethal from ExplosionTest<0x000002075F391A80> ExplosionTest:18944 at <6278.84, 222.33, 2126.88> EXPLOSION range 4 dropoff 1
23:29:22.869 [ExplosionDamageSystem] About to explode Explosion_NonLethal from ExplosionTest<0x000002075F397A20> ExplosionTest:18943 at <5410.1, 213.31, 1681.57> EXPLOSION range 4 dropoff 1
23:29:22.927 [ExplosionDamageSystem] About to explode Explosion_NonLethal from ExplosionTest<0x000002075F3983B0> ExplosionTest:18942 at <5618.79, 208.86, 1844.95> EXPLOSION range 4 dropoff 1
23:29:22.931 [ExplosionDamageSystem] About to explode Explosion_NonLethal from ExplosionTest<0x000002075F397090> ExplosionTest:18941 at <6133.2, 214.97, 1867.6> EXPLOSION range 4 dropoff 1
23:29:22.951 [ExplosionDamageSystem] About to explode Explosion_NonLethal from ExplosionTest<0x000002075F38FDD0> ExplosionTest:18940 at <7128.85, 233.22, 1462.36> EXPLOSION range 4 dropoff 1
23:29:22.953 [ExplosionDamageSystem] About to explode Explosion_NonLethal from ExplosionTest<0x000002075F396700> ExplosionTest:18939 at <5991.07, 212.42, 2329.96> EXPLOSION range 4 dropoff 1
23:29:22.963 [ExplosionDamageSystem] About to explode Explosion_NonLethal from ExplosionTest<0x000002075F395D70> ExplosionTest:18938 at <6285.41, 235.63, 2166.59> EXPLOSION range 4 dropoff 1
23:29:22.968 [ExplosionDamageSystem] About to explode Explosion_NonLethal from ExplosionTest<0x000002075F3953E0> ExplosionTest:18937 at <6441.31, 207.3, 1202.29> EXPLOSION range 4 dropoff 1
23:29:22.974 [ExplosionDamageSystem] About to explode Explosion_NonLethal from ExplosionTest<0x000002075F38F440> ExplosionTest:18936 at <5592.43, 197.58, 2327.65> EXPLOSION range 4 dropoff 1
23:29:22.975 [ExplosionDamageSystem] About to explode Explosion_NonLethal from ExplosionTest<0x000002075F394A50> ExplosionTest:18935 at <5494.6, 219.52, 2918.86> EXPLOSION range 4 dropoff 1
23:29:22.988 [ExplosionDamageSystem] About to explode Explosion_NonLethal from ExplosionTest<0x000002075F38D790> ExplosionTest:18934 at <6198.63, 216.95, 2197.58> EXPLOSION range 4 dropoff 1
23:29:23.005 [ExplosionDamageSystem] About to explode Explosion_NonLethal from ExplosionTest<0x000002075F38EAB0> ExplosionTest:18933 at <5434.37, 209.48, 2575.54> EXPLOSION range 4 dropoff 1
23:29:23.034 [ExplosionDamageSystem] About to explode Explosion_NonLethal from ExplosionTest<0x000002075F3940C0> ExplosionTest:18932 at <5739.19, 222.37, 2851.63> EXPLOSION range 4 dropoff 1
23:29:23.038 [ExplosionDamageSystem] About to explode Explosion_NonLethal from ExplosionTest<0x000002075F3910F0> ExplosionTest:18931 at <5614.85, 230.42, 2973.53> EXPLOSION range 4 dropoff 1
23:29:23.053 [ExplosionDamageSystem] About to explode Explosion_NonLethal from ExplosionTest<0x000002075F392410> ExplosionTest:18930 at <5442.27, 205.2, 2892.07> EXPLOSION range 4 dropoff 1
23:29:23.061 [ExplosionDamageSystem] About to explode Explosion_NonLethal from ExplosionTest<0x000002075F393730> ExplosionTest:18929 at <10165.4, 289.48, 2363.71> EXPLOSION range 4 dropoff 1
23:29:23.063 [ExplosionDamageSystem] About to explode Explosion_NonLethal from ExplosionTest<0x000002075F38C470> ExplosionTest:18928 at <6613.41, 216.98, 1316.16> EXPLOSION range 4 dropoff 1
23:29:23.065 [ExplosionDamageSystem] About to explode Explosion_NonLethal from ExplosionTest<0x000002075F390760> ExplosionTest:18927 at <6401, 207.9, 1253.08> EXPLOSION range 4 dropoff 1
23:29:23.065 [ExplosionDamageSystem] About to explode Explosion_NonLethal from ExplosionTest<0x000002075F392DA0> ExplosionTest:18926 at <3933.79, 206.07, 1148.71> EXPLOSION range 4 dropoff 1
