17:24:22.454 [ExplosionDamageSystem] About to explode Explosion_NonLethal from ExplosionTest<0x0000022FC8477960> ExplosionTest:19172 at <5680.75, 211.92, 2833.87> EXPLOSION range 4 dropoff 1
17:24:22.480 [ExplosionDamageSystem] About to explode Explosion_NonLethal from ExplosionTest<0x0000022FC8479FA0> ExplosionTest:19171 at <6391.36, 219.14, 1766.72> EXPLOSION range 4 dropoff 1
17:24:22.534 [ExplosionDamageSystem] About to explode Explosion_NonLethal from ExplosionTest<0x0000022FC8475CB0> ExplosionTest:19170 at <5495.99, 197.63, 2664.66> EXPLOSION range 4 dropoff 1
17:24:22.554 [ExplosionDamageSystem] About to explode Explosion_NonLethal from ExplosionTest<0x0000022FC84782F0> ExplosionTest:19169 at <5758.81, 209.54, 1626.01> EXPLOSION range 4 dropoff 1
17:24:22.568 [ExplosionDamageSystem] About to explode Explosion_NonLethal from ExplosionTest<0x0000022FC8472350> ExplosionTest:19168 at <5822.99, 202.16, 1814.16> EXPLOSION range 4 dropoff 1
17:24:22.583 [ExplosionDamageSystem] About to explode Explosion_NonLethal from ExplosionTest<0x0000022FC8474990> ExplosionTest:19167 at <6353.28, 230.52, 1867.88> EXPLOSION range 4 dropoff 1
17:24:22.601 [ExplosionDamageSystem] About to explode Explosion_NonLethal from ExplosionTest<0x0000022FC8473670> ExplosionTest:19166 at <5600, 222.73, 2921.02> EXPLOSION range 4 dropoff 1
17:24:22.627 [ExplosionDamageSystem] About to explode Explosion_NonLethal from ExplosionTest<0x0000022FC8476FD0> ExplosionTest:19165 at <5837.82, 200.18, 1814.11> EXPLOSION range 4 dropoff 1
17:24:22.628 [ExplosionDamageSystem] About to explode Explosion_NonLethal from ExplosionTest<0x0000022FC8476640> ExplosionTest:19164 at <5601.86, 197.29, 2318.19> EXPLOSION range 4 dropoff 1
17:24:22.636 [ExplosionDamageSystem] About to explode Explosion_NonLethal from ExplosionTest<0x0000022FC8472CE0> ExplosionTest:19163 at <6198.45, 229.72, 1652.88> EXPLOSION range 4 dropoff 1
17:24:22.639 [ExplosionDamageSystem] About to explode Explosion_NonLethal from ExplosionTest<0x0000022FC8478C80> ExplosionTest:19162 at <5712.25, 200.37, 2749.68> EXPLOSION range 4 dropoff 1
17:24:22.643 [ExplosionDamageSystem] About to explode Explosion_NonLethal from ExplosionTest<0x0000022FC8475320> ExplosionTest:19161 at <5941.35, 225.99, 2342.99> EXPLOSION range 4 dropoff 1
17:24:22.656 [ExplosionDamageSystem] About to explode Explosion_NonLethal from ExplosionTest<0x0000022FC8474000> ExplosionTest:19160 at <3983.38, 206.12, 1107.36> EXPLOSION range 4 dropoff 1
17:24:22.657 [ExplosionDamageSystem] About to explode Explosion_NonLethal from ExplosionTest<0x0000022FC846CD40> ExplosionTest:19159 at <5977.47, 218.16, 1618.79> EXPLOSION range 4 dropoff 1
17:24:22.680 [ExplosionDamageSystem] About to explode Explosion_NonLethal from ExplosionTest<0x0000022FC84719C0> ExplosionTest:19158 at <6394.13, 207.77, 1522.76> EXPLOSION range 4 dropoff 1
17:24:22.692 [ExplosionDamageSystem] About to explode Explosion_NonLethal from ExplosionTest<0x0000022FC846D6D0> ExplosionTest:19157 at <6228.94, 223.02, 1923.93> EXPLOSION range 4 dropoff 1
17:24:22.705 [ExplosionDamageSystem] About to explode Explosion_NonLethal from ExplosionTest<0x0000022FC846A700> ExplosionTest:19156 at <4209.31, 230.78, 2594.64> EXPLOSION range 4 dropoff 1
17:24:22.709 [ExplosionDamageSystem] About to explode Explosion_NonLethal from ExplosionTest<0x0000022FC8471030> ExplosionTest:19155 at <5826.15, 210.29, 2494.36> EXPLOSION range 4 dropoff 1
17:24:22.723 [ExplosionDamageSystem] About to explode Explosion_NonLethal from ExplosionTest<0x0000022FC8469D70> ExplosionTest:19154 at <8597.53, 216.23, 2849.61> EXPLOSION range 4 dropoff 1
17:24:22.725 [ExplosionDamageSystem] About to explode Explosion_NonLethal from ExplosionTest<0x0000022FC84706A0> ExplosionTest:19153 at <5714.78, 200.08, 1523.74> EXPLOSION range 4 dropoff 1
17:24:22.733 [ExplosionDamageSystem] About to explode Explosion_NonLethal from ExplosionTest<0x0000022FC846E9F0> ExplosionTest:19152 at <11945.2, 252.24, 3309.7> EXPLOSION range 4 dropoff 1
17:24:22.737 [ExplosionDamageSystem] About to explode Explosion_NonLethal from ExplosionTest<0x0000022FC846B090> ExplosionTest:19151 at <5630.32, 198.88, 1800.88> EXPLOSION range 4 dropoff 1
17:24:22.805 [ExplosionDamageSystem] About to explode Explosion_NonLethal from ExplosionTest<0x0000022FC846C3B0> ExplosionTest:19150 at <6259.93, 230.42, 2251.66> EXPLOSION range 4 dropoff 1
17:24:22.832 [ExplosionDamageSystem] About to explode Explosion_NonLethal from ExplosionTest<0x0000022FC84693E0> ExplosionTest:19149 at <5930.29, 226.66, 2327.64> EXPLOSION range 4 dropoff 1
17:24:22.832 [ExplosionDamageSystem] About to explode Explosion_NonLethal from ExplosionTest<0x0000022FC846FD10> ExplosionTest:19148 at <5713.93, 218.04, 2894.35> EXPLOSION range 4 dropoff 1
17:24:22.835 [ExplosionDamageSystem] About to explode Explosion_NonLethal from ExplosionTest<0x0000022FC846F380> ExplosionTest:19147 at <5660.78, 214.61, 2756.01> EXPLOSION range 4 dropoff 1
17:24:22.842 [ExplosionDamageSystem] About to explode Explosion_NonLethal from ExplosionTest<0x0000022FC846BA20> ExplosionTest:19146 at <6442.92, 209.69, 1502.47> EXPLOSION range 4 dropoff 1
17:24:22.842 [ExplosionDamageSystem] About to explode Explosion_NonLethal from ExplosionTest<0x0000022FC846E060> ExplosionTest:19145 at <5846.17, 198.44, 2329.35> EXPLOSION range 4 dropoff 1
17:24:22.852 [ExplosionDamageSystem] About to explode Explosion_NonLethal from ExplosionTest<0x0000022FC8462120> ExplosionTest:19144 at <6872.7, 206.07, 1612.98> EXPLOSION range 4 dropoff 1
17:24:22.853 [ExplosionDamageSystem] About to explode Explosion_NonLethal from ExplosionTest<0x0000022FC8468A50> ExplosionTest:19143 at <5922.18, 218.73, 1638.68> EXPLOSION range 4 dropoff 1
17:24:22.854 [ExplosionDamageSystem] About to explode Explosion_NonLethal from ExplosionTest<0x0000022FC8461790> ExplosionTest:19142 at <9970.58, 251.8, 1614.93> EXPLOSION range 4 dropoff 1
17:24:22.866 [ExplosionDamageSystem] About to explode Explosion_NonLethal from ExplosionTest<0x0000022FC84680C0> ExplosionTest:19141 at <6580.46, 208.18, 1541.4> EXPLOSION range 4 dropoff 1
17:24:22.876 [ExplosionDamageSystem] About to explode Explosion_NonLethal from ExplosionTest<0x0000022FC8460E00> ExplosionTest:19140 at <6395.71, 206.84, 1525.97> EXPLOSION range 4 dropoff 1
17:24:22.877 [ExplosionDamageSystem] About to explode Explosion_NonLethal from ExplosionTest<0x0000022FC8466DA0> ExplosionTest:19139 at <5889.2, 239.23, 2678.89> EXPLOSION range 4 dropoff 1
17:24:22.882 [ExplosionDamageSystem] About to explode Explosion_NonLethal from ExplosionTest<0x0000022FC8467730> ExplosionTest:19138 at <6387.34, 220.92, 1587.6> EXPLOSION range 4 dropoff 1
17:24:22.984 [ExplosionDamageSystem] About to explode Explosion_NonLethal from ExplosionTest<0x0000022FC8466410> ExplosionTest:19137 at <6607.56, 210.17, 1336.06> EXPLOSION range 4 dropoff 1
17:24:22.986 [ExplosionDamageSystem] About to explode Explosion_NonLethal from ExplosionTest<0x0000022FC8460470> ExplosionTest:19136 at <5406.4, 225.03, 2910.99> EXPLOSION range 4 dropoff 1
17:24:22.991 [ExplosionDamageSystem] About to explode Explosion_NonLethal from ExplosionTest<0x0000022FC8465A80> ExplosionTest:19135 at <6177.88, 214.07, 2327.27> EXPLOSION range 4 dropoff 1
17:24:23.001 [ExplosionDamageSystem] About to explode Explosion_NonLethal from ExplosionTest<0x0000022FC84650F0> ExplosionTest:19134 at <7126.02, 246.5, 1475.5> EXPLOSION range 4 dropoff 1
17:24:23.005 [ExplosionDamageSystem] About to explode Explosion_NonLethal from ExplosionTest<0x0000022FC8462AB0> ExplosionTest:19133 at <5996.04, 252.22, 2231.08> EXPLOSION range 4 dropoff 1
17:24:23.013 [ExplosionDamageSystem] About to explode Explosion_NonLethal from ExplosionTest<0x0000022FC8464760> ExplosionTest:19132 at <5889.83, 221.32, 2561.95> EXPLOSION range 4 dropoff 1
17:24:23.022 [ExplosionDamageSystem] About to explode Explosion_NonLethal from ExplosionTest<0x0000022FC8463DD0> ExplosionTest:19131 at <5568.01, 218.03, 2850.19> EXPLOSION range 4 dropoff 1
17:24:23.024 [ExplosionDamageSystem] About to explode Explosion_NonLethal from ExplosionTest<0x0000022FC8463440> ExplosionTest:19130 at <6308.78, 223.79, 1540.06> EXPLOSION range 4 dropoff 1
17:24:23.025 [ExplosionDamageSystem] About to explode Explosion_NonLethal from ExplosionTest<0x0000022FBEBFE8F0> ExplosionTest:19129 at <9806.09, 252.36, 1502.75> EXPLOSION range 4 dropoff 1
17:24:23.029 [ExplosionDamageSystem] About to explode Explosion_NonLethal from ExplosionTest<0x0000022FBEC02BE0> ExplosionTest:19128 at <6358.28, 229.49, 1735.28> EXPLOSION range 4 dropoff 1
17:24:23.033 [ExplosionDamageSystem] About to explode Explosion_NonLethal from ExplosionTest<0x0000022FBEBFCC40> ExplosionTest:19127 at <5839.18, 218.12, 2562.93> EXPLOSION range 4 dropoff 1
17:24:23.034 [ExplosionDamageSystem] About to explode Explosion_NonLethal from ExplosionTest<0x0000022FBEC02250> ExplosionTest:19126 at <5415.25, 207.25, 1646.66> EXPLOSION range 4 dropoff 1
17:24:23.034 [ExplosionDamageSystem] About to explode Explosion_NonLethal from ExplosionTest<0x0000022FBEC03570> ExplosionTest:19125 at <6365.66, 220.28, 1745.35> EXPLOSION range 4 dropoff 1
17:24:23.034 [ExplosionDamageSystem] About to explode Explosion_NonLethal from ExplosionTest<0x0000022FBEC018C0> ExplosionTest:19124 at <5754.14, 200.15, 2519.82> EXPLOSION range 4 dropoff 1
17:24:23.038 [ExplosionDamageSystem] About to explode Explosion_NonLethal from ExplosionTest<0x0000022FBEBFAF90> ExplosionTest:19123 at <5850.6, 206.61, 1394.94> EXPLOSION range 4 dropoff 1
17:24:23.044 [ExplosionDamageSystem] About to explode Explosion_NonLethal from ExplosionTest<0x0000022FBEBFA600> ExplosionTest:19122 at <5706.52, 197.8, 2435.98> EXPLOSION range 4 dropoff 1
17:24:23.051 [ExplosionDamageSystem] About to explode Explosion_NonLethal from ExplosionTest<0x0000022FBEBFF280> ExplosionTest:19121 at <6262.61, 225.74, 1789.66> EXPLOSION range 4 dropoff 1
17:24:23.056 [ExplosionDamageSystem] About to explode Explosion_NonLethal from ExplosionTest<0x0000022FBEC00F30> ExplosionTest:19120 at <3968.35, 214.29, 1089.2> EXPLOSION range 4 dropoff 1
17:24:23.057 [ExplosionDamageSystem] About to explode Explosion_NonLethal from ExplosionTest<0x0000022FBEBFB920> ExplosionTest:19119 at <5679.94, 218.2, 2840.78> EXPLOSION range 4 dropoff 1
17:24:23.057 [ExplosionDamageSystem] About to explode Explosion_NonLethal from ExplosionTest<0x0000022FBEBFDF60> ExplosionTest:19118 at <6082.62, 226.19, 2405.44> EXPLOSION range 4 dropoff 1
