03:05:54.308 [ExplosionDamageSystem] About to explode Explosion_NonLethal from ExplosionTest<0x00000231C789D590> ExplosionTest:19151 at <5716.42, 213.3, 2580.19> EXPLOSION range 4 dropoff 1
03:05:54.315 [ExplosionDamageSystem] About to explode Explosion_NonLethal from ExplosionTest<0x00000231C7899C30> ExplosionTest:19150 at <6292.76, 206.83, 1417.72> EXPLOSION range 4 dropoff 1
03:05:54.322 [ExplosionDamageSystem] About to explode Explosion_NonLethal from ExplosionTest<0x00000231C789B8E0> ExplosionTest:19149 at <6270.12, 228.85, 1469.41> EXPLOSION range 4 dropoff 1
03:05:54.323 [ExplosionDamageSystem] About to explode Explosion_NonLethal from ExplosionTest<0x00000231C789AF50> ExplosionTest:19148 at <7404.36, 229.84, 1563.76> EXPLOSION range 4 dropoff 1
03:05:54.326 [ExplosionDamageSystem] About to explode Explosion_NonLethal from ExplosionTest<0x00000231C78992A0> ExplosionTest:19147 at <5577.01, 208.45, 1858.81> EXPLOSION range 4 dropoff 1
03:05:54.334 [ExplosionDamageSystem] About to explode Explosion_NonLethal from ExplosionTest<0x00000231C789C270> ExplosionTest:19146 at <6583.78, 206.1, 1551.4> EXPLOSION range 4 dropoff 1
03:05:54.341 [ExplosionDamageSystem] About to explode Explosion_NonLethal from ExplosionTest<0x00000231C789CC00> ExplosionTest:19145 at <5652.22, 211.23, 2873.22> EXPLOSION range 4 dropoff 1
03:05:54.347 [ExplosionDamageSystem] About to explode Explosion_NonLethal from ExplosionTest<0x00000231C7891650> ExplosionTest:19144 at <8608.02, 212.83, 2848.69> EXPLOSION range 4 dropoff 1
03:05:54.351 [ExplosionDamageSystem] About to explode Explosion_NonLethal from ExplosionTest<0x00000231C7897F80> ExplosionTest:19143 at <5531.11, 214.55, 2679.06> EXPLOSION range 4 dropoff 1
03:05:54.363 [ExplosionDamageSystem] About to explode Explosion_NonLethal from ExplosionTest<0x00000231C7890CC0> ExplosionTest:19142 at <5852.97, 199.37, 1812.18> EXPLOSION range 4 dropoff 1
03:05:54.377 [ExplosionDamageSystem] About to explode Explosion_NonLethal from ExplosionTest<0x00000231C78975F0> ExplosionTest:19141 at <5593.18, 236.76, 2935.06> EXPLOSION range 4 dropoff 1
03:05:54.397 [ExplosionDamageSystem] About to explode Explosion_NonLethal from ExplosionTest<0x00000231C7890330> ExplosionTest:19140 at <6074.01, 214.18, 1614.2> EXPLOSION range 4 dropoff 1
03:05:54.427 [ExplosionDamageSystem] About to explode Explosion_NonLethal from ExplosionTest<0x00000231C78962D0> ExplosionTest:19139 at <5811.7, 203.25, 1151.36> EXPLOSION range 4 dropoff 1
03:05:54.429 [ExplosionDamageSystem] About to explode Explosion_NonLethal from ExplosionTest<0x00000231C7896C60> ExplosionTest:19138 at <5932.16, 218.25, 1631.71> EXPLOSION range 4 dropoff 1
03:05:54.433 [ExplosionDamageSystem] About to explode Explosion_NonLethal from ExplosionTest<0x00000231C7895940> ExplosionTest:19137 at <6361.67, 219.29, 1742.06> EXPLOSION range 4 dropoff 1
03:05:54.433 [ExplosionDamageSystem] About to explode Explosion_NonLethal from ExplosionTest<0x00000231C7894620> ExplosionTest:19136 at <5865.49, 216.01, 1376.8> EXPLOSION range 4 dropoff 1
03:05:54.440 [ExplosionDamageSystem] About to explode Explosion_NonLethal from ExplosionTest<0x00000231C7894FB0> ExplosionTest:19135 at <3731.14, 226.01, 692.52> EXPLOSION range 4 dropoff 1
03:05:54.443 [ExplosionDamageSystem] About to explode Explosion_NonLethal from ExplosionTest<0x00000231C7891FE0> ExplosionTest:19134 at <5698.83, 198.99, 2600.22> EXPLOSION range 4 dropoff 1
03:05:54.444 [ExplosionDamageSystem] About to explode Explosion_NonLethal from ExplosionTest<0x00000231C7892970> ExplosionTest:19133 at <5383.11, 238.4, 2902.97> EXPLOSION range 4 dropoff 1
03:05:54.496 [ExplosionDamageSystem] About to explode Explosion_NonLethal from ExplosionTest<0x00000231C7893C90> ExplosionTest:19132 at <6239.05, 230.98, 2275.2> EXPLOSION range 4 dropoff 1
03:05:54.513 [ExplosionDamageSystem] About to explode Explosion_NonLethal from ExplosionTest<0x00000231C7893300> ExplosionTest:19131 at <6199.96, 220.07, 2378.17> EXPLOSION range 4 dropoff 1
03:05:54.524 [ExplosionDamageSystem] About to explode Explosion_NonLethal from ExplosionTest<0x00000231C7889070> ExplosionTest:19130 at <5707.17, 212.7, 1605.36> EXPLOSION range 4 dropoff 1
03:05:54.534 [ExplosionDamageSystem] About to explode Explosion_NonLethal from ExplosionTest<0x00000231C788F9A0> ExplosionTest:19129 at <5361.29, 211.11, 2883.79> EXPLOSION range 4 dropoff 1
03:05:54.537 [ExplosionDamageSystem] About to explode Explosion_NonLethal from ExplosionTest<0x00000231C788F010> ExplosionTest:19128 at <6224.06, 233.08, 2245.78> EXPLOSION range 4 dropoff 1
03:05:54.540 [ExplosionDamageSystem] About to explode Explosion_NonLethal from ExplosionTest<0x00000231C788AD20> ExplosionTest:19127 at <9313.05, 262.22, 1668.64> EXPLOSION range 4 dropoff 1
03:05:54.544 [ExplosionDamageSystem] About to explode Explosion_NonLethal from ExplosionTest<0x00000231C788B6B0> ExplosionTest:19126 at <5711.71, 212.75, 1510.81> EXPLOSION range 4 dropoff 1
03:05:54.551 [ExplosionDamageSystem] About to explode Explosion_NonLethal from ExplosionTest<0x00000231C788E680> ExplosionTest:19125 at <5867.3, 217.61, 2286.85> EXPLOSION range 4 dropoff 1
03:05:54.561 [ExplosionDamageSystem] About to explode Explosion_NonLethal from ExplosionTest<0x00000231C788A390> ExplosionTest:19124 at <6456.13, 214.16, 1187.43> EXPLOSION range 4 dropoff 1
03:05:54.564 [ExplosionDamageSystem] About to explode Explosion_NonLethal from ExplosionTest<0x00000231C788DCF0> ExplosionTest:19123 at <5675.42, 204.44, 2838.16> EXPLOSION range 4 dropoff 1
03:05:54.571 [ExplosionDamageSystem] About to explode Explosion_NonLethal from ExplosionTest<0x00000231C788C9D0> ExplosionTest:19122 at <5899.92, 204.17, 1734.7> EXPLOSION range 4 dropoff 1
03:05:54.580 [ExplosionDamageSystem] About to explode Explosion_NonLethal from ExplosionTest<0x00000231C788D360> ExplosionTest:19121 at <6386.56, 220.92, 1587.45> EXPLOSION range 4 dropoff 1
03:05:54.591 [ExplosionDamageSystem] About to explode Explosion_NonLethal from ExplosionTest<0x00000231C7889A00> ExplosionTest:19120 at <6884.59, 211.62, 1447.13> EXPLOSION range 4 dropoff 1
03:05:54.611 [ExplosionDamageSystem] About to explode Explosion_NonLethal from ExplosionTest<0x00000231C788C040> ExplosionTest:19119 at <13047.4, 325.71, 473.04> EXPLOSION range 4 dropoff 1
03:05:54.612 [ExplosionDamageSystem] About to explode Explosion_NonLethal from ExplosionTest<0x00000231C78C72F0> ExplosionTest:19118 at <6201.55, 217.85, 2201.47> EXPLOSION range 4 dropoff 1
03:05:54.617 [ExplosionDamageSystem] About to explode Explosion_NonLethal from ExplosionTest<0x00000231C78C6960> ExplosionTest:19117 at <5582.66, 197.44, 2536.02> EXPLOSION range 4 dropoff 1
03:05:54.627 [ExplosionDamageSystem] About to explode Explosion_NonLethal from ExplosionTest<0x00000231C78C5640> ExplosionTest:19116 at <6399.56, 237.72, 1645.46> EXPLOSION range 4 dropoff 1
03:05:54.637 [ExplosionDamageSystem] About to explode Explosion_NonLethal from ExplosionTest<0x00000231C78C4CB0> ExplosionTest:19115 at <5911.3, 207.85, 1101.07> EXPLOSION range 4 dropoff 1
03:05:54.639 [ExplosionDamageSystem] About to explode Explosion_NonLethal from ExplosionTest<0x00000231C78C4320> ExplosionTest:19114 at <5525.08, 200.95, 2678.97> EXPLOSION range 4 dropoff 1
03:05:54.639 [ExplosionDamageSystem] About to explode Explosion_NonLethal from ExplosionTest<0x00000231C78C7C80> ExplosionTest:19113 at <7178.72, 206.76, 1711.72> EXPLOSION range 4 dropoff 1
03:05:54.642 [ExplosionDamageSystem] About to explode Explosion_NonLethal from ExplosionTest<0x00000231C78C8FA0> ExplosionTest:19112 at <7757.04, 206.69, 2008.27> EXPLOSION range 4 dropoff 1
03:05:54.646 [ExplosionDamageSystem] About to explode Explosion_NonLethal from ExplosionTest<0x00000231C78C3990> ExplosionTest:19111 at <5922.74, 204.22, 1772.85> EXPLOSION range 4 dropoff 1
03:05:54.649 [ExplosionDamageSystem] About to explode Explosion_NonLethal from ExplosionTest<0x00000231C78C8610> ExplosionTest:19110 at <5866.84, 208.24, 1810.5> EXPLOSION range 4 dropoff 1
03:05:54.650 [ExplosionDamageSystem] About to explode Explosion_NonLethal from ExplosionTest<0x00000231C78C5FD0> ExplosionTest:19109 at <6250.88, 235.65, 2146.39> EXPLOSION range 4 dropoff 1
03:05:54.655 [ExplosionDamageSystem] About to explode Explosion_NonLethal from ExplosionTest<0x00000231C78BC6D0> ExplosionTest:19108 at <5934.7, 222.43, 1533.85> EXPLOSION range 4 dropoff 1
03:05:54.656 [ExplosionDamageSystem] About to explode Explosion_NonLethal from ExplosionTest<0x00000231C78C3000> ExplosionTest:19107 at <5443.96, 197.29, 2673.75> EXPLOSION range 4 dropoff 1
03:05:54.665 [ExplosionDamageSystem] About to explode Explosion_NonLethal from ExplosionTest<0x00000231C78C2670> ExplosionTest:19106 at <5650.24, 198.72, 1636.57> EXPLOSION range 4 dropoff 1
03:05:54.668 [ExplosionDamageSystem] About to explode Explosion_NonLethal from ExplosionTest<0x00000231C78C1CE0> ExplosionTest:19105 at <6065.17, 222.26, 1570.87> EXPLOSION range 4 dropoff 1
03:05:54.676 [ExplosionDamageSystem] About to explode Explosion_NonLethal from ExplosionTest<0x00000231C78BAA20> ExplosionTest:19104 at <11942.5, 251.94, 3324.71> EXPLOSION range 4 dropoff 1
03:05:54.679 [ExplosionDamageSystem] About to explode Explosion_NonLethal from ExplosionTest<0x00000231C78C1350> ExplosionTest:19103 at <6083.66, 226.19, 2396.04> EXPLOSION range 4 dropoff 1
03:05:54.687 [ExplosionDamageSystem] About to explode Explosion_NonLethal from ExplosionTest<0x00000231C78BBD40> ExplosionTest:19102 at <5993.25, 213.41, 2333.69> EXPLOSION range 4 dropoff 1
03:05:54.694 [ExplosionDamageSystem] About to explode Explosion_NonLethal from ExplosionTest<0x00000231C78BF6A0> ExplosionTest:19101 at <5617.84, 199.51, 1842.13> EXPLOSION range 4 dropoff 1
03:05:54.697 [ExplosionDamageSystem] About to explode Explosion_NonLethal from ExplosionTest<0x00000231C78BD060> ExplosionTest:19100 at <5728.88, 213.07, 1690.58> EXPLOSION range 4 dropoff 1
03:05:54.703 [ExplosionDamageSystem] About to explode Explosion_NonLethal from ExplosionTest<0x00000231C78C0030> ExplosionTest:19099 at <5910.62, 204.99, 1700.24> EXPLOSION range 4 dropoff 1
03:05:54.704 [ExplosionDamageSystem] About to explode Explosion_NonLethal from ExplosionTest<0x00000231C78C09C0> ExplosionTest:19098 at <5995.28, 226.02, 2330.46> EXPLOSION range 4 dropoff 1
03:05:54.704 [ExplosionDamageSystem] About to explode Explosion_NonLethal from ExplosionTest<0x00000231C78BE380> ExplosionTest:19097 at <3716.5, 214.64, 761.64> EXPLOSION range 4 dropoff 1
