01:29:20.011 [ExplosionDamageSystem] About to explode Explosion_NonLethal from ExplosionTest<0x0000015BE610E9F0> ExplosionTest:19002 at <5673.35, 198.22, 1935.69> EXPLOSION range 4 dropoff 1
01:29:20.033 [ExplosionDamageSystem] About to explode Explosion_NonLethal from ExplosionTest<0x0000015BE6114990> ExplosionTest:19001 at <6294.8, 229.21, 1659.04> EXPLOSION range 4 dropoff 1
01:29:20.040 [ExplosionDamageSystem] About to explode Explosion_NonLethal from ExplosionTest<0x0000015BE610CD40> ExplosionTest:19000 at <5941.84, 212.39, 2333.59> EXPLOSION range 4 dropoff 1
01:29:20.050 [ExplosionDamageSystem] About to explode Explosion_NonLethal from ExplosionTest<0x0000015BE6112350> ExplosionTest:18999 at <8602.95, 206.03, 2856.36> EXPLOSION range 4 dropoff 1
01:29:20.055 [ExplosionDamageSystem] About to explode Explosion_NonLethal from ExplosionTest<0x0000015BE6113670> ExplosionTest:18998 at <6196.5, 230.46, 2377.73> EXPLOSION range 4 dropoff 1
01:29:20.075 [ExplosionDamageSystem] About to explode Explosion_NonLethal from ExplosionTest<0x0000015BE610FD10> ExplosionTest:18997 at <5652.65, 212.32, 1631.23> EXPLOSION range 4 dropoff 1
01:29:20.082 [ExplosionDamageSystem] About to explode Explosion_NonLethal from ExplosionTest<0x0000015BE6112CE0> ExplosionTest:18996 at <5978.59, 213.11, 2318.42> EXPLOSION range 4 dropoff 1
01:29:20.091 [ExplosionDamageSystem] About to explode Explosion_NonLethal from ExplosionTest<0x0000015BE610F380> ExplosionTest:18995 at <5427.97, 205.14, 2587.9> EXPLOSION range 4 dropoff 1
01:29:20.129 [ExplosionDamageSystem] About to explode Explosion_NonLethal from ExplosionTest<0x0000015BE61119C0> ExplosionTest:18994 at <6350.42, 217.78, 1658.64> EXPLOSION range 4 dropoff 1
01:29:20.148 [ExplosionDamageSystem] About to explode Explosion_NonLethal from ExplosionTest<0x0000015BE61106A0> ExplosionTest:18993 at <8645.17, 227.94, 2789.27> EXPLOSION range 4 dropoff 1
01:29:20.151 [ExplosionDamageSystem] About to explode Explosion_NonLethal from ExplosionTest<0x0000015BE6111030> ExplosionTest:18992 at <5932.38, 204.29, 1732.12> EXPLOSION range 4 dropoff 1
01:29:20.172 [ExplosionDamageSystem] About to explode Explosion_NonLethal from ExplosionTest<0x0000015BE610D6D0> ExplosionTest:18991 at <5789.86, 196.04, 1976.52> EXPLOSION range 4 dropoff 1
01:29:20.179 [ExplosionDamageSystem] About to explode Explosion_NonLethal from ExplosionTest<0x0000015BE610E060> ExplosionTest:18990 at <6283.44, 228.61, 1816.56> EXPLOSION range 4 dropoff 1
01:29:20.188 [ExplosionDamageSystem] About to explode Explosion_NonLethal from ExplosionTest<0x0000015BE6105A80> ExplosionTest:18989 at <6146.01, 222.84, 2385.55> EXPLOSION range 4 dropoff 1
01:29:20.197 [ExplosionDamageSystem] About to explode Explosion_NonLethal from ExplosionTest<0x0000015BE610C3B0> ExplosionTest:18988 at <5655, 215.32, 2753.37> EXPLOSION range 4 dropoff 1
01:29:20.210 [ExplosionDamageSystem] About to explode Explosion_NonLethal from ExplosionTest<0x0000015BE610BA20> ExplosionTest:18987 at <6182.78, 214.23, 2100> EXPLOSION range 4 dropoff 1
01:29:20.225 [ExplosionDamageSystem] About to explode Explosion_NonLethal from ExplosionTest<0x0000015BE610B090> ExplosionTest:18986 at <7110.84, 218.44, 1510.18> EXPLOSION range 4 dropoff 1
01:29:20.227 [ExplosionDamageSystem] About to explode Explosion_NonLethal from ExplosionTest<0x0000015BE6103DD0> ExplosionTest:18985 at <5955.73, 214.53, 1704.6> EXPLOSION range 4 dropoff 1
01:29:20.233 [ExplosionDamageSystem] About to explode Explosion_NonLethal from ExplosionTest<0x0000015BE610A700> ExplosionTest:18984 at <6135.06, 218.53, 1879.36> EXPLOSION range 4 dropoff 1
01:29:20.248 [ExplosionDamageSystem] About to explode Explosion_NonLethal from ExplosionTest<0x0000015BE6109D70> ExplosionTest:18983 at <5822.84, 209.11, 1413.07> EXPLOSION range 4 dropoff 1
01:29:20.255 [ExplosionDamageSystem] About to explode Explosion_NonLethal from ExplosionTest<0x0000015BE6103440> ExplosionTest:18982 at <6139.25, 216.96, 1806.29> EXPLOSION range 4 dropoff 1
01:29:20.264 [ExplosionDamageSystem] About to explode Explosion_NonLethal from ExplosionTest<0x0000015BE6102AB0> ExplosionTest:18981 at <6093.41, 217.84, 1911.44> EXPLOSION range 4 dropoff 1
01:29:20.265 [ExplosionDamageSystem] About to explode Explosion_NonLethal from ExplosionTest<0x0000015BE61093E0> ExplosionTest:18980 at <10022, 266.67, 1699> EXPLOSION range 4 dropoff 1
01:29:20.278 [ExplosionDamageSystem] About to explode Explosion_NonLethal from ExplosionTest<0x0000015BE61080C0> ExplosionTest:18979 at <6444.25, 207.32, 1201.77> EXPLOSION range 4 dropoff 1
01:29:20.287 [ExplosionDamageSystem] About to explode Explosion_NonLethal from ExplosionTest<0x0000015BE6108A50> ExplosionTest:18978 at <6391.86, 220.52, 1633.88> EXPLOSION range 4 dropoff 1
01:29:20.298 [ExplosionDamageSystem] About to explode Explosion_NonLethal from ExplosionTest<0x0000015BE6102120> ExplosionTest:18977 at <7393.29, 229.84, 1553.18> EXPLOSION range 4 dropoff 1
01:29:20.302 [ExplosionDamageSystem] About to explode Explosion_NonLethal from ExplosionTest<0x0000015BE6101790> ExplosionTest:18976 at <5757.78, 209.19, 2520.92> EXPLOSION range 4 dropoff 1
01:29:20.315 [ExplosionDamageSystem] About to explode Explosion_NonLethal from ExplosionTest<0x0000015BE6107730> ExplosionTest:18975 at <6448.35, 205.95, 1509.85> EXPLOSION range 4 dropoff 1
01:29:20.338 [ExplosionDamageSystem] About to explode Explosion_NonLethal from ExplosionTest<0x0000015BE61050F0> ExplosionTest:18974 at <5534.46, 204.35, 2681.85> EXPLOSION range 4 dropoff 1
01:29:20.355 [ExplosionDamageSystem] About to explode Explosion_NonLethal from ExplosionTest<0x0000015BE6104760> ExplosionTest:18973 at <5693.09, 202.19, 1419.85> EXPLOSION range 4 dropoff 1
01:29:20.366 [ExplosionDamageSystem] About to explode Explosion_NonLethal from ExplosionTest<0x0000015BE6100E00> ExplosionTest:18972 at <6393.42, 207.77, 1522.39> EXPLOSION range 4 dropoff 1
01:29:20.367 [ExplosionDamageSystem] About to explode Explosion_NonLethal from ExplosionTest<0x0000015BE6100470> ExplosionTest:18971 at <6207.6, 216.95, 2200.36> EXPLOSION range 4 dropoff 1
01:29:20.387 [ExplosionDamageSystem] About to explode Explosion_NonLethal from ExplosionTest<0x0000015BE6106DA0> ExplosionTest:18970 at <6068.61, 226.49, 1827.24> EXPLOSION range 4 dropoff 1
01:29:20.397 [ExplosionDamageSystem] About to explode Explosion_NonLethal from ExplosionTest<0x0000015BE6106410> ExplosionTest:18969 at <5694.5, 207.84, 2821.34> EXPLOSION range 4 dropoff 1
01:29:20.405 [ExplosionDamageSystem] About to explode Explosion_NonLethal from ExplosionTest<0x0000015BDA43B9A0> ExplosionTest:18968 at <6040.88, 229.65, 1763.87> EXPLOSION range 4 dropoff 1
01:29:20.413 [ExplosionDamageSystem] About to explode Explosion_NonLethal from ExplosionTest<0x0000015BDA43A680> ExplosionTest:18967 at <6614.75, 207.21, 1327.26> EXPLOSION range 4 dropoff 1
01:29:20.415 [ExplosionDamageSystem] About to explode Explosion_NonLethal from ExplosionTest<0x0000015BDA440FB0> ExplosionTest:18966 at <6296.9, 223.24, 1664.17> EXPLOSION range 4 dropoff 1
01:29:20.416 [ExplosionDamageSystem] About to explode Explosion_NonLethal from ExplosionTest<0x0000015BDA43F300> ExplosionTest:18965 at <5748.58, 206.86, 1586.59> EXPLOSION range 4 dropoff 1
01:29:20.431 [ExplosionDamageSystem] About to explode Explosion_NonLethal from ExplosionTest<0x0000015BDA440620> ExplosionTest:18964 at <5425.91, 196.11, 1652.22> EXPLOSION range 4 dropoff 1
01:29:20.448 [ExplosionDamageSystem] About to explode Explosion_NonLethal from ExplosionTest<0x0000015BDA43E970> ExplosionTest:18963 at <5946.44, 213.32, 2351.37> EXPLOSION range 4 dropoff 1
01:29:20.449 [ExplosionDamageSystem] About to explode Explosion_NonLethal from ExplosionTest<0x0000015BDA43CCC0> ExplosionTest:18962 at <6188.51, 220.67, 1678.95> EXPLOSION range 4 dropoff 1
01:29:20.463 [ExplosionDamageSystem] About to explode Explosion_NonLethal from ExplosionTest<0x0000015BDA439360> ExplosionTest:18961 at <6199.95, 216.01, 1802.81> EXPLOSION range 4 dropoff 1
01:29:20.468 [ExplosionDamageSystem] About to explode Explosion_NonLethal from ExplosionTest<0x0000015BDA43D650> ExplosionTest:18960 at <5730.53, 221.27, 2861.81> EXPLOSION range 4 dropoff 1
01:29:20.469 [ExplosionDamageSystem] About to explode Explosion_NonLethal from ExplosionTest<0x0000015BDA43DFE0> ExplosionTest:18959 at <6389.64, 222.3, 1848.48> EXPLOSION range 4 dropoff 1
01:29:20.481 [ExplosionDamageSystem] About to explode Explosion_NonLethal from ExplosionTest<0x0000015BDA43B010> ExplosionTest:18958 at <5643.83, 205.28, 2876.34> EXPLOSION range 4 dropoff 1
01:29:20.484 [ExplosionDamageSystem] About to explode Explosion_NonLethal from ExplosionTest<0x0000015BDA43C330> ExplosionTest:18957 at <5645.55, 212.63, 1774.59> EXPLOSION range 4 dropoff 1
01:29:20.493 [ExplosionDamageSystem] About to explode Explosion_NonLethal from ExplosionTest<0x0000015BDA43FC90> ExplosionTest:18956 at <6282.77, 226.5, 1653.17> EXPLOSION range 4 dropoff 1
01:29:20.494 [ExplosionDamageSystem] About to explode Explosion_NonLethal from ExplosionTest<0x0000015BDA439CF0> ExplosionTest:18955 at <3715.78, 214.73, 762.61> EXPLOSION range 4 dropoff 1
01:29:20.495 [ExplosionDamageSystem] About to explode Explosion_NonLethal from ExplosionTest<0x0000015BDA4320A0> ExplosionTest:18954 at <6292, 225.02, 2179.89> EXPLOSION range 4 dropoff 1
01:29:20.522 [ExplosionDamageSystem] About to explode Explosion_NonLethal from ExplosionTest<0x0000015BDA4389D0> ExplosionTest:18953 at <6081.81, 212.59, 2398.88> EXPLOSION range 4 dropoff 1
01:29:20.522 [ExplosionDamageSystem] About to explode Explosion_NonLethal from ExplosionTest<0x0000015BDA431710> ExplosionTest:18952 at <5578.76, 201.86, 2605.04> EXPLOSION range 4 dropoff 1
01:29:20.596 [ExplosionDamageSystem] About to explode Explosion_NonLethal from ExplosionTest<0x0000015BDA438040> ExplosionTest:18951 at <13038.1, 311.91, 451.67> EXPLOSION range 4 dropoff 1
01:29:20.597 [ExplosionDamageSystem] About to explode Explosion_NonLethal from ExplosionTest<0x0000015BDA430D80> ExplosionTest:18950 at <6118.03, 218.69, 1552.86> EXPLOSION range 4 dropoff 1
01:29:20.610 [ExplosionDamageSystem] About to explode Explosion_NonLethal from ExplosionTest<0x0000015BDA4376B0> ExplosionTest:18949 at <6163.54, 217.87, 1613.76> EXPLOSION range 4 dropoff 1
01:29:20.615 [ExplosionDamageSystem] About to explode Explosion_NonLethal from ExplosionTest<0x0000015BDA4303F0> ExplosionTest:18948 at <5717.1, 199.1, 1613.23> EXPLOSION range 4 dropoff 1
01:34:18.581 [Safezone] Player "Hessher" (id=MilAR913ecKsrHUOy0uV_fIY7CR0FzNOXUGd_pWZtgI= pos=<7404.56, 235.03, 5009.96>) entered the safezone
01:34:20.247 [MissionAirdrop] An airdrop is heading towards "Hornany" (pos=<1923.219971, 0.000000, 7877.379883> type=Random_Hornany) with a ExpansionAirdropContainer_Military
