19:13:46.144 [ExplosionDamageSystem] About to explode Explosion_NonLethal from ExplosionTest<0x000002094F2FCCF0> ExplosionTest:27351 at <6949.95, 39.9, 1954.21> EXPLOSION range 4 dropoff 1
19:13:46.147 [ExplosionDamageSystem] About to explode Explosion_NonLethal from ExplosionTest<0x000002094F2FB040> ExplosionTest:27350 at <6953.25, 43.22, 2037.58> EXPLOSION range 4 dropoff 1
19:13:46.152 [ExplosionDamageSystem] About to explode Explosion_NonLethal from ExplosionTest<0x000002094F2F9390> ExplosionTest:27349 at <6876.96, 39.33, 1874.46> EXPLOSION range 4 dropoff 1
19:13:46.164 [ExplosionDamageSystem] About to explode Explosion_NonLethal from ExplosionTest<0x000002094F2F8A00> ExplosionTest:27348 at <6679.2, 3.72, 1433.31> EXPLOSION range 4 dropoff 1
19:13:46.164 [ExplosionDamageSystem] About to explode Explosion_NonLethal from ExplosionTest<0x000002094F2F8070> ExplosionTest:27347 at <6947.06, 42.36, 2245.45> EXPLOSION range 4 dropoff 1
19:13:46.165 [ExplosionDamageSystem] About to explode Explosion_NonLethal from ExplosionTest<0x000002094F2FD680> ExplosionTest:27346 at <6381.37, 31.8, 1920.55> EXPLOSION range 4 dropoff 1
19:13:46.167 [ExplosionDamageSystem] About to explode Explosion_NonLethal from ExplosionTest<0x000002094F2FA6B0> ExplosionTest:27345 at <6005.93, 33.42, 1937.6> EXPLOSION range 4 dropoff 1
19:13:46.169 [ExplosionDamageSystem] About to explode Explosion_NonLethal from ExplosionTest<0x000002094F333320> ExplosionTest:27344 at <6602.49, 18.07, 1477.81> EXPLOSION range 4 dropoff 1
19:13:46.174 [ExplosionDamageSystem] About to explode Explosion_NonLethal from ExplosionTest<0x000002094F337610> ExplosionTest:27343 at <6678.01, 3.22, 1454.71> EXPLOSION range 4 dropoff 1
19:13:46.175 [ExplosionDamageSystem] About to explode Explosion_NonLethal from ExplosionTest<0x000002094F336C80> ExplosionTest:27342 at <6976.11, 50.65, 2341.9> EXPLOSION range 4 dropoff 1
19:13:46.177 [ExplosionDamageSystem] About to explode Explosion_NonLethal from ExplosionTest<0x000002094F337FA0> ExplosionTest:27341 at <6919.23, 2.96, 1496.43> EXPLOSION range 4 dropoff 1
19:13:46.177 [ExplosionDamageSystem] About to explode Explosion_NonLethal from ExplosionTest<0x000002094F331670> ExplosionTest:27340 at <6121.38, 8.14, 1313.68> EXPLOSION range 4 dropoff 1
19:13:46.177 [ExplosionDamageSystem] About to explode Explosion_NonLethal from ExplosionTest<0x000002094F32F9C0> ExplosionTest:27339 at <6839.42, 39.47, 1833.76> EXPLOSION range 4 dropoff 1
19:13:46.178 [ExplosionDamageSystem] About to explode Explosion_NonLethal from ExplosionTest<0x000002094F3362F0> ExplosionTest:27338 at <6964.33, 47.04, 1950.76> EXPLOSION range 4 dropoff 1
19:13:46.179 [ExplosionDamageSystem] About to explode Explosion_NonLethal from ExplosionTest<0x000002094F332000> ExplosionTest:27337 at <7283.35, 42.07, 2344.75> EXPLOSION range 4 dropoff 1
19:13:46.183 [ExplosionDamageSystem] About to explode Explosion_NonLethal from ExplosionTest<0x000002094F32F030> ExplosionTest:27336 at <7219.15, -5.18, 1263.55> EXPLOSION range 4 dropoff 1
19:13:46.255 [ExplosionDamageSystem] About to explode Explosion_NonLethal from ExplosionTest<0x000002094F332990> ExplosionTest:27335 at <6305.8, 32.5, 1932.54> EXPLOSION range 4 dropoff 1
19:13:46.257 [ExplosionDamageSystem] About to explode Explosion_NonLethal from ExplosionTest<0x000002094F335960> ExplosionTest:27334 at <7388.06, 3.63, 1424.53> EXPLOSION range 4 dropoff 1
19:13:46.258 [ExplosionDamageSystem] About to explode Explosion_NonLethal from ExplosionTest<0x000002094F330CE0> ExplosionTest:27333 at <7259.95, 7.92, 1553.44> EXPLOSION range 4 dropoff 1
19:13:46.260 [ExplosionDamageSystem] About to explode Explosion_NonLethal from ExplosionTest<0x000002094F32E6A0> ExplosionTest:27332 at <6839.59, 39.29, 2033.5> EXPLOSION range 4 dropoff 1
19:13:46.267 [ExplosionDamageSystem] About to explode Explosion_NonLethal from ExplosionTest<0x000002094F330350> ExplosionTest:27331 at <6954.78, 40.24, 1994.08> EXPLOSION range 4 dropoff 1
19:13:46.268 [ExplosionDamageSystem] About to explode Explosion_NonLethal from ExplosionTest<0x000002094F334FD0> ExplosionTest:27330 at <6358.28, 4.88, 1124.88> EXPLOSION range 4 dropoff 1
19:13:46.268 [ExplosionDamageSystem] About to explode Explosion_NonLethal from ExplosionTest<0x000002094F334640> ExplosionTest:27329 at <6815.21, 3.61, 1550.32> EXPLOSION range 4 dropoff 1
19:13:46.269 [ExplosionDamageSystem] About to explode Explosion_NonLethal from ExplosionTest<0x000002094F333CB0> ExplosionTest:27328 at <6677.65, 3.15, 1343.08> EXPLOSION range 4 dropoff 1
19:13:46.269 [ExplosionDamageSystem] About to explode Explosion_NonLethal from ExplosionTest<0x000002094F3273E0> ExplosionTest:27327 at <6174.55, 8.28, 1301.92> EXPLOSION range 4 dropoff 1
19:13:46.270 [ExplosionDamageSystem] About to explode Explosion_NonLethal from ExplosionTest<0x000002094F32DD10> ExplosionTest:27326 at <6848.6, 2.88, 1506.74> EXPLOSION range 4 dropoff 1
19:13:46.271 [ExplosionDamageSystem] About to explode Explosion_NonLethal from ExplosionTest<0x000002094F329090> ExplosionTest:27325 at <6906.81, 2.85, 1478.22> EXPLOSION range 4 dropoff 1
19:13:46.271 [ExplosionDamageSystem] About to explode Explosion_NonLethal from ExplosionTest<0x000002094F32A3B0> ExplosionTest:27324 at <6523.68, 2.84, 1380.86> EXPLOSION range 4 dropoff 1
19:13:46.271 [ExplosionDamageSystem] About to explode Explosion_NonLethal from ExplosionTest<0x000002094F326A50> ExplosionTest:27323 at <6946.09, 38.91, 1795.86> EXPLOSION range 4 dropoff 1
19:13:46.274 [ExplosionDamageSystem] About to explode Explosion_NonLethal from ExplosionTest<0x000002094F328700> ExplosionTest:27322 at <8291.18, 7.33, 1889.11> EXPLOSION range 4 dropoff 1
19:13:46.275 [ExplosionDamageSystem] About to explode Explosion_NonLethal from ExplosionTest<0x000002094F32D380> ExplosionTest:27321 at <6808.03, 39.24, 2037.95> EXPLOSION range 4 dropoff 1
19:13:46.278 [ExplosionDamageSystem] About to explode Explosion_NonLethal from ExplosionTest<0x000002094F3260C0> ExplosionTest:27320 at <6912.11, 39.26, 1853.07> EXPLOSION range 4 dropoff 1
19:13:46.279 [ExplosionDamageSystem] About to explode Explosion_NonLethal from ExplosionTest<0x000002094F32B6D0> ExplosionTest:27319 at <7113.78, 46.6, 1784.61> EXPLOSION range 4 dropoff 1
19:13:46.282 [ExplosionDamageSystem] About to explode Explosion_NonLethal from ExplosionTest<0x000002094F32AD40> ExplosionTest:27318 at <6122.85, 17.31, 1180.87> EXPLOSION range 4 dropoff 1
19:13:46.288 [ExplosionDamageSystem] About to explode Explosion_NonLethal from ExplosionTest<0x000002094F32C9F0> ExplosionTest:27317 at <6968.14, 40.22, 1990.82> EXPLOSION range 4 dropoff 1
19:13:46.288 [ExplosionDamageSystem] About to explode Explosion_NonLethal from ExplosionTest<0x000002094F327D70> ExplosionTest:27316 at <7116.89, 4.1, 1337.88> EXPLOSION range 4 dropoff 1
19:13:46.291 [ExplosionDamageSystem] About to explode Explosion_NonLethal from ExplosionTest<0x000002094F32C060> ExplosionTest:27315 at <6373.58, 32.03, 2050.25> EXPLOSION range 4 dropoff 1
19:13:46.293 [ExplosionDamageSystem] About to explode Explosion_NonLethal from ExplosionTest<0x000002094F329A20> ExplosionTest:27314 at <7439.16, 4.85, 1474.68> EXPLOSION range 4 dropoff 1
19:13:46.293 [ExplosionDamageSystem] About to explode Explosion_NonLethal from ExplosionTest<0x000002094F31EE00> ExplosionTest:27313 at <6969.4, 43.35, 1820.63> EXPLOSION range 4 dropoff 1
19:13:46.293 [ExplosionDamageSystem] About to explode Explosion_NonLethal from ExplosionTest<0x000002094F325730> ExplosionTest:27312 at <6943.68, 40.22, 1830.08> EXPLOSION range 4 dropoff 1
19:13:46.294 [ExplosionDamageSystem] About to explode Explosion_NonLethal from ExplosionTest<0x000002094F31E470> ExplosionTest:27311 at <7117.6, 49.39, 1740.23> EXPLOSION range 4 dropoff 1
19:13:46.294 [ExplosionDamageSystem] About to explode Explosion_NonLethal from ExplosionTest<0x000002094F324DA0> ExplosionTest:27310 at <6398.4, 22.24, 1528.51> EXPLOSION range 4 dropoff 1
19:13:46.294 [ExplosionDamageSystem] About to explode Explosion_NonLethal from ExplosionTest<0x000002094F321DD0> ExplosionTest:27309 at <6936.04, 39.91, 1834.49> EXPLOSION range 4 dropoff 1
19:13:46.295 [ExplosionDamageSystem] About to explode Explosion_NonLethal from ExplosionTest<0x000002094F324410> ExplosionTest:27308 at <7189.62, 11.63, 1234.74> EXPLOSION range 4 dropoff 1
19:13:46.295 [ExplosionDamageSystem] About to explode Explosion_NonLethal from ExplosionTest<0x000002094F3230F0> ExplosionTest:27307 at <6754.54, 39.16, 2020.28> EXPLOSION range 4 dropoff 1
19:13:46.297 [ExplosionDamageSystem] About to explode Explosion_NonLethal from ExplosionTest<0x000002094F323A80> ExplosionTest:27306 at <6784.37, 8.6, 1291.98> EXPLOSION range 4 dropoff 1
19:13:46.298 [ExplosionDamageSystem] About to explode Explosion_NonLethal from ExplosionTest<0x000002094F322760> ExplosionTest:27305 at <6853.17, 47.02, 1904> EXPLOSION range 4 dropoff 1
19:13:46.302 [ExplosionDamageSystem] About to explode Explosion_NonLethal from ExplosionTest<0x000002094F321440> ExplosionTest:27304 at <6600.5, 3.11, 1370.01> EXPLOSION range 4 dropoff 1
19:13:46.303 [ExplosionDamageSystem] About to explode Explosion_NonLethal from ExplosionTest<0x000002094F320AB0> ExplosionTest:27303 at <6951.8, 39.01, 1944.79> EXPLOSION range 4 dropoff 1
19:13:46.304 [ExplosionDamageSystem] About to explode Explosion_NonLethal from ExplosionTest<0x000002094F320120> ExplosionTest:27302 at <6642.52, 3.1, 1444.72> EXPLOSION range 4 dropoff 1
19:13:46.304 [ExplosionDamageSystem] About to explode Explosion_NonLethal from ExplosionTest<0x000002094F31F790> ExplosionTest:27301 at <6929.13, 7.58, 1527.19> EXPLOSION range 4 dropoff 1
19:13:46.306 [ExplosionDamageSystem] About to explode Explosion_NonLethal from ExplosionTest<0x00000209475B53E0> ExplosionTest:27300 at <7338.6, 12.49, 1581.07> EXPLOSION range 4 dropoff 1
19:13:46.309 [ExplosionDamageSystem] About to explode Explosion_NonLethal from ExplosionTest<0x00000209475AE120> ExplosionTest:27299 at <6962.85, 39.91, 1978.76> EXPLOSION range 4 dropoff 1
19:13:46.310 [ExplosionDamageSystem] About to explode Explosion_NonLethal from ExplosionTest<0x00000209475B4A50> ExplosionTest:27298 at <7231.03, 39.77, 2254.75> EXPLOSION range 4 dropoff 1
19:13:46.311 [ExplosionDamageSystem] About to explode Explosion_NonLethal from ExplosionTest<0x00000209475AD790> ExplosionTest:27297 at <6839.83, 6.86, 1508.92> EXPLOSION range 4 dropoff 1
19:18:45.295 [MissionAirdrop] An airdrop is heading towards "Sliezska Osada" (pos=<2187.139893, 0.000000, 1967.319702> type=Random_slienzska) with a ExpansionAirdropContainer_Basebuilding
