01:19:33.994 [ExplosionDamageSystem] About to explode Explosion_NonLethal from ExplosionTest<0x0000016365E256D0> ExplosionTest:19024 at <5537.83, 201.8, 2666.49> EXPLOSION range 4 dropoff 1
01:19:34.015 [ExplosionDamageSystem] About to explode Explosion_NonLethal from ExplosionTest<0x0000016365E27380> ExplosionTest:19023 at <6281.31, 235.59, 2243.11> EXPLOSION range 4 dropoff 1
01:19:34.023 [ExplosionDamageSystem] About to explode Explosion_NonLethal from ExplosionTest<0x0000016365E26060> ExplosionTest:19022 at <6365.35, 220.69, 2329.87> EXPLOSION range 4 dropoff 1
01:19:34.025 [ExplosionDamageSystem] About to explode Explosion_NonLethal from ExplosionTest<0x0000016365E200C0> ExplosionTest:19021 at <6392.23, 231.57, 1846.44> EXPLOSION range 4 dropoff 1
01:19:34.033 [ExplosionDamageSystem] About to explode Explosion_NonLethal from ExplosionTest<0x0000016365E23090> ExplosionTest:19020 at <5537.64, 197.55, 2543.32> EXPLOSION range 4 dropoff 1
01:19:34.046 [ExplosionDamageSystem] About to explode Explosion_NonLethal from ExplosionTest<0x0000016365E269F0> ExplosionTest:19019 at <11942.4, 252.27, 3325.77> EXPLOSION range 4 dropoff 1
01:19:34.050 [ExplosionDamageSystem] About to explode Explosion_NonLethal from ExplosionTest<0x0000016365E24D40> ExplosionTest:19018 at <13075.9, 308.74, 530.93> EXPLOSION range 4 dropoff 1
01:19:34.053 [ExplosionDamageSystem] About to explode Explosion_NonLethal from ExplosionTest<0x0000016365E213E0> ExplosionTest:19017 at <5849.34, 215.21, 2580.09> EXPLOSION range 4 dropoff 1
01:19:34.056 [ExplosionDamageSystem] About to explode Explosion_NonLethal from ExplosionTest<0x0000016365E18E00> ExplosionTest:19016 at <5935, 222.59, 2331.58> EXPLOSION range 4 dropoff 1
01:19:34.063 [ExplosionDamageSystem] About to explode Explosion_NonLethal from ExplosionTest<0x0000016365E1F730> ExplosionTest:19015 at <5838.12, 209.09, 1403.42> EXPLOSION range 4 dropoff 1
01:19:34.068 [ExplosionDamageSystem] About to explode Explosion_NonLethal from ExplosionTest<0x0000016365E1EDA0> ExplosionTest:19014 at <5940.44, 214.52, 1533.5> EXPLOSION range 4 dropoff 1
01:19:34.069 [ExplosionDamageSystem] About to explode Explosion_NonLethal from ExplosionTest<0x0000016365E1E410> ExplosionTest:19013 at <5724.14, 210.13, 2871.89> EXPLOSION range 4 dropoff 1
01:19:34.076 [ExplosionDamageSystem] About to explode Explosion_NonLethal from ExplosionTest<0x0000016365E18470> ExplosionTest:19012 at <6288.66, 221.64, 1965.99> EXPLOSION range 4 dropoff 1
01:19:34.079 [ExplosionDamageSystem] About to explode Explosion_NonLethal from ExplosionTest<0x0000016365E1A120> ExplosionTest:19011 at <7249.09, 206.34, 1659.71> EXPLOSION range 4 dropoff 1
01:19:34.083 [ExplosionDamageSystem] About to explode Explosion_NonLethal from ExplosionTest<0x0000016365E1DA80> ExplosionTest:19010 at <5661.73, 213.04, 1617.22> EXPLOSION range 4 dropoff 1
01:19:34.087 [ExplosionDamageSystem] About to explode Explosion_NonLethal from ExplosionTest<0x0000016365E1D0F0> ExplosionTest:19009 at <6172.42, 212.87, 2389.4> EXPLOSION range 4 dropoff 1
01:19:34.097 [ExplosionDamageSystem] About to explode Explosion_NonLethal from ExplosionTest<0x0000016365E1AAB0> ExplosionTest:19008 at <5996.11, 214.32, 1617.45> EXPLOSION range 4 dropoff 1
01:19:34.116 [ExplosionDamageSystem] About to explode Explosion_NonLethal from ExplosionTest<0x0000016365E19790> ExplosionTest:19007 at <6131.79, 233.23, 1799.09> EXPLOSION range 4 dropoff 1
01:19:34.129 [ExplosionDamageSystem] About to explode Explosion_NonLethal from ExplosionTest<0x0000016365E1B440> ExplosionTest:19006 at <5735.16, 198.99, 2534.65> EXPLOSION range 4 dropoff 1
01:19:34.137 [ExplosionDamageSystem] About to explode Explosion_NonLethal from ExplosionTest<0x0000016365E1C760> ExplosionTest:19005 at <6233.63, 230.25, 2220.66> EXPLOSION range 4 dropoff 1
01:19:34.143 [ExplosionDamageSystem] About to explode Explosion_NonLethal from ExplosionTest<0x0000016365E1BDD0> ExplosionTest:19004 at <5877.2, 231.91, 2657.75> EXPLOSION range 4 dropoff 1
01:19:34.149 [ExplosionDamageSystem] About to explode Explosion_NonLethal from ExplosionTest<0x000001635BD82C90> ExplosionTest:19003 at <5715.8, 212.59, 2570.96> EXPLOSION range 4 dropoff 1
01:19:34.153 [ExplosionDamageSystem] About to explode Explosion_NonLethal from ExplosionTest<0x000001635BD82300> ExplosionTest:19002 at <5917.76, 204.29, 1708.66> EXPLOSION range 4 dropoff 1
01:19:34.158 [ExplosionDamageSystem] About to explode Explosion_NonLethal from ExplosionTest<0x000001635BD81970> ExplosionTest:19001 at <6185.86, 219.98, 1714.22> EXPLOSION range 4 dropoff 1
01:19:34.160 [ExplosionDamageSystem] About to explode Explosion_NonLethal from ExplosionTest<0x000001635BD80650> ExplosionTest:19000 at <3982.75, 206.14, 1108.14> EXPLOSION range 4 dropoff 1
01:19:34.162 [ExplosionDamageSystem] About to explode Explosion_NonLethal from ExplosionTest<0x000001635BD83FB0> ExplosionTest:18999 at <5499.19, 196.73, 2974.28> EXPLOSION range 4 dropoff 1
01:19:34.209 [ExplosionDamageSystem] About to explode Explosion_NonLethal from ExplosionTest<0x000001635BD83620> ExplosionTest:18998 at <5653.96, 197.38, 1678.23> EXPLOSION range 4 dropoff 1
01:19:34.214 [ExplosionDamageSystem] About to explode Explosion_NonLethal from ExplosionTest<0x000001635BD80FE0> ExplosionTest:18997 at <6278.15, 217.71, 1963.86> EXPLOSION range 4 dropoff 1
01:19:34.215 [ExplosionDamageSystem] About to explode Explosion_NonLethal from ExplosionTest<0x000001635BD7E9A0> ExplosionTest:18996 at <5791.85, 202.71, 1114.77> EXPLOSION range 4 dropoff 1
01:19:34.215 [ExplosionDamageSystem] About to explode Explosion_NonLethal from ExplosionTest<0x000001635BD7F330> ExplosionTest:18995 at <6418.22, 221.2, 1366.4> EXPLOSION range 4 dropoff 1
01:19:34.219 [ExplosionDamageSystem] About to explode Explosion_NonLethal from ExplosionTest<0x000001635BD79390> ExplosionTest:18994 at <6032.86, 214.85, 1459.29> EXPLOSION range 4 dropoff 1
01:19:34.222 [ExplosionDamageSystem] About to explode Explosion_NonLethal from ExplosionTest<0x000001635BD7E010> ExplosionTest:18993 at <5408.51, 208.14, 2533.37> EXPLOSION range 4 dropoff 1
01:19:34.242 [ExplosionDamageSystem] About to explode Explosion_NonLethal from ExplosionTest<0x000001635BD7FCC0> ExplosionTest:18992 at <1802.05, 220.44, 2405.78> EXPLOSION range 4 dropoff 1
01:19:34.242 [ExplosionDamageSystem] About to explode Explosion_NonLethal from ExplosionTest<0x000001635BD7D680> ExplosionTest:18991 at <6171.98, 216.01, 2154.02> EXPLOSION range 4 dropoff 1
01:19:34.248 [ExplosionDamageSystem] About to explode Explosion_NonLethal from ExplosionTest<0x000001635BD763C0> ExplosionTest:18990 at <6329.42, 232.93, 1862.1> EXPLOSION range 4 dropoff 1
01:19:34.252 [ExplosionDamageSystem] About to explode Explosion_NonLethal from ExplosionTest<0x000001635BD7CCF0> ExplosionTest:18989 at <6430.14, 221.17, 1663.99> EXPLOSION range 4 dropoff 1
01:19:34.257 [ExplosionDamageSystem] About to explode Explosion_NonLethal from ExplosionTest<0x000001635BD7C360> ExplosionTest:18988 at <6058.18, 232.01, 1839.07> EXPLOSION range 4 dropoff 1
01:19:34.260 [ExplosionDamageSystem] About to explode Explosion_NonLethal from ExplosionTest<0x000001635BD750A0> ExplosionTest:18987 at <6428.27, 237.38, 1664.67> EXPLOSION range 4 dropoff 1
01:19:34.260 [ExplosionDamageSystem] About to explode Explosion_NonLethal from ExplosionTest<0x000001635BD7B9D0> ExplosionTest:18986 at <6086.37, 214.42, 1891.55> EXPLOSION range 4 dropoff 1
01:19:34.263 [ExplosionDamageSystem] About to explode Explosion_NonLethal from ExplosionTest<0x000001635BD7B040> ExplosionTest:18985 at <5645.15, 214.28, 2568.94> EXPLOSION range 4 dropoff 1
01:19:34.263 [ExplosionDamageSystem] About to explode Explosion_NonLethal from ExplosionTest<0x000001635BD7A6B0> ExplosionTest:18984 at <5830.06, 215.23, 2568.59> EXPLOSION range 4 dropoff 1
01:19:34.264 [ExplosionDamageSystem] About to explode Explosion_NonLethal from ExplosionTest<0x000001635BD78A00> ExplosionTest:18983 at <6123.92, 218.23, 1858.07> EXPLOSION range 4 dropoff 1
01:19:34.280 [ExplosionDamageSystem] About to explode Explosion_NonLethal from ExplosionTest<0x000001635BD74710> ExplosionTest:18982 at <5604.89, 201.93, 1763.24> EXPLOSION range 4 dropoff 1
01:19:34.286 [ExplosionDamageSystem] About to explode Explosion_NonLethal from ExplosionTest<0x000001635BD776E0> ExplosionTest:18981 at <5977.52, 225.52, 2242.25> EXPLOSION range 4 dropoff 1
01:19:34.292 [ExplosionDamageSystem] About to explode Explosion_NonLethal from ExplosionTest<0x000001635BD75A30> ExplosionTest:18980 at <5980.02, 217.98, 1410.84> EXPLOSION range 4 dropoff 1
01:19:34.296 [ExplosionDamageSystem] About to explode Explosion_NonLethal from ExplosionTest<0x000001635BD79D20> ExplosionTest:18979 at <6189.92, 228.31, 2274.08> EXPLOSION range 4 dropoff 1
01:19:34.306 [ExplosionDamageSystem] About to explode Explosion_NonLethal from ExplosionTest<0x000001635BD76D50> ExplosionTest:18978 at <6225.91, 218.64, 1731.08> EXPLOSION range 4 dropoff 1
01:19:34.309 [ExplosionDamageSystem] About to explode Explosion_NonLethal from ExplosionTest<0x000001635BD78070> ExplosionTest:18977 at <5713.42, 200.31, 1518.74> EXPLOSION range 4 dropoff 1
01:19:34.313 [ExplosionDamageSystem] About to explode Explosion_NonLethal from ExplosionTest<0x000001635BD6D450> ExplosionTest:18976 at <5837.75, 228.78, 2439.05> EXPLOSION range 4 dropoff 1
01:19:34.319 [ExplosionDamageSystem] About to explode Explosion_NonLethal from ExplosionTest<0x000001635BD73D80> ExplosionTest:18975 at <6309.57, 224.05, 1435.42> EXPLOSION range 4 dropoff 1
01:19:34.324 [ExplosionDamageSystem] About to explode Explosion_NonLethal from ExplosionTest<0x000001635BD733F0> ExplosionTest:18974 at <5399.47, 195.47, 2949.44> EXPLOSION range 4 dropoff 1
01:19:34.331 [ExplosionDamageSystem] About to explode Explosion_NonLethal from ExplosionTest<0x000001635BD72A60> ExplosionTest:18973 at <5462.06, 207.54, 2876.25> EXPLOSION range 4 dropoff 1
01:19:34.375 [ExplosionDamageSystem] About to explode Explosion_NonLethal from ExplosionTest<0x000001635BD720D0> ExplosionTest:18972 at <6193.24, 213.49, 1016.36> EXPLOSION range 4 dropoff 1
01:19:34.380 [ExplosionDamageSystem] About to explode Explosion_NonLethal from ExplosionTest<0x000001635BD6DDE0> ExplosionTest:18971 at <5412.15, 204.76, 2526.84> EXPLOSION range 4 dropoff 1
01:19:34.380 [ExplosionDamageSystem] About to explode Explosion_NonLethal from ExplosionTest<0x000001635BD6CAC0> ExplosionTest:18970 at <5667.62, 196.98, 1938.29> EXPLOSION range 4 dropoff 1
01:24:34.939 [MissionAirdrop] An airdrop is heading towards "Sliezska Osada" (pos=<2187.139893, 0.000000, 1967.319702> type=Random_slienzska) with a ExpansionAirdropContainer_Basebuilding
