23:23:41.960 [ExplosionDamageSystem] About to explode Explosion_NonLethal from ExplosionTest<0x000002F8675C4F80> ExplosionTest:18960 at <9808.9, 253.21, 1498.98> EXPLOSION range 4 dropoff 1
23:23:41.968 [ExplosionDamageSystem] About to explode Explosion_NonLethal from ExplosionTest<0x000002F8675BEFE0> ExplosionTest:18959 at <6049.62, 228.45, 1859.43> EXPLOSION range 4 dropoff 1
23:23:42.016 [ExplosionDamageSystem] About to explode Explosion_NonLethal from ExplosionTest<0x000002F8675B7D20> ExplosionTest:18958 at <6073.88, 208.58, 1360.32> EXPLOSION range 4 dropoff 1
23:23:42.024 [ExplosionDamageSystem] About to explode Explosion_NonLethal from ExplosionTest<0x000002F8675BE650> ExplosionTest:18957 at <6368.8, 230.43, 1736.64> EXPLOSION range 4 dropoff 1
23:23:42.025 [ExplosionDamageSystem] About to explode Explosion_NonLethal from ExplosionTest<0x000002F8675B7390> ExplosionTest:18956 at <7403.69, 234.07, 1563.89> EXPLOSION range 4 dropoff 1
23:23:42.030 [ExplosionDamageSystem] About to explode Explosion_NonLethal from ExplosionTest<0x000002F8675BDCC0> ExplosionTest:18955 at <6082.62, 219.3, 1712.34> EXPLOSION range 4 dropoff 1
23:23:42.049 [ExplosionDamageSystem] About to explode Explosion_NonLethal from ExplosionTest<0x000002F8675B6A00> ExplosionTest:18954 at <5600.76, 197.65, 2328.75> EXPLOSION range 4 dropoff 1
23:23:42.051 [ExplosionDamageSystem] About to explode Explosion_NonLethal from ExplosionTest<0x000002F8675BD330> ExplosionTest:18953 at <5807.8, 213.68, 2490.37> EXPLOSION range 4 dropoff 1
23:23:42.068 [ExplosionDamageSystem] About to explode Explosion_NonLethal from ExplosionTest<0x000002F8675BB680> ExplosionTest:18952 at <5921.73, 218.2, 1092.29> EXPLOSION range 4 dropoff 1
23:23:42.070 [ExplosionDamageSystem] About to explode Explosion_NonLethal from ExplosionTest<0x000002F8675BA360> ExplosionTest:18951 at <11440.5, 235.64, 3656.71> EXPLOSION range 4 dropoff 1
23:23:42.079 [ExplosionDamageSystem] About to explode Explosion_NonLethal from ExplosionTest<0x000002F8675BC9A0> ExplosionTest:18950 at <5778.77, 197.6, 1973.73> EXPLOSION range 4 dropoff 1
23:23:42.100 [ExplosionDamageSystem] About to explode Explosion_NonLethal from ExplosionTest<0x000002F8675B99D0> ExplosionTest:18949 at <6067.06, 222.29, 1831.05> EXPLOSION range 4 dropoff 1
23:23:42.101 [ExplosionDamageSystem] About to explode Explosion_NonLethal from ExplosionTest<0x000002F8675BACF0> ExplosionTest:18948 at <5694.42, 225.55, 2903.3> EXPLOSION range 4 dropoff 1
23:23:42.112 [ExplosionDamageSystem] About to explode Explosion_NonLethal from ExplosionTest<0x000002F8675B86B0> ExplosionTest:18947 at <5922.89, 216.6, 2327.27> EXPLOSION range 4 dropoff 1
23:23:42.125 [ExplosionDamageSystem] About to explode Explosion_NonLethal from ExplosionTest<0x000002F8675B9040> ExplosionTest:18946 at <5672.12, 205.43, 2841.13> EXPLOSION range 4 dropoff 1
23:23:42.131 [ExplosionDamageSystem] About to explode Explosion_NonLethal from ExplosionTest<0x000002F8675B6070> ExplosionTest:18945 at <5750.63, 212.59, 2529.62> EXPLOSION range 4 dropoff 1
23:23:42.135 [ExplosionDamageSystem] About to explode Explosion_NonLethal from ExplosionTest<0x000002F8675BC010> ExplosionTest:18944 at <5901.37, 228.82, 2548.36> EXPLOSION range 4 dropoff 1
23:23:42.151 [ExplosionDamageSystem] About to explode Explosion_NonLethal from ExplosionTest<0x000002F85EB93AC0> ExplosionTest:18943 at <4747.59, 192.45, 380.65> EXPLOSION range 4 dropoff 1
23:23:42.155 [ExplosionDamageSystem] About to explode Explosion_NonLethal from ExplosionTest<0x000002F85EB93130> ExplosionTest:18942 at <5740.38, 217.91, 1474.13> EXPLOSION range 4 dropoff 1
23:23:42.165 [ExplosionDamageSystem] About to explode Explosion_NonLethal from ExplosionTest<0x000002F85EB99A60> ExplosionTest:18941 at <5746.4, 210.61, 2522.79> EXPLOSION range 4 dropoff 1
23:23:42.165 [ExplosionDamageSystem] About to explode Explosion_NonLethal from ExplosionTest<0x000002F85EB990D0> ExplosionTest:18940 at <6132.44, 205.64, 918.34> EXPLOSION range 4 dropoff 1
23:23:42.171 [ExplosionDamageSystem] About to explode Explosion_NonLethal from ExplosionTest<0x000002F85EB98740> ExplosionTest:18939 at <7388.6, 206.79, 1766.07> EXPLOSION range 4 dropoff 1
23:23:42.173 [ExplosionDamageSystem] About to explode Explosion_NonLethal from ExplosionTest<0x000002F85EB91480> ExplosionTest:18938 at <5502.13, 196.59, 2973.95> EXPLOSION range 4 dropoff 1
23:23:42.182 [ExplosionDamageSystem] About to explode Explosion_NonLethal from ExplosionTest<0x000002F85EB94DE0> ExplosionTest:18937 at <5510.76, 196.74, 2951.82> EXPLOSION range 4 dropoff 1
23:23:42.195 [ExplosionDamageSystem] About to explode Explosion_NonLethal from ExplosionTest<0x000002F85EB97DB0> ExplosionTest:18936 at <5590.93, 212.88, 1819.28> EXPLOSION range 4 dropoff 1
23:23:42.207 [ExplosionDamageSystem] About to explode Explosion_NonLethal from ExplosionTest<0x000002F85EB97420> ExplosionTest:18935 at <6180.3, 230.65, 1680.94> EXPLOSION range 4 dropoff 1
23:23:42.223 [ExplosionDamageSystem] About to explode Explosion_NonLethal from ExplosionTest<0x000002F85EB94450> ExplosionTest:18934 at <6288.74, 229.21, 1652.91> EXPLOSION range 4 dropoff 1
23:23:42.230 [ExplosionDamageSystem] About to explode Explosion_NonLethal from ExplosionTest<0x000002F85EB96A90> ExplosionTest:18933 at <5822.93, 210.29, 2494.51> EXPLOSION range 4 dropoff 1
23:23:42.231 [ExplosionDamageSystem] About to explode Explosion_NonLethal from ExplosionTest<0x000002F85EB96100> ExplosionTest:18932 at <6074.87, 211.19, 2361.38> EXPLOSION range 4 dropoff 1
23:23:42.245 [ExplosionDamageSystem] About to explode Explosion_NonLethal from ExplosionTest<0x000002F85EB95770> ExplosionTest:18931 at <6056.54, 225.01, 1837.55> EXPLOSION range 4 dropoff 1
23:23:42.246 [ExplosionDamageSystem] About to explode Explosion_NonLethal from ExplosionTest<0x000002F85EB927A0> ExplosionTest:18930 at <5579.86, 195.8, 1660.3> EXPLOSION range 4 dropoff 1
23:23:42.255 [ExplosionDamageSystem] About to explode Explosion_NonLethal from ExplosionTest<0x000002F85EB91E10> ExplosionTest:18929 at <6116.41, 215.06, 1815.11> EXPLOSION range 4 dropoff 1
23:23:42.266 [ExplosionDamageSystem] About to explode Explosion_NonLethal from ExplosionTest<0x000002F85EB8C800> ExplosionTest:18928 at <5787.8, 218.16, 1436.41> EXPLOSION range 4 dropoff 1
23:23:42.275 [ExplosionDamageSystem] About to explode Explosion_NonLethal from ExplosionTest<0x000002F85EB90AF0> ExplosionTest:18927 at <9842.92, 250.67, 1550.67> EXPLOSION range 4 dropoff 1
23:23:42.279 [ExplosionDamageSystem] About to explode Explosion_NonLethal from ExplosionTest<0x000002F85EB8D190> ExplosionTest:18926 at <5424.92, 213.31, 1647.92> EXPLOSION range 4 dropoff 1
23:23:42.289 [ExplosionDamageSystem] About to explode Explosion_NonLethal from ExplosionTest<0x000002F85EB8AB50> ExplosionTest:18925 at <6431.74, 233.78, 1678.02> EXPLOSION range 4 dropoff 1
23:23:42.305 [ExplosionDamageSystem] About to explode Explosion_NonLethal from ExplosionTest<0x000002F85EB90160> ExplosionTest:18924 at <6231.42, 247.6, 1621.4> EXPLOSION range 4 dropoff 1
23:23:42.309 [ExplosionDamageSystem] About to explode Explosion_NonLethal from ExplosionTest<0x000002F85EB8BE70> ExplosionTest:18923 at <5679.33, 215.13, 2763.87> EXPLOSION range 4 dropoff 1
23:23:42.312 [ExplosionDamageSystem] About to explode Explosion_NonLethal from ExplosionTest<0x000002F85EB89830> ExplosionTest:18922 at <9846.9, 250.63, 1539.84> EXPLOSION range 4 dropoff 1
23:23:42.312 [ExplosionDamageSystem] About to explode Explosion_NonLethal from ExplosionTest<0x000002F85EB88EA0> ExplosionTest:18921 at <5994.67, 216.65, 2324.64> EXPLOSION range 4 dropoff 1
23:23:42.313 [ExplosionDamageSystem] About to explode Explosion_NonLethal from ExplosionTest<0x000002F85EB8A1C0> ExplosionTest:18920 at <6203.08, 216.99, 1744.6> EXPLOSION range 4 dropoff 1
23:23:42.316 [ExplosionDamageSystem] About to explode Explosion_NonLethal from ExplosionTest<0x000002F85EB8F7D0> ExplosionTest:18919 at <6021.88, 214.25, 1593.04> EXPLOSION range 4 dropoff 1
23:23:42.352 [ExplosionDamageSystem] About to explode Explosion_NonLethal from ExplosionTest<0x000002F85EB88510> ExplosionTest:18918 at <6043.1, 224.34, 1857.84> EXPLOSION range 4 dropoff 1
23:23:42.352 [ExplosionDamageSystem] About to explode Explosion_NonLethal from ExplosionTest<0x000002F85EB8DB20> ExplosionTest:18917 at <5980.12, 217.86, 1497.61> EXPLOSION range 4 dropoff 1
23:23:42.452 [ExplosionDamageSystem] About to explode Explosion_NonLethal from ExplosionTest<0x000002F85EB8EE40> ExplosionTest:18916 at <5918.88, 204.22, 1720.22> EXPLOSION range 4 dropoff 1
23:23:42.472 [ExplosionDamageSystem] About to explode Explosion_NonLethal from ExplosionTest<0x000002F85EB87B80> ExplosionTest:18915 at <6116.84, 218.38, 2298.48> EXPLOSION range 4 dropoff 1
23:23:42.482 [ExplosionDamageSystem] About to explode Explosion_NonLethal from ExplosionTest<0x000002F85EB8B4E0> ExplosionTest:18914 at <5588.14, 212.17, 1824.87> EXPLOSION range 4 dropoff 1
23:23:42.483 [ExplosionDamageSystem] About to explode Explosion_NonLethal from ExplosionTest<0x000002F85EB8E4B0> ExplosionTest:18913 at <5506.81, 197.97, 2873.28> EXPLOSION range 4 dropoff 1
23:23:42.485 [ExplosionDamageSystem] About to explode Explosion_NonLethal from ExplosionTest<0x000002F85EB808C0> ExplosionTest:18912 at <5541.19, 197.86, 2554.62> EXPLOSION range 4 dropoff 1
23:23:42.498 [ExplosionDamageSystem] About to explode Explosion_NonLethal from ExplosionTest<0x000002F85EB871F0> ExplosionTest:18911 at <5552.04, 201.82, 2648.76> EXPLOSION range 4 dropoff 1
23:23:42.505 [ExplosionDamageSystem] About to explode Explosion_NonLethal from ExplosionTest<0x000002F85EB86860> ExplosionTest:18910 at <5614.04, 208.73, 1764.13> EXPLOSION range 4 dropoff 1
23:23:42.520 [ExplosionDamageSystem] About to explode Explosion_NonLethal from ExplosionTest<0x000002F85EB84BB0> ExplosionTest:18909 at <6273.79, 219.41, 1795.59> EXPLOSION range 4 dropoff 1
23:23:42.528 [ExplosionDamageSystem] About to explode Explosion_NonLethal from ExplosionTest<0x000002F85EB84220> ExplosionTest:18908 at <5597.76, 217.17, 2999.82> EXPLOSION range 4 dropoff 1
23:23:42.547 [ExplosionDamageSystem] About to explode Explosion_NonLethal from ExplosionTest<0x000002F85EB83890> ExplosionTest:18907 at <6072.88, 229.41, 1731.92> EXPLOSION range 4 dropoff 1
23:23:42.548 [ExplosionDamageSystem] About to explode Explosion_NonLethal from ExplosionTest<0x000002F85EB85ED0> ExplosionTest:18906 at <6135.14, 218.53, 1879.28> EXPLOSION range 4 dropoff 1
