04:08:01.578 [ExplosionDamageSystem] About to explode Explosion_NonLethal from ExplosionTest<0x000001D5C80F6600> ExplosionTest:19138 at <11943.8, 252.55, 3333.87> EXPLOSION range 4 dropoff 1
04:08:01.584 [ExplosionDamageSystem] About to explode Explosion_NonLethal from ExplosionTest<0x000001D5C80F4950> ExplosionTest:19137 at <6409.13, 235.78, 1784.96> EXPLOSION range 4 dropoff 1
04:08:01.606 [ExplosionDamageSystem] About to explode Explosion_NonLethal from ExplosionTest<0x000001D5C80EA6C0> ExplosionTest:19136 at <5406.29, 197.92, 2536.14> EXPLOSION range 4 dropoff 1
04:08:01.633 [ExplosionDamageSystem] About to explode Explosion_NonLethal from ExplosionTest<0x000001D5C80F0660> ExplosionTest:19135 at <5422.16, 202.57, 2583.33> EXPLOSION range 4 dropoff 1
04:08:01.636 [ExplosionDamageSystem] About to explode Explosion_NonLethal from ExplosionTest<0x000001D5C80F0FF0> ExplosionTest:19134 at <5804.9, 196.04, 1981.24> EXPLOSION range 4 dropoff 1
04:08:01.642 [ExplosionDamageSystem] About to explode Explosion_NonLethal from ExplosionTest<0x000001D5C80EB050> ExplosionTest:19133 at <5700.19, 212.17, 2898.37> EXPLOSION range 4 dropoff 1
04:08:01.649 [ExplosionDamageSystem] About to explode Explosion_NonLethal from ExplosionTest<0x000001D5C80EFCD0> ExplosionTest:19132 at <7393.93, 240.04, 1560.43> EXPLOSION range 4 dropoff 1
04:08:01.652 [ExplosionDamageSystem] About to explode Explosion_NonLethal from ExplosionTest<0x000001D5C80EF340> ExplosionTest:19131 at <5848.05, 202.58, 2326.15> EXPLOSION range 4 dropoff 1
04:08:01.664 [ExplosionDamageSystem] About to explode Explosion_NonLethal from ExplosionTest<0x000001D5C80E9D30> ExplosionTest:19130 at <6088.52, 224.21, 2385.43> EXPLOSION range 4 dropoff 1
04:08:01.674 [ExplosionDamageSystem] About to explode Explosion_NonLethal from ExplosionTest<0x000001D5C80ED690> ExplosionTest:19129 at <5463.74, 197.65, 2468.04> EXPLOSION range 4 dropoff 1
04:08:01.681 [ExplosionDamageSystem] About to explode Explosion_NonLethal from ExplosionTest<0x000001D5C80EE9B0> ExplosionTest:19128 at <6367.86, 217.59, 1709.84> EXPLOSION range 4 dropoff 1
04:08:01.692 [ExplosionDamageSystem] About to explode Explosion_NonLethal from ExplosionTest<0x000001D5C80E93A0> ExplosionTest:19127 at <7292.13, 206.45, 2161.2> EXPLOSION range 4 dropoff 1
04:08:01.696 [ExplosionDamageSystem] About to explode Explosion_NonLethal from ExplosionTest<0x000001D5C80EC370> ExplosionTest:19126 at <5705.44, 211.24, 2888.34> EXPLOSION range 4 dropoff 1
04:08:01.697 [ExplosionDamageSystem] About to explode Explosion_NonLethal from ExplosionTest<0x000001D5C80EE020> ExplosionTest:19125 at <5815.25, 217.29, 2499.77> EXPLOSION range 4 dropoff 1
04:08:01.714 [ExplosionDamageSystem] About to explode Explosion_NonLethal from ExplosionTest<0x000001D5C80ECD00> ExplosionTest:19124 at <6297.4, 232.61, 1665.84> EXPLOSION range 4 dropoff 1
04:08:01.720 [ExplosionDamageSystem] About to explode Explosion_NonLethal from ExplosionTest<0x000001D5C80EB9E0> ExplosionTest:19123 at <5880.92, 209.15, 1700.49> EXPLOSION range 4 dropoff 1
04:08:01.741 [ExplosionDamageSystem] About to explode Explosion_NonLethal from ExplosionTest<0x000001D5C80E8A10> ExplosionTest:19122 at <6146.7, 215.79, 1815.08> EXPLOSION range 4 dropoff 1
04:08:01.758 [ExplosionDamageSystem] About to explode Explosion_NonLethal from ExplosionTest<0x000001D5C80E8080> ExplosionTest:19121 at <6313.74, 232.47, 1848.43> EXPLOSION range 4 dropoff 1
04:08:01.767 [ExplosionDamageSystem] About to explode Explosion_NonLethal from ExplosionTest<0x000001D5C160FBB0> ExplosionTest:19120 at <6395.79, 207.83, 1531.41> EXPLOSION range 4 dropoff 1
04:08:01.788 [ExplosionDamageSystem] About to explode Explosion_NonLethal from ExplosionTest<0x000001D5C1615B50> ExplosionTest:19119 at <5838.05, 214.53, 2564.72> EXPLOSION range 4 dropoff 1
04:08:01.790 [ExplosionDamageSystem] About to explode Explosion_NonLethal from ExplosionTest<0x000001D5C16151C0> ExplosionTest:19118 at <5717.26, 209.16, 1638.14> EXPLOSION range 4 dropoff 1
04:08:01.800 [ExplosionDamageSystem] About to explode Explosion_NonLethal from ExplosionTest<0x000001D5C16121F0> ExplosionTest:19117 at <5757.78, 198.07, 2607.89> EXPLOSION range 4 dropoff 1
04:08:01.803 [ExplosionDamageSystem] About to explode Explosion_NonLethal from ExplosionTest<0x000001D5C1614830> ExplosionTest:19116 at <6322.19, 218.36, 1572.89> EXPLOSION range 4 dropoff 1
04:08:01.859 [ExplosionDamageSystem] About to explode Explosion_NonLethal from ExplosionTest<0x000001D5C160F220> ExplosionTest:19115 at <7120.91, 211.48, 1692.48> EXPLOSION range 4 dropoff 1
04:08:01.869 [ExplosionDamageSystem] About to explode Explosion_NonLethal from ExplosionTest<0x000001D5C1610ED0> ExplosionTest:19114 at <13086.1, 318.94, 525.66> EXPLOSION range 4 dropoff 1
04:08:01.870 [ExplosionDamageSystem] About to explode Explosion_NonLethal from ExplosionTest<0x000001D5C1613EA0> ExplosionTest:19113 at <5999.7, 226.72, 2326.38> EXPLOSION range 4 dropoff 1
04:08:01.925 [ExplosionDamageSystem] About to explode Explosion_NonLethal from ExplosionTest<0x000001D5C160DF00> ExplosionTest:19112 at <5979.15, 218.71, 1458.32> EXPLOSION range 4 dropoff 1
04:08:01.955 [ExplosionDamageSystem] About to explode Explosion_NonLethal from ExplosionTest<0x000001D5C160CBE0> ExplosionTest:19111 at <6078.83, 208.58, 1370.77> EXPLOSION range 4 dropoff 1
04:08:01.958 [ExplosionDamageSystem] About to explode Explosion_NonLethal from ExplosionTest<0x000001D5C1612B80> ExplosionTest:19110 at <2660.77, 203.24, 785.05> EXPLOSION range 4 dropoff 1
04:08:01.960 [ExplosionDamageSystem] About to explode Explosion_NonLethal from ExplosionTest<0x000001D5C160D570> ExplosionTest:19109 at <6357.82, 237.68, 1638.72> EXPLOSION range 4 dropoff 1
04:08:01.962 [ExplosionDamageSystem] About to explode Explosion_NonLethal from ExplosionTest<0x000001D5C160E890> ExplosionTest:19108 at <5662.05, 213.04, 1617.42> EXPLOSION range 4 dropoff 1
04:08:01.966 [ExplosionDamageSystem] About to explode Explosion_NonLethal from ExplosionTest<0x000001D5C1613510> ExplosionTest:19107 at <5788.72, 203.47, 2691.57> EXPLOSION range 4 dropoff 1
04:08:01.973 [ExplosionDamageSystem] About to explode Explosion_NonLethal from ExplosionTest<0x000001D5C1611860> ExplosionTest:19106 at <9704.98, 250.52, 1617.73> EXPLOSION range 4 dropoff 1
04:08:01.979 [ExplosionDamageSystem] About to explode Explosion_NonLethal from ExplosionTest<0x000001D5C1610540> ExplosionTest:19105 at <5850.93, 200.22, 1813.93> EXPLOSION range 4 dropoff 1
04:08:01.982 [ExplosionDamageSystem] About to explode Explosion_NonLethal from ExplosionTest<0x000001D5C1605920> ExplosionTest:19104 at <6319.66, 236.55, 2264.56> EXPLOSION range 4 dropoff 1
04:08:01.990 [ExplosionDamageSystem] About to explode Explosion_NonLethal from ExplosionTest<0x000001D5C160AF30> ExplosionTest:19103 at <6211.14, 206.12, 1042.24> EXPLOSION range 4 dropoff 1
04:08:01.994 [ExplosionDamageSystem] About to explode Explosion_NonLethal from ExplosionTest<0x000001D5C160C250> ExplosionTest:19102 at <5683.39, 215.94, 1677.62> EXPLOSION range 4 dropoff 1
04:08:02.002 [ExplosionDamageSystem] About to explode Explosion_NonLethal from ExplosionTest<0x000001D5C160A5A0> ExplosionTest:19101 at <6436.95, 237.37, 1667.46> EXPLOSION range 4 dropoff 1
04:08:02.008 [ExplosionDamageSystem] About to explode Explosion_NonLethal from ExplosionTest<0x000001D5C1609C10> ExplosionTest:19100 at <5446.43, 219.2, 2936.6> EXPLOSION range 4 dropoff 1
04:08:02.017 [ExplosionDamageSystem] About to explode Explosion_NonLethal from ExplosionTest<0x000001D5C1609280> ExplosionTest:19099 at <10168.1, 289.26, 2364.79> EXPLOSION range 4 dropoff 1
04:08:02.018 [ExplosionDamageSystem] About to explode Explosion_NonLethal from ExplosionTest<0x000001D5C1604F90> ExplosionTest:19098 at <5844.37, 203.01, 2331.23> EXPLOSION range 4 dropoff 1
04:08:02.019 [ExplosionDamageSystem] About to explode Explosion_NonLethal from ExplosionTest<0x000001D5C1607F60> ExplosionTest:19097 at <6234.37, 207.72, 1007.54> EXPLOSION range 4 dropoff 1
04:08:02.019 [ExplosionDamageSystem] About to explode Explosion_NonLethal from ExplosionTest<0x000001D5C160B8C0> ExplosionTest:19096 at <9980.09, 251.74, 1606.39> EXPLOSION range 4 dropoff 1
04:08:02.027 [ExplosionDamageSystem] About to explode Explosion_NonLethal from ExplosionTest<0x000001D5C16075D0> ExplosionTest:19095 at <5985.92, 214.5, 1462.1> EXPLOSION range 4 dropoff 1
04:08:02.028 [ExplosionDamageSystem] About to explode Explosion_NonLethal from ExplosionTest<0x000001D5C16088F0> ExplosionTest:19094 at <5932.32, 221.35, 2509.04> EXPLOSION range 4 dropoff 1
04:08:02.044 [ExplosionDamageSystem] About to explode Explosion_NonLethal from ExplosionTest<0x000001D5C1600310> ExplosionTest:19093 at <7757.34, 214.78, 2001.21> EXPLOSION range 4 dropoff 1
04:08:02.044 [ExplosionDamageSystem] About to explode Explosion_NonLethal from ExplosionTest<0x000001D5C16062B0> ExplosionTest:19092 at <5420.06, 218.55, 2791.23> EXPLOSION range 4 dropoff 1
04:08:02.056 [ExplosionDamageSystem] About to explode Explosion_NonLethal from ExplosionTest<0x000001D5C1606C40> ExplosionTest:19091 at <6414.47, 224.6, 1378.21> EXPLOSION range 4 dropoff 1
04:08:02.056 [ExplosionDamageSystem] About to explode Explosion_NonLethal from ExplosionTest<0x000001D5C1604600> ExplosionTest:19090 at <5761.11, 205.31, 2611.46> EXPLOSION range 4 dropoff 1
04:08:02.057 [ExplosionDamageSystem] About to explode Explosion_NonLethal from ExplosionTest<0x000001D5C1603C70> ExplosionTest:19089 at <5604.4, 197.09, 2321.75> EXPLOSION range 4 dropoff 1
04:08:02.058 [ExplosionDamageSystem] About to explode Explosion_NonLethal from ExplosionTest<0x000001D5C15FC9B0> ExplosionTest:19088 at <6405.88, 229.51, 2154.3> EXPLOSION range 4 dropoff 1
04:08:02.060 [ExplosionDamageSystem] About to explode Explosion_NonLethal from ExplosionTest<0x000001D5C15FEFF0> ExplosionTest:19087 at <6140.18, 225.24, 1932.32> EXPLOSION range 4 dropoff 1
04:08:02.087 [ExplosionDamageSystem] About to explode Explosion_NonLethal from ExplosionTest<0x000001D5C15FE660> ExplosionTest:19086 at <5925.9, 218.73, 1634.72> EXPLOSION range 4 dropoff 1
04:08:02.089 [ExplosionDamageSystem] About to explode Explosion_NonLethal from ExplosionTest<0x000001D5C15FF980> ExplosionTest:19085 at <6195.96, 217.61, 2281.31> EXPLOSION range 4 dropoff 1
04:08:02.111 [ExplosionDamageSystem] About to explode Explosion_NonLethal from ExplosionTest<0x000001D5C1601FC0> ExplosionTest:19084 at <6433.56, 210.26, 1214.94> EXPLOSION range 4 dropoff 1
04:08:36.393 [Expansion Quests] Initialize quest system on the connected client with UID=MilAR913ecKsrHUOy0uV_fIY7CR0FzNOXUGd_pWZtgI=
04:08:36.401 [Expansion Quests] Loaded existing player quest data for player with UID=MilAR913ecKsrHUOy0uV_fIY7CR0FzNOXUGd_pWZtgI=
04:08:36.401 [Expansion Quests] Check quest initialization for quest with ID=8 | State=STARTED | Player UID=MilAR913ecKsrHUOy0uV_fIY7CR0FzNOXUGd_pWZtgI=
04:08:36.401 [Expansion Quests] Create new quest instance for quest with ID=8 | Player UID=MilAR913ecKsrHUOy0uV_fIY7CR0FzNOXUGd_pWZtgI=
04:08:36.403 [Expansion Quests] Check quest initialization for quest with ID=9 | State=STARTED | Player UID=MilAR913ecKsrHUOy0uV_fIY7CR0FzNOXUGd_pWZtgI=
04:08:36.403 [Expansion Quests] Create new quest instance for quest with ID=9 | Player UID=MilAR913ecKsrHUOy0uV_fIY7CR0FzNOXUGd_pWZtgI=
04:08:36.403 [Expansion Quests] Check quest initialization for quest with ID=11 | State=STARTED | Player UID=MilAR913ecKsrHUOy0uV_fIY7CR0FzNOXUGd_pWZtgI=
04:08:36.403 [Expansion Quests] Create new quest instance for quest with ID=11 | Player UID=MilAR913ecKsrHUOy0uV_fIY7CR0FzNOXUGd_pWZtgI=
04:08:36.404 [Expansion Quests] Check quest initialization for quest with ID=14 | State=COMPLETED | Player UID=MilAR913ecKsrHUOy0uV_fIY7CR0FzNOXUGd_pWZtgI=
04:08:36.405 [Expansion Quests] Sending MilAR913ecKsrHUOy0uV_fIY7CR0FzNOXUGd_pWZtgI= quest configs to client for player with UID=MilAR913ecKsrHUOy0uV_fIY7CR0FzNOXUGd_pWZtgI=
04:08:36.406 [Expansion Quests] Sending player quest data for 4 quests to player with UID=MilAR913ecKsrHUOy0uV_fIY7CR0FzNOXUGd_pWZtgI=
04:09:41.637 [Expansion Quests] Initialize quest system on the connected client with UID=E8NUE864Ah88HeO756WaRkQGG6WE963kZ90uprHjMQY=
04:09:41.650 [Expansion Quests] Loaded existing player quest data for player with UID=E8NUE864Ah88HeO756WaRkQGG6WE963kZ90uprHjMQY=
04:09:41.651 [Expansion Quests] Check quest initialization for quest with ID=8 | State=STARTED | Player UID=E8NUE864Ah88HeO756WaRkQGG6WE963kZ90uprHjMQY=
04:09:41.651 [Expansion Quests] Create new quest instance for quest with ID=8 | Player UID=E8NUE864Ah88HeO756WaRkQGG6WE963kZ90uprHjMQY=
04:09:41.652 [Expansion Quests] Check quest initialization for quest with ID=9 | State=STARTED | Player UID=E8NUE864Ah88HeO756WaRkQGG6WE963kZ90uprHjMQY=
04:09:41.652 [Expansion Quests] Create new quest instance for quest with ID=9 | Player UID=E8NUE864Ah88HeO756WaRkQGG6WE963kZ90uprHjMQY=
04:09:41.652 [Expansion Quests] Check quest initialization for quest with ID=11 | State=STARTED | Player UID=E8NUE864Ah88HeO756WaRkQGG6WE963kZ90uprHjMQY=
04:09:41.652 [Expansion Quests] Create new quest instance for quest with ID=11 | Player UID=E8NUE864Ah88HeO756WaRkQGG6WE963kZ90uprHjMQY=
04:09:41.653 [Expansion Quests] Check quest initialization for quest with ID=14 | State=COMPLETED | Player UID=E8NUE864Ah88HeO756WaRkQGG6WE963kZ90uprHjMQY=
04:09:41.655 [Expansion Quests] Sending E8NUE864Ah88HeO756WaRkQGG6WE963kZ90uprHjMQY= quest configs to client for player with UID=E8NUE864Ah88HeO756WaRkQGG6WE963kZ90uprHjMQY=
04:09:41.655 [Expansion Quests] Sending player quest data for 4 quests to player with UID=E8NUE864Ah88HeO756WaRkQGG6WE963kZ90uprHjMQY=
04:10:55.506 [VehicleEnter] Player "Hessher" (id=MilAR913ecKsrHUOy0uV_fIY7CR0FzNOXUGd_pWZtgI=) entered vehicle Merlin (id=2E52E501E048082FB12582A28F4FA367 pos=<3537.56, 201.85, 185.08>) as pilot
04:11:05.628 [VehicleEngine] Player "Hessher" (id=MilAR913ecKsrHUOy0uV_fIY7CR0FzNOXUGd_pWZtgI=) started vehicle Merlin (id=2E52E501E048082FB12582A28F4FA367 pos=<3537.56, 201.85, 185.02>)
04:11:07.863 [VehicleEnter] Player "BugiMen" (id=E8NUE864Ah88HeO756WaRkQGG6WE963kZ90uprHjMQY=) entered vehicle Merlin (id=2E52E501E048082FB12582A28F4FA367 pos=<3537.56, 201.85, 185.01>) as passenger
04:11:45.299 [VehicleLeave] Player "BugiMen" (id=E8NUE864Ah88HeO756WaRkQGG6WE963kZ90uprHjMQY=) left vehicle Merlin (id=2E52E501E048082FB12582A28F4FA367 pos=<3129.96, 447.2, 411.6>) as passenger
04:13:56.063 [VehicleEnter] Player "BugiMen" (id=E8NUE864Ah88HeO756WaRkQGG6WE963kZ90uprHjMQY=) entered vehicle Merlin (id=2E52E501E048082FB12582A28F4FA367 pos=<3395.66, 278.13, 196.73>) as passenger
04:14:11.447 [VehicleLeave] Player "BugiMen" (id=E8NUE864Ah88HeO756WaRkQGG6WE963kZ90uprHjMQY=) left vehicle Merlin (id=2E52E501E048082FB12582A28F4FA367 pos=<3340.91, 197.26, 190.41>) as passenger
04:14:18.287 [VehicleEngine] Player "Hessher" (id=MilAR913ecKsrHUOy0uV_fIY7CR0FzNOXUGd_pWZtgI=) stopped vehicle Merlin (id=2E52E501E048082FB12582A28F4FA367 pos=<3340.83, 197.32, 190.39>)
04:14:25.578 [VehicleLeave] Player "Hessher" (id=MilAR913ecKsrHUOy0uV_fIY7CR0FzNOXUGd_pWZtgI=) left vehicle Merlin (id=2E52E501E048082FB12582A28F4FA367 pos=<3340.84, 197.38, 190.44>) as pilot
04:15:23.321 [VehicleEnter] Player "BugiMen" (id=E8NUE864Ah88HeO756WaRkQGG6WE963kZ90uprHjMQY=) entered vehicle Гирокоптер (id=0A7EF3F1A648EF2277CDEABADFA55F91 pos=<3324.75, 197.4, 184.93>) as pilot
04:15:24.789 [VehicleEngine] Player "BugiMen" (id=E8NUE864Ah88HeO756WaRkQGG6WE963kZ90uprHjMQY=) started vehicle Гирокоптер (id=0A7EF3F1A648EF2277CDEABADFA55F91 pos=<3324.74, 197.4, 184.93>)
04:17:16.050 [Killfeed] BugiMen был убит.
04:19:10.629 [Killfeed] BugiMen был убит.
04:20:01.332 [AI Object Patrol 00010] Spawning 1 West bots at <6218.443359, 220.708969, 2064.472900>
04:20:01.506 [AI Object Patrol 00010] Global patrol count: 1
04:20:01.506 [AI Object Patrol 00010] Global Expansion AI count: 2 alive, 0 deceased
04:20:01.506 [AI Object Patrol 00010] MilitaryStatic category patrol count: 1
04:20:02.740 [Killfeed] BugiMen умер разбился с высоты.
04:21:09.819 [VehicleEnter] Player "BugiMen" (id=E8NUE864Ah88HeO756WaRkQGG6WE963kZ90uprHjMQY=) entered vehicle UH-1H (id=F905267EFD4312DEEBFB32A78BD45C8D pos=<3330.11, 197.38, 201.44>) as passenger
04:21:15.216 [VehicleLeave] Player "BugiMen" (id=E8NUE864Ah88HeO756WaRkQGG6WE963kZ90uprHjMQY=) left vehicle UH-1H (id=F905267EFD4312DEEBFB32A78BD45C8D pos=<3330.11, 197.38, 201.44>) as passenger
04:22:16.086 [VehicleEngine] Player "BugiMen" (id=E8NUE864Ah88HeO756WaRkQGG6WE963kZ90uprHjMQY=) stopped vehicle Гирокоптер (id=0A7EF3F1A648EF2277CDEABADFA55F91 pos=<2959.7, 204.74, -746.51>)
04:22:46.419 [VehicleEnter] Player "BugiMen" (id=E8NUE864Ah88HeO756WaRkQGG6WE963kZ90uprHjMQY=) entered vehicle Водник (id=831FB5939844E187BBEB22A349CA88FE pos=<3363.26, 197.76, 200.77>) as driver
04:23:09.782 [VehicleEngine] Player "BugiMen" (id=E8NUE864Ah88HeO756WaRkQGG6WE963kZ90uprHjMQY=) started vehicle Водник (id=831FB5939844E187BBEB22A349CA88FE pos=<3363.26, 197.76, 200.77>)
04:23:10.609 [VehicleEnter] Player "Hessher" (id=MilAR913ecKsrHUOy0uV_fIY7CR0FzNOXUGd_pWZtgI=) entered vehicle Водник (id=831FB5939844E187BBEB22A349CA88FE pos=<3363.26, 197.76, 200.77>) as passenger
04:23:31.995 [VehicleEngine] Player "BugiMen" (id=E8NUE864Ah88HeO756WaRkQGG6WE963kZ90uprHjMQY=) started vehicle Водник (id=831FB5939844E187BBEB22A349CA88FE pos=<3363.26, 197.76, 200.77>)
04:24:06.867 [VehicleEngine] Player "BugiMen" (id=E8NUE864Ah88HeO756WaRkQGG6WE963kZ90uprHjMQY=) stopped vehicle Водник (id=831FB5939844E187BBEB22A349CA88FE pos=<3082.91, 195.51, 167.74>)
04:24:23.413 [VehicleEngine] Player "BugiMen" (id=E8NUE864Ah88HeO756WaRkQGG6WE963kZ90uprHjMQY=) started vehicle Водник (id=831FB5939844E187BBEB22A349CA88FE pos=<3076.71, 195.45, 160.93>)
04:24:54.638 [VehicleEngine] Player "BugiMen" (id=E8NUE864Ah88HeO756WaRkQGG6WE963kZ90uprHjMQY=) stopped vehicle Водник (id=831FB5939844E187BBEB22A349CA88FE pos=<3081.11, 195.55, 179.51>)
04:25:22.147 [VehicleEngine] Player "BugiMen" (id=E8NUE864Ah88HeO756WaRkQGG6WE963kZ90uprHjMQY=) started vehicle Водник (id=831FB5939844E187BBEB22A349CA88FE pos=<3039.9, 196.39, 278.1>)
04:26:23.514 [Expansion Quests] Deleted quest with ID=8 is a of player with UID=E8NUE864Ah88HeO756WaRkQGG6WE963kZ90uprHjMQY=.
04:26:23.515 [Expansion Quests] Deleted quest with ID=9 is a of player with UID=E8NUE864Ah88HeO756WaRkQGG6WE963kZ90uprHjMQY=.
04:26:23.515 [Expansion Quests] Deleted quest with ID=11 is a of player with UID=E8NUE864Ah88HeO756WaRkQGG6WE963kZ90uprHjMQY=.
04:26:23.518 [VehicleEngine] Player "NULL" (id=NULL) stopped vehicle Водник (id=831FB5939844E187BBEB22A349CA88FE pos=<3422.4, 217.84, 395.18>)
