22:47:54.128 [ExplosionDamageSystem] About to explode Explosion_NonLethal from ExplosionTest<0x0000019B783F9960> ExplosionTest:43352 at <5027.99, 25.68, 6899.46> EXPLOSION range 4 dropoff 1
22:47:54.130 [ExplosionDamageSystem] About to explode Explosion_NonLethal from ExplosionTest<0x0000019B47F8BAB0> ExplosionTest:26479 at <7285.72, 38.03, 2329.08> EXPLOSION range 4 dropoff 1
22:47:54.133 [ExplosionDamageSystem] About to explode Explosion_NonLethal from ExplosionTest<0x0000019B47F8E0F0> ExplosionTest:26478 at <6650.23, 4.14, 1412.52> EXPLOSION range 4 dropoff 1
22:47:54.134 [ExplosionDamageSystem] About to explode Explosion_NonLethal from ExplosionTest<0x0000019B47F88AE0> ExplosionTest:26477 at <6893.86, 3.59, 1515.13> EXPLOSION range 4 dropoff 1
22:47:54.137 [ExplosionDamageSystem] About to explode Explosion_NonLethal from ExplosionTest<0x0000019B47F86E30> ExplosionTest:26476 at <6749.23, 39.24, 2016.51> EXPLOSION range 4 dropoff 1
22:47:54.141 [ExplosionDamageSystem] About to explode Explosion_NonLethal from ExplosionTest<0x0000019B47F864A0> ExplosionTest:26475 at <6616.41, 18.17, 1491.86> EXPLOSION range 4 dropoff 1
22:47:54.146 [ExplosionDamageSystem] About to explode Explosion_NonLethal from ExplosionTest<0x0000019B47F85B10> ExplosionTest:26474 at <7340.57, 9.52, 1585.31> EXPLOSION range 4 dropoff 1
22:47:54.150 [ExplosionDamageSystem] About to explode Explosion_NonLethal from ExplosionTest<0x0000019B47F85180> ExplosionTest:26473 at <6841.1, 39.22, 2035.71> EXPLOSION range 4 dropoff 1
22:47:54.161 [ExplosionDamageSystem] About to explode Explosion_NonLethal from ExplosionTest<0x0000019B47F88150> ExplosionTest:26472 at <6854.26, 43.24, 1903.72> EXPLOSION range 4 dropoff 1
22:47:54.179 [ExplosionDamageSystem] About to explode Explosion_NonLethal from ExplosionTest<0x0000019B47F83E60> ExplosionTest:26471 at <6616.3, 3.96, 1393.91> EXPLOSION range 4 dropoff 1
22:47:54.180 [ExplosionDamageSystem] About to explode Explosion_NonLethal from ExplosionTest<0x0000019B47F877C0> ExplosionTest:26470 at <6963.03, 39.13, 1944.65> EXPLOSION range 4 dropoff 1
22:47:54.185 [ExplosionDamageSystem] About to explode Explosion_NonLethal from ExplosionTest<0x0000019B47F847F0> ExplosionTest:26469 at <6957.99, 40.02, 1794.83> EXPLOSION range 4 dropoff 1
22:47:54.187 [ExplosionDamageSystem] About to explode Explosion_NonLethal from ExplosionTest<0x0000019B47F7CBA0> ExplosionTest:26468 at <7306.07, 39, 2416.2> EXPLOSION range 4 dropoff 1
22:47:54.194 [ExplosionDamageSystem] About to explode Explosion_NonLethal from ExplosionTest<0x0000019B47F7FB70> ExplosionTest:26467 at <7180.71, 3.53, 1237.53> EXPLOSION range 4 dropoff 1
22:47:54.262 [ExplosionDamageSystem] About to explode Explosion_NonLethal from ExplosionTest<0x0000019B47F834D0> ExplosionTest:26466 at <6380.39, 3.1, 1074.59> EXPLOSION range 4 dropoff 1
22:47:54.263 [ExplosionDamageSystem] About to explode Explosion_NonLethal from ExplosionTest<0x0000019B47F81820> ExplosionTest:26465 at <6756.14, 28.9, 1858.54> EXPLOSION range 4 dropoff 1
22:47:54.266 [ExplosionDamageSystem] About to explode Explosion_NonLethal from ExplosionTest<0x0000019B47F7D530> ExplosionTest:26464 at <6818.29, 47.85, 1901.15> EXPLOSION range 4 dropoff 1
22:47:54.268 [ExplosionDamageSystem] About to explode Explosion_NonLethal from ExplosionTest<0x0000019B47F7F1E0> ExplosionTest:26463 at <6846.79, 11.14, 1535.72> EXPLOSION range 4 dropoff 1
22:47:54.274 [ExplosionDamageSystem] About to explode Explosion_NonLethal from ExplosionTest<0x0000019B47F7E850> ExplosionTest:26462 at <6998.78, 51.11, 2345.46> EXPLOSION range 4 dropoff 1
22:47:54.275 [ExplosionDamageSystem] About to explode Explosion_NonLethal from ExplosionTest<0x0000019B47F7C210> ExplosionTest:26461 at <6769.83, 47, 2045.85> EXPLOSION range 4 dropoff 1
22:47:54.277 [ExplosionDamageSystem] About to explode Explosion_NonLethal from ExplosionTest<0x0000019B47F80E90> ExplosionTest:26460 at <7100.77, 45.39, 1816.99> EXPLOSION range 4 dropoff 1
22:47:54.285 [ExplosionDamageSystem] About to explode Explosion_NonLethal from ExplosionTest<0x0000019B47F7DEC0> ExplosionTest:26459 at <5048.14, 17.09, 1200.34> EXPLOSION range 4 dropoff 1
22:47:54.287 [ExplosionDamageSystem] About to explode Explosion_NonLethal from ExplosionTest<0x0000019B47F82B40> ExplosionTest:26458 at <6618.64, 7.61, 1439.09> EXPLOSION range 4 dropoff 1
22:47:54.287 [ExplosionDamageSystem] About to explode Explosion_NonLethal from ExplosionTest<0x0000019B47F80500> ExplosionTest:26457 at <6807.94, 3.13, 1509.95> EXPLOSION range 4 dropoff 1
22:47:54.290 [ExplosionDamageSystem] About to explode Explosion_NonLethal from ExplosionTest<0x0000019B47F821B0> ExplosionTest:26456 at <6913.37, 39.24, 2095.44> EXPLOSION range 4 dropoff 1
22:47:54.295 [ExplosionDamageSystem] About to explode Explosion_NonLethal from ExplosionTest<0x0000019B47F758E0> ExplosionTest:26455 at <7195.6, -5.19, 1248.25> EXPLOSION range 4 dropoff 1
22:47:54.295 [ExplosionDamageSystem] About to explode Explosion_NonLethal from ExplosionTest<0x0000019B47F74F50> ExplosionTest:26454 at <6823.65, 7.28, 1370.64> EXPLOSION range 4 dropoff 1
22:47:54.299 [ExplosionDamageSystem] About to explode Explosion_NonLethal from ExplosionTest<0x0000019B47F7B880> ExplosionTest:26453 at <6809.69, 40.89, 1939.02> EXPLOSION range 4 dropoff 1
22:47:54.305 [ExplosionDamageSystem] About to explode Explosion_NonLethal from ExplosionTest<0x0000019B47F7A560> ExplosionTest:26452 at <7123.39, 45.3, 1875.74> EXPLOSION range 4 dropoff 1
22:47:54.306 [ExplosionDamageSystem] About to explode Explosion_NonLethal from ExplosionTest<0x0000019B47F79240> ExplosionTest:26451 at <7270.47, 2.9, 1429> EXPLOSION range 4 dropoff 1
22:47:54.306 [ExplosionDamageSystem] About to explode Explosion_NonLethal from ExplosionTest<0x0000019B47F7AEF0> ExplosionTest:26450 at <6167.35, 17.2, 1147.24> EXPLOSION range 4 dropoff 1
22:47:54.307 [ExplosionDamageSystem] About to explode Explosion_NonLethal from ExplosionTest<0x0000019B47F77590> ExplosionTest:26449 at <6809.09, 4.87, 1486.37> EXPLOSION range 4 dropoff 1
22:47:54.318 [ExplosionDamageSystem] About to explode Explosion_NonLethal from ExplosionTest<0x0000019B47F79BD0> ExplosionTest:26448 at <6954.87, 39.16, 1998.42> EXPLOSION range 4 dropoff 1
22:47:54.324 [ExplosionDamageSystem] About to explode Explosion_NonLethal from ExplosionTest<0x0000019B47F745C0> ExplosionTest:26447 at <6965.42, 47.04, 1895.55> EXPLOSION range 4 dropoff 1
22:47:54.325 [ExplosionDamageSystem] About to explode Explosion_NonLethal from ExplosionTest<0x0000019B47F76C00> ExplosionTest:26446 at <6933.77, 3, 1457.02> EXPLOSION range 4 dropoff 1
22:47:54.326 [ExplosionDamageSystem] About to explode Explosion_NonLethal from ExplosionTest<0x0000019B47F76270> ExplosionTest:26445 at <6686.34, 3.14, 1416.2> EXPLOSION range 4 dropoff 1
22:47:54.326 [ExplosionDamageSystem] About to explode Explosion_NonLethal from ExplosionTest<0x0000019B47F788B0> ExplosionTest:26444 at <6640.08, 3.1, 1449.25> EXPLOSION range 4 dropoff 1
22:47:54.326 [ExplosionDamageSystem] About to explode Explosion_NonLethal from ExplosionTest<0x0000019B47F72910> ExplosionTest:26443 at <7110.34, 3.2, 1333.16> EXPLOSION range 4 dropoff 1
22:47:54.328 [ExplosionDamageSystem] About to explode Explosion_NonLethal from ExplosionTest<0x0000019B47F73C30> ExplosionTest:26442 at <6267.66, 5.03, 1331.13> EXPLOSION range 4 dropoff 1
22:47:54.329 [ExplosionDamageSystem] About to explode Explosion_NonLethal from ExplosionTest<0x0000019B47F732A0> ExplosionTest:26441 at <6927.51, 3.45, 1479.62> EXPLOSION range 4 dropoff 1
22:47:54.329 [ExplosionDamageSystem] About to explode Explosion_NonLethal from ExplosionTest<0x0000019B47F77F20> ExplosionTest:26440 at <6977.74, 39.3, 1894.98> EXPLOSION range 4 dropoff 1
22:47:54.330 [ExplosionDamageSystem] About to explode Explosion_NonLethal from ExplosionTest<0x0000019B47F6B650> ExplosionTest:26439 at <6927.48, 39.22, 1829.96> EXPLOSION range 4 dropoff 1
22:47:54.335 [ExplosionDamageSystem] About to explode Explosion_NonLethal from ExplosionTest<0x0000019B47F715F0> ExplosionTest:26438 at <7352.19, 4.16, 1426.83> EXPLOSION range 4 dropoff 1
22:47:54.335 [ExplosionDamageSystem] About to explode Explosion_NonLethal from ExplosionTest<0x0000019B47F6D300> ExplosionTest:26437 at <6933.39, 39.25, 2035.78> EXPLOSION range 4 dropoff 1
22:47:54.338 [ExplosionDamageSystem] About to explode Explosion_NonLethal from ExplosionTest<0x0000019B47F70C60> ExplosionTest:26436 at <7288.59, 40.83, 2348.49> EXPLOSION range 4 dropoff 1
22:47:54.340 [ExplosionDamageSystem] About to explode Explosion_NonLethal from ExplosionTest<0x0000019B47F6BFE0> ExplosionTest:26435 at <6841.1, 44.43, 1854.4> EXPLOSION range 4 dropoff 1
22:47:54.344 [ExplosionDamageSystem] About to explode Explosion_NonLethal from ExplosionTest<0x0000019B47F702D0> ExplosionTest:26434 at <6808.07, 40.89, 1951.65> EXPLOSION range 4 dropoff 1
22:47:54.344 [ExplosionDamageSystem] About to explode Explosion_NonLethal from ExplosionTest<0x0000019B47F6EFB0> ExplosionTest:26433 at <6131.26, 9.48, 1284.9> EXPLOSION range 4 dropoff 1
22:47:54.345 [ExplosionDamageSystem] About to explode Explosion_NonLethal from ExplosionTest<0x0000019B47F71F80> ExplosionTest:26432 at <6840.87, 39.79, 2033.58> EXPLOSION range 4 dropoff 1
22:47:54.345 [ExplosionDamageSystem] About to explode Explosion_NonLethal from ExplosionTest<0x0000019B47F6DC90> ExplosionTest:26431 at <6797.94, 29.38, 1831.47> EXPLOSION range 4 dropoff 1
22:47:54.346 [ExplosionDamageSystem] About to explode Explosion_NonLethal from ExplosionTest<0x0000019B47F6C970> ExplosionTest:26430 at <6370.81, 32.01, 2165.91> EXPLOSION range 4 dropoff 1
22:47:54.347 [ExplosionDamageSystem] About to explode Explosion_NonLethal from ExplosionTest<0x0000019B47F6F940> ExplosionTest:26429 at <6753.56, 43.32, 1989.39> EXPLOSION range 4 dropoff 1
22:47:54.352 [ExplosionDamageSystem] About to explode Explosion_NonLethal from ExplosionTest<0x0000019B47F6E620> ExplosionTest:26428 at <6527.42, 2.93, 1380.68> EXPLOSION range 4 dropoff 1
22:47:54.352 [ExplosionDamageSystem] About to explode Explosion_NonLethal from ExplosionTest<0x0000019B47F64390> ExplosionTest:26427 at <6671.72, 2.95, 1424.96> EXPLOSION range 4 dropoff 1
22:47:54.353 [ExplosionDamageSystem] About to explode Explosion_NonLethal from ExplosionTest<0x0000019B47F6ACC0> ExplosionTest:26426 at <6181.06, 17.21, 1153.3> EXPLOSION range 4 dropoff 1
22:47:54.354 [ExplosionDamageSystem] About to explode Explosion_NonLethal from ExplosionTest<0x0000019B47F63A00> ExplosionTest:26425 at <6188.24, 16.82, 1064.94> EXPLOSION range 4 dropoff 1
