15:46:15.717 [ExplosionDamageSystem] About to explode Explosion_NonLethal from ExplosionTest<0x0000022BD53A86B0> ExplosionTest:27262 at <6933.67, 39.51, 2033.98> EXPLOSION range 4 dropoff 1
15:46:15.728 [ExplosionDamageSystem] About to explode Explosion_NonLethal from ExplosionTest<0x0000022BD53AEFE0> ExplosionTest:27261 at <6824.61, 11.45, 1355.39> EXPLOSION range 4 dropoff 1
15:46:15.786 [ExplosionDamageSystem] About to explode Explosion_NonLethal from ExplosionTest<0x0000022BD53AE650> ExplosionTest:27260 at <7113.44, 45.67, 1786.64> EXPLOSION range 4 dropoff 1
15:46:15.789 [ExplosionDamageSystem] About to explode Explosion_NonLethal from ExplosionTest<0x0000022BD53AD330> ExplosionTest:27259 at <6756.89, 47.08, 1978.34> EXPLOSION range 4 dropoff 1
15:46:15.797 [ExplosionDamageSystem] About to explode Explosion_NonLethal from ExplosionTest<0x0000022BD53ADCC0> ExplosionTest:27258 at <6929.88, 3.14, 1434.53> EXPLOSION range 4 dropoff 1
15:46:15.797 [ExplosionDamageSystem] About to explode Explosion_NonLethal from ExplosionTest<0x0000022BD53A6070> ExplosionTest:27257 at <6907.52, 39.16, 1833.48> EXPLOSION range 4 dropoff 1
15:46:15.804 [ExplosionDamageSystem] About to explode Explosion_NonLethal from ExplosionTest<0x0000022BD53AC9A0> ExplosionTest:27256 at <6965.78, 39.16, 1879.72> EXPLOSION range 4 dropoff 1
15:46:15.805 [ExplosionDamageSystem] About to explode Explosion_NonLethal from ExplosionTest<0x0000022BD53A7D20> ExplosionTest:27255 at <6880.43, 46.3, 1854.41> EXPLOSION range 4 dropoff 1
15:46:15.805 [ExplosionDamageSystem] About to explode Explosion_NonLethal from ExplosionTest<0x0000022BD53AC010> ExplosionTest:27254 at <6908.34, 39.16, 1897.82> EXPLOSION range 4 dropoff 1
15:46:15.812 [ExplosionDamageSystem] About to explode Explosion_NonLethal from ExplosionTest<0x0000022BD53A6A00> ExplosionTest:27253 at <6942.28, 39.23, 1828.21> EXPLOSION range 4 dropoff 1
15:46:15.812 [ExplosionDamageSystem] About to explode Explosion_NonLethal from ExplosionTest<0x0000022BD53A7390> ExplosionTest:27252 at <7055.64, 49.61, 1758.18> EXPLOSION range 4 dropoff 1
15:46:15.815 [ExplosionDamageSystem] About to explode Explosion_NonLethal from ExplosionTest<0x0000022BD53A9040> ExplosionTest:27251 at <6810.72, 3.1, 1555.43> EXPLOSION range 4 dropoff 1
15:46:15.820 [ExplosionDamageSystem] About to explode Explosion_NonLethal from ExplosionTest<0x0000022BD53AA360> ExplosionTest:27250 at <6807.72, 6.86, 1579.25> EXPLOSION range 4 dropoff 1
15:46:15.820 [ExplosionDamageSystem] About to explode Explosion_NonLethal from ExplosionTest<0x0000022BD53AB680> ExplosionTest:27249 at <6830.56, 6.49, 1380.22> EXPLOSION range 4 dropoff 1
15:46:15.821 [ExplosionDamageSystem] About to explode Explosion_NonLethal from ExplosionTest<0x0000022BD53AACF0> ExplosionTest:27248 at <7320.38, 38.61, 2399.44> EXPLOSION range 4 dropoff 1
15:46:15.824 [ExplosionDamageSystem] About to explode Explosion_NonLethal from ExplosionTest<0x0000022BD53A99D0> ExplosionTest:27247 at <6942.34, 40.22, 1829.97> EXPLOSION range 4 dropoff 1
15:46:15.824 [ExplosionDamageSystem] About to explode Explosion_NonLethal from ExplosionTest<0x0000022BD53E4C80> ExplosionTest:27246 at <7058.91, 49.98, 1737.64> EXPLOSION range 4 dropoff 1
15:46:15.825 [ExplosionDamageSystem] About to explode Explosion_NonLethal from ExplosionTest<0x0000022BD53E42F0> ExplosionTest:27245 at <6857.03, 47.56, 2091.93> EXPLOSION range 4 dropoff 1
15:46:15.829 [ExplosionDamageSystem] About to explode Explosion_NonLethal from ExplosionTest<0x0000022BD53E3960> ExplosionTest:27244 at <6842.56, 6.04, 1392.72> EXPLOSION range 4 dropoff 1
15:46:15.830 [ExplosionDamageSystem] About to explode Explosion_NonLethal from ExplosionTest<0x0000022BD53E2640> ExplosionTest:27243 at <7315.45, 13.2, 1583.86> EXPLOSION range 4 dropoff 1
15:46:15.832 [ExplosionDamageSystem] About to explode Explosion_NonLethal from ExplosionTest<0x0000022BD53E1320> ExplosionTest:27242 at <6594.41, 6.29, 1361.26> EXPLOSION range 4 dropoff 1
15:46:15.832 [ExplosionDamageSystem] About to explode Explosion_NonLethal from ExplosionTest<0x0000022BD53E1CB0> ExplosionTest:27241 at <8123.66, 17.79, 2207.92> EXPLOSION range 4 dropoff 1
15:46:15.837 [ExplosionDamageSystem] About to explode Explosion_NonLethal from ExplosionTest<0x0000022BD53E5610> ExplosionTest:27240 at <6808.1, 39.24, 2037.88> EXPLOSION range 4 dropoff 1
15:46:15.842 [ExplosionDamageSystem] About to explode Explosion_NonLethal from ExplosionTest<0x0000022BD53E5FA0> ExplosionTest:27239 at <6947.49, 10.86, 1421.5> EXPLOSION range 4 dropoff 1
15:46:15.842 [ExplosionDamageSystem] About to explode Explosion_NonLethal from ExplosionTest<0x0000022BD53E0990> ExplosionTest:27238 at <6756.27, 40.45, 2010.88> EXPLOSION range 4 dropoff 1
15:46:15.842 [ExplosionDamageSystem] About to explode Explosion_NonLethal from ExplosionTest<0x0000022BD53E2FD0> ExplosionTest:27237 at <6807.25, 7.29, 1572.47> EXPLOSION range 4 dropoff 1
15:46:15.843 [ExplosionDamageSystem] About to explode Explosion_NonLethal from ExplosionTest<0x0000022BD53D96D0> ExplosionTest:27236 at <7876.93, 20.53, 1670.88> EXPLOSION range 4 dropoff 1
15:46:15.848 [ExplosionDamageSystem] About to explode Explosion_NonLethal from ExplosionTest<0x0000022BD53E0000> ExplosionTest:27235 at <6916.53, 40.09, 2036> EXPLOSION range 4 dropoff 1
15:46:15.848 [ExplosionDamageSystem] About to explode Explosion_NonLethal from ExplosionTest<0x0000022BD53DA060> ExplosionTest:27234 at <6996.81, 50.65, 2343.98> EXPLOSION range 4 dropoff 1
15:46:15.849 [ExplosionDamageSystem] About to explode Explosion_NonLethal from ExplosionTest<0x0000022BD53DF670> ExplosionTest:27233 at <6386.83, 3.51, 1064.45> EXPLOSION range 4 dropoff 1
15:46:15.849 [ExplosionDamageSystem] About to explode Explosion_NonLethal from ExplosionTest<0x0000022BD53DE350> ExplosionTest:27232 at <6816.82, 3.15, 1559.72> EXPLOSION range 4 dropoff 1
15:46:15.849 [ExplosionDamageSystem] About to explode Explosion_NonLethal from ExplosionTest<0x0000022BD53DD9C0> ExplosionTest:27231 at <6834.04, 7.13, 1538> EXPLOSION range 4 dropoff 1
15:46:15.851 [ExplosionDamageSystem] About to explode Explosion_NonLethal from ExplosionTest<0x0000022BD53DD030> ExplosionTest:27230 at <6954.19, 39.16, 1999.89> EXPLOSION range 4 dropoff 1
15:46:15.854 [ExplosionDamageSystem] About to explode Explosion_NonLethal from ExplosionTest<0x0000022BD53D8D40> ExplosionTest:27229 at <6255.86, 32.02, 2264.65> EXPLOSION range 4 dropoff 1
15:46:15.857 [ExplosionDamageSystem] About to explode Explosion_NonLethal from ExplosionTest<0x0000022BD53D83B0> ExplosionTest:27228 at <6995.08, 51.11, 2342.29> EXPLOSION range 4 dropoff 1
15:46:15.857 [ExplosionDamageSystem] About to explode Explosion_NonLethal from ExplosionTest<0x0000022BD53DECE0> ExplosionTest:27227 at <6753.84, 39.22, 1935.45> EXPLOSION range 4 dropoff 1
15:46:15.859 [ExplosionDamageSystem] About to explode Explosion_NonLethal from ExplosionTest<0x0000022BD53DC6A0> ExplosionTest:27226 at <6604.89, 18.07, 1486.84> EXPLOSION range 4 dropoff 1
15:46:15.868 [ExplosionDamageSystem] About to explode Explosion_NonLethal from ExplosionTest<0x0000022BD53D7A20> ExplosionTest:27225 at <6688.47, 3.1, 1352.21> EXPLOSION range 4 dropoff 1
15:46:15.869 [ExplosionDamageSystem] About to explode Explosion_NonLethal from ExplosionTest<0x0000022BD53DBD10> ExplosionTest:27224 at <6648.59, 7.25, 1368.49> EXPLOSION range 4 dropoff 1
15:46:15.869 [ExplosionDamageSystem] About to explode Explosion_NonLethal from ExplosionTest<0x0000022BD53DB380> ExplosionTest:27223 at <6889.28, 39.2, 2066.66> EXPLOSION range 4 dropoff 1
15:46:15.870 [ExplosionDamageSystem] About to explode Explosion_NonLethal from ExplosionTest<0x0000022BD53DA9F0> ExplosionTest:27222 at <6846.74, 3.65, 1512.37> EXPLOSION range 4 dropoff 1
15:46:15.872 [ExplosionDamageSystem] About to explode Explosion_NonLethal from ExplosionTest<0x0000022BD53D0760> ExplosionTest:27221 at <6361.81, 36.94, 2148.38> EXPLOSION range 4 dropoff 1
15:46:15.874 [ExplosionDamageSystem] About to explode Explosion_NonLethal from ExplosionTest<0x0000022BD53D7090> ExplosionTest:27220 at <7075.2, 8.51, 1542.96> EXPLOSION range 4 dropoff 1
15:46:15.881 [ExplosionDamageSystem] About to explode Explosion_NonLethal from ExplosionTest<0x0000022BD53D6700> ExplosionTest:27219 at <6660.98, 4.49, 1358.29> EXPLOSION range 4 dropoff 1
15:46:15.881 [ExplosionDamageSystem] About to explode Explosion_NonLethal from ExplosionTest<0x0000022BD53D5D70> ExplosionTest:27218 at <6563.35, 3.21, 1379.44> EXPLOSION range 4 dropoff 1
15:46:15.882 [ExplosionDamageSystem] About to explode Explosion_NonLethal from ExplosionTest<0x0000022BD53D53E0> ExplosionTest:27217 at <6910.23, 39.17, 1913.14> EXPLOSION range 4 dropoff 1
15:46:15.882 [ExplosionDamageSystem] About to explode Explosion_NonLethal from ExplosionTest<0x0000022BD53CF440> ExplosionTest:27216 at <6304.66, 32.91, 1932.8> EXPLOSION range 4 dropoff 1
15:46:15.883 [ExplosionDamageSystem] About to explode Explosion_NonLethal from ExplosionTest<0x0000022BD53CE120> ExplosionTest:27215 at <6825.45, 39.54, 1903.73> EXPLOSION range 4 dropoff 1
15:46:15.889 [ExplosionDamageSystem] About to explode Explosion_NonLethal from ExplosionTest<0x0000022BD53D40C0> ExplosionTest:27214 at <6379.54, 2.74, 1073.41> EXPLOSION range 4 dropoff 1
15:46:15.890 [ExplosionDamageSystem] About to explode Explosion_NonLethal from ExplosionTest<0x0000022BD53D4A50> ExplosionTest:27213 at <6677.19, 4.21, 1347.17> EXPLOSION range 4 dropoff 1
15:46:15.890 [ExplosionDamageSystem] About to explode Explosion_NonLethal from ExplosionTest<0x0000022BD53CCE00> ExplosionTest:27212 at <6373.8, 2.74, 1077.48> EXPLOSION range 4 dropoff 1
15:46:15.890 [ExplosionDamageSystem] About to explode Explosion_NonLethal from ExplosionTest<0x0000022BD53CD790> ExplosionTest:27211 at <6756.92, 48.02, 1979.2> EXPLOSION range 4 dropoff 1
15:46:15.890 [ExplosionDamageSystem] About to explode Explosion_NonLethal from ExplosionTest<0x0000022BD53D3730> ExplosionTest:27210 at <8185.77, 2.98, 2849.24> EXPLOSION range 4 dropoff 1
15:46:15.891 [ExplosionDamageSystem] About to explode Explosion_NonLethal from ExplosionTest<0x0000022BD53CFDD0> ExplosionTest:27209 at <6928.64, 3.11, 1495.81> EXPLOSION range 4 dropoff 1
15:46:15.891 [ExplosionDamageSystem] About to explode Explosion_NonLethal from ExplosionTest<0x0000022BD53CC470> ExplosionTest:27208 at <6611.95, 19.33, 1481.96> EXPLOSION range 4 dropoff 1
15:51:14.707 [MissionAirdrop] An airdrop is heading towards "Alica" (pos=<4882.939941, 0.000000, 4713.546875> type=Random_Alicia) with a ExpansionAirdropContainer_Military
