00:19:53.174 [ExplosionDamageSystem] About to explode Explosion_NonLethal from ExplosionTest<0x00000253667490A0> ExplosionTest:18982 at <6123.9, 223.51, 1797.24> EXPLOSION range 4 dropoff 1
00:19:53.192 [ExplosionDamageSystem] About to explode Explosion_NonLethal from ExplosionTest<0x00000253667460D0> ExplosionTest:18981 at <5376.45, 214.42, 2896.61> EXPLOSION range 4 dropoff 1
00:19:53.204 [ExplosionDamageSystem] About to explode Explosion_NonLethal from ExplosionTest<0x0000025366746A60> ExplosionTest:18980 at <6079.63, 217.38, 1886.94> EXPLOSION range 4 dropoff 1
00:19:53.207 [ExplosionDamageSystem] About to explode Explosion_NonLethal from ExplosionTest<0x0000025366741DE0> ExplosionTest:18979 at <5712.01, 199.92, 2585.15> EXPLOSION range 4 dropoff 1
00:19:53.213 [ExplosionDamageSystem] About to explode Explosion_NonLethal from ExplosionTest<0x0000025366748710> ExplosionTest:18978 at <6352.42, 229.49, 1755.82> EXPLOSION range 4 dropoff 1
00:19:53.244 [ExplosionDamageSystem] About to explode Explosion_NonLethal from ExplosionTest<0x000002536673EE10> ExplosionTest:18977 at <5688.94, 197.82, 1908.1> EXPLOSION range 4 dropoff 1
00:19:53.267 [ExplosionDamageSystem] About to explode Explosion_NonLethal from ExplosionTest<0x0000025366745740> ExplosionTest:18976 at <4216.92, 231.31, 2574.43> EXPLOSION range 4 dropoff 1
00:19:53.272 [ExplosionDamageSystem] About to explode Explosion_NonLethal from ExplosionTest<0x000002536673E480> ExplosionTest:18975 at <5730.49, 223.08, 2845.67> EXPLOSION range 4 dropoff 1
00:19:53.279 [ExplosionDamageSystem] About to explode Explosion_NonLethal from ExplosionTest<0x0000025366740130> ExplosionTest:18974 at <5706.05, 216.29, 1604.22> EXPLOSION range 4 dropoff 1
00:19:53.290 [ExplosionDamageSystem] About to explode Explosion_NonLethal from ExplosionTest<0x0000025366740AC0> ExplosionTest:18973 at <6028.96, 213.15, 2338.48> EXPLOSION range 4 dropoff 1
00:19:53.303 [ExplosionDamageSystem] About to explode Explosion_NonLethal from ExplosionTest<0x0000025366744DB0> ExplosionTest:18972 at <6200.17, 216.95, 2206.58> EXPLOSION range 4 dropoff 1
00:19:53.319 [ExplosionDamageSystem] About to explode Explosion_NonLethal from ExplosionTest<0x0000025366744420> ExplosionTest:18971 at <5599.1, 205.45, 1797.13> EXPLOSION range 4 dropoff 1
00:19:53.327 [ExplosionDamageSystem] About to explode Explosion_NonLethal from ExplosionTest<0x000002536673F7A0> ExplosionTest:18970 at <6014.87, 214.33, 1601.81> EXPLOSION range 4 dropoff 1
00:19:53.341 [ExplosionDamageSystem] About to explode Explosion_NonLethal from ExplosionTest<0x0000025366743A90> ExplosionTest:18969 at <5991.35, 215.85, 1797.67> EXPLOSION range 4 dropoff 1
00:19:53.350 [ExplosionDamageSystem] About to explode Explosion_NonLethal from ExplosionTest<0x0000025366742770> ExplosionTest:18968 at <5842.55, 205.14, 876> EXPLOSION range 4 dropoff 1
00:19:53.354 [ExplosionDamageSystem] About to explode Explosion_NonLethal from ExplosionTest<0x0000025366741450> ExplosionTest:18967 at <6190.63, 227.58, 2389.22> EXPLOSION range 4 dropoff 1
00:19:53.366 [ExplosionDamageSystem] About to explode Explosion_NonLethal from ExplosionTest<0x0000025366743100> ExplosionTest:18966 at <13039.2, 308.51, 472.94> EXPLOSION range 4 dropoff 1
00:19:53.367 [ExplosionDamageSystem] About to explode Explosion_NonLethal from ExplosionTest<0x0000025361C2DAF0> ExplosionTest:18965 at <5458.71, 204.42, 2882.65> EXPLOSION range 4 dropoff 1
00:19:53.371 [ExplosionDamageSystem] About to explode Explosion_NonLethal from ExplosionTest<0x0000025361C2A190> ExplosionTest:18964 at <6276.4, 232.19, 2244.71> EXPLOSION range 4 dropoff 1
00:19:53.378 [ExplosionDamageSystem] About to explode Explosion_NonLethal from ExplosionTest<0x0000025361C26830> ExplosionTest:18963 at <6025.44, 221.07, 1922.23> EXPLOSION range 4 dropoff 1
00:19:53.425 [ExplosionDamageSystem] About to explode Explosion_NonLethal from ExplosionTest<0x0000025361C28E70> ExplosionTest:18962 at <2665.06, 202.72, 785.27> EXPLOSION range 4 dropoff 1
00:19:53.432 [ExplosionDamageSystem] About to explode Explosion_NonLethal from ExplosionTest<0x0000025361C2D160> ExplosionTest:18961 at <5919.56, 205.07, 1718.9> EXPLOSION range 4 dropoff 1
00:19:53.444 [ExplosionDamageSystem] About to explode Explosion_NonLethal from ExplosionTest<0x0000025361C2C7D0> ExplosionTest:18960 at <9961, 251.26, 1608.21> EXPLOSION range 4 dropoff 1
00:19:53.445 [ExplosionDamageSystem] About to explode Explosion_NonLethal from ExplosionTest<0x0000025361C27B50> ExplosionTest:18959 at <5980.07, 229.32, 2310.95> EXPLOSION range 4 dropoff 1
00:19:53.445 [ExplosionDamageSystem] About to explode Explosion_NonLethal from ExplosionTest<0x0000025361C2BE40> ExplosionTest:18958 at <5580.03, 211.07, 2610.15> EXPLOSION range 4 dropoff 1
00:19:53.445 [ExplosionDamageSystem] About to explode Explosion_NonLethal from ExplosionTest<0x0000025361C24B80> ExplosionTest:18957 at <6291.35, 238.9, 2355.92> EXPLOSION range 4 dropoff 1
00:19:53.450 [ExplosionDamageSystem] About to explode Explosion_NonLethal from ExplosionTest<0x0000025361C284E0> ExplosionTest:18956 at <3983.32, 206.14, 1107.77> EXPLOSION range 4 dropoff 1
00:19:53.453 [ExplosionDamageSystem] About to explode Explosion_NonLethal from ExplosionTest<0x0000025361C29800> ExplosionTest:18955 at <6214.34, 215.08, 1946.68> EXPLOSION range 4 dropoff 1
00:19:53.460 [ExplosionDamageSystem] About to explode Explosion_NonLethal from ExplosionTest<0x0000025361C25EA0> ExplosionTest:18954 at <6109.15, 211.89, 2362.24> EXPLOSION range 4 dropoff 1
00:19:53.466 [ExplosionDamageSystem] About to explode Explosion_NonLethal from ExplosionTest<0x0000025361C2B4B0> ExplosionTest:18953 at <5911.26, 217.38, 1108.11> EXPLOSION range 4 dropoff 1
00:19:53.467 [ExplosionDamageSystem] About to explode Explosion_NonLethal from ExplosionTest<0x0000025361C2AB20> ExplosionTest:18952 at <6058.68, 215.74, 1846.69> EXPLOSION range 4 dropoff 1
00:19:53.467 [ExplosionDamageSystem] About to explode Explosion_NonLethal from ExplosionTest<0x0000025361C25510> ExplosionTest:18951 at <5687.42, 212.17, 2916.24> EXPLOSION range 4 dropoff 1
00:19:53.470 [ExplosionDamageSystem] About to explode Explosion_NonLethal from ExplosionTest<0x0000025361C271C0> ExplosionTest:18950 at <6284.9, 229.48, 2233.59> EXPLOSION range 4 dropoff 1
00:19:53.470 [ExplosionDamageSystem] About to explode Explosion_NonLethal from ExplosionTest<0x0000025361C1D8C0> ExplosionTest:18949 at <6159.09, 224.01, 2382.35> EXPLOSION range 4 dropoff 1
00:19:53.470 [ExplosionDamageSystem] About to explode Explosion_NonLethal from ExplosionTest<0x0000025361C241F0> ExplosionTest:18948 at <6135.39, 218.71, 1877.16> EXPLOSION range 4 dropoff 1
00:19:53.471 [ExplosionDamageSystem] About to explode Explosion_NonLethal from ExplosionTest<0x0000025361C23860> ExplosionTest:18947 at <5610.61, 209.76, 1871.3> EXPLOSION range 4 dropoff 1
00:19:53.472 [ExplosionDamageSystem] About to explode Explosion_NonLethal from ExplosionTest<0x0000025361C1CF30> ExplosionTest:18946 at <6337.82, 220.26, 1867.24> EXPLOSION range 4 dropoff 1
00:19:53.479 [ExplosionDamageSystem] About to explode Explosion_NonLethal from ExplosionTest<0x0000025361C22ED0> ExplosionTest:18945 at <11440, 234.42, 3657.11> EXPLOSION range 4 dropoff 1
00:19:53.484 [ExplosionDamageSystem] About to explode Explosion_NonLethal from ExplosionTest<0x0000025361C1C5A0> ExplosionTest:18944 at <6378.03, 204.41, 1389.95> EXPLOSION range 4 dropoff 1
00:19:53.489 [ExplosionDamageSystem] About to explode Explosion_NonLethal from ExplosionTest<0x0000025361C1BC10> ExplosionTest:18943 at <5434.99, 195.06, 1786.17> EXPLOSION range 4 dropoff 1
00:19:53.496 [ExplosionDamageSystem] About to explode Explosion_NonLethal from ExplosionTest<0x0000025361C22540> ExplosionTest:18942 at <10099.3, 250.91, 1618.19> EXPLOSION range 4 dropoff 1
00:19:53.501 [ExplosionDamageSystem] About to explode Explosion_NonLethal from ExplosionTest<0x0000025361C21BB0> ExplosionTest:18941 at <5636.17, 202.24, 1815.84> EXPLOSION range 4 dropoff 1
00:19:53.505 [ExplosionDamageSystem] About to explode Explosion_NonLethal from ExplosionTest<0x0000025361C1EBE0> ExplosionTest:18940 at <5964.51, 244.98, 2272.51> EXPLOSION range 4 dropoff 1
00:19:53.516 [ExplosionDamageSystem] About to explode Explosion_NonLethal from ExplosionTest<0x0000025361C20890> ExplosionTest:18939 at <6328.27, 222.73, 1857.89> EXPLOSION range 4 dropoff 1
00:19:53.518 [ExplosionDamageSystem] About to explode Explosion_NonLethal from ExplosionTest<0x0000025361C1B280> ExplosionTest:18938 at <7134.92, 211.45, 1544.65> EXPLOSION range 4 dropoff 1
00:19:53.522 [ExplosionDamageSystem] About to explode Explosion_NonLethal from ExplosionTest<0x0000025361C1A8F0> ExplosionTest:18937 at <6161.05, 213.8, 2390.54> EXPLOSION range 4 dropoff 1
00:19:53.522 [ExplosionDamageSystem] About to explode Explosion_NonLethal from ExplosionTest<0x0000025361C21220> ExplosionTest:18936 at <5682.77, 208.96, 1478.87> EXPLOSION range 4 dropoff 1
00:19:53.527 [ExplosionDamageSystem] About to explode Explosion_NonLethal from ExplosionTest<0x0000025361C195D0> ExplosionTest:18935 at <5854.34, 201.89, 2570.34> EXPLOSION range 4 dropoff 1
00:19:53.540 [ExplosionDamageSystem] About to explode Explosion_NonLethal from ExplosionTest<0x0000025361C1FF00> ExplosionTest:18934 at <6128.47, 214.51, 1860.54> EXPLOSION range 4 dropoff 1
00:19:53.541 [ExplosionDamageSystem] About to explode Explosion_NonLethal from ExplosionTest<0x0000025361C1F570> ExplosionTest:18933 at <5690.45, 199.62, 1432.71> EXPLOSION range 4 dropoff 1
00:19:53.548 [ExplosionDamageSystem] About to explode Explosion_NonLethal from ExplosionTest<0x0000025361C1E250> ExplosionTest:18932 at <5534.96, 196.83, 2407.96> EXPLOSION range 4 dropoff 1
00:19:53.554 [ExplosionDamageSystem] About to explode Explosion_NonLethal from ExplosionTest<0x0000025361C19F60> ExplosionTest:18931 at <6230.83, 228.22, 2314.34> EXPLOSION range 4 dropoff 1
00:19:53.560 [ExplosionDamageSystem] About to explode Explosion_NonLethal from ExplosionTest<0x0000025361C12310> ExplosionTest:18930 at <5703.71, 212.75, 2593.59> EXPLOSION range 4 dropoff 1
00:19:53.561 [ExplosionDamageSystem] About to explode Explosion_NonLethal from ExplosionTest<0x0000025361C18C40> ExplosionTest:18929 at <6327.78, 219.29, 1776.08> EXPLOSION range 4 dropoff 1
00:19:53.564 [ExplosionDamageSystem] About to explode Explosion_NonLethal from ExplosionTest<0x0000025361C182B0> ExplosionTest:18928 at <6606.72, 214.98, 1342.68> EXPLOSION range 4 dropoff 1
00:21:54.173 [Safezone] Player "Hessher" (id=MilAR913ecKsrHUOy0uV_fIY7CR0FzNOXUGd_pWZtgI= pos=<7408.02, 234.9, 5022.36>) entered the safezone
00:24:53.280 [MissionAirdrop] An airdrop is heading towards "Dubnicka" (pos=<9382.219727, 0.000000, 6662.459961> type=Random_DUBNICKA) with a ExpansionAirdropContainer_Medical
