03:21:23.625 [ExplosionDamageSystem] About to explode Explosion_NonLethal from ExplosionTest<0x0000018CE62D2940> ExplosionTest:19020 at <6256.04, 232.05, 2217.51> EXPLOSION range 4 dropoff 1
03:21:23.672 [ExplosionDamageSystem] About to explode Explosion_NonLethal from ExplosionTest<0x0000018CE62D0300> ExplosionTest:19019 at <6387.9, 221.15, 1526.53> EXPLOSION range 4 dropoff 1
03:21:23.721 [ExplosionDamageSystem] About to explode Explosion_NonLethal from ExplosionTest<0x0000018CE62C86B0> ExplosionTest:19018 at <5979.61, 212.12, 2308.1> EXPLOSION range 4 dropoff 1
03:21:23.753 [ExplosionDamageSystem] About to explode Explosion_NonLethal from ExplosionTest<0x0000018CE62CDCC0> ExplosionTest:19017 at <5903.46, 204.22, 1726.33> EXPLOSION range 4 dropoff 1
03:21:23.806 [ExplosionDamageSystem] About to explode Explosion_NonLethal from ExplosionTest<0x0000018CE62C7D20> ExplosionTest:19016 at <5985.48, 215.17, 1472.18> EXPLOSION range 4 dropoff 1
03:21:23.961 [ExplosionDamageSystem] About to explode Explosion_NonLethal from ExplosionTest<0x0000018CE62CD330> ExplosionTest:19015 at <5875.07, 200.46, 2265.73> EXPLOSION range 4 dropoff 1
03:21:23.995 [ExplosionDamageSystem] About to explode Explosion_NonLethal from ExplosionTest<0x0000018CE62CC9A0> ExplosionTest:19014 at <6444.28, 207.32, 1201.72> EXPLOSION range 4 dropoff 1
03:21:24.020 [ExplosionDamageSystem] About to explode Explosion_NonLethal from ExplosionTest<0x0000018CE62CA360> ExplosionTest:19013 at <5580.13, 195.46, 1660.99> EXPLOSION range 4 dropoff 1
03:21:24.033 [ExplosionDamageSystem] About to explode Explosion_NonLethal from ExplosionTest<0x0000018CE62C9040> ExplosionTest:19012 at <5526.01, 203.22, 2405.26> EXPLOSION range 4 dropoff 1
03:21:24.059 [ExplosionDamageSystem] About to explode Explosion_NonLethal from ExplosionTest<0x0000018CE62CC010> ExplosionTest:19011 at <5933.82, 223.53, 2329.07> EXPLOSION range 4 dropoff 1
03:21:24.073 [ExplosionDamageSystem] About to explode Explosion_NonLethal from ExplosionTest<0x0000018CE62C99D0> ExplosionTest:19010 at <5659.76, 199.66, 1623.85> EXPLOSION range 4 dropoff 1
03:21:24.086 [ExplosionDamageSystem] About to explode Explosion_NonLethal from ExplosionTest<0x0000018CE62CB680> ExplosionTest:19009 at <13034.2, 322.82, 446.93> EXPLOSION range 4 dropoff 1
03:21:24.089 [ExplosionDamageSystem] About to explode Explosion_NonLethal from ExplosionTest<0x0000018CE62C7390> ExplosionTest:19008 at <5724.4, 216.19, 2567.61> EXPLOSION range 4 dropoff 1
03:21:24.104 [ExplosionDamageSystem] About to explode Explosion_NonLethal from ExplosionTest<0x0000018CE62C6A00> ExplosionTest:19007 at <6070.1, 225.78, 1356.51> EXPLOSION range 4 dropoff 1
03:21:24.134 [ExplosionDamageSystem] About to explode Explosion_NonLethal from ExplosionTest<0x0000018CE62C6070> ExplosionTest:19006 at <6824.06, 206.73, 1494.7> EXPLOSION range 4 dropoff 1
03:21:24.143 [ExplosionDamageSystem] About to explode Explosion_NonLethal from ExplosionTest<0x0000018CE62CACF0> ExplosionTest:19005 at <5875.77, 201.45, 2266.13> EXPLOSION range 4 dropoff 1
03:21:24.143 [ExplosionDamageSystem] About to explode Explosion_NonLethal from ExplosionTest<0x0000018CE0DC29A0> ExplosionTest:19004 at <6215.23, 218.77, 2239.97> EXPLOSION range 4 dropoff 1
03:21:24.144 [ExplosionDamageSystem] About to explode Explosion_NonLethal from ExplosionTest<0x0000018CE0DC7FB0> ExplosionTest:19003 at <5555.4, 212.88, 2743.46> EXPLOSION range 4 dropoff 1
03:21:24.165 [ExplosionDamageSystem] About to explode Explosion_NonLethal from ExplosionTest<0x0000018CE0DC7620> ExplosionTest:19002 at <6033.44, 213.09, 2330.17> EXPLOSION range 4 dropoff 1
03:21:24.187 [ExplosionDamageSystem] About to explode Explosion_NonLethal from ExplosionTest<0x0000018CE0DC6C90> ExplosionTest:19001 at <5985.48, 222.32, 2311.04> EXPLOSION range 4 dropoff 1
03:21:24.189 [ExplosionDamageSystem] About to explode Explosion_NonLethal from ExplosionTest<0x0000018CE0DBF9D0> ExplosionTest:19000 at <5709.14, 209.35, 1523.31> EXPLOSION range 4 dropoff 1
03:21:24.213 [ExplosionDamageSystem] About to explode Explosion_NonLethal from ExplosionTest<0x0000018CE0DC0CF0> ExplosionTest:18999 at <5705.08, 209.19, 2580.89> EXPLOSION range 4 dropoff 1
03:21:24.215 [ExplosionDamageSystem] About to explode Explosion_NonLethal from ExplosionTest<0x0000018CE0DC0360> ExplosionTest:18998 at <6615.4, 207.6, 1324.94> EXPLOSION range 4 dropoff 1
03:21:24.220 [ExplosionDamageSystem] About to explode Explosion_NonLethal from ExplosionTest<0x0000018CE0DC6300> ExplosionTest:18997 at <5554.23, 202.05, 2644.36> EXPLOSION range 4 dropoff 1
03:21:24.245 [ExplosionDamageSystem] About to explode Explosion_NonLethal from ExplosionTest<0x0000018CE0DC5970> ExplosionTest:18996 at <5618.72, 209.8, 1850.56> EXPLOSION range 4 dropoff 1
03:21:24.276 [ExplosionDamageSystem] About to explode Explosion_NonLethal from ExplosionTest<0x0000018CE0DC4650> ExplosionTest:18995 at <6235.15, 232.32, 2373.06> EXPLOSION range 4 dropoff 1
03:21:24.291 [ExplosionDamageSystem] About to explode Explosion_NonLethal from ExplosionTest<0x0000018CE0DC1680> ExplosionTest:18994 at <5427.31, 204.38, 2874.38> EXPLOSION range 4 dropoff 1
03:21:24.320 [ExplosionDamageSystem] About to explode Explosion_NonLethal from ExplosionTest<0x0000018CE0DC4FE0> ExplosionTest:18993 at <6287.78, 234.21, 2156.21> EXPLOSION range 4 dropoff 1
03:21:24.371 [ExplosionDamageSystem] About to explode Explosion_NonLethal from ExplosionTest<0x0000018CE0DC3330> ExplosionTest:18992 at <5957.92, 229.59, 2363.28> EXPLOSION range 4 dropoff 1
03:21:24.372 [ExplosionDamageSystem] About to explode Explosion_NonLethal from ExplosionTest<0x0000018CE0DC2010> ExplosionTest:18991 at <5746.38, 210.61, 2522.73> EXPLOSION range 4 dropoff 1
03:21:24.401 [ExplosionDamageSystem] About to explode Explosion_NonLethal from ExplosionTest<0x0000018CE0DC3CC0> ExplosionTest:18990 at <4754.4, 196.59, 379.46> EXPLOSION range 4 dropoff 1
03:21:24.411 [ExplosionDamageSystem] About to explode Explosion_NonLethal from ExplosionTest<0x0000018CE0DB9A30> ExplosionTest:18989 at <6200.76, 221.02, 2283.27> EXPLOSION range 4 dropoff 1
03:21:24.442 [ExplosionDamageSystem] About to explode Explosion_NonLethal from ExplosionTest<0x0000018CE0DBE6B0> ExplosionTest:18988 at <5766.15, 216.19, 2492.73> EXPLOSION range 4 dropoff 1
03:21:24.443 [ExplosionDamageSystem] About to explode Explosion_NonLethal from ExplosionTest<0x0000018CE0DB90A0> ExplosionTest:18987 at <5426.88, 215.54, 2587.75> EXPLOSION range 4 dropoff 1
03:21:24.450 [ExplosionDamageSystem] About to explode Explosion_NonLethal from ExplosionTest<0x0000018CE0DBDD20> ExplosionTest:18986 at <6297.35, 235.08, 2281.68> EXPLOSION range 4 dropoff 1
03:21:24.458 [ExplosionDamageSystem] About to explode Explosion_NonLethal from ExplosionTest<0x0000018CE0DBC070> ExplosionTest:18985 at <6270.14, 238.68, 2123.12> EXPLOSION range 4 dropoff 1
03:21:24.468 [ExplosionDamageSystem] About to explode Explosion_NonLethal from ExplosionTest<0x0000018CE0DBAD50> ExplosionTest:18984 at <6283.37, 228.61, 1816.68> EXPLOSION range 4 dropoff 1
03:21:24.494 [ExplosionDamageSystem] About to explode Explosion_NonLethal from ExplosionTest<0x0000018CE0DBA3C0> ExplosionTest:18983 at <5684.18, 221.44, 2920.37> EXPLOSION range 4 dropoff 1
03:21:24.502 [ExplosionDamageSystem] About to explode Explosion_NonLethal from ExplosionTest<0x0000018CE0DBB6E0> ExplosionTest:18982 at <6412.88, 217.28, 1244.24> EXPLOSION range 4 dropoff 1
03:21:24.503 [ExplosionDamageSystem] About to explode Explosion_NonLethal from ExplosionTest<0x0000018CE0DBF040> ExplosionTest:18981 at <5726.9, 215.96, 1687.64> EXPLOSION range 4 dropoff 1
03:21:24.517 [ExplosionDamageSystem] About to explode Explosion_NonLethal from ExplosionTest<0x0000018CE0DBD390> ExplosionTest:18980 at <6328.04, 233.09, 1860.91> EXPLOSION range 4 dropoff 1
03:21:24.526 [ExplosionDamageSystem] About to explode Explosion_NonLethal from ExplosionTest<0x0000018CE0DBCA00> ExplosionTest:18979 at <5568.32, 201.98, 2626.98> EXPLOSION range 4 dropoff 1
03:21:24.527 [ExplosionDamageSystem] About to explode Explosion_NonLethal from ExplosionTest<0x0000018CE0DB1DE0> ExplosionTest:18978 at <6402.92, 237.36, 1650.62> EXPLOSION range 4 dropoff 1
03:21:24.548 [ExplosionDamageSystem] About to explode Explosion_NonLethal from ExplosionTest<0x0000018CE0DB8710> ExplosionTest:18977 at <5833.96, 200.93, 2556.41> EXPLOSION range 4 dropoff 1
03:21:24.562 [ExplosionDamageSystem] About to explode Explosion_NonLethal from ExplosionTest<0x0000018CE0DB7D80> ExplosionTest:18976 at <5384.81, 206.31, 1695.76> EXPLOSION range 4 dropoff 1
03:21:24.674 [ExplosionDamageSystem] About to explode Explosion_NonLethal from ExplosionTest<0x0000018CE0DB0AC0> ExplosionTest:18975 at <5638.61, 211.01, 2732.25> EXPLOSION range 4 dropoff 1
03:21:24.679 [ExplosionDamageSystem] About to explode Explosion_NonLethal from ExplosionTest<0x0000018CE0DB6A60> ExplosionTest:18974 at <9977.9, 252.15, 1614.47> EXPLOSION range 4 dropoff 1
03:21:24.684 [ExplosionDamageSystem] About to explode Explosion_NonLethal from ExplosionTest<0x0000018CE0DB60D0> ExplosionTest:18973 at <6318.04, 223.94, 1551.71> EXPLOSION range 4 dropoff 1
03:21:24.689 [ExplosionDamageSystem] About to explode Explosion_NonLethal from ExplosionTest<0x0000018CE0DB73F0> ExplosionTest:18972 at <5670.31, 211.57, 2755.85> EXPLOSION range 4 dropoff 1
03:21:24.690 [ExplosionDamageSystem] About to explode Explosion_NonLethal from ExplosionTest<0x0000018CE0DAEE10> ExplosionTest:18971 at <6250.54, 237.98, 2273.28> EXPLOSION range 4 dropoff 1
03:21:24.690 [ExplosionDamageSystem] About to explode Explosion_NonLethal from ExplosionTest<0x0000018CE0DB5740> ExplosionTest:18970 at <5606.38, 212.29, 1764.39> EXPLOSION range 4 dropoff 1
03:21:24.697 [ExplosionDamageSystem] About to explode Explosion_NonLethal from ExplosionTest<0x0000018CE0DAE480> ExplosionTest:18969 at <5538.15, 218.07, 2667.8> EXPLOSION range 4 dropoff 1
03:21:24.705 [ExplosionDamageSystem] About to explode Explosion_NonLethal from ExplosionTest<0x0000018CE0DB4420> ExplosionTest:18968 at <6399.54, 218.46, 1525.83> EXPLOSION range 4 dropoff 1
03:21:24.721 [ExplosionDamageSystem] About to explode Explosion_NonLethal from ExplosionTest<0x0000018CE0DB2770> ExplosionTest:18967 at <6271.93, 229.82, 2295.3> EXPLOSION range 4 dropoff 1
03:21:24.722 [ExplosionDamageSystem] About to explode Explosion_NonLethal from ExplosionTest<0x0000018CE0DB1450> ExplosionTest:18966 at <5740.85, 216.19, 2529.26> EXPLOSION range 4 dropoff 1
03:26:23.652 [MissionAirdrop] An airdrop is heading towards "Ruskovce" (pos=<1450.307129, 0.000000, 4046.354736> type=Random_Ruskovce) with a ExpansionAirdropContainer_Medical
