01:22:58.378 [ExplosionDamageSystem] About to explode Explosion_NonLethal from ExplosionTest<0x000001D0E66FB3A0> ExplosionTest:18987 at <6412.44, 205.14, 1503.81> EXPLOSION range 4 dropoff 1
01:22:58.427 [ExplosionDamageSystem] About to explode Explosion_NonLethal from ExplosionTest<0x000001D0E66FE370> ExplosionTest:18986 at <7403.52, 234.07, 1564.09> EXPLOSION range 4 dropoff 1
01:22:58.436 [ExplosionDamageSystem] About to explode Explosion_NonLethal from ExplosionTest<0x000001D0E66FC6C0> ExplosionTest:18985 at <10012.3, 252.36, 1701.11> EXPLOSION range 4 dropoff 1
01:22:58.465 [ExplosionDamageSystem] About to explode Explosion_NonLethal from ExplosionTest<0x000001D0DE41C610> ExplosionTest:18984 at <5916.64, 204.99, 1718.54> EXPLOSION range 4 dropoff 1
01:22:58.523 [ExplosionDamageSystem] About to explode Explosion_NonLethal from ExplosionTest<0x000001D0DE41CFA0> ExplosionTest:18983 at <6274.59, 231.68, 2124.79> EXPLOSION range 4 dropoff 1
01:22:58.566 [ExplosionDamageSystem] About to explode Explosion_NonLethal from ExplosionTest<0x000001D0DE41BC80> ExplosionTest:18982 at <4554.52, 190.27, 286.73> EXPLOSION range 4 dropoff 1
01:22:58.567 [ExplosionDamageSystem] About to explode Explosion_NonLethal from ExplosionTest<0x000001D0DE4149C0> ExplosionTest:18981 at <6083.77, 219.36, 1721.9> EXPLOSION range 4 dropoff 1
01:22:58.617 [ExplosionDamageSystem] About to explode Explosion_NonLethal from ExplosionTest<0x000001D0DE41B2F0> ExplosionTest:18980 at <5926.8, 218.73, 1636.08> EXPLOSION range 4 dropoff 1
01:22:58.626 [ExplosionDamageSystem] About to explode Explosion_NonLethal from ExplosionTest<0x000001D0DE414030> ExplosionTest:18979 at <1176.55, 237.95, 155.15> EXPLOSION range 4 dropoff 1
01:22:58.627 [ExplosionDamageSystem] About to explode Explosion_NonLethal from ExplosionTest<0x000001D0DE419640> ExplosionTest:18978 at <6195.84, 217.93, 1604.81> EXPLOSION range 4 dropoff 1
01:22:58.657 [ExplosionDamageSystem] About to explode Explosion_NonLethal from ExplosionTest<0x000001D0DE418CB0> ExplosionTest:18977 at <9798.77, 252.36, 1502.47> EXPLOSION range 4 dropoff 1
01:22:58.660 [ExplosionDamageSystem] About to explode Explosion_NonLethal from ExplosionTest<0x000001D0DE418320> ExplosionTest:18976 at <5752.87, 199.34, 1619.18> EXPLOSION range 4 dropoff 1
01:22:58.695 [ExplosionDamageSystem] About to explode Explosion_NonLethal from ExplosionTest<0x000001D0DE416670> ExplosionTest:18975 at <6404.39, 207.08, 1248.67> EXPLOSION range 4 dropoff 1
01:22:58.708 [ExplosionDamageSystem] About to explode Explosion_NonLethal from ExplosionTest<0x000001D0DE41A960> ExplosionTest:18974 at <13044.4, 319.65, 459.05> EXPLOSION range 4 dropoff 1
01:22:58.710 [ExplosionDamageSystem] About to explode Explosion_NonLethal from ExplosionTest<0x000001D0DE419FD0> ExplosionTest:18973 at <6313.57, 232.47, 1847.6> EXPLOSION range 4 dropoff 1
01:22:58.737 [ExplosionDamageSystem] About to explode Explosion_NonLethal from ExplosionTest<0x000001D0DE415CE0> ExplosionTest:18972 at <5411.31, 204.76, 2527.09> EXPLOSION range 4 dropoff 1
01:22:58.797 [ExplosionDamageSystem] About to explode Explosion_NonLethal from ExplosionTest<0x000001D0DE4136A0> ExplosionTest:18971 at <5598.53, 199.5, 1801.86> EXPLOSION range 4 dropoff 1
01:22:58.826 [ExplosionDamageSystem] About to explode Explosion_NonLethal from ExplosionTest<0x000001D0DE415350> ExplosionTest:18970 at <6030.6, 212.16, 2332.87> EXPLOSION range 4 dropoff 1
01:22:58.837 [ExplosionDamageSystem] About to explode Explosion_NonLethal from ExplosionTest<0x000001D0DE417990> ExplosionTest:18969 at <7173, 206.35, 1696.75> EXPLOSION range 4 dropoff 1
01:22:58.868 [ExplosionDamageSystem] About to explode Explosion_NonLethal from ExplosionTest<0x000001D0DE412D10> ExplosionTest:18968 at <5549.87, 214.49, 2637.15> EXPLOSION range 4 dropoff 1
01:22:58.883 [ExplosionDamageSystem] About to explode Explosion_NonLethal from ExplosionTest<0x000001D0DE412380> ExplosionTest:18967 at <5928.4, 205.86, 1170.82> EXPLOSION range 4 dropoff 1
01:22:58.884 [ExplosionDamageSystem] About to explode Explosion_NonLethal from ExplosionTest<0x000001D0DE417000> ExplosionTest:18966 at <6008.77, 212.98, 2386.01> EXPLOSION range 4 dropoff 1
01:22:58.900 [ExplosionDamageSystem] About to explode Explosion_NonLethal from ExplosionTest<0x000001D0DE40B0C0> ExplosionTest:18965 at <5543.65, 197.55, 2539.76> EXPLOSION range 4 dropoff 1
01:22:58.946 [ExplosionDamageSystem] About to explode Explosion_NonLethal from ExplosionTest<0x000001D0DE4119F0> ExplosionTest:18964 at <5990.42, 207.9, 1414.73> EXPLOSION range 4 dropoff 1
01:22:58.975 [ExplosionDamageSystem] About to explode Explosion_NonLethal from ExplosionTest<0x000001D0DE40A730> ExplosionTest:18963 at <5418.2, 209.71, 1659.76> EXPLOSION range 4 dropoff 1
01:22:59.014 [ExplosionDamageSystem] About to explode Explosion_NonLethal from ExplosionTest<0x000001D0DE40F3B0> ExplosionTest:18962 at <5652.17, 214.96, 2572.38> EXPLOSION range 4 dropoff 1
01:22:59.026 [ExplosionDamageSystem] About to explode Explosion_NonLethal from ExplosionTest<0x000001D0DE411060> ExplosionTest:18961 at <5956.27, 222.59, 2349.14> EXPLOSION range 4 dropoff 1
01:22:59.041 [ExplosionDamageSystem] About to explode Explosion_NonLethal from ExplosionTest<0x000001D0DE40EA20> ExplosionTest:18960 at <6306.84, 205.31, 1147.33> EXPLOSION range 4 dropoff 1
01:22:59.078 [ExplosionDamageSystem] About to explode Explosion_NonLethal from ExplosionTest<0x000001D0DE40E090> ExplosionTest:18959 at <6405.6, 227.32, 1638.17> EXPLOSION range 4 dropoff 1
01:22:59.120 [ExplosionDamageSystem] About to explode Explosion_NonLethal from ExplosionTest<0x000001D0DE40BA50> ExplosionTest:18958 at <10017.3, 262.56, 1702.76> EXPLOSION range 4 dropoff 1
01:22:59.121 [ExplosionDamageSystem] About to explode Explosion_NonLethal from ExplosionTest<0x000001D0DE40FD40> ExplosionTest:18957 at <6278.81, 239.18, 2232.71> EXPLOSION range 4 dropoff 1
01:22:59.136 [ExplosionDamageSystem] About to explode Explosion_NonLethal from ExplosionTest<0x000001D0DE4106D0> ExplosionTest:18956 at <6363.6, 229.49, 1747.25> EXPLOSION range 4 dropoff 1
01:22:59.282 [ExplosionDamageSystem] About to explode Explosion_NonLethal from ExplosionTest<0x000001D0DE40CD70> ExplosionTest:18955 at <7382.97, 240.04, 1557.63> EXPLOSION range 4 dropoff 1
01:22:59.283 [ExplosionDamageSystem] About to explode Explosion_NonLethal from ExplosionTest<0x000001D0DE40D700> ExplosionTest:18954 at <6247.14, 221.85, 2210.4> EXPLOSION range 4 dropoff 1
01:22:59.312 [ExplosionDamageSystem] About to explode Explosion_NonLethal from ExplosionTest<0x000001D0DE40C3E0> ExplosionTest:18953 at <5862.6, 241.46, 2498.19> EXPLOSION range 4 dropoff 1
01:22:59.369 [ExplosionDamageSystem] About to explode Explosion_NonLethal from ExplosionTest<0x000001D0DE403470> ExplosionTest:18952 at <5887.74, 221.73, 2467.21> EXPLOSION range 4 dropoff 1
01:22:59.385 [ExplosionDamageSystem] About to explode Explosion_NonLethal from ExplosionTest<0x000001D0DE409DA0> ExplosionTest:18951 at <5764.55, 202.92, 2619.01> EXPLOSION range 4 dropoff 1
01:22:59.401 [ExplosionDamageSystem] About to explode Explosion_NonLethal from ExplosionTest<0x000001D0DE406440> ExplosionTest:18950 at <6124.45, 213.39, 2287.69> EXPLOSION range 4 dropoff 1
01:22:59.417 [ExplosionDamageSystem] About to explode Explosion_NonLethal from ExplosionTest<0x000001D0DE405AB0> ExplosionTest:18949 at <5421.42, 199.51, 1684.95> EXPLOSION range 4 dropoff 1
01:22:59.417 [ExplosionDamageSystem] About to explode Explosion_NonLethal from ExplosionTest<0x000001D0DE405120> ExplosionTest:18948 at <5580.97, 228.24, 2859.58> EXPLOSION range 4 dropoff 1
01:22:59.426 [ExplosionDamageSystem] About to explode Explosion_NonLethal from ExplosionTest<0x000001D0DE409410> ExplosionTest:18947 at <9795.18, 252.36, 1538.36> EXPLOSION range 4 dropoff 1
01:22:59.429 [ExplosionDamageSystem] About to explode Explosion_NonLethal from ExplosionTest<0x000001D0DE406DD0> ExplosionTest:18946 at <5649.91, 216.07, 1770.27> EXPLOSION range 4 dropoff 1
01:22:59.438 [ExplosionDamageSystem] About to explode Explosion_NonLethal from ExplosionTest<0x000001D0DE408A80> ExplosionTest:18945 at <6414.94, 237.98, 1702.52> EXPLOSION range 4 dropoff 1
01:22:59.445 [ExplosionDamageSystem] About to explode Explosion_NonLethal from ExplosionTest<0x000001D0DE407760> ExplosionTest:18944 at <6179.32, 215.24, 1809.22> EXPLOSION range 4 dropoff 1
01:22:59.581 [ExplosionDamageSystem] About to explode Explosion_NonLethal from ExplosionTest<0x000001D0DE4080F0> ExplosionTest:18943 at <7734.24, 214.32, 1983.8> EXPLOSION range 4 dropoff 1
01:22:59.582 [ExplosionDamageSystem] About to explode Explosion_NonLethal from ExplosionTest<0x000001D0DE404790> ExplosionTest:18942 at <5920.48, 233.66, 2595.23> EXPLOSION range 4 dropoff 1
01:22:59.595 [ExplosionDamageSystem] About to explode Explosion_NonLethal from ExplosionTest<0x000001D0DE403E00> ExplosionTest:18941 at <5884.54, 228.14, 2575.79> EXPLOSION range 4 dropoff 1
01:22:59.597 [ExplosionDamageSystem] About to explode Explosion_NonLethal from ExplosionTest<0x000001D0DE402AE0> ExplosionTest:18940 at <5544.39, 197, 2530.01> EXPLOSION range 4 dropoff 1
01:22:59.598 [ExplosionDamageSystem] About to explode Explosion_NonLethal from ExplosionTest<0x000001D0DE402150> ExplosionTest:18939 at <7130.22, 240.17, 1465.18> EXPLOSION range 4 dropoff 1
01:22:59.603 [ExplosionDamageSystem] About to explode Explosion_NonLethal from ExplosionTest<0x000001D0DE4017C0> ExplosionTest:18938 at <5441.27, 212.07, 2763.98> EXPLOSION range 4 dropoff 1
01:22:59.620 [ExplosionDamageSystem] About to explode Explosion_NonLethal from ExplosionTest<0x000001D0DE400E30> ExplosionTest:18937 at <3940.03, 211.9, 1142.39> EXPLOSION range 4 dropoff 1
01:22:59.631 [ExplosionDamageSystem] About to explode Explosion_NonLethal from ExplosionTest<0x000001D0DE4004A0> ExplosionTest:18936 at <5999.21, 225.4, 2129.35> EXPLOSION range 4 dropoff 1
01:22:59.641 [ExplosionDamageSystem] About to explode Explosion_NonLethal from ExplosionTest<0x000001D0DE3FD4D0> ExplosionTest:18935 at <5671.8, 196.98, 1928.32> EXPLOSION range 4 dropoff 1
01:22:59.656 [ExplosionDamageSystem] About to explode Explosion_NonLethal from ExplosionTest<0x000001D0DE3FE7F0> ExplosionTest:18934 at <6510.03, 213.31, 1598.58> EXPLOSION range 4 dropoff 1
01:22:59.670 [ExplosionDamageSystem] About to explode Explosion_NonLethal from ExplosionTest<0x000001D0DE3FFB10> ExplosionTest:18933 at <6134.12, 217.76, 1871.61> EXPLOSION range 4 dropoff 1
01:24:46.650 [Safezone] Player "Hessher" (id=MilAR913ecKsrHUOy0uV_fIY7CR0FzNOXUGd_pWZtgI= pos=<7393.61, 234.9, 5021.96>) entered the safezone
