03:26:42.424 [ExplosionDamageSystem] About to explode Explosion_NonLethal from ExplosionTest<0x00000192C99A17F0> ExplosionTest:19149 at <6296.09, 231.52, 2288.78> EXPLOSION range 4 dropoff 1
03:26:42.434 [ExplosionDamageSystem] About to explode Explosion_NonLethal from ExplosionTest<0x00000192C99A04D0> ExplosionTest:19148 at <6194.95, 217.49, 1604.06> EXPLOSION range 4 dropoff 1
03:26:42.447 [ExplosionDamageSystem] About to explode Explosion_NonLethal from ExplosionTest<0x00000192C99A0E60> ExplosionTest:19147 at <6288.45, 222.31, 2279.18> EXPLOSION range 4 dropoff 1
03:26:42.448 [ExplosionDamageSystem] About to explode Explosion_NonLethal from ExplosionTest<0x00000192C999FB40> ExplosionTest:19146 at <9975.07, 251.26, 1606.32> EXPLOSION range 4 dropoff 1
03:26:42.455 [ExplosionDamageSystem] About to explode Explosion_NonLethal from ExplosionTest<0x00000192C999F1B0> ExplosionTest:19145 at <5603.1, 198.65, 1792.93> EXPLOSION range 4 dropoff 1
03:26:42.462 [ExplosionDamageSystem] About to explode Explosion_NonLethal from ExplosionTest<0x00000192C9997EF0> ExplosionTest:19144 at <5677.43, 215.93, 1707.99> EXPLOSION range 4 dropoff 1
03:26:42.470 [ExplosionDamageSystem] About to explode Explosion_NonLethal from ExplosionTest<0x00000192C9998880> ExplosionTest:19143 at <7761.7, 206.83, 2009.2> EXPLOSION range 4 dropoff 1
03:26:42.471 [ExplosionDamageSystem] About to explode Explosion_NonLethal from ExplosionTest<0x00000192C9999210> ExplosionTest:19142 at <5879.6, 214.01, 2279.67> EXPLOSION range 4 dropoff 1
03:26:42.482 [ExplosionDamageSystem] About to explode Explosion_NonLethal from ExplosionTest<0x00000192C999E820> ExplosionTest:19141 at <6197.62, 214.91, 1886.52> EXPLOSION range 4 dropoff 1
03:26:42.575 [ExplosionDamageSystem] About to explode Explosion_NonLethal from ExplosionTest<0x00000192C999DE90> ExplosionTest:19140 at <8692.12, 209.84, 3151.12> EXPLOSION range 4 dropoff 1
03:26:42.579 [ExplosionDamageSystem] About to explode Explosion_NonLethal from ExplosionTest<0x00000192C9997560> ExplosionTest:19139 at <5598.59, 212.13, 1768.5> EXPLOSION range 4 dropoff 1
03:26:42.583 [ExplosionDamageSystem] About to explode Explosion_NonLethal from ExplosionTest<0x00000192C9996BD0> ExplosionTest:19138 at <6125.08, 218.29, 1855.66> EXPLOSION range 4 dropoff 1
03:26:42.593 [ExplosionDamageSystem] About to explode Explosion_NonLethal from ExplosionTest<0x00000192C999CB70> ExplosionTest:19137 at <6150.18, 206.04, 961.48> EXPLOSION range 4 dropoff 1
03:26:42.598 [ExplosionDamageSystem] About to explode Explosion_NonLethal from ExplosionTest<0x00000192C999D500> ExplosionTest:19136 at <6516.03, 202.68, 2596.82> EXPLOSION range 4 dropoff 1
03:26:42.602 [ExplosionDamageSystem] About to explode Explosion_NonLethal from ExplosionTest<0x00000192C999B850> ExplosionTest:19135 at <8632.94, 224.54, 2786.58> EXPLOSION range 4 dropoff 1
03:26:42.605 [ExplosionDamageSystem] About to explode Explosion_NonLethal from ExplosionTest<0x00000192C999A530> ExplosionTest:19134 at <5574.95, 211.85, 1863.74> EXPLOSION range 4 dropoff 1
03:26:42.609 [ExplosionDamageSystem] About to explode Explosion_NonLethal from ExplosionTest<0x00000192C999AEC0> ExplosionTest:19133 at <6185.1, 229.19, 1715.6> EXPLOSION range 4 dropoff 1
03:26:42.613 [ExplosionDamageSystem] About to explode Explosion_NonLethal from ExplosionTest<0x00000192C99958B0> ExplosionTest:19132 at <5973.28, 214.16, 1484.59> EXPLOSION range 4 dropoff 1
03:26:42.624 [ExplosionDamageSystem] About to explode Explosion_NonLethal from ExplosionTest<0x00000192C9996240> ExplosionTest:19131 at <5906.62, 204.27, 1692.5> EXPLOSION range 4 dropoff 1
03:26:42.640 [ExplosionDamageSystem] About to explode Explosion_NonLethal from ExplosionTest<0x00000192C999C1E0> ExplosionTest:19130 at <6248.99, 222.84, 2210.04> EXPLOSION range 4 dropoff 1
03:26:42.651 [ExplosionDamageSystem] About to explode Explosion_NonLethal from ExplosionTest<0x00000192C9999BA0> ExplosionTest:19129 at <5875.17, 215.53, 2571.73> EXPLOSION range 4 dropoff 1
03:26:42.662 [ExplosionDamageSystem] About to explode Explosion_NonLethal from ExplosionTest<0x00000192C998E5F0> ExplosionTest:19128 at <5919.85, 198.48, 2486.81> EXPLOSION range 4 dropoff 1
03:26:42.670 [ExplosionDamageSystem] About to explode Explosion_NonLethal from ExplosionTest<0x00000192C9994F20> ExplosionTest:19127 at <5579.18, 202.36, 2735.49> EXPLOSION range 4 dropoff 1
03:26:42.681 [ExplosionDamageSystem] About to explode Explosion_NonLethal from ExplosionTest<0x00000192C9994590> ExplosionTest:19126 at <6096.53, 214.32, 1597.52> EXPLOSION range 4 dropoff 1
03:26:42.692 [ExplosionDamageSystem] About to explode Explosion_NonLethal from ExplosionTest<0x00000192C9993C00> ExplosionTest:19125 at <5645.55, 212.63, 1774.62> EXPLOSION range 4 dropoff 1
03:26:42.696 [ExplosionDamageSystem] About to explode Explosion_NonLethal from ExplosionTest<0x00000192C9990C30> ExplosionTest:19124 at <5897.6, 228.14, 2557.76> EXPLOSION range 4 dropoff 1
03:26:42.696 [ExplosionDamageSystem] About to explode Explosion_NonLethal from ExplosionTest<0x00000192C9993270> ExplosionTest:19123 at <6121.5, 213.39, 2305.68> EXPLOSION range 4 dropoff 1
03:26:42.704 [ExplosionDamageSystem] About to explode Explosion_NonLethal from ExplosionTest<0x00000192C99928E0> ExplosionTest:19122 at <6124.56, 248.56, 1754.09> EXPLOSION range 4 dropoff 1
03:26:42.712 [ExplosionDamageSystem] About to explode Explosion_NonLethal from ExplosionTest<0x00000192C998D2D0> ExplosionTest:19121 at <5566.53, 211.94, 2747.25> EXPLOSION range 4 dropoff 1
03:26:42.712 [ExplosionDamageSystem] About to explode Explosion_NonLethal from ExplosionTest<0x00000192C998C940> ExplosionTest:19120 at <6277.56, 239.19, 2250.81> EXPLOSION range 4 dropoff 1
03:26:42.712 [ExplosionDamageSystem] About to explode Explosion_NonLethal from ExplosionTest<0x00000192C998EF80> ExplosionTest:19119 at <13037.6, 304.8, 351.05> EXPLOSION range 4 dropoff 1
03:26:42.713 [ExplosionDamageSystem] About to explode Explosion_NonLethal from ExplosionTest<0x00000192C998BFB0> ExplosionTest:19118 at <5466.86, 212.07, 2726.76> EXPLOSION range 4 dropoff 1
03:26:42.719 [ExplosionDamageSystem] About to explode Explosion_NonLethal from ExplosionTest<0x00000192C99902A0> ExplosionTest:19117 at <5936.18, 239.18, 2278.8> EXPLOSION range 4 dropoff 1
03:26:42.727 [ExplosionDamageSystem] About to explode Explosion_NonLethal from ExplosionTest<0x00000192C998F910> ExplosionTest:19116 at <6481.35, 205.38, 1534.34> EXPLOSION range 4 dropoff 1
03:26:42.739 [ExplosionDamageSystem] About to explode Explosion_NonLethal from ExplosionTest<0x00000192C998DC60> ExplosionTest:19115 at <6235.26, 216.11, 2361.9> EXPLOSION range 4 dropoff 1
03:26:42.748 [ExplosionDamageSystem] About to explode Explosion_NonLethal from ExplosionTest<0x00000192C9991F50> ExplosionTest:19114 at <5757.44, 212.92, 1676.59> EXPLOSION range 4 dropoff 1
03:26:42.753 [ExplosionDamageSystem] About to explode Explosion_NonLethal from ExplosionTest<0x00000192C99915C0> ExplosionTest:19113 at <6224.64, 217.4, 1731.42> EXPLOSION range 4 dropoff 1
03:26:42.753 [ExplosionDamageSystem] About to explode Explosion_NonLethal from ExplosionTest<0x00000192C9984CF0> ExplosionTest:19112 at <5924.55, 225.97, 2327.87> EXPLOSION range 4 dropoff 1
03:26:42.758 [ExplosionDamageSystem] About to explode Explosion_NonLethal from ExplosionTest<0x00000192C998B620> ExplosionTest:19111 at <5666.83, 211.93, 2851.73> EXPLOSION range 4 dropoff 1
03:26:42.765 [ExplosionDamageSystem] About to explode Explosion_NonLethal from ExplosionTest<0x00000192C9988FE0> ExplosionTest:19110 at <5696.52, 218.04, 2822.62> EXPLOSION range 4 dropoff 1
03:26:42.774 [ExplosionDamageSystem] About to explode Explosion_NonLethal from ExplosionTest<0x00000192C9988650> ExplosionTest:19109 at <6074.59, 231.97, 1723.3> EXPLOSION range 4 dropoff 1
03:26:42.782 [ExplosionDamageSystem] About to explode Explosion_NonLethal from ExplosionTest<0x00000192C9984360> ExplosionTest:19108 at <6016.12, 229.25, 2398.44> EXPLOSION range 4 dropoff 1
03:26:42.785 [ExplosionDamageSystem] About to explode Explosion_NonLethal from ExplosionTest<0x00000192C9987CC0> ExplosionTest:19107 at <5580.48, 229.54, 2939.95> EXPLOSION range 4 dropoff 1
03:26:42.808 [ExplosionDamageSystem] About to explode Explosion_NonLethal from ExplosionTest<0x00000192C998A300> ExplosionTest:19106 at <6312.48, 223.83, 1554.96> EXPLOSION range 4 dropoff 1
03:26:42.813 [ExplosionDamageSystem] About to explode Explosion_NonLethal from ExplosionTest<0x00000192C9986010> ExplosionTest:19105 at <6136.2, 230.34, 1799.95> EXPLOSION range 4 dropoff 1
03:26:42.814 [ExplosionDamageSystem] About to explode Explosion_NonLethal from ExplosionTest<0x00000192C9989970> ExplosionTest:19104 at <10014.2, 252.36, 1695.88> EXPLOSION range 4 dropoff 1
03:26:42.822 [ExplosionDamageSystem] About to explode Explosion_NonLethal from ExplosionTest<0x00000192C9987330> ExplosionTest:19103 at <5398.72, 198.37, 2543.16> EXPLOSION range 4 dropoff 1
03:26:42.893 [ExplosionDamageSystem] About to explode Explosion_NonLethal from ExplosionTest<0x00000192C99869A0> ExplosionTest:19102 at <6383, 229.79, 2175.41> EXPLOSION range 4 dropoff 1
03:26:42.912 [ExplosionDamageSystem] About to explode Explosion_NonLethal from ExplosionTest<0x00000192C9985680> ExplosionTest:19101 at <10165.6, 289.46, 2365.2> EXPLOSION range 4 dropoff 1
03:26:42.913 [ExplosionDamageSystem] About to explode Explosion_NonLethal from ExplosionTest<0x00000192C998AC90> ExplosionTest:19100 at <6450.28, 210.94, 1507.55> EXPLOSION range 4 dropoff 1
03:26:42.914 [ExplosionDamageSystem] About to explode Explosion_NonLethal from ExplosionTest<0x00000192C997DA30> ExplosionTest:19099 at <6884.72, 205.62, 1606.76> EXPLOSION range 4 dropoff 1
03:26:42.915 [ExplosionDamageSystem] About to explode Explosion_NonLethal from ExplosionTest<0x00000192C99839D0> ExplosionTest:19098 at <4751.29, 194.21, 380.97> EXPLOSION range 4 dropoff 1
03:26:42.918 [ExplosionDamageSystem] About to explode Explosion_NonLethal from ExplosionTest<0x00000192C997F6E0> ExplosionTest:19097 at <6828.94, 210.42, 1483.86> EXPLOSION range 4 dropoff 1
03:26:42.922 [ExplosionDamageSystem] About to explode Explosion_NonLethal from ExplosionTest<0x00000192C997D0A0> ExplosionTest:19096 at <6134.88, 225.24, 1932.24> EXPLOSION range 4 dropoff 1
03:26:42.928 [ExplosionDamageSystem] About to explode Explosion_NonLethal from ExplosionTest<0x00000192C9983040> ExplosionTest:19095 at <6206.01, 217.06, 2208.71> EXPLOSION range 4 dropoff 1
