16:50:50.368 [ExplosionDamageSystem] About to explode Explosion_NonLethal from ExplosionTest<0x00000185499532B0> ExplosionTest:19086 at <5805.54, 200.93, 2480.52> EXPLOSION range 4 dropoff 1
16:50:50.429 [ExplosionDamageSystem] About to explode Explosion_NonLethal from ExplosionTest<0x0000018549956280> ExplosionTest:19085 at <5502.18, 196.59, 2973.96> EXPLOSION range 4 dropoff 1
16:50:50.451 [ExplosionDamageSystem] About to explode Explosion_NonLethal from ExplosionTest<0x00000185499575A0> ExplosionTest:19084 at <5576.5, 197.65, 2391.2> EXPLOSION range 4 dropoff 1
16:50:50.473 [ExplosionDamageSystem] About to explode Explosion_NonLethal from ExplosionTest<0x0000018549959BE0> ExplosionTest:19083 at <6278, 222.47, 2126.2> EXPLOSION range 4 dropoff 1
16:50:50.512 [ExplosionDamageSystem] About to explode Explosion_NonLethal from ExplosionTest<0x000001854994BFF0> ExplosionTest:19082 at <5634.71, 213.15, 1822.6> EXPLOSION range 4 dropoff 1
16:50:50.536 [ExplosionDamageSystem] About to explode Explosion_NonLethal from ExplosionTest<0x0000018549952920> ExplosionTest:19081 at <5375.35, 194.5, 1628.95> EXPLOSION range 4 dropoff 1
16:50:50.556 [ExplosionDamageSystem] About to explode Explosion_NonLethal from ExplosionTest<0x000001854994B660> ExplosionTest:19080 at <6108.05, 211.46, 2361.49> EXPLOSION range 4 dropoff 1
16:50:50.594 [ExplosionDamageSystem] About to explode Explosion_NonLethal from ExplosionTest<0x0000018549951F90> ExplosionTest:19079 at <6604.41, 205.19, 1753.84> EXPLOSION range 4 dropoff 1
16:50:50.601 [ExplosionDamageSystem] About to explode Explosion_NonLethal from ExplosionTest<0x000001854994ACD0> ExplosionTest:19078 at <5699.69, 199.92, 2604.04> EXPLOSION range 4 dropoff 1
16:50:50.644 [ExplosionDamageSystem] About to explode Explosion_NonLethal from ExplosionTest<0x0000018549950C70> ExplosionTest:19077 at <5958.92, 209.23, 2111.04> EXPLOSION range 4 dropoff 1
16:50:50.653 [ExplosionDamageSystem] About to explode Explosion_NonLethal from ExplosionTest<0x000001854994F950> ExplosionTest:19076 at <5483.1, 197.74, 2894.87> EXPLOSION range 4 dropoff 1
16:50:50.747 [ExplosionDamageSystem] About to explode Explosion_NonLethal from ExplosionTest<0x000001854994C980> ExplosionTest:19075 at <5455.96, 197.53, 2801.82> EXPLOSION range 4 dropoff 1
16:50:50.760 [ExplosionDamageSystem] About to explode Explosion_NonLethal from ExplosionTest<0x00000185499502E0> ExplosionTest:19074 at <13028.1, 304.74, 355.77> EXPLOSION range 4 dropoff 1
16:50:50.762 [ExplosionDamageSystem] About to explode Explosion_NonLethal from ExplosionTest<0x000001854994EFC0> ExplosionTest:19073 at <5370.95, 196.11, 2801.19> EXPLOSION range 4 dropoff 1
16:50:50.769 [ExplosionDamageSystem] About to explode Explosion_NonLethal from ExplosionTest<0x0000018549951600> ExplosionTest:19072 at <6658.17, 205.67, 1665.39> EXPLOSION range 4 dropoff 1
16:50:50.771 [ExplosionDamageSystem] About to explode Explosion_NonLethal from ExplosionTest<0x000001854994D310> ExplosionTest:19071 at <5863.17, 204.72, 1673.16> EXPLOSION range 4 dropoff 1
16:50:50.789 [ExplosionDamageSystem] About to explode Explosion_NonLethal from ExplosionTest<0x000001854994DCA0> ExplosionTest:19070 at <13041.6, 311.91, 473.63> EXPLOSION range 4 dropoff 1
16:50:50.791 [ExplosionDamageSystem] About to explode Explosion_NonLethal from ExplosionTest<0x000001854994E630> ExplosionTest:19069 at <13047.5, 309.36, 466.2> EXPLOSION range 4 dropoff 1
16:50:50.791 [ExplosionDamageSystem] About to explode Explosion_NonLethal from ExplosionTest<0x0000018549943A10> ExplosionTest:19068 at <6264.3, 216.1, 1923.44> EXPLOSION range 4 dropoff 1
16:50:50.798 [ExplosionDamageSystem] About to explode Explosion_NonLethal from ExplosionTest<0x000001854994A340> ExplosionTest:19067 at <5973.79, 213.38, 2364.06> EXPLOSION range 4 dropoff 1
16:50:50.812 [ExplosionDamageSystem] About to explode Explosion_NonLethal from ExplosionTest<0x0000018549943080> ExplosionTest:19066 at <5585.5, 198.17, 2538.46> EXPLOSION range 4 dropoff 1
16:50:50.817 [ExplosionDamageSystem] About to explode Explosion_NonLethal from ExplosionTest<0x0000018549949020> ExplosionTest:19065 at <5843.68, 212.08, 1712.27> EXPLOSION range 4 dropoff 1
16:50:50.820 [ExplosionDamageSystem] About to explode Explosion_NonLethal from ExplosionTest<0x00000185499443A0> ExplosionTest:19064 at <6150.98, 206.51, 959.78> EXPLOSION range 4 dropoff 1
16:50:50.823 [ExplosionDamageSystem] About to explode Explosion_NonLethal from ExplosionTest<0x0000018549947D00> ExplosionTest:19063 at <9705.09, 250.52, 1617.22> EXPLOSION range 4 dropoff 1
16:50:50.833 [ExplosionDamageSystem] About to explode Explosion_NonLethal from ExplosionTest<0x00000185499499B0> ExplosionTest:19062 at <5660.83, 221.63, 2851.74> EXPLOSION range 4 dropoff 1
16:50:50.845 [ExplosionDamageSystem] About to explode Explosion_NonLethal from ExplosionTest<0x0000018549947370> ExplosionTest:19061 at <5758.23, 202.74, 1611.81> EXPLOSION range 4 dropoff 1
16:50:50.864 [ExplosionDamageSystem] About to explode Explosion_NonLethal from ExplosionTest<0x00000185499456C0> ExplosionTest:19060 at <6375.9, 230.94, 1860.46> EXPLOSION range 4 dropoff 1
16:50:50.889 [ExplosionDamageSystem] About to explode Explosion_NonLethal from ExplosionTest<0x0000018549946050> ExplosionTest:19059 at <5935.29, 205.12, 1741.08> EXPLOSION range 4 dropoff 1
16:50:50.916 [ExplosionDamageSystem] About to explode Explosion_NonLethal from ExplosionTest<0x0000018549944D30> ExplosionTest:19058 at <5416.99, 226.04, 2800.15> EXPLOSION range 4 dropoff 1
16:50:50.916 [ExplosionDamageSystem] About to explode Explosion_NonLethal from ExplosionTest<0x00000185499469E0> ExplosionTest:19057 at <6291.52, 229.21, 1655.12> EXPLOSION range 4 dropoff 1
16:50:50.930 [ExplosionDamageSystem] About to explode Explosion_NonLethal from ExplosionTest<0x0000018549948690> ExplosionTest:19056 at <6393.16, 228.97, 2186.36> EXPLOSION range 4 dropoff 1
16:50:50.937 [ExplosionDamageSystem] About to explode Explosion_NonLethal from ExplosionTest<0x000001854222DFA0> ExplosionTest:19055 at <6064.23, 221.27, 1502.49> EXPLOSION range 4 dropoff 1
16:50:50.960 [ExplosionDamageSystem] About to explode Explosion_NonLethal from ExplosionTest<0x000001854222CC80> ExplosionTest:19054 at <5714.3, 210.24, 1617.81> EXPLOSION range 4 dropoff 1
16:50:50.966 [ExplosionDamageSystem] About to explode Explosion_NonLethal from ExplosionTest<0x000001854222D610> ExplosionTest:19053 at <6283.26, 216.88, 1864.31> EXPLOSION range 4 dropoff 1
16:50:50.971 [ExplosionDamageSystem] About to explode Explosion_NonLethal from ExplosionTest<0x000001854222C2F0> ExplosionTest:19052 at <6347.74, 218.09, 1835.18> EXPLOSION range 4 dropoff 1
16:50:50.972 [ExplosionDamageSystem] About to explode Explosion_NonLethal from ExplosionTest<0x000001854222B960> ExplosionTest:19051 at <5488.61, 197.84, 2890.7> EXPLOSION range 4 dropoff 1
16:50:50.972 [ExplosionDamageSystem] About to explode Explosion_NonLethal from ExplosionTest<0x000001854222AFD0> ExplosionTest:19050 at <5761.53, 213.94, 2408.3> EXPLOSION range 4 dropoff 1
16:50:50.984 [ExplosionDamageSystem] About to explode Explosion_NonLethal from ExplosionTest<0x0000018542223D10> ExplosionTest:19049 at <3982.53, 206.14, 1108.17> EXPLOSION range 4 dropoff 1
16:50:50.989 [ExplosionDamageSystem] About to explode Explosion_NonLethal from ExplosionTest<0x000001854222A640> ExplosionTest:19048 at <9802.5, 265.96, 1532.41> EXPLOSION range 4 dropoff 1
16:50:50.996 [ExplosionDamageSystem] About to explode Explosion_NonLethal from ExplosionTest<0x0000018542223380> ExplosionTest:19047 at <11441.1, 235.2, 3656.42> EXPLOSION range 4 dropoff 1
16:50:51.008 [ExplosionDamageSystem] About to explode Explosion_NonLethal from ExplosionTest<0x0000018542229CB0> ExplosionTest:19046 at <6187.1, 229.19, 1714.3> EXPLOSION range 4 dropoff 1
16:50:51.089 [ExplosionDamageSystem] About to explode Explosion_NonLethal from ExplosionTest<0x0000018542229320> ExplosionTest:19045 at <5722.04, 208.96, 1697.56> EXPLOSION range 4 dropoff 1
16:50:51.098 [ExplosionDamageSystem] About to explode Explosion_NonLethal from ExplosionTest<0x00000185422229F0> ExplosionTest:19044 at <6128.44, 214.51, 1860.58> EXPLOSION range 4 dropoff 1
16:50:51.137 [ExplosionDamageSystem] About to explode Explosion_NonLethal from ExplosionTest<0x0000018542228000> ExplosionTest:19043 at <5832.31, 206.68, 1398.82> EXPLOSION range 4 dropoff 1
16:50:51.157 [ExplosionDamageSystem] About to explode Explosion_NonLethal from ExplosionTest<0x0000018542226CE0> ExplosionTest:19042 at <5411.94, 232.32, 2923.59> EXPLOSION range 4 dropoff 1
16:50:51.164 [ExplosionDamageSystem] About to explode Explosion_NonLethal from ExplosionTest<0x0000018542228990> ExplosionTest:19041 at <9966.48, 252.51, 1615.1> EXPLOSION range 4 dropoff 1
16:50:51.181 [ExplosionDamageSystem] About to explode Explosion_NonLethal from ExplosionTest<0x0000018542227670> ExplosionTest:19040 at <6016.07, 214.3, 1602.57> EXPLOSION range 4 dropoff 1
16:50:51.191 [ExplosionDamageSystem] About to explode Explosion_NonLethal from ExplosionTest<0x00000185422259C0> ExplosionTest:19039 at <4755.16, 190.27, 546.98> EXPLOSION range 4 dropoff 1
16:50:51.192 [ExplosionDamageSystem] About to explode Explosion_NonLethal from ExplosionTest<0x0000018542225030> ExplosionTest:19038 at <6353.58, 230.68, 1645.1> EXPLOSION range 4 dropoff 1
16:50:51.199 [ExplosionDamageSystem] About to explode Explosion_NonLethal from ExplosionTest<0x0000018542220D40> ExplosionTest:19037 at <6335.49, 222.69, 1757.35> EXPLOSION range 4 dropoff 1
16:50:51.209 [ExplosionDamageSystem] About to explode Explosion_NonLethal from ExplosionTest<0x000001854221FA20> ExplosionTest:19036 at <5584.18, 215.03, 2721.87> EXPLOSION range 4 dropoff 1
16:50:51.227 [ExplosionDamageSystem] About to explode Explosion_NonLethal from ExplosionTest<0x0000018542222060> ExplosionTest:19035 at <6180, 206.22, 1015.55> EXPLOSION range 4 dropoff 1
16:50:51.232 [ExplosionDamageSystem] About to explode Explosion_NonLethal from ExplosionTest<0x00000185422246A0> ExplosionTest:19034 at <5997.84, 217.14, 1402.81> EXPLOSION range 4 dropoff 1
16:50:51.240 [ExplosionDamageSystem] About to explode Explosion_NonLethal from ExplosionTest<0x00000185422203B0> ExplosionTest:19033 at <6232.34, 218.64, 1732.19> EXPLOSION range 4 dropoff 1
16:50:51.243 [ExplosionDamageSystem] About to explode Explosion_NonLethal from ExplosionTest<0x00000185422216D0> ExplosionTest:19032 at <6407.22, 207.67, 1238.83> EXPLOSION range 4 dropoff 1
16:52:03.200 [Expansion Quests] Initialize quest system on the connected client with UID=MilAR913ecKsrHUOy0uV_fIY7CR0FzNOXUGd_pWZtgI=
16:52:03.218 [Expansion Quests] Loaded existing player quest data for player with UID=MilAR913ecKsrHUOy0uV_fIY7CR0FzNOXUGd_pWZtgI=
16:52:03.218 [Expansion Quests] Check quest initialization for quest with ID=8 | State=STARTED | Player UID=MilAR913ecKsrHUOy0uV_fIY7CR0FzNOXUGd_pWZtgI=
16:52:03.219 [Expansion Quests] Create new quest instance for quest with ID=8 | Player UID=MilAR913ecKsrHUOy0uV_fIY7CR0FzNOXUGd_pWZtgI=
16:52:03.221 [Expansion Quests] Check quest initialization for quest with ID=9 | State=STARTED | Player UID=MilAR913ecKsrHUOy0uV_fIY7CR0FzNOXUGd_pWZtgI=
16:52:03.221 [Expansion Quests] Create new quest instance for quest with ID=9 | Player UID=MilAR913ecKsrHUOy0uV_fIY7CR0FzNOXUGd_pWZtgI=
16:52:03.221 [Expansion Quests] Check quest initialization for quest with ID=11 | State=STARTED | Player UID=MilAR913ecKsrHUOy0uV_fIY7CR0FzNOXUGd_pWZtgI=
16:52:03.221 [Expansion Quests] Create new quest instance for quest with ID=11 | Player UID=MilAR913ecKsrHUOy0uV_fIY7CR0FzNOXUGd_pWZtgI=
16:52:03.222 [Expansion Quests] Check quest initialization for quest with ID=14 | State=COMPLETED | Player UID=MilAR913ecKsrHUOy0uV_fIY7CR0FzNOXUGd_pWZtgI=
16:52:03.224 [Expansion Quests] Sending MilAR913ecKsrHUOy0uV_fIY7CR0FzNOXUGd_pWZtgI= quest configs to client for player with UID=MilAR913ecKsrHUOy0uV_fIY7CR0FzNOXUGd_pWZtgI=
16:52:03.226 [Expansion Quests] Sending player quest data for 4 quests to player with UID=MilAR913ecKsrHUOy0uV_fIY7CR0FzNOXUGd_pWZtgI=
16:53:00.703 [VehicleEnter] Player "Hessher" (id=MilAR913ecKsrHUOy0uV_fIY7CR0FzNOXUGd_pWZtgI=) entered vehicle Ford_Mustang_Shelby_GT500_Green (id=BFA6F943714877F102296A93FED1204D pos=<4430.81, 189.54, 89.27>) as driver
16:53:02.964 [VehicleEngine] Player "Hessher" (id=MilAR913ecKsrHUOy0uV_fIY7CR0FzNOXUGd_pWZtgI=) started vehicle Ford_Mustang_Shelby_GT500_Green (id=BFA6F943714877F102296A93FED1204D pos=<4430.81, 189.54, 89.27>)
16:53:06.510 [VehicleLeave] Player "Hessher" (id=MilAR913ecKsrHUOy0uV_fIY7CR0FzNOXUGd_pWZtgI=) left vehicle Ford_Mustang_Shelby_GT500_Green (id=BFA6F943714877F102296A93FED1204D pos=<4430.81, 189.54, 89.27>) as driver
16:53:14.614 [VehicleEnter] Player "Hessher" (id=MilAR913ecKsrHUOy0uV_fIY7CR0FzNOXUGd_pWZtgI=) entered vehicle Ford_Mustang_Shelby_GT500_Green (id=BFA6F943714877F102296A93FED1204D pos=<4430.81, 189.54, 89.27>) as driver
16:53:25.208 [VehicleEngine] Player "NULL" (id=NULL) stopped vehicle Ford_Mustang_Shelby_GT500_Green (id=BFA6F943714877F102296A93FED1204D pos=<4425.78, 189.75, 97.6>)
16:53:25.505 [VehicleLeave] Player "Hessher" (id=MilAR913ecKsrHUOy0uV_fIY7CR0FzNOXUGd_pWZtgI=) left vehicle Ford_Mustang_Shelby_GT500_Green (id=BFA6F943714877F102296A93FED1204D pos=<4425.78, 189.75, 97.6>) as driver
16:53:45.669 [VehicleEnter] Player "Hessher" (id=MilAR913ecKsrHUOy0uV_fIY7CR0FzNOXUGd_pWZtgI=) entered vehicle Jeep_GladiatorF9_camo_blue2 (id=D32ED5F68645E00A2152FABDE5F5801E pos=<4416.35, 190.22, 111.49>) as driver
16:53:47.239 [VehicleEngine] Player "Hessher" (id=MilAR913ecKsrHUOy0uV_fIY7CR0FzNOXUGd_pWZtgI=) started vehicle Jeep_GladiatorF9_camo_blue2 (id=D32ED5F68645E00A2152FABDE5F5801E pos=<4416.35, 190.22, 111.49>)
16:53:49.584 [VehicleLeave] Player "Hessher" (id=MilAR913ecKsrHUOy0uV_fIY7CR0FzNOXUGd_pWZtgI=) left vehicle Jeep_GladiatorF9_camo_blue2 (id=D32ED5F68645E00A2152FABDE5F5801E pos=<4416.35, 190.22, 111.49>) as driver
16:54:57.118 [Expansion Quests] Deleted quest with ID=8 is a of player with UID=MilAR913ecKsrHUOy0uV_fIY7CR0FzNOXUGd_pWZtgI=.
16:54:57.119 [Expansion Quests] Deleted quest with ID=9 is a of player with UID=MilAR913ecKsrHUOy0uV_fIY7CR0FzNOXUGd_pWZtgI=.
16:54:57.119 [Expansion Quests] Deleted quest with ID=11 is a of player with UID=MilAR913ecKsrHUOy0uV_fIY7CR0FzNOXUGd_pWZtgI=.
