22:09:24.876 [ExplosionDamageSystem] About to explode Explosion_NonLethal from ExplosionTest<0x0000026966684CC0> ExplosionTest:18994 at <6121.53, 218.7, 1855.49> EXPLOSION range 4 dropoff 1
22:09:24.963 [ExplosionDamageSystem] About to explode Explosion_NonLethal from ExplosionTest<0x000002696667DA00> ExplosionTest:18993 at <5520.3, 211.26, 2703.2> EXPLOSION range 4 dropoff 1
22:09:24.978 [ExplosionDamageSystem] About to explode Explosion_NonLethal from ExplosionTest<0x0000026966684330> ExplosionTest:18992 at <5659.96, 212.49, 1612.64> EXPLOSION range 4 dropoff 1
22:09:24.988 [ExplosionDamageSystem] About to explode Explosion_NonLethal from ExplosionTest<0x0000026966682680> ExplosionTest:18991 at <10012.8, 265.96, 1688> EXPLOSION range 4 dropoff 1
22:09:24.997 [ExplosionDamageSystem] About to explode Explosion_NonLethal from ExplosionTest<0x00000269666839A0> ExplosionTest:18990 at <6871.42, 211.08, 1438.92> EXPLOSION range 4 dropoff 1
22:09:25.029 [ExplosionDamageSystem] About to explode Explosion_NonLethal from ExplosionTest<0x0000026966683010> ExplosionTest:18989 at <5928.24, 205.86, 1170.86> EXPLOSION range 4 dropoff 1
22:09:25.032 [ExplosionDamageSystem] About to explode Explosion_NonLethal from ExplosionTest<0x0000026966681CF0> ExplosionTest:18988 at <7379.65, 236.64, 1554.31> EXPLOSION range 4 dropoff 1
22:09:25.036 [ExplosionDamageSystem] About to explode Explosion_NonLethal from ExplosionTest<0x0000026966681360> ExplosionTest:18987 at <6290.78, 231.52, 2277.24> EXPLOSION range 4 dropoff 1
22:09:25.047 [ExplosionDamageSystem] About to explode Explosion_NonLethal from ExplosionTest<0x00000269666809D0> ExplosionTest:18986 at <6284.05, 221.14, 1421.57> EXPLOSION range 4 dropoff 1
22:09:25.056 [ExplosionDamageSystem] About to explode Explosion_NonLethal from ExplosionTest<0x000002696667D070> ExplosionTest:18985 at <5616.95, 199.65, 1841.63> EXPLOSION range 4 dropoff 1
22:09:25.068 [ExplosionDamageSystem] About to explode Explosion_NonLethal from ExplosionTest<0x000002696667ED20> ExplosionTest:18984 at <9711.25, 250.17, 1630.37> EXPLOSION range 4 dropoff 1
22:09:25.076 [ExplosionDamageSystem] About to explode Explosion_NonLethal from ExplosionTest<0x0000026966680040> ExplosionTest:18983 at <5990.89, 214.32, 1608.94> EXPLOSION range 4 dropoff 1
22:09:25.113 [ExplosionDamageSystem] About to explode Explosion_NonLethal from ExplosionTest<0x00000269666B9640> ExplosionTest:18982 at <5867.15, 217.61, 2286.98> EXPLOSION range 4 dropoff 1
22:09:25.126 [ExplosionDamageSystem] About to explode Explosion_NonLethal from ExplosionTest<0x00000269666BA960> ExplosionTest:18981 at <5979.5, 207.86, 1423.34> EXPLOSION range 4 dropoff 1
22:09:25.151 [ExplosionDamageSystem] About to explode Explosion_NonLethal from ExplosionTest<0x00000269666B9FD0> ExplosionTest:18980 at <6212.41, 214.64, 2035.26> EXPLOSION range 4 dropoff 1
22:09:25.163 [ExplosionDamageSystem] About to explode Explosion_NonLethal from ExplosionTest<0x00000269666B8CB0> ExplosionTest:18979 at <5788.08, 197.37, 1975.83> EXPLOSION range 4 dropoff 1
22:09:25.186 [ExplosionDamageSystem] About to explode Explosion_NonLethal from ExplosionTest<0x00000269666BCFA0> ExplosionTest:18978 at <6084.32, 226.35, 2398.51> EXPLOSION range 4 dropoff 1
22:09:25.197 [ExplosionDamageSystem] About to explode Explosion_NonLethal from ExplosionTest<0x00000269666B7000> ExplosionTest:18977 at <6055.76, 213.64, 2392.33> EXPLOSION range 4 dropoff 1
22:09:25.198 [ExplosionDamageSystem] About to explode Explosion_NonLethal from ExplosionTest<0x00000269666B7990> ExplosionTest:18976 at <5971.07, 219.05, 1616.62> EXPLOSION range 4 dropoff 1
22:09:25.198 [ExplosionDamageSystem] About to explode Explosion_NonLethal from ExplosionTest<0x00000269666B5CE0> ExplosionTest:18975 at <5523.63, 197.96, 2859.85> EXPLOSION range 4 dropoff 1
22:09:25.211 [ExplosionDamageSystem] About to explode Explosion_NonLethal from ExplosionTest<0x00000269666BBC80> ExplosionTest:18974 at <6256.68, 237.98, 2269.89> EXPLOSION range 4 dropoff 1
22:09:25.226 [ExplosionDamageSystem] About to explode Explosion_NonLethal from ExplosionTest<0x00000269666BC610> ExplosionTest:18973 at <5677.96, 205.53, 1700.11> EXPLOSION range 4 dropoff 1
22:09:25.236 [ExplosionDamageSystem] About to explode Explosion_NonLethal from ExplosionTest<0x00000269666B8320> ExplosionTest:18972 at <11942.3, 251.89, 3327.95> EXPLOSION range 4 dropoff 1
22:09:25.240 [ExplosionDamageSystem] About to explode Explosion_NonLethal from ExplosionTest<0x00000269666BB2F0> ExplosionTest:18971 at <6343.11, 227.98, 2022.93> EXPLOSION range 4 dropoff 1
22:09:25.257 [ExplosionDamageSystem] About to explode Explosion_NonLethal from ExplosionTest<0x00000269666B6670> ExplosionTest:18970 at <6214.37, 215.08, 1946.54> EXPLOSION range 4 dropoff 1
22:09:25.268 [ExplosionDamageSystem] About to explode Explosion_NonLethal from ExplosionTest<0x00000269666AEA20> ExplosionTest:18969 at <5911.51, 204.22, 1695.17> EXPLOSION range 4 dropoff 1
22:09:25.276 [ExplosionDamageSystem] About to explode Explosion_NonLethal from ExplosionTest<0x00000269666B5350> ExplosionTest:18968 at <5590.41, 222.96, 3005.24> EXPLOSION range 4 dropoff 1
22:09:25.297 [ExplosionDamageSystem] About to explode Explosion_NonLethal from ExplosionTest<0x00000269666B49C0> ExplosionTest:18967 at <5524.31, 204.46, 2695.76> EXPLOSION range 4 dropoff 1
22:09:25.297 [ExplosionDamageSystem] About to explode Explosion_NonLethal from ExplosionTest<0x00000269666B4030> ExplosionTest:18966 at <6237.15, 217.62, 2068.8> EXPLOSION range 4 dropoff 1
22:09:25.298 [ExplosionDamageSystem] About to explode Explosion_NonLethal from ExplosionTest<0x00000269666ACD70> ExplosionTest:18965 at <5759.57, 199.34, 1623.55> EXPLOSION range 4 dropoff 1
22:09:25.309 [ExplosionDamageSystem] About to explode Explosion_NonLethal from ExplosionTest<0x00000269666B36A0> ExplosionTest:18964 at <5817.69, 205.71, 1419.76> EXPLOSION range 4 dropoff 1
22:09:25.320 [ExplosionDamageSystem] About to explode Explosion_NonLethal from ExplosionTest<0x00000269666B2380> ExplosionTest:18963 at <6336.99, 232.89, 1756.97> EXPLOSION range 4 dropoff 1
22:09:25.350 [ExplosionDamageSystem] About to explode Explosion_NonLethal from ExplosionTest<0x00000269666B1060> ExplosionTest:18962 at <6183.41, 229.71, 1676.68> EXPLOSION range 4 dropoff 1
22:09:25.363 [ExplosionDamageSystem] About to explode Explosion_NonLethal from ExplosionTest<0x00000269666AE090> ExplosionTest:18961 at <5665.34, 204.67, 1772> EXPLOSION range 4 dropoff 1
22:09:25.371 [ExplosionDamageSystem] About to explode Explosion_NonLethal from ExplosionTest<0x00000269666B06D0> ExplosionTest:18960 at <6296.54, 235.63, 2286.65> EXPLOSION range 4 dropoff 1
22:09:25.372 [ExplosionDamageSystem] About to explode Explosion_NonLethal from ExplosionTest<0x00000269666AD700> ExplosionTest:18959 at <8819.58, 204.5, 3298.59> EXPLOSION range 4 dropoff 1
22:09:25.376 [ExplosionDamageSystem] About to explode Explosion_NonLethal from ExplosionTest<0x00000269666AC3E0> ExplosionTest:18958 at <7125.93, 211.6, 1526.6> EXPLOSION range 4 dropoff 1
22:09:25.382 [ExplosionDamageSystem] About to explode Explosion_NonLethal from ExplosionTest<0x00000269666AFD40> ExplosionTest:18957 at <5953.27, 222.59, 2348.22> EXPLOSION range 4 dropoff 1
22:09:25.389 [ExplosionDamageSystem] About to explode Explosion_NonLethal from ExplosionTest<0x00000269666B2D10> ExplosionTest:18956 at <5985.08, 214.31, 1676.87> EXPLOSION range 4 dropoff 1
22:09:25.394 [ExplosionDamageSystem] About to explode Explosion_NonLethal from ExplosionTest<0x00000269666B19F0> ExplosionTest:18955 at <5835.59, 201.92, 2557.95> EXPLOSION range 4 dropoff 1
22:09:25.404 [ExplosionDamageSystem] About to explode Explosion_NonLethal from ExplosionTest<0x00000269666AF3B0> ExplosionTest:18954 at <5834.18, 200.93, 2556.68> EXPLOSION range 4 dropoff 1
22:09:25.404 [ExplosionDamageSystem] About to explode Explosion_NonLethal from ExplosionTest<0x00000269666A5120> ExplosionTest:18953 at <5496.27, 198.11, 2665> EXPLOSION range 4 dropoff 1
22:09:25.411 [ExplosionDamageSystem] About to explode Explosion_NonLethal from ExplosionTest<0x00000269666ABA50> ExplosionTest:18952 at <6197.32, 229.72, 1658.14> EXPLOSION range 4 dropoff 1
22:09:25.412 [ExplosionDamageSystem] About to explode Explosion_NonLethal from ExplosionTest<0x00000269666A4790> ExplosionTest:18951 at <5616.21, 215.11, 2730.92> EXPLOSION range 4 dropoff 1
22:09:25.419 [ExplosionDamageSystem] About to explode Explosion_NonLethal from ExplosionTest<0x00000269666AB0C0> ExplosionTest:18950 at <5729.51, 213, 2850.49> EXPLOSION range 4 dropoff 1
22:09:25.424 [ExplosionDamageSystem] About to explode Explosion_NonLethal from ExplosionTest<0x00000269666A3E00> ExplosionTest:18949 at <5923.7, 237.49, 2601.21> EXPLOSION range 4 dropoff 1
22:09:25.434 [ExplosionDamageSystem] About to explode Explosion_NonLethal from ExplosionTest<0x00000269666AA730> ExplosionTest:18948 at <5902.19, 228.54, 2459.44> EXPLOSION range 4 dropoff 1
22:09:25.516 [ExplosionDamageSystem] About to explode Explosion_NonLethal from ExplosionTest<0x00000269666A3470> ExplosionTest:18947 at <6034.98, 218.51, 1763.01> EXPLOSION range 4 dropoff 1
22:09:25.528 [ExplosionDamageSystem] About to explode Explosion_NonLethal from ExplosionTest<0x00000269666A6DD0> ExplosionTest:18946 at <4657.21, 190.39, 371.13> EXPLOSION range 4 dropoff 1
22:09:25.534 [ExplosionDamageSystem] About to explode Explosion_NonLethal from ExplosionTest<0x00000269666A9410> ExplosionTest:18945 at <5961.89, 244.05, 2556.56> EXPLOSION range 4 dropoff 1
22:09:25.534 [ExplosionDamageSystem] About to explode Explosion_NonLethal from ExplosionTest<0x00000269666A7760> ExplosionTest:18944 at <8705.26, 212.36, 3146.62> EXPLOSION range 4 dropoff 1
22:09:25.537 [ExplosionDamageSystem] About to explode Explosion_NonLethal from ExplosionTest<0x00000269666A80F0> ExplosionTest:18943 at <5132.52, 191.83, 713.73> EXPLOSION range 4 dropoff 1
22:09:25.547 [ExplosionDamageSystem] About to explode Explosion_NonLethal from ExplosionTest<0x00000269666A9DA0> ExplosionTest:18942 at <6043.74, 231.86, 1762.97> EXPLOSION range 4 dropoff 1
22:09:25.547 [ExplosionDamageSystem] About to explode Explosion_NonLethal from ExplosionTest<0x00000269666A8A80> ExplosionTest:18941 at <5371.54, 196.09, 2801.28> EXPLOSION range 4 dropoff 1
22:09:25.636 [ExplosionDamageSystem] About to explode Explosion_NonLethal from ExplosionTest<0x00000269666A6440> ExplosionTest:18940 at <6533.08, 205.21, 1646.71> EXPLOSION range 4 dropoff 1
