02:09:25.220 [ExplosionDamageSystem] About to explode Explosion_NonLethal from ExplosionTest<0x00000140E5EDE310> ExplosionTest:19003 at <5418.24, 218.54, 2795.16> EXPLOSION range 4 dropoff 1
02:09:25.311 [ExplosionDamageSystem] About to explode Explosion_NonLethal from ExplosionTest<0x00000140E5ED4A10> ExplosionTest:19002 at <6131.25, 219.43, 1795.39> EXPLOSION range 4 dropoff 1
02:09:25.337 [ExplosionDamageSystem] About to explode Explosion_NonLethal from ExplosionTest<0x00000140E5EDB340> ExplosionTest:19001 at <6289.94, 217.91, 2030.8> EXPLOSION range 4 dropoff 1
02:09:25.349 [ExplosionDamageSystem] About to explode Explosion_NonLethal from ExplosionTest<0x00000140E5ED4080> ExplosionTest:19000 at <6110.67, 212.61, 2023.29> EXPLOSION range 4 dropoff 1
02:09:25.369 [ExplosionDamageSystem] About to explode Explosion_NonLethal from ExplosionTest<0x00000140E5ED9690> ExplosionTest:18999 at <5541.77, 220.94, 2904.74> EXPLOSION range 4 dropoff 1
02:09:25.387 [ExplosionDamageSystem] About to explode Explosion_NonLethal from ExplosionTest<0x00000140E5ED7050> ExplosionTest:18998 at <6321.18, 226.82, 1858.91> EXPLOSION range 4 dropoff 1
02:09:25.401 [ExplosionDamageSystem] About to explode Explosion_NonLethal from ExplosionTest<0x00000140E5EDA020> ExplosionTest:18997 at <8819.96, 204.78, 3299.73> EXPLOSION range 4 dropoff 1
02:09:25.408 [ExplosionDamageSystem] About to explode Explosion_NonLethal from ExplosionTest<0x00000140E5ED8370> ExplosionTest:18996 at <5928.91, 205.03, 1730.09> EXPLOSION range 4 dropoff 1
02:09:25.448 [ExplosionDamageSystem] About to explode Explosion_NonLethal from ExplosionTest<0x00000140E5EDA9B0> ExplosionTest:18995 at <5763.32, 209.54, 1620.5> EXPLOSION range 4 dropoff 1
02:09:25.469 [ExplosionDamageSystem] About to explode Explosion_NonLethal from ExplosionTest<0x00000140E5ED8D00> ExplosionTest:18994 at <5755.92, 198.3, 1756.32> EXPLOSION range 4 dropoff 1
02:09:25.502 [ExplosionDamageSystem] About to explode Explosion_NonLethal from ExplosionTest<0x00000140E5ED66C0> ExplosionTest:18993 at <9318.88, 252.87, 1668.53> EXPLOSION range 4 dropoff 1
02:09:25.509 [ExplosionDamageSystem] About to explode Explosion_NonLethal from ExplosionTest<0x00000140E5ED79E0> ExplosionTest:18992 at <6075.72, 216.28, 1831.75> EXPLOSION range 4 dropoff 1
02:09:25.513 [ExplosionDamageSystem] About to explode Explosion_NonLethal from ExplosionTest<0x00000140E5ED5D30> ExplosionTest:18991 at <5704.46, 213.3, 2598.82> EXPLOSION range 4 dropoff 1
02:09:25.524 [ExplosionDamageSystem] About to explode Explosion_NonLethal from ExplosionTest<0x00000140E5ED53A0> ExplosionTest:18990 at <6285.19, 222.64, 1806.21> EXPLOSION range 4 dropoff 1
02:09:25.533 [ExplosionDamageSystem] About to explode Explosion_NonLethal from ExplosionTest<0x00000140DD37BB10> ExplosionTest:18989 at <4359.33, 189.65, 252.93> EXPLOSION range 4 dropoff 1
02:09:25.550 [ExplosionDamageSystem] About to explode Explosion_NonLethal from ExplosionTest<0x00000140DD37B180> ExplosionTest:18988 at <5322.68, 215.48, 2828.8> EXPLOSION range 4 dropoff 1
02:09:25.556 [ExplosionDamageSystem] About to explode Explosion_NonLethal from ExplosionTest<0x00000140DD37EAE0> ExplosionTest:18987 at <5197.49, 194.07, 562.49> EXPLOSION range 4 dropoff 1
02:09:25.566 [ExplosionDamageSystem] About to explode Explosion_NonLethal from ExplosionTest<0x00000140DD37CE30> ExplosionTest:18986 at <5588.01, 199.56, 1830.61> EXPLOSION range 4 dropoff 1
02:09:25.574 [ExplosionDamageSystem] About to explode Explosion_NonLethal from ExplosionTest<0x00000140DD37D7C0> ExplosionTest:18985 at <6207.9, 219.52, 1657.47> EXPLOSION range 4 dropoff 1
02:09:25.591 [ExplosionDamageSystem] About to explode Explosion_NonLethal from ExplosionTest<0x00000140DD37C4A0> ExplosionTest:18984 at <6104.41, 213.55, 2028.35> EXPLOSION range 4 dropoff 1
02:09:25.592 [ExplosionDamageSystem] About to explode Explosion_NonLethal from ExplosionTest<0x00000140DD37E150> ExplosionTest:18983 at <6357.26, 217.59, 1714.59> EXPLOSION range 4 dropoff 1
02:09:25.613 [ExplosionDamageSystem] About to explode Explosion_NonLethal from ExplosionTest<0x00000140DD376500> ExplosionTest:18982 at <5694.03, 211.92, 2815.86> EXPLOSION range 4 dropoff 1
02:09:25.633 [ExplosionDamageSystem] About to explode Explosion_NonLethal from ExplosionTest<0x00000140DD37A7F0> ExplosionTest:18981 at <5841.07, 203.95, 863.14> EXPLOSION range 4 dropoff 1
02:09:25.638 [ExplosionDamageSystem] About to explode Explosion_NonLethal from ExplosionTest<0x00000140DD379E60> ExplosionTest:18980 at <6211.35, 217.5, 1574.28> EXPLOSION range 4 dropoff 1
02:09:25.647 [ExplosionDamageSystem] About to explode Explosion_NonLethal from ExplosionTest<0x00000140DD378B40> ExplosionTest:18979 at <5761.29, 209.19, 2496.1> EXPLOSION range 4 dropoff 1
02:09:25.661 [ExplosionDamageSystem] About to explode Explosion_NonLethal from ExplosionTest<0x00000140DD3781B0> ExplosionTest:18978 at <6410.13, 207.07, 1244.86> EXPLOSION range 4 dropoff 1
02:09:25.666 [ExplosionDamageSystem] About to explode Explosion_NonLethal from ExplosionTest<0x00000140DD3794D0> ExplosionTest:18977 at <5846.92, 215.88, 1392.17> EXPLOSION range 4 dropoff 1
02:09:25.753 [ExplosionDamageSystem] About to explode Explosion_NonLethal from ExplosionTest<0x00000140DD373EC0> ExplosionTest:18976 at <5680.72, 199.92, 1479.44> EXPLOSION range 4 dropoff 1
02:09:25.765 [ExplosionDamageSystem] About to explode Explosion_NonLethal from ExplosionTest<0x00000140DD373530> ExplosionTest:18975 at <5715.71, 216.3, 1598.75> EXPLOSION range 4 dropoff 1
02:09:25.772 [ExplosionDamageSystem] About to explode Explosion_NonLethal from ExplosionTest<0x00000140DD376E90> ExplosionTest:18974 at <6392.28, 228.17, 1833.08> EXPLOSION range 4 dropoff 1
02:09:25.780 [ExplosionDamageSystem] About to explode Explosion_NonLethal from ExplosionTest<0x00000140DD375B70> ExplosionTest:18973 at <5750.69, 220.89, 2832.24> EXPLOSION range 4 dropoff 1
02:09:25.781 [ExplosionDamageSystem] About to explode Explosion_NonLethal from ExplosionTest<0x00000140DD3751E0> ExplosionTest:18972 at <5648, 201.69, 2780.62> EXPLOSION range 4 dropoff 1
02:09:25.793 [ExplosionDamageSystem] About to explode Explosion_NonLethal from ExplosionTest<0x00000140DD377820> ExplosionTest:18971 at <6306.6, 217.05, 1429.19> EXPLOSION range 4 dropoff 1
02:09:25.800 [ExplosionDamageSystem] About to explode Explosion_NonLethal from ExplosionTest<0x00000140DD374850> ExplosionTest:18970 at <5487.06, 228.35, 2764.97> EXPLOSION range 4 dropoff 1
02:09:25.809 [ExplosionDamageSystem] About to explode Explosion_NonLethal from ExplosionTest<0x00000140DD36E8B0> ExplosionTest:18969 at <5976.71, 201.04, 2539.6> EXPLOSION range 4 dropoff 1
02:09:25.816 [ExplosionDamageSystem] About to explode Explosion_NonLethal from ExplosionTest<0x00000140DD372BA0> ExplosionTest:18968 at <5563.2, 214.63, 2877.27> EXPLOSION range 4 dropoff 1
02:09:25.820 [ExplosionDamageSystem] About to explode Explosion_NonLethal from ExplosionTest<0x00000140DD372210> ExplosionTest:18967 at <6130.16, 214.51, 1860.86> EXPLOSION range 4 dropoff 1
02:09:25.821 [ExplosionDamageSystem] About to explode Explosion_NonLethal from ExplosionTest<0x00000140DD36AF50> ExplosionTest:18966 at <6275.89, 249.45, 1460.5> EXPLOSION range 4 dropoff 1
02:09:25.821 [ExplosionDamageSystem] About to explode Explosion_NonLethal from ExplosionTest<0x00000140DD36D590> ExplosionTest:18965 at <8687.35, 204.32, 3138.87> EXPLOSION range 4 dropoff 1
02:09:25.822 [ExplosionDamageSystem] About to explode Explosion_NonLethal from ExplosionTest<0x00000140DD371880> ExplosionTest:18964 at <6272.73, 241.2, 2157.39> EXPLOSION range 4 dropoff 1
02:09:25.836 [ExplosionDamageSystem] About to explode Explosion_NonLethal from ExplosionTest<0x00000140DD36A5C0> ExplosionTest:18963 at <5784.87, 196.81, 1979.1> EXPLOSION range 4 dropoff 1
02:09:25.843 [ExplosionDamageSystem] About to explode Explosion_NonLethal from ExplosionTest<0x00000140DD370EF0> ExplosionTest:18962 at <5594.46, 223.88, 2919.42> EXPLOSION range 4 dropoff 1
02:09:25.870 [ExplosionDamageSystem] About to explode Explosion_NonLethal from ExplosionTest<0x00000140DD370560> ExplosionTest:18961 at <4751.27, 190.17, 543.78> EXPLOSION range 4 dropoff 1
02:09:25.874 [ExplosionDamageSystem] About to explode Explosion_NonLethal from ExplosionTest<0x00000140DD36DF20> ExplosionTest:18960 at <5592.25, 222.97, 3000.95> EXPLOSION range 4 dropoff 1
02:09:25.877 [ExplosionDamageSystem] About to explode Explosion_NonLethal from ExplosionTest<0x00000140DD36C270> ExplosionTest:18959 at <9310.85, 262.22, 1675.44> EXPLOSION range 4 dropoff 1
02:09:25.877 [ExplosionDamageSystem] About to explode Explosion_NonLethal from ExplosionTest<0x00000140DD36B8E0> ExplosionTest:18958 at <5715.11, 199.1, 1615.21> EXPLOSION range 4 dropoff 1
02:09:25.877 [ExplosionDamageSystem] About to explode Explosion_NonLethal from ExplosionTest<0x00000140DD36FBD0> ExplosionTest:18957 at <5823.34, 219.31, 1412.07> EXPLOSION range 4 dropoff 1
02:09:25.887 [ExplosionDamageSystem] About to explode Explosion_NonLethal from ExplosionTest<0x00000140DD369C30> ExplosionTest:18956 at <9958.75, 251.26, 1606.35> EXPLOSION range 4 dropoff 1
02:09:25.891 [ExplosionDamageSystem] About to explode Explosion_NonLethal from ExplosionTest<0x00000140DD36CC00> ExplosionTest:18955 at <6180.64, 216.19, 1806.81> EXPLOSION range 4 dropoff 1
02:09:25.900 [ExplosionDamageSystem] About to explode Explosion_NonLethal from ExplosionTest<0x00000140DD36F240> ExplosionTest:18954 at <6585.56, 207.33, 1525.89> EXPLOSION range 4 dropoff 1
02:09:25.913 [ExplosionDamageSystem] About to explode Explosion_NonLethal from ExplosionTest<0x00000140DD362970> ExplosionTest:18953 at <5444.95, 232.14, 2738.39> EXPLOSION range 4 dropoff 1
02:09:25.914 [ExplosionDamageSystem] About to explode Explosion_NonLethal from ExplosionTest<0x00000140DD367F80> ExplosionTest:18952 at <6284.22, 218.63, 2070.82> EXPLOSION range 4 dropoff 1
02:09:25.914 [ExplosionDamageSystem] About to explode Explosion_NonLethal from ExplosionTest<0x00000140DD363300> ExplosionTest:18951 at <5665.04, 204.19, 2664.36> EXPLOSION range 4 dropoff 1
02:09:25.921 [ExplosionDamageSystem] About to explode Explosion_NonLethal from ExplosionTest<0x00000140DD3692A0> ExplosionTest:18950 at <5541.01, 197, 2535.33> EXPLOSION range 4 dropoff 1
02:09:25.953 [ExplosionDamageSystem] About to explode Explosion_NonLethal from ExplosionTest<0x00000140DD3675F0> ExplosionTest:18949 at <5910.46, 210.42, 1116.41> EXPLOSION range 4 dropoff 1
02:14:25.956 [MissionAirdrop] An airdrop is heading towards "Dubnicka" (pos=<9382.219727, 0.000000, 6662.459961> type=Random_DUBNICKA) with a ExpansionAirdropContainer_Military
02:14:44.831 [Safezone] Player "Hessher" (id=MilAR913ecKsrHUOy0uV_fIY7CR0FzNOXUGd_pWZtgI= pos=<7414.36, 234.9, 5024.68>) entered the safezone
02:17:05.507 [Market] Player "Hessher" (id=MilAR913ecKsrHUOy0uV_fIY7CR0FzNOXUGd_pWZtgI=) has sold kod_pkp x1 (0x00000141384282B0) at the trader "Weapons (Mark [#STR_EXPANSION_MARKET_TRADER_WEAPONS])" in market zone "Алтарь Торговец" (pos=<3823.472656, 381.982819, 9115.619141>) and got 7500.
02:17:09.112 [Market] Player "Hessher" (id=MilAR913ecKsrHUOy0uV_fIY7CR0FzNOXUGd_pWZtgI=) has sold kod_pkp x1 (0x000001413841E5F0) at the trader "Weapons (Mark [#STR_EXPANSION_MARKET_TRADER_WEAPONS])" in market zone "Алтарь Торговец" (pos=<3823.472656, 381.982819, 9115.619141>) and got 7500.
02:17:18.953 [Market] Player "Hessher" (id=MilAR913ecKsrHUOy0uV_fIY7CR0FzNOXUGd_pWZtgI=) has sold kod_pkp x1 (0x0000014115808640) at the trader "Weapons (Mark [#STR_EXPANSION_MARKET_TRADER_WEAPONS])" in market zone "Алтарь Торговец" (pos=<3823.472656, 381.982819, 9115.619141>) and got 7500.
02:17:22.539 [Market] Player "Hessher" (id=MilAR913ecKsrHUOy0uV_fIY7CR0FzNOXUGd_pWZtgI=) has sold kod_pkp x1 (0x000001411580AD70) at the trader "Weapons (Mark [#STR_EXPANSION_MARKET_TRADER_WEAPONS])" in market zone "Алтарь Торговец" (pos=<3823.472656, 381.982819, 9115.619141>) and got 7500.
02:17:22.792 [Market] Player "Hessher" (id=MilAR913ecKsrHUOy0uV_fIY7CR0FzNOXUGd_pWZtgI=) has sold kod_pkp x1 (0x000001411580C790) at the trader "Weapons (Mark [#STR_EXPANSION_MARKET_TRADER_WEAPONS])" in market zone "Алтарь Торговец" (pos=<3823.472656, 381.982819, 9115.619141>) and got 7500.
02:17:50.769 [Market] Player "Hessher" (id=MilAR913ecKsrHUOy0uV_fIY7CR0FzNOXUGd_pWZtgI=) has sold kod_pkp x1 (0x0000014115808640) at the trader "Weapons (Mark [#STR_EXPANSION_MARKET_TRADER_WEAPONS])" in market zone "Алтарь Торговец" (pos=<3823.472656, 381.982819, 9115.619141>) and got 7500.
02:17:52.393 [Market] Player "Hessher" (id=MilAR913ecKsrHUOy0uV_fIY7CR0FzNOXUGd_pWZtgI=) has sold kod_pkp x1 (0x000001411580C790) at the trader "Weapons (Mark [#STR_EXPANSION_MARKET_TRADER_WEAPONS])" in market zone "Алтарь Торговец" (pos=<3823.472656, 381.982819, 9115.619141>) and got 7500.
02:17:56.102 [Market] Player "Hessher" (id=MilAR913ecKsrHUOy0uV_fIY7CR0FzNOXUGd_pWZtgI=) has sold kod_pkp x1 (0x000001411580AD70) at the trader "Weapons (Mark [#STR_EXPANSION_MARKET_TRADER_WEAPONS])" in market zone "Алтарь Торговец" (pos=<3823.472656, 381.982819, 9115.619141>) and got 7500.
02:18:08.453 [Market] Player "Hessher" (id=MilAR913ecKsrHUOy0uV_fIY7CR0FzNOXUGd_pWZtgI=) has sold kod_pkp x1 (0x0000014115818B80) at the trader "Weapons (Mark [#STR_EXPANSION_MARKET_TRADER_WEAPONS])" in market zone "Алтарь Торговец" (pos=<3823.472656, 381.982819, 9115.619141>) and got 7500.
02:18:10.456 [Market] Player "Hessher" (id=MilAR913ecKsrHUOy0uV_fIY7CR0FzNOXUGd_pWZtgI=) has sold kod_pkp x1 (0x0000014115817E70) at the trader "Weapons (Mark [#STR_EXPANSION_MARKET_TRADER_WEAPONS])" in market zone "Алтарь Торговец" (pos=<3823.472656, 381.982819, 9115.619141>) and got 7500.
02:18:12.361 [Market] Player "Hessher" (id=MilAR913ecKsrHUOy0uV_fIY7CR0FzNOXUGd_pWZtgI=) has sold kod_pkp x1 (0x0000014115812300) at the trader "Weapons (Mark [#STR_EXPANSION_MARKET_TRADER_WEAPONS])" in market zone "Алтарь Торговец" (pos=<3823.472656, 381.982819, 9115.619141>) and got 7500.
02:18:46.581 [VehicleDeleted] CivilianSedan (id=DFDCB012214271E0567C85B6AC9A052C pos=<0.02, 0.61, -0.24> lifetime=445.994)
02:18:46.678 [Market] Player "Hessher" (id=MilAR913ecKsrHUOy0uV_fIY7CR0FzNOXUGd_pWZtgI=) has bought civiliansedan x1 (0x0000014117A4A160, HeadlightH7<0x0000014117F6E9E0> HeadlightH7:30844, HeadlightH7<0x0000014117F6E9E0> HeadlightH7:30844, CivSedanDoors_BackRight<0x0000014117F698F0> CivSedanDoors_Back, CivSedanDoors_BackLeft<0x0000014117F66AB0> CivSedanDoors_BackL, CivSedanDoors_CoDriver<0x0000014117F5BD40> CivSedanDoors_CoDri, CivSedanDoors_Driver<0x0000014117F59A90> CivSedanDoors_Driver:, CivSedanTrunk<0x0000014117F58F00> CivSedanTrunk:30839, CivSedanHood<0x0000014117F5C8D0> CivSedanHood:30838, SparkPlug<0x0000014117F549A0> SparkPlug:30837, CarRadiator<0x0000014117F53280> CarRadiator:30836, CarBattery<0x0000014117F4BEE0> CarBattery:30835, CivSedanWheel<0x000001413827DCD0> CivSedanWheel:30830, CivSedanWheel<0x000001413827DCD0> CivSedanWheel:30830, CivSedanWheel<0x000001413827DCD0> CivSedanWheel:30830, CivSedanWheel<0x000001413827DCD0> CivSedanWheel:30830, CivSedanWheel<0x000001413827DCD0> CivSedanWheel:30830) from the trader "Vehicles (Mark [#STR_EXPANSION_MARKET_TRADER_VEHICLES])" in market zone "Алтарь Торговец" (pos=<3823.472656, 381.982819, 9115.619141>) for a price of 31486.
02:20:36.103 [VehicleDeleted] ExpansionTractor (id=00D530C1614C226E5CF3DE90022B7410 pos=<0, 1.09, -0.15> lifetime=2528.25)
02:24:40.941 [VehicleCarKey] Player "Hessher" (id=MilAR913ecKsrHUOy0uV_fIY7CR0FzNOXUGd_pWZtgI= pos=<7426.68, 234.94, 4996.99>) used ExpansionCarKey to unlock CivilianSedan (id=9E7A491EC34B909741AA8090B3A69D79 pos=<7428.43, 234.93, 4997.03>)
02:24:52.266 [VehicleEnter] Player "Hessher" (id=MilAR913ecKsrHUOy0uV_fIY7CR0FzNOXUGd_pWZtgI=) entered vehicle Hessher's Olga 24 (id=9E7A491EC34B909741AA8090B3A69D79 pos=<7428.43, 234.93, 4997.03>) as driver
02:24:52.524 [VehicleCarKey] Player "Hessher" (id=MilAR913ecKsrHUOy0uV_fIY7CR0FzNOXUGd_pWZtgI= pos=<7427.99, 235.61, 4997.15>) used ExpansionCarKey to lock CivilianSedan (id=9E7A491EC34B909741AA8090B3A69D79 pos=<7428.43, 234.93, 4997.03>)
02:25:00.757 [VehicleEngine] Player "Hessher" (id=MilAR913ecKsrHUOy0uV_fIY7CR0FzNOXUGd_pWZtgI=) started vehicle Hessher's Olga 24 (Закрыто) (id=9E7A491EC34B909741AA8090B3A69D79 pos=<7428.43, 234.93, 4997.03>)
02:26:07.156 [VehicleEngine] Player "Hessher" (id=MilAR913ecKsrHUOy0uV_fIY7CR0FzNOXUGd_pWZtgI=) stopped vehicle Hessher's Olga 24 (Закрыто) (id=9E7A491EC34B909741AA8090B3A69D79 pos=<7429.82, 234.89, 5022.52>)
02:26:15.306 [VehicleEnter] Player "Hessher" (id=MilAR913ecKsrHUOy0uV_fIY7CR0FzNOXUGd_pWZtgI=) switched seats in vehicle Hessher's Olga 24 (Закрыто) (id=9E7A491EC34B909741AA8090B3A69D79 pos=<7429.81, 234.89, 5022.52>) to passenger
02:26:29.234 [VehicleEnter] Player "Hessher" (id=MilAR913ecKsrHUOy0uV_fIY7CR0FzNOXUGd_pWZtgI=) switched seats in vehicle Hessher's Olga 24 (Закрыто) (id=9E7A491EC34B909741AA8090B3A69D79 pos=<7429.81, 234.89, 5022.52>) to driver
02:26:35.155 [VehicleEngine] Player "Hessher" (id=MilAR913ecKsrHUOy0uV_fIY7CR0FzNOXUGd_pWZtgI=) started vehicle Hessher's Olga 24 (Закрыто) (id=9E7A491EC34B909741AA8090B3A69D79 pos=<7429.81, 234.89, 5022.52>)
02:26:39.906 [VehicleEngine] Player "Hessher" (id=MilAR913ecKsrHUOy0uV_fIY7CR0FzNOXUGd_pWZtgI=) stopped vehicle Hessher's Olga 24 (Закрыто) (id=9E7A491EC34B909741AA8090B3A69D79 pos=<7429.8, 234.89, 5022.52>)
02:26:58.631 [Safezone] Player "Hessher" (id=MilAR913ecKsrHUOy0uV_fIY7CR0FzNOXUGd_pWZtgI= pos=<6602.58, 244.03, 4667.99>) left the safezone
02:27:28.093 [Killfeed] Hessher был убит.
