18:00:11.831 [Expansion Quests] Initialize quest system on the connected client with UID=MilAR913ecKsrHUOy0uV_fIY7CR0FzNOXUGd_pWZtgI=
18:00:11.850 [Expansion Quests] Loaded existing player quest data for player with UID=MilAR913ecKsrHUOy0uV_fIY7CR0FzNOXUGd_pWZtgI=
18:00:11.851 [Expansion Quests] Check quest initialization for quest with ID=8 | State=STARTED | Player UID=MilAR913ecKsrHUOy0uV_fIY7CR0FzNOXUGd_pWZtgI=
18:00:11.852 [Expansion Quests] Create new quest instance for quest with ID=8 | Player UID=MilAR913ecKsrHUOy0uV_fIY7CR0FzNOXUGd_pWZtgI=
18:00:11.855 [Expansion Quests] Check quest initialization for quest with ID=9 | State=STARTED | Player UID=MilAR913ecKsrHUOy0uV_fIY7CR0FzNOXUGd_pWZtgI=
18:00:11.855 [Expansion Quests] Create new quest instance for quest with ID=9 | Player UID=MilAR913ecKsrHUOy0uV_fIY7CR0FzNOXUGd_pWZtgI=
18:00:11.855 [Expansion Quests] Check quest initialization for quest with ID=11 | State=STARTED | Player UID=MilAR913ecKsrHUOy0uV_fIY7CR0FzNOXUGd_pWZtgI=
18:00:11.856 [Expansion Quests] Create new quest instance for quest with ID=11 | Player UID=MilAR913ecKsrHUOy0uV_fIY7CR0FzNOXUGd_pWZtgI=
18:00:11.856 [Expansion Quests] Check quest initialization for quest with ID=14 | State=COMPLETED | Player UID=MilAR913ecKsrHUOy0uV_fIY7CR0FzNOXUGd_pWZtgI=
18:00:11.858 [Expansion Quests] Sending MilAR913ecKsrHUOy0uV_fIY7CR0FzNOXUGd_pWZtgI= quest configs to client for player with UID=MilAR913ecKsrHUOy0uV_fIY7CR0FzNOXUGd_pWZtgI=
18:00:11.861 [Expansion Quests] Sending player quest data for 4 quests to player with UID=MilAR913ecKsrHUOy0uV_fIY7CR0FzNOXUGd_pWZtgI=
18:00:22.731 [VehicleEnter] Player "Hessher" (id=MilAR913ecKsrHUOy0uV_fIY7CR0FzNOXUGd_pWZtgI=) entered vehicle Jeep_GladiatorF9_camo_blue2 (id=7A2E8D53A94BCDCDF6CE6A98A35E554F pos=<5209.07, 200.38, 172.06>) as driver
18:00:25.320 [VehicleEngine] Player "Hessher" (id=MilAR913ecKsrHUOy0uV_fIY7CR0FzNOXUGd_pWZtgI=) started vehicle Jeep_GladiatorF9_camo_blue2 (id=7A2E8D53A94BCDCDF6CE6A98A35E554F pos=<5209.07, 200.38, 172.06>)
18:00:27.826 [VehicleLeave] Player "Hessher" (id=MilAR913ecKsrHUOy0uV_fIY7CR0FzNOXUGd_pWZtgI=) left vehicle Jeep_GladiatorF9_camo_blue2 (id=7A2E8D53A94BCDCDF6CE6A98A35E554F pos=<5209.07, 200.38, 172.06>) as driver
18:00:56.863 [VehicleEnter] Player "Hessher" (id=MilAR913ecKsrHUOy0uV_fIY7CR0FzNOXUGd_pWZtgI=) entered vehicle Jeep_GladiatorF9_camo_blue2 (id=7A2E8D53A94BCDCDF6CE6A98A35E554F pos=<5209.07, 200.38, 172.06>) as driver
18:01:14.354 [VehicleEngine] Player "NULL" (id=NULL) stopped vehicle Jeep_GladiatorF9_camo_blue2 (id=7A2E8D53A94BCDCDF6CE6A98A35E554F pos=<5268.59, 197.37, 227.91>)
18:01:14.395 [VehicleLeave] Player "Hessher" (id=MilAR913ecKsrHUOy0uV_fIY7CR0FzNOXUGd_pWZtgI=) left vehicle Jeep_GladiatorF9_camo_blue2 (id=7A2E8D53A94BCDCDF6CE6A98A35E554F pos=<5268.62, 197.37, 227.93>) as driver
18:01:55.609 [VehicleEnter] Player "Hessher" (id=MilAR913ecKsrHUOy0uV_fIY7CR0FzNOXUGd_pWZtgI=) entered vehicle Ford_Mustang_Shelby_GT500_Orange (id=E68F0323684860F9BF687B9B31CB982D pos=<5258.41, 197.96, 224.59>) as driver
18:01:59.095 [VehicleEngine] Player "Hessher" (id=MilAR913ecKsrHUOy0uV_fIY7CR0FzNOXUGd_pWZtgI=) started vehicle Ford_Mustang_Shelby_GT500_Orange (id=E68F0323684860F9BF687B9B31CB982D pos=<5258.41, 197.96, 224.59>)
18:02:05.146 [VehicleLeave] Player "Hessher" (id=MilAR913ecKsrHUOy0uV_fIY7CR0FzNOXUGd_pWZtgI=) left vehicle Ford_Mustang_Shelby_GT500_Orange (id=E68F0323684860F9BF687B9B31CB982D pos=<5258.41, 197.96, 224.59>) as driver
