18:47:52.716 [ExplosionDamageSystem] About to explode Explosion_NonLethal from ExplosionTest<0x00000265666F53E0> ExplosionTest:18952 at <7202.42, 209.06, 1712.15> EXPLOSION range 4 dropoff 1
18:47:52.741 [ExplosionDamageSystem] About to explode Explosion_NonLethal from ExplosionTest<0x00000265666EE120> ExplosionTest:18951 at <7279.75, 206.31, 2152.03> EXPLOSION range 4 dropoff 1
18:47:52.745 [ExplosionDamageSystem] About to explode Explosion_NonLethal from ExplosionTest<0x00000265666F4A50> ExplosionTest:18950 at <6129.26, 217.02, 1807.05> EXPLOSION range 4 dropoff 1
18:47:52.776 [ExplosionDamageSystem] About to explode Explosion_NonLethal from ExplosionTest<0x00000265666F40C0> ExplosionTest:18949 at <6276.73, 222.92, 2249.63> EXPLOSION range 4 dropoff 1
18:47:52.785 [ExplosionDamageSystem] About to explode Explosion_NonLethal from ExplosionTest<0x00000265666ECE00> ExplosionTest:18948 at <5609.03, 218, 2726.6> EXPLOSION range 4 dropoff 1
18:47:52.797 [ExplosionDamageSystem] About to explode Explosion_NonLethal from ExplosionTest<0x00000265666F10F0> ExplosionTest:18947 at <5826.17, 200.94, 2494.43> EXPLOSION range 4 dropoff 1
18:47:52.827 [ExplosionDamageSystem] About to explode Explosion_NonLethal from ExplosionTest<0x00000265666ED790> ExplosionTest:18946 at <5917.92, 214.26, 1542.88> EXPLOSION range 4 dropoff 1
18:47:52.865 [ExplosionDamageSystem] About to explode Explosion_NonLethal from ExplosionTest<0x00000265666F3730> ExplosionTest:18945 at <6282.74, 231.68, 2121.78> EXPLOSION range 4 dropoff 1
18:47:52.884 [ExplosionDamageSystem] About to explode Explosion_NonLethal from ExplosionTest<0x00000265666EC470> ExplosionTest:18944 at <6201.74, 219.52, 1653.8> EXPLOSION range 4 dropoff 1
18:47:52.899 [ExplosionDamageSystem] About to explode Explosion_NonLethal from ExplosionTest<0x00000265666EF440> ExplosionTest:18943 at <6151.38, 205.66, 958.52> EXPLOSION range 4 dropoff 1
18:47:52.906 [ExplosionDamageSystem] About to explode Explosion_NonLethal from ExplosionTest<0x00000265666F2410> ExplosionTest:18942 at <6071.98, 209.43, 1370.63> EXPLOSION range 4 dropoff 1
18:47:52.920 [ExplosionDamageSystem] About to explode Explosion_NonLethal from ExplosionTest<0x00000265666F1A80> ExplosionTest:18941 at <6036.82, 218.02, 1457.38> EXPLOSION range 4 dropoff 1
18:47:52.931 [ExplosionDamageSystem] About to explode Explosion_NonLethal from ExplosionTest<0x00000265666F2DA0> ExplosionTest:18940 at <5762.37, 205.47, 1440.98> EXPLOSION range 4 dropoff 1
18:47:52.951 [ExplosionDamageSystem] About to explode Explosion_NonLethal from ExplosionTest<0x0000026560BBCAF0> ExplosionTest:18939 at <9964.71, 250.66, 1659.29> EXPLOSION range 4 dropoff 1
18:47:52.964 [ExplosionDamageSystem] About to explode Explosion_NonLethal from ExplosionTest<0x0000026560BBB7D0> ExplosionTest:18938 at <5713.56, 228.43, 2895.57> EXPLOSION range 4 dropoff 1
18:47:52.974 [ExplosionDamageSystem] About to explode Explosion_NonLethal from ExplosionTest<0x0000026560BBAE40> ExplosionTest:18937 at <6148.38, 229.84, 2388.63> EXPLOSION range 4 dropoff 1
18:47:52.994 [ExplosionDamageSystem] About to explode Explosion_NonLethal from ExplosionTest<0x0000026560BBA4B0> ExplosionTest:18936 at <6050.36, 218.26, 1747.3> EXPLOSION range 4 dropoff 1
18:47:53.028 [ExplosionDamageSystem] About to explode Explosion_NonLethal from ExplosionTest<0x0000026560BBC160> ExplosionTest:18935 at <5839.72, 214.53, 2561.72> EXPLOSION range 4 dropoff 1
18:47:53.031 [ExplosionDamageSystem] About to explode Explosion_NonLethal from ExplosionTest<0x0000026560BB9B20> ExplosionTest:18934 at <6536.03, 210.61, 1579.21> EXPLOSION range 4 dropoff 1
18:47:53.034 [ExplosionDamageSystem] About to explode Explosion_NonLethal from ExplosionTest<0x0000026560BB4EA0> ExplosionTest:18933 at <5721.53, 197.01, 1884.01> EXPLOSION range 4 dropoff 1
18:47:53.058 [ExplosionDamageSystem] About to explode Explosion_NonLethal from ExplosionTest<0x0000026560BB2860> ExplosionTest:18932 at <6487.92, 206.36, 1519.63> EXPLOSION range 4 dropoff 1
18:47:53.075 [ExplosionDamageSystem] About to explode Explosion_NonLethal from ExplosionTest<0x0000026560BB9190> ExplosionTest:18931 at <6299.94, 221.16, 1437.57> EXPLOSION range 4 dropoff 1
18:47:53.084 [ExplosionDamageSystem] About to explode Explosion_NonLethal from ExplosionTest<0x0000026560BB8800> ExplosionTest:18930 at <6074.16, 218.37, 1719.55> EXPLOSION range 4 dropoff 1
18:47:53.084 [ExplosionDamageSystem] About to explode Explosion_NonLethal from ExplosionTest<0x0000026560BB31F0> ExplosionTest:18929 at <6068.84, 219.26, 1737.11> EXPLOSION range 4 dropoff 1
18:47:53.085 [ExplosionDamageSystem] About to explode Explosion_NonLethal from ExplosionTest<0x0000026560BB7E70> ExplosionTest:18928 at <8598.66, 220.34, 2856.49> EXPLOSION range 4 dropoff 1
18:47:53.088 [ExplosionDamageSystem] About to explode Explosion_NonLethal from ExplosionTest<0x0000026560BB0BB0> ExplosionTest:18927 at <6147.98, 229.39, 1818.2> EXPLOSION range 4 dropoff 1
18:47:53.088 [ExplosionDamageSystem] About to explode Explosion_NonLethal from ExplosionTest<0x0000026560BB61C0> ExplosionTest:18926 at <5722.45, 211.29, 2864.63> EXPLOSION range 4 dropoff 1
18:47:53.088 [ExplosionDamageSystem] About to explode Explosion_NonLethal from ExplosionTest<0x0000026560BB74E0> ExplosionTest:18925 at <6291.61, 229.48, 2055.85> EXPLOSION range 4 dropoff 1
18:47:53.091 [ExplosionDamageSystem] About to explode Explosion_NonLethal from ExplosionTest<0x0000026560BB3B80> ExplosionTest:18924 at <5612.14, 199.61, 1863.85> EXPLOSION range 4 dropoff 1
18:47:53.098 [ExplosionDamageSystem] About to explode Explosion_NonLethal from ExplosionTest<0x0000026560BB6B50> ExplosionTest:18923 at <7126.19, 211.48, 1686.47> EXPLOSION range 4 dropoff 1
18:47:53.101 [ExplosionDamageSystem] About to explode Explosion_NonLethal from ExplosionTest<0x0000026560BB0220> ExplosionTest:18922 at <5983.21, 215.23, 1466.97> EXPLOSION range 4 dropoff 1
18:47:53.109 [ExplosionDamageSystem] About to explode Explosion_NonLethal from ExplosionTest<0x0000026560BB4510> ExplosionTest:18921 at <5880.52, 207.26, 2265.19> EXPLOSION range 4 dropoff 1
18:47:53.121 [ExplosionDamageSystem] About to explode Explosion_NonLethal from ExplosionTest<0x0000026560BB1ED0> ExplosionTest:18920 at <6074.12, 214.22, 1564.81> EXPLOSION range 4 dropoff 1
18:47:53.151 [ExplosionDamageSystem] About to explode Explosion_NonLethal from ExplosionTest<0x0000026560BB5830> ExplosionTest:18919 at <6284.44, 236.35, 1458.86> EXPLOSION range 4 dropoff 1
18:47:53.152 [ExplosionDamageSystem] About to explode Explosion_NonLethal from ExplosionTest<0x0000026560BAF890> ExplosionTest:18918 at <5593.17, 236.76, 2935.06> EXPLOSION range 4 dropoff 1
18:47:53.233 [ExplosionDamageSystem] About to explode Explosion_NonLethal from ExplosionTest<0x0000026560BB1540> ExplosionTest:18917 at <6170.31, 217.3, 1638.16> EXPLOSION range 4 dropoff 1
18:47:53.238 [ExplosionDamageSystem] About to explode Explosion_NonLethal from ExplosionTest<0x0000026560BA8F60> ExplosionTest:18916 at <5778.29, 196.57, 1975.39> EXPLOSION range 4 dropoff 1
18:47:53.243 [ExplosionDamageSystem] About to explode Explosion_NonLethal from ExplosionTest<0x0000026560BAEF00> ExplosionTest:18915 at <8765.23, 204.53, 3146.76> EXPLOSION range 4 dropoff 1
18:47:53.256 [ExplosionDamageSystem] About to explode Explosion_NonLethal from ExplosionTest<0x0000026560BA98F0> ExplosionTest:18914 at <5473.42, 212.35, 2945.99> EXPLOSION range 4 dropoff 1
18:47:53.268 [ExplosionDamageSystem] About to explode Explosion_NonLethal from ExplosionTest<0x0000026560BAE570> ExplosionTest:18913 at <6332.43, 229.53, 1870.98> EXPLOSION range 4 dropoff 1
18:47:53.278 [ExplosionDamageSystem] About to explode Explosion_NonLethal from ExplosionTest<0x0000026560BABF30> ExplosionTest:18912 at <5704.33, 224.84, 2909.73> EXPLOSION range 4 dropoff 1
18:47:53.278 [ExplosionDamageSystem] About to explode Explosion_NonLethal from ExplosionTest<0x0000026560BAB5A0> ExplosionTest:18911 at <5132.64, 192.15, 712.35> EXPLOSION range 4 dropoff 1
18:47:53.287 [ExplosionDamageSystem] About to explode Explosion_NonLethal from ExplosionTest<0x0000026560BAC8C0> ExplosionTest:18910 at <6255.39, 231.74, 1779.2> EXPLOSION range 4 dropoff 1
18:47:53.298 [ExplosionDamageSystem] About to explode Explosion_NonLethal from ExplosionTest<0x0000026560BAAC10> ExplosionTest:18909 at <272.61, 281.23, 150.47> EXPLOSION range 4 dropoff 1
18:47:53.298 [ExplosionDamageSystem] About to explode Explosion_NonLethal from ExplosionTest<0x0000026560BAD250> ExplosionTest:18908 at <5713.01, 209.16, 1630.22> EXPLOSION range 4 dropoff 1
18:47:53.305 [ExplosionDamageSystem] About to explode Explosion_NonLethal from ExplosionTest<0x0000026560BADBE0> ExplosionTest:18907 at <7393.53, 240.04, 1560.43> EXPLOSION range 4 dropoff 1
18:47:53.307 [ExplosionDamageSystem] About to explode Explosion_NonLethal from ExplosionTest<0x0000026560BAA280> ExplosionTest:18906 at <5649.76, 212.47, 1769.49> EXPLOSION range 4 dropoff 1
18:47:53.314 [ExplosionDamageSystem] About to explode Explosion_NonLethal from ExplosionTest<0x0000026560BA1CA0> ExplosionTest:18905 at <5936.01, 204.22, 1743.23> EXPLOSION range 4 dropoff 1
18:47:53.338 [ExplosionDamageSystem] About to explode Explosion_NonLethal from ExplosionTest<0x0000026560BA85D0> ExplosionTest:18904 at <7127.52, 240.16, 1487.51> EXPLOSION range 4 dropoff 1
18:47:53.342 [ExplosionDamageSystem] About to explode Explosion_NonLethal from ExplosionTest<0x0000026560BA5600> ExplosionTest:18903 at <6242.37, 221.26, 2319.76> EXPLOSION range 4 dropoff 1
18:47:53.359 [ExplosionDamageSystem] About to explode Explosion_NonLethal from ExplosionTest<0x0000026560BA2FC0> ExplosionTest:18902 at <6132.78, 217.76, 1871.62> EXPLOSION range 4 dropoff 1
18:47:53.360 [ExplosionDamageSystem] About to explode Explosion_NonLethal from ExplosionTest<0x0000026560BA3950> ExplosionTest:18901 at <5594.57, 208.77, 1830.8> EXPLOSION range 4 dropoff 1
18:47:53.362 [ExplosionDamageSystem] About to explode Explosion_NonLethal from ExplosionTest<0x0000026560BA5F90> ExplosionTest:18900 at <13041.6, 311.91, 474> EXPLOSION range 4 dropoff 1
18:47:53.363 [ExplosionDamageSystem] About to explode Explosion_NonLethal from ExplosionTest<0x0000026560BA42E0> ExplosionTest:18899 at <6340.69, 236.49, 1756.26> EXPLOSION range 4 dropoff 1
18:47:53.374 [ExplosionDamageSystem] About to explode Explosion_NonLethal from ExplosionTest<0x0000026560BA4C70> ExplosionTest:18898 at <5714.68, 216.16, 1625.92> EXPLOSION range 4 dropoff 1
