21:01:09.076 [ExplosionDamageSystem] About to explode Explosion_NonLethal from ExplosionTest<0x000001E7666582B0> ExplosionTest:18998 at <6015.57, 229.25, 2397.52> EXPLOSION range 4 dropoff 1
21:01:09.085 [ExplosionDamageSystem] About to explode Explosion_NonLethal from ExplosionTest<0x000001E766654950> ExplosionTest:18997 at <7393.59, 240.98, 1561.62> EXPLOSION range 4 dropoff 1
21:01:09.090 [ExplosionDamageSystem] About to explode Explosion_NonLethal from ExplosionTest<0x000001E766653FC0> ExplosionTest:18996 at <5725.68, 209.16, 1631.04> EXPLOSION range 4 dropoff 1
21:01:09.105 [ExplosionDamageSystem] About to explode Explosion_NonLethal from ExplosionTest<0x000001E766653630> ExplosionTest:18995 at <6053.35, 228.46, 1751.76> EXPLOSION range 4 dropoff 1
21:01:09.125 [ExplosionDamageSystem] About to explode Explosion_NonLethal from ExplosionTest<0x000001E766652310> ExplosionTest:18994 at <6224.39, 233.08, 2245.78> EXPLOSION range 4 dropoff 1
21:01:09.145 [ExplosionDamageSystem] About to explode Explosion_NonLethal from ExplosionTest<0x000001E766655C70> ExplosionTest:18993 at <5740.23, 208.77, 2847.91> EXPLOSION range 4 dropoff 1
21:01:09.155 [ExplosionDamageSystem] About to explode Explosion_NonLethal from ExplosionTest<0x000001E766656600> ExplosionTest:18992 at <9797.88, 269.56, 1507.74> EXPLOSION range 4 dropoff 1
21:01:09.162 [ExplosionDamageSystem] About to explode Explosion_NonLethal from ExplosionTest<0x000001E766651980> ExplosionTest:18991 at <6366.6, 232.36, 1859.16> EXPLOSION range 4 dropoff 1
21:01:09.183 [ExplosionDamageSystem] About to explode Explosion_NonLethal from ExplosionTest<0x000001E766657920> ExplosionTest:18990 at <8612.21, 219.63, 2851.57> EXPLOSION range 4 dropoff 1
21:01:09.187 [ExplosionDamageSystem] About to explode Explosion_NonLethal from ExplosionTest<0x000001E76664A6C0> ExplosionTest:18989 at <5933.33, 224.01, 2329.49> EXPLOSION range 4 dropoff 1
21:01:09.196 [ExplosionDamageSystem] About to explode Explosion_NonLethal from ExplosionTest<0x000001E766650FF0> ExplosionTest:18988 at <6207.5, 206.12, 1046.46> EXPLOSION range 4 dropoff 1
21:01:09.268 [ExplosionDamageSystem] About to explode Explosion_NonLethal from ExplosionTest<0x000001E76664FCD0> ExplosionTest:18987 at <6859.92, 206.04, 1587.35> EXPLOSION range 4 dropoff 1
21:01:09.272 [ExplosionDamageSystem] About to explode Explosion_NonLethal from ExplosionTest<0x000001E766650660> ExplosionTest:18986 at <6363.2, 220.22, 1733.83> EXPLOSION range 4 dropoff 1
21:01:09.306 [ExplosionDamageSystem] About to explode Explosion_NonLethal from ExplosionTest<0x000001E76664F340> ExplosionTest:18985 at <5685.63, 218.56, 2757.81> EXPLOSION range 4 dropoff 1
21:01:09.313 [ExplosionDamageSystem] About to explode Explosion_NonLethal from ExplosionTest<0x000001E7666493A0> ExplosionTest:18984 at <5995.12, 229.61, 2333.22> EXPLOSION range 4 dropoff 1
21:01:09.315 [ExplosionDamageSystem] About to explode Explosion_NonLethal from ExplosionTest<0x000001E76664B9E0> ExplosionTest:18983 at <5764.8, 213.08, 1683.37> EXPLOSION range 4 dropoff 1
21:01:09.332 [ExplosionDamageSystem] About to explode Explosion_NonLethal from ExplosionTest<0x000001E766649D30> ExplosionTest:18982 at <5925.77, 230.01, 2200.36> EXPLOSION range 4 dropoff 1
21:01:09.346 [ExplosionDamageSystem] About to explode Explosion_NonLethal from ExplosionTest<0x000001E76664D690> ExplosionTest:18981 at <5955.66, 238.88, 2265.56> EXPLOSION range 4 dropoff 1
21:01:09.347 [ExplosionDamageSystem] About to explode Explosion_NonLethal from ExplosionTest<0x000001E766648080> ExplosionTest:18980 at <9807.65, 259.16, 1505.34> EXPLOSION range 4 dropoff 1
21:01:09.347 [ExplosionDamageSystem] About to explode Explosion_NonLethal from ExplosionTest<0x000001E76664CD00> ExplosionTest:18979 at <5713.35, 221.44, 2883.81> EXPLOSION range 4 dropoff 1
21:01:09.356 [ExplosionDamageSystem] About to explode Explosion_NonLethal from ExplosionTest<0x000001E76664E9B0> ExplosionTest:18978 at <5965.51, 219.19, 2356.52> EXPLOSION range 4 dropoff 1
21:01:09.356 [ExplosionDamageSystem] About to explode Explosion_NonLethal from ExplosionTest<0x000001E76664E020> ExplosionTest:18977 at <5977.29, 222.32, 2318.7> EXPLOSION range 4 dropoff 1
21:01:09.357 [ExplosionDamageSystem] About to explode Explosion_NonLethal from ExplosionTest<0x000001E76664B050> ExplosionTest:18976 at <5687.16, 208.95, 1685.15> EXPLOSION range 4 dropoff 1
21:01:09.362 [ExplosionDamageSystem] About to explode Explosion_NonLethal from ExplosionTest<0x000001E766648A10> ExplosionTest:18975 at <5410.48, 209.12, 2540.01> EXPLOSION range 4 dropoff 1
21:01:09.365 [ExplosionDamageSystem] About to explode Explosion_NonLethal from ExplosionTest<0x000001E76664C370> ExplosionTest:18974 at <6087.7, 232.55, 1820.41> EXPLOSION range 4 dropoff 1
21:01:09.376 [ExplosionDamageSystem] About to explode Explosion_NonLethal from ExplosionTest<0x000001E75D588FA0> ExplosionTest:18973 at <9791.47, 265.96, 1544.65> EXPLOSION range 4 dropoff 1
21:01:09.376 [ExplosionDamageSystem] About to explode Explosion_NonLethal from ExplosionTest<0x000001E75D588610> ExplosionTest:18972 at <6064.7, 225.01, 1844.42> EXPLOSION range 4 dropoff 1
21:01:09.469 [ExplosionDamageSystem] About to explode Explosion_NonLethal from ExplosionTest<0x000001E75D581350> ExplosionTest:18971 at <5410.96, 218.22, 2918.58> EXPLOSION range 4 dropoff 1
21:01:09.476 [ExplosionDamageSystem] About to explode Explosion_NonLethal from ExplosionTest<0x000001E75D587C80> ExplosionTest:18970 at <5995.39, 212.42, 2324.25> EXPLOSION range 4 dropoff 1
21:01:09.477 [ExplosionDamageSystem] About to explode Explosion_NonLethal from ExplosionTest<0x000001E75D5809C0> ExplosionTest:18969 at <5915.56, 207.69, 1085.6> EXPLOSION range 4 dropoff 1
21:01:09.481 [ExplosionDamageSystem] About to explode Explosion_NonLethal from ExplosionTest<0x000001E75D5872F0> ExplosionTest:18968 at <5318.21, 209.42, 2823.54> EXPLOSION range 4 dropoff 1
21:01:09.490 [ExplosionDamageSystem] About to explode Explosion_NonLethal from ExplosionTest<0x000001E75D586960> ExplosionTest:18967 at <5609.91, 201.73, 2727.36> EXPLOSION range 4 dropoff 1
21:01:09.501 [ExplosionDamageSystem] About to explode Explosion_NonLethal from ExplosionTest<0x000001E75D57F6A0> ExplosionTest:18966 at <6303.89, 224.05, 1438.58> EXPLOSION range 4 dropoff 1
21:01:09.509 [ExplosionDamageSystem] About to explode Explosion_NonLethal from ExplosionTest<0x000001E75D585640> ExplosionTest:18965 at <5807.99, 217.28, 2495.02> EXPLOSION range 4 dropoff 1
21:01:09.522 [ExplosionDamageSystem] About to explode Explosion_NonLethal from ExplosionTest<0x000001E75D583990> ExplosionTest:18964 at <5601.18, 197.64, 2328.1> EXPLOSION range 4 dropoff 1
21:01:09.526 [ExplosionDamageSystem] About to explode Explosion_NonLethal from ExplosionTest<0x000001E75D584CB0> ExplosionTest:18963 at <5720.41, 199.98, 2558> EXPLOSION range 4 dropoff 1
21:01:09.533 [ExplosionDamageSystem] About to explode Explosion_NonLethal from ExplosionTest<0x000001E75D584320> ExplosionTest:18962 at <6026.54, 226.47, 2329.2> EXPLOSION range 4 dropoff 1
21:01:09.534 [ExplosionDamageSystem] About to explode Explosion_NonLethal from ExplosionTest<0x000001E75D585FD0> ExplosionTest:18961 at <6037.71, 206, 914.08> EXPLOSION range 4 dropoff 1
21:01:09.538 [ExplosionDamageSystem] About to explode Explosion_NonLethal from ExplosionTest<0x000001E75D580030> ExplosionTest:18960 at <5646.11, 209.86, 1645.68> EXPLOSION range 4 dropoff 1
21:01:09.541 [ExplosionDamageSystem] About to explode Explosion_NonLethal from ExplosionTest<0x000001E75D57C6D0> ExplosionTest:18959 at <6313.61, 227.86, 2011.47> EXPLOSION range 4 dropoff 1
21:01:09.553 [ExplosionDamageSystem] About to explode Explosion_NonLethal from ExplosionTest<0x000001E75D57E380> ExplosionTest:18958 at <5765.18, 199.92, 2505.8> EXPLOSION range 4 dropoff 1
21:01:09.557 [ExplosionDamageSystem] About to explode Explosion_NonLethal from ExplosionTest<0x000001E75D583000> ExplosionTest:18957 at <6251.7, 239.05, 2220.14> EXPLOSION range 4 dropoff 1
21:01:09.557 [ExplosionDamageSystem] About to explode Explosion_NonLethal from ExplosionTest<0x000001E75D57BD40> ExplosionTest:18956 at <6049.47, 226.41, 2397.48> EXPLOSION range 4 dropoff 1
21:01:09.560 [ExplosionDamageSystem] About to explode Explosion_NonLethal from ExplosionTest<0x000001E75D57D9F0> ExplosionTest:18955 at <6137.02, 226.23, 1803.9> EXPLOSION range 4 dropoff 1
21:01:09.568 [ExplosionDamageSystem] About to explode Explosion_NonLethal from ExplosionTest<0x000001E75D57ED10> ExplosionTest:18954 at <6089.8, 217.38, 1901.94> EXPLOSION range 4 dropoff 1
21:01:09.571 [ExplosionDamageSystem] About to explode Explosion_NonLethal from ExplosionTest<0x000001E75D581CE0> ExplosionTest:18953 at <6522.08, 213.31, 1588.58> EXPLOSION range 4 dropoff 1
21:01:09.572 [ExplosionDamageSystem] About to explode Explosion_NonLethal from ExplosionTest<0x000001E75D57D060> ExplosionTest:18952 at <5600.97, 212.13, 1760.22> EXPLOSION range 4 dropoff 1
21:01:09.582 [ExplosionDamageSystem] About to explode Explosion_NonLethal from ExplosionTest<0x000001E75D582670> ExplosionTest:18951 at <6287.7, 220.43, 1421.2> EXPLOSION range 4 dropoff 1
21:01:09.582 [ExplosionDamageSystem] About to explode Explosion_NonLethal from ExplosionTest<0x000001E75D574A80> ExplosionTest:18950 at <6119.1, 212.58, 2388.22> EXPLOSION range 4 dropoff 1
21:01:09.589 [ExplosionDamageSystem] About to explode Explosion_NonLethal from ExplosionTest<0x000001E75D57AA20> ExplosionTest:18949 at <5369.31, 224.4, 2886.2> EXPLOSION range 4 dropoff 1
21:01:09.590 [ExplosionDamageSystem] About to explode Explosion_NonLethal from ExplosionTest<0x000001E75D57A090> ExplosionTest:18948 at <6315.96, 236.26, 1680.13> EXPLOSION range 4 dropoff 1
21:01:09.598 [ExplosionDamageSystem] About to explode Explosion_NonLethal from ExplosionTest<0x000001E75D579700> ExplosionTest:18947 at <9971.64, 251.85, 1609.32> EXPLOSION range 4 dropoff 1
21:01:09.606 [ExplosionDamageSystem] About to explode Explosion_NonLethal from ExplosionTest<0x000001E75D5783E0> ExplosionTest:18946 at <6402.65, 218.12, 1263.1> EXPLOSION range 4 dropoff 1
21:01:09.611 [ExplosionDamageSystem] About to explode Explosion_NonLethal from ExplosionTest<0x000001E75D577A50> ExplosionTest:18945 at <6809.13, 210.34, 1503.88> EXPLOSION range 4 dropoff 1
21:01:09.612 [ExplosionDamageSystem] About to explode Explosion_NonLethal from ExplosionTest<0x000001E75D57B3B0> ExplosionTest:18944 at <6149.64, 226.21, 1922.09> EXPLOSION range 4 dropoff 1
21:06:09.476 [MissionAirdrop] An airdrop is heading towards "Lutov" (pos=<7907.857910, 0.000000, 7797.180176> type=Random_Lutov) with a ExpansionAirdropContainer_Medical
