22:37:56.267 [ExplosionDamageSystem] About to explode Explosion_NonLethal from ExplosionTest<0x000001FFC7FCE920> ExplosionTest:19091 at <5409.49, 196.96, 1678.86> EXPLOSION range 4 dropoff 1
22:37:56.290 [ExplosionDamageSystem] About to explode Explosion_NonLethal from ExplosionTest<0x000001FFC7FCDF90> ExplosionTest:19090 at <5588.45, 199.42, 1830> EXPLOSION range 4 dropoff 1
22:37:56.297 [ExplosionDamageSystem] About to explode Explosion_NonLethal from ExplosionTest<0x000001FFC7FCCC70> ExplosionTest:19089 at <5757.7, 200.16, 1688.7> EXPLOSION range 4 dropoff 1
22:37:56.313 [ExplosionDamageSystem] About to explode Explosion_NonLethal from ExplosionTest<0x000001FFC7FCC2E0> ExplosionTest:19088 at <5653.82, 208.93, 1623.48> EXPLOSION range 4 dropoff 1
22:37:56.325 [ExplosionDamageSystem] About to explode Explosion_NonLethal from ExplosionTest<0x000001FFC7FCB950> ExplosionTest:19087 at <6080.91, 229.66, 1827.05> EXPLOSION range 4 dropoff 1
22:37:56.350 [ExplosionDamageSystem] About to explode Explosion_NonLethal from ExplosionTest<0x000001FFC7FCA630> ExplosionTest:19086 at <5559.34, 200.89, 2640.67> EXPLOSION range 4 dropoff 1
22:37:56.363 [ExplosionDamageSystem] About to explode Explosion_NonLethal from ExplosionTest<0x000001FFC7FCD600> ExplosionTest:19085 at <5933.08, 222.59, 2340.72> EXPLOSION range 4 dropoff 1
22:37:56.372 [ExplosionDamageSystem] About to explode Explosion_NonLethal from ExplosionTest<0x000001FFC7FCF2B0> ExplosionTest:19084 at <6185.9, 228.67, 2262.54> EXPLOSION range 4 dropoff 1
22:37:56.390 [ExplosionDamageSystem] About to explode Explosion_NonLethal from ExplosionTest<0x000001FFC7FC9CA0> ExplosionTest:19083 at <6116.68, 215.88, 2286.38> EXPLOSION range 4 dropoff 1
22:37:56.396 [ExplosionDamageSystem] About to explode Explosion_NonLethal from ExplosionTest<0x000001FFC7FC9310> ExplosionTest:19082 at <3955.96, 206.19, 1088.88> EXPLOSION range 4 dropoff 1
22:37:56.399 [ExplosionDamageSystem] About to explode Explosion_NonLethal from ExplosionTest<0x000001FFC7FCAFC0> ExplosionTest:19081 at <5541.87, 197, 2552.49> EXPLOSION range 4 dropoff 1
22:37:56.411 [ExplosionDamageSystem] About to explode Explosion_NonLethal from ExplosionTest<0x000001FFC7FC16C0> ExplosionTest:19080 at <6118.96, 218.07, 1852.82> EXPLOSION range 4 dropoff 1
22:37:56.462 [ExplosionDamageSystem] About to explode Explosion_NonLethal from ExplosionTest<0x000001FFC7FC7FF0> ExplosionTest:19079 at <6404.13, 202.41, 1255.16> EXPLOSION range 4 dropoff 1
22:37:56.466 [ExplosionDamageSystem] About to explode Explosion_NonLethal from ExplosionTest<0x000001FFC7FC6340> ExplosionTest:19078 at <6616.46, 207.6, 1325.62> EXPLOSION range 4 dropoff 1
22:37:56.470 [ExplosionDamageSystem] About to explode Explosion_NonLethal from ExplosionTest<0x000001FFC7FC0D30> ExplosionTest:19077 at <6821.7, 210.18, 1482.95> EXPLOSION range 4 dropoff 1
22:37:56.473 [ExplosionDamageSystem] About to explode Explosion_NonLethal from ExplosionTest<0x000001FFC7FC6CD0> ExplosionTest:19076 at <6217.45, 219.7, 2248.97> EXPLOSION range 4 dropoff 1
22:37:56.481 [ExplosionDamageSystem] About to explode Explosion_NonLethal from ExplosionTest<0x000001FFC7FC59B0> ExplosionTest:19075 at <5555.73, 213.36, 2744.21> EXPLOSION range 4 dropoff 1
22:37:56.492 [ExplosionDamageSystem] About to explode Explosion_NonLethal from ExplosionTest<0x000001FFC7FC7660> ExplosionTest:19074 at <5993.06, 229.61, 2320.96> EXPLOSION range 4 dropoff 1
22:37:56.497 [ExplosionDamageSystem] About to explode Explosion_NonLethal from ExplosionTest<0x000001FFC7FC4690> ExplosionTest:19073 at <5914.8, 218.36, 1642.26> EXPLOSION range 4 dropoff 1
22:37:56.499 [ExplosionDamageSystem] About to explode Explosion_NonLethal from ExplosionTest<0x000001FFC7FC3370> ExplosionTest:19072 at <6334.63, 236.49, 1759.22> EXPLOSION range 4 dropoff 1
22:37:56.522 [ExplosionDamageSystem] About to explode Explosion_NonLethal from ExplosionTest<0x000001FFC7FBFA10> ExplosionTest:19071 at <8614.97, 223.77, 2823.39> EXPLOSION range 4 dropoff 1
22:37:56.526 [ExplosionDamageSystem] About to explode Explosion_NonLethal from ExplosionTest<0x000001FFC7FC29E0> ExplosionTest:19070 at <5577.65, 199.24, 1862.38> EXPLOSION range 4 dropoff 1
22:37:56.531 [ExplosionDamageSystem] About to explode Explosion_NonLethal from ExplosionTest<0x000001FFC7FC2050> ExplosionTest:19069 at <5540.38, 218.07, 2653.24> EXPLOSION range 4 dropoff 1
22:37:56.535 [ExplosionDamageSystem] About to explode Explosion_NonLethal from ExplosionTest<0x000001FFC7FC5020> ExplosionTest:19068 at <6874.45, 205.18, 1569.76> EXPLOSION range 4 dropoff 1
22:37:56.539 [ExplosionDamageSystem] About to explode Explosion_NonLethal from ExplosionTest<0x000001FFC7FC3D00> ExplosionTest:19067 at <6143.3, 219.19, 1815.47> EXPLOSION range 4 dropoff 1
22:37:56.542 [ExplosionDamageSystem] About to explode Explosion_NonLethal from ExplosionTest<0x000001FFC7FBF080> ExplosionTest:19066 at <5924.73, 229.57, 2331.97> EXPLOSION range 4 dropoff 1
22:37:56.542 [ExplosionDamageSystem] About to explode Explosion_NonLethal from ExplosionTest<0x000001FFC7FC03A0> ExplosionTest:19065 at <6276.73, 222.92, 2249.48> EXPLOSION range 4 dropoff 1
22:37:56.545 [ExplosionDamageSystem] About to explode Explosion_NonLethal from ExplosionTest<0x000001FFC008DAE0> ExplosionTest:19064 at <5607.66, 215.73, 1764.11> EXPLOSION range 4 dropoff 1
22:37:56.557 [ExplosionDamageSystem] About to explode Explosion_NonLethal from ExplosionTest<0x000001FFC008D150> ExplosionTest:19063 at <5423.52, 212.1, 2583.65> EXPLOSION range 4 dropoff 1
22:37:56.559 [ExplosionDamageSystem] About to explode Explosion_NonLethal from ExplosionTest<0x000001FFC008C7C0> ExplosionTest:19062 at <6447.48, 216.81, 1499.84> EXPLOSION range 4 dropoff 1
22:37:56.576 [ExplosionDamageSystem] About to explode Explosion_NonLethal from ExplosionTest<0x000001FFC0088E60> ExplosionTest:19061 at <5883.22, 219.3, 2666.71> EXPLOSION range 4 dropoff 1
22:37:56.585 [ExplosionDamageSystem] About to explode Explosion_NonLethal from ExplosionTest<0x000001FFC0085E90> ExplosionTest:19060 at <6259.73, 229.76, 1787.43> EXPLOSION range 4 dropoff 1
22:37:56.644 [ExplosionDamageSystem] About to explode Explosion_NonLethal from ExplosionTest<0x000001FFC00884D0> ExplosionTest:19059 at <6057.55, 222.85, 2391.21> EXPLOSION range 4 dropoff 1
22:37:56.650 [ExplosionDamageSystem] About to explode Explosion_NonLethal from ExplosionTest<0x000001FFC0085500> ExplosionTest:19058 at <5644.98, 218.01, 2746.14> EXPLOSION range 4 dropoff 1
22:37:56.654 [ExplosionDamageSystem] About to explode Explosion_NonLethal from ExplosionTest<0x000001FFC008AB10> ExplosionTest:19057 at <6043.08, 215.07, 1862.58> EXPLOSION range 4 dropoff 1
22:37:56.655 [ExplosionDamageSystem] About to explode Explosion_NonLethal from ExplosionTest<0x000001FFC008A180> ExplosionTest:19056 at <5753.18, 210.51, 1604.99> EXPLOSION range 4 dropoff 1
22:37:56.669 [ExplosionDamageSystem] About to explode Explosion_NonLethal from ExplosionTest<0x000001FFC00897F0> ExplosionTest:19055 at <6193.14, 214.22, 2312.15> EXPLOSION range 4 dropoff 1
22:37:56.680 [ExplosionDamageSystem] About to explode Explosion_NonLethal from ExplosionTest<0x000001FFC0087B40> ExplosionTest:19054 at <5678.3, 215.93, 1700.75> EXPLOSION range 4 dropoff 1
22:37:56.686 [ExplosionDamageSystem] About to explode Explosion_NonLethal from ExplosionTest<0x000001FFC008BE30> ExplosionTest:19053 at <6189.12, 214.12, 2379.24> EXPLOSION range 4 dropoff 1
22:37:56.692 [ExplosionDamageSystem] About to explode Explosion_NonLethal from ExplosionTest<0x000001FFC00871B0> ExplosionTest:19052 at <6080.63, 226.9, 2394.68> EXPLOSION range 4 dropoff 1
22:37:56.692 [ExplosionDamageSystem] About to explode Explosion_NonLethal from ExplosionTest<0x000001FFC008B4A0> ExplosionTest:19051 at <6294.8, 224.03, 1419.14> EXPLOSION range 4 dropoff 1
22:37:56.701 [ExplosionDamageSystem] About to explode Explosion_NonLethal from ExplosionTest<0x000001FFC0086820> ExplosionTest:19050 at <6326.11, 219.06, 1675.32> EXPLOSION range 4 dropoff 1
22:37:56.708 [ExplosionDamageSystem] About to explode Explosion_NonLethal from ExplosionTest<0x000001FFC007E240> ExplosionTest:19049 at <5680.56, 199.92, 1479.38> EXPLOSION range 4 dropoff 1
22:37:56.720 [ExplosionDamageSystem] About to explode Explosion_NonLethal from ExplosionTest<0x000001FFC0084B70> ExplosionTest:19048 at <6074.42, 218.78, 1370.96> EXPLOSION range 4 dropoff 1
22:37:56.729 [ExplosionDamageSystem] About to explode Explosion_NonLethal from ExplosionTest<0x000001FFC00841E0> ExplosionTest:19047 at <5631.85, 199.77, 1828.76> EXPLOSION range 4 dropoff 1
22:37:56.734 [ExplosionDamageSystem] About to explode Explosion_NonLethal from ExplosionTest<0x000001FFC0083850> ExplosionTest:19046 at <5826.96, 212.54, 2556.63> EXPLOSION range 4 dropoff 1
22:37:56.811 [ExplosionDamageSystem] About to explode Explosion_NonLethal from ExplosionTest<0x000001FFC0082530> ExplosionTest:19045 at <5955.38, 230.96, 2570.37> EXPLOSION range 4 dropoff 1
22:37:56.823 [ExplosionDamageSystem] About to explode Explosion_NonLethal from ExplosionTest<0x000001FFC0082EC0> ExplosionTest:19044 at <6206.89, 227.01, 1649.15> EXPLOSION range 4 dropoff 1
22:37:56.830 [ExplosionDamageSystem] About to explode Explosion_NonLethal from ExplosionTest<0x000001FFC007FEF0> ExplosionTest:19043 at <5682.67, 215.58, 2830.84> EXPLOSION range 4 dropoff 1
22:37:56.857 [ExplosionDamageSystem] About to explode Explosion_NonLethal from ExplosionTest<0x000001FFC0080880> ExplosionTest:19042 at <5680.86, 198.76, 2687.29> EXPLOSION range 4 dropoff 1
22:37:56.863 [ExplosionDamageSystem] About to explode Explosion_NonLethal from ExplosionTest<0x000001FFC0081BA0> ExplosionTest:19041 at <9806.9, 269.56, 1504.26> EXPLOSION range 4 dropoff 1
22:37:56.864 [ExplosionDamageSystem] About to explode Explosion_NonLethal from ExplosionTest<0x000001FFC007B270> ExplosionTest:19040 at <5704.98, 203.22, 2593.79> EXPLOSION range 4 dropoff 1
22:37:56.871 [ExplosionDamageSystem] About to explode Explosion_NonLethal from ExplosionTest<0x000001FFC0081210> ExplosionTest:19039 at <9803.7, 253.35, 1521.03> EXPLOSION range 4 dropoff 1
22:37:56.871 [ExplosionDamageSystem] About to explode Explosion_NonLethal from ExplosionTest<0x000001FFC007F560> ExplosionTest:19038 at <6397.37, 225.6, 1839.72> EXPLOSION range 4 dropoff 1
22:37:56.877 [ExplosionDamageSystem] About to explode Explosion_NonLethal from ExplosionTest<0x000001FFC00782A0> ExplosionTest:19037 at <5763.19, 205.47, 1442.82> EXPLOSION range 4 dropoff 1
