01:06:41.129 [ExplosionDamageSystem] About to explode Explosion_NonLethal from ExplosionTest<0x0000018BE4E2BFC0> ExplosionTest:19074 at <5663.44, 204.19, 2662.21> EXPLOSION range 4 dropoff 1
01:06:41.196 [ExplosionDamageSystem] About to explode Explosion_NonLethal from ExplosionTest<0x0000018BE4E269B0> ExplosionTest:19073 at <6359.87, 227.28, 1634.2> EXPLOSION range 4 dropoff 1
01:06:41.209 [ExplosionDamageSystem] About to explode Explosion_NonLethal from ExplosionTest<0x0000018BE4E20A10> ExplosionTest:19072 at <5757.02, 197.45, 1757.21> EXPLOSION range 4 dropoff 1
01:06:41.242 [ExplosionDamageSystem] About to explode Explosion_NonLethal from ExplosionTest<0x0000018BE4E26020> ExplosionTest:19071 at <6109.7, 217.92, 1559.37> EXPLOSION range 4 dropoff 1
01:06:41.274 [ExplosionDamageSystem] About to explode Explosion_NonLethal from ExplosionTest<0x0000018BE4E27340> ExplosionTest:19070 at <4246.68, 230.95, 2546.04> EXPLOSION range 4 dropoff 1
01:06:41.281 [ExplosionDamageSystem] About to explode Explosion_NonLethal from ExplosionTest<0x0000018BE4E23050> ExplosionTest:19069 at <6304.64, 223.94, 2263.8> EXPLOSION range 4 dropoff 1
01:06:41.292 [ExplosionDamageSystem] About to explode Explosion_NonLethal from ExplosionTest<0x0000018BE4E25690> ExplosionTest:19068 at <5812.31, 217.27, 2483.49> EXPLOSION range 4 dropoff 1
01:06:41.321 [ExplosionDamageSystem] About to explode Explosion_NonLethal from ExplosionTest<0x0000018BE4E24370> ExplosionTest:19067 at <5719.39, 227.33, 2868.76> EXPLOSION range 4 dropoff 1
01:06:41.334 [ExplosionDamageSystem] About to explode Explosion_NonLethal from ExplosionTest<0x0000018BE4E226C0> ExplosionTest:19066 at <6303.29, 218.73, 2052.68> EXPLOSION range 4 dropoff 1
01:06:41.346 [ExplosionDamageSystem] About to explode Explosion_NonLethal from ExplosionTest<0x0000018BE4E213A0> ExplosionTest:19065 at <5982.72, 217.86, 1494.72> EXPLOSION range 4 dropoff 1
01:06:41.401 [ExplosionDamageSystem] About to explode Explosion_NonLethal from ExplosionTest<0x0000018BE4E20080> ExplosionTest:19064 at <7401.26, 243.44, 1573.09> EXPLOSION range 4 dropoff 1
01:06:41.405 [ExplosionDamageSystem] About to explode Explosion_NonLethal from ExplosionTest<0x0000018BE4E239E0> ExplosionTest:19063 at <5389.15, 196.96, 1688.77> EXPLOSION range 4 dropoff 1
01:06:41.423 [ExplosionDamageSystem] About to explode Explosion_NonLethal from ExplosionTest<0x0000018BE4E24D00> ExplosionTest:19062 at <6294.44, 218.34, 1993.65> EXPLOSION range 4 dropoff 1
01:06:41.425 [ExplosionDamageSystem] About to explode Explosion_NonLethal from ExplosionTest<0x0000018BE4E21D30> ExplosionTest:19061 at <5658.18, 205.43, 2858.96> EXPLOSION range 4 dropoff 1
01:06:41.427 [ExplosionDamageSystem] About to explode Explosion_NonLethal from ExplosionTest<0x0000018BE4E5C650> ExplosionTest:19060 at <6029, 213.15, 2338.52> EXPLOSION range 4 dropoff 1
01:06:41.432 [ExplosionDamageSystem] About to explode Explosion_NonLethal from ExplosionTest<0x0000018BE4E5FFB0> ExplosionTest:19059 at <6092.25, 213.58, 2393.36> EXPLOSION range 4 dropoff 1
01:06:41.445 [ExplosionDamageSystem] About to explode Explosion_NonLethal from ExplosionTest<0x0000018BE4E5BCC0> ExplosionTest:19058 at <6280.97, 207.76, 1414.37> EXPLOSION range 4 dropoff 1
01:06:41.452 [ExplosionDamageSystem] About to explode Explosion_NonLethal from ExplosionTest<0x0000018BE4E58CF0> ExplosionTest:19057 at <6187.2, 220.44, 1683.89> EXPLOSION range 4 dropoff 1
01:06:41.456 [ExplosionDamageSystem] About to explode Explosion_NonLethal from ExplosionTest<0x0000018BE4E5CFE0> ExplosionTest:19056 at <5545.73, 200.87, 2658.03> EXPLOSION range 4 dropoff 1
01:06:41.470 [ExplosionDamageSystem] About to explode Explosion_NonLethal from ExplosionTest<0x0000018BE4E5F620> ExplosionTest:19055 at <6279.29, 225, 2161.4> EXPLOSION range 4 dropoff 1
01:06:41.479 [ExplosionDamageSystem] About to explode Explosion_NonLethal from ExplosionTest<0x0000018BE4E5EC90> ExplosionTest:19054 at <5606.23, 212.29, 1764.2> EXPLOSION range 4 dropoff 1
01:06:41.486 [ExplosionDamageSystem] About to explode Explosion_NonLethal from ExplosionTest<0x0000018BE4E5E300> ExplosionTest:19053 at <5689.42, 221.64, 2819.3> EXPLOSION range 4 dropoff 1
01:06:41.490 [ExplosionDamageSystem] About to explode Explosion_NonLethal from ExplosionTest<0x0000018BE4E5D970> ExplosionTest:19052 at <6389.33, 222.3, 1848.75> EXPLOSION range 4 dropoff 1
01:06:41.501 [ExplosionDamageSystem] About to explode Explosion_NonLethal from ExplosionTest<0x0000018BE4E5B330> ExplosionTest:19051 at <5579.58, 218.07, 2607.62> EXPLOSION range 4 dropoff 1
01:06:41.514 [ExplosionDamageSystem] About to explode Explosion_NonLethal from ExplosionTest<0x0000018BE4E5A9A0> ExplosionTest:19050 at <6393.29, 207.77, 1521.61> EXPLOSION range 4 dropoff 1
01:06:41.532 [ExplosionDamageSystem] About to explode Explosion_NonLethal from ExplosionTest<0x0000018BE4E536E0> ExplosionTest:19049 at <5710.08, 200.09, 1610.65> EXPLOSION range 4 dropoff 1
01:06:41.545 [ExplosionDamageSystem] About to explode Explosion_NonLethal from ExplosionTest<0x0000018BE4E59680> ExplosionTest:19048 at <8642.61, 215.19, 2783.07> EXPLOSION range 4 dropoff 1
01:06:41.549 [ExplosionDamageSystem] About to explode Explosion_NonLethal from ExplosionTest<0x0000018BE4E58360> ExplosionTest:19047 at <6296.42, 219.01, 1664.58> EXPLOSION range 4 dropoff 1
01:06:41.555 [ExplosionDamageSystem] About to explode Explosion_NonLethal from ExplosionTest<0x0000018BE4E5A010> ExplosionTest:19046 at <5932.31, 214.63, 1540.55> EXPLOSION range 4 dropoff 1
01:06:41.563 [ExplosionDamageSystem] About to explode Explosion_NonLethal from ExplosionTest<0x0000018BE4E579D0> ExplosionTest:19045 at <5829.71, 211.13, 2556.99> EXPLOSION range 4 dropoff 1
01:06:41.570 [ExplosionDamageSystem] About to explode Explosion_NonLethal from ExplosionTest<0x0000018BE4E50710> ExplosionTest:19044 at <6023.55, 212.16, 2337.75> EXPLOSION range 4 dropoff 1
01:06:41.577 [ExplosionDamageSystem] About to explode Explosion_NonLethal from ExplosionTest<0x0000018BE4E55D20> ExplosionTest:19043 at <6241.77, 229.43, 2368.58> EXPLOSION range 4 dropoff 1
01:06:41.585 [ExplosionDamageSystem] About to explode Explosion_NonLethal from ExplosionTest<0x0000018BE4E55390> ExplosionTest:19042 at <6404.56, 221.09, 1649.28> EXPLOSION range 4 dropoff 1
01:06:41.648 [ExplosionDamageSystem] About to explode Explosion_NonLethal from ExplosionTest<0x0000018BE4E54A00> ExplosionTest:19041 at <6199.17, 221.02, 2281.29> EXPLOSION range 4 dropoff 1
01:06:41.669 [ExplosionDamageSystem] About to explode Explosion_NonLethal from ExplosionTest<0x0000018BE4E52D50> ExplosionTest:19040 at <8624.58, 223.06, 2822.21> EXPLOSION range 4 dropoff 1
01:06:41.671 [ExplosionDamageSystem] About to explode Explosion_NonLethal from ExplosionTest<0x0000018BE4E510A0> ExplosionTest:19039 at <5769.47, 205.98, 2706.92> EXPLOSION range 4 dropoff 1
01:06:41.681 [ExplosionDamageSystem] About to explode Explosion_NonLethal from ExplosionTest<0x0000018BE4E57040> ExplosionTest:19038 at <5747.57, 214.09, 2836.55> EXPLOSION range 4 dropoff 1
01:06:41.682 [ExplosionDamageSystem] About to explode Explosion_NonLethal from ExplosionTest<0x0000018BE4E523C0> ExplosionTest:19037 at <5647.81, 211.23, 2871.35> EXPLOSION range 4 dropoff 1
01:06:41.682 [ExplosionDamageSystem] About to explode Explosion_NonLethal from ExplosionTest<0x0000018BE4E51A30> ExplosionTest:19036 at <5549.54, 214.49, 2637.27> EXPLOSION range 4 dropoff 1
01:06:41.683 [ExplosionDamageSystem] About to explode Explosion_NonLethal from ExplosionTest<0x0000018BE4E54070> ExplosionTest:19035 at <8601.82, 219.63, 2851.04> EXPLOSION range 4 dropoff 1
01:06:41.684 [ExplosionDamageSystem] About to explode Explosion_NonLethal from ExplosionTest<0x0000018BE4E566B0> ExplosionTest:19034 at <6210.45, 216.95, 2204.99> EXPLOSION range 4 dropoff 1
01:06:41.688 [ExplosionDamageSystem] About to explode Explosion_NonLethal from ExplosionTest<0x0000018BE4E49450> ExplosionTest:19033 at <5957.16, 228, 2267.57> EXPLOSION range 4 dropoff 1
01:06:41.701 [ExplosionDamageSystem] About to explode Explosion_NonLethal from ExplosionTest<0x0000018BE4E4FD80> ExplosionTest:19032 at <6094.39, 232.37, 2214.59> EXPLOSION range 4 dropoff 1
01:06:41.706 [ExplosionDamageSystem] About to explode Explosion_NonLethal from ExplosionTest<0x0000018BE4E4F3F0> ExplosionTest:19031 at <13037.7, 311.91, 451.72> EXPLOSION range 4 dropoff 1
01:06:41.707 [ExplosionDamageSystem] About to explode Explosion_NonLethal from ExplosionTest<0x0000018BE4E48130> ExplosionTest:19030 at <5681.48, 197.08, 1939.58> EXPLOSION range 4 dropoff 1
01:06:41.718 [ExplosionDamageSystem] About to explode Explosion_NonLethal from ExplosionTest<0x0000018BE4E4EA60> ExplosionTest:19029 at <6612.79, 217.53, 1318.51> EXPLOSION range 4 dropoff 1
01:06:41.720 [ExplosionDamageSystem] About to explode Explosion_NonLethal from ExplosionTest<0x0000018BE4E4E0D0> ExplosionTest:19028 at <5693.31, 204.24, 2673.25> EXPLOSION range 4 dropoff 1
01:06:41.721 [ExplosionDamageSystem] About to explode Explosion_NonLethal from ExplosionTest<0x0000018BE4E4D740> ExplosionTest:19027 at <6135.99, 225.72, 1930.64> EXPLOSION range 4 dropoff 1
01:06:41.759 [ExplosionDamageSystem] About to explode Explosion_NonLethal from ExplosionTest<0x0000018BE4E477A0> ExplosionTest:19026 at <6181.64, 212.32, 1006.84> EXPLOSION range 4 dropoff 1
01:06:41.765 [ExplosionDamageSystem] About to explode Explosion_NonLethal from ExplosionTest<0x0000018BE4E48AC0> ExplosionTest:19025 at <8637.57, 224.54, 2780.4> EXPLOSION range 4 dropoff 1
01:06:41.765 [ExplosionDamageSystem] About to explode Explosion_NonLethal from ExplosionTest<0x0000018BE4E4A770> ExplosionTest:19024 at <5573.93, 212.57, 2730.87> EXPLOSION range 4 dropoff 1
01:06:41.775 [ExplosionDamageSystem] About to explode Explosion_NonLethal from ExplosionTest<0x0000018BE4E4CDB0> ExplosionTest:19023 at <5765.46, 198.99, 2493.94> EXPLOSION range 4 dropoff 1
01:06:41.781 [ExplosionDamageSystem] About to explode Explosion_NonLethal from ExplosionTest<0x0000018BE4E4C420> ExplosionTest:19022 at <5865.88, 210.61, 2285.41> EXPLOSION range 4 dropoff 1
01:06:41.786 [ExplosionDamageSystem] About to explode Explosion_NonLethal from ExplosionTest<0x0000018BE4E4BA90> ExplosionTest:19021 at <5979.51, 207.86, 1423.46> EXPLOSION range 4 dropoff 1
01:06:41.791 [ExplosionDamageSystem] About to explode Explosion_NonLethal from ExplosionTest<0x0000018BE4E4B100> ExplosionTest:19020 at <4757.41, 191.42, 538.59> EXPLOSION range 4 dropoff 1
01:07:33.569 [Safezone] Player "Hessher" (id=MilAR913ecKsrHUOy0uV_fIY7CR0FzNOXUGd_pWZtgI= pos=<7393.65, 234.9, 5005.03>) entered the safezone
