03:02:11.060 [VehicleDeleted] Boat_01_Blue (id=4BE55AA82F455E3A8B03BDB6EE056B87 pos=<9955.18, 0.38, 1607.49> lifetime=0)
03:02:11.062 [VehicleDeleted] Boat_01_Blue (id=319A385A464A08A68D6201AB7F407984 pos=<10463.2, 0.38, 1833.43> lifetime=0)
03:02:11.062 [VehicleDeleted] Boat_01_Orange (id=03940C36A447C5130E9DAC8C42EE7E8F pos=<15209, 0.35, 13813.4> lifetime=0)
03:02:11.062 [VehicleDeleted] Boat_01_Blue (id=9EB855651049F782CD049C9A3106DAAC pos=<10944.9, 0.31, 2637.54> lifetime=0)
03:02:11.063 [VehicleDeleted] Boat_01_Blue (id=0C7A65464E4088F1C9840A86212E310C pos=<13359.5, 0.28, 10709.1> lifetime=0)
03:02:11.063 [VehicleDeleted] Boat_01_Orange (id=EF4FA33A7A407D1EBB959D9D969C69D5 pos=<13553.8, 0.32, 3836.67> lifetime=0)
03:02:11.063 [VehicleDeleted] Boat_01_Black (id=CFEB6AF7154E07A538E8119FDA1DEE00 pos=<13549.5, 0.55, 6248.59> lifetime=0)
03:02:11.063 [VehicleDeleted] Boat_01_Blue (id=54DD529306432FC6E65A9397B00F77DD pos=<12935.8, 0.33, 8920.65> lifetime=0)
03:02:11.064 [VehicleDeleted] Boat_01_Orange (id=FAE187B5FC489019ABE33CB51F818899 pos=<13335, 0.4, 7082.26> lifetime=0)
03:02:11.064 [VehicleDeleted] Boat_01_Orange (id=6C16B3C6D7457084BB6594AF71D6F438 pos=<13458.9, 0.32, 5442.7> lifetime=0)
03:02:11.064 [VehicleDeleted] Boat_01_Blue (id=3D98ECDE8F401A725C2A78BA2D1B95EA pos=<13136.4, 0.41, 7816.43> lifetime=0)
03:02:11.064 [VehicleDeleted] Boat_01_Black (id=3F5B4319D44DD32B9FD5D795DF7C5A25 pos=<14388.5, 0.44, 13208.1> lifetime=0)
03:02:11.065 [VehicleDeleted] CivilianSedan_Wine (id=26A1DF40B64119304EBC5EB70FD17C39 pos=<12144, 97.06, 13605.5> lifetime=0)
03:02:11.066 [VehicleDeleted] CivilianSedan_Wine (id=5ABAB905B949888071B061B38AAA7B75 pos=<10182.5, 5.99, 1987.52> lifetime=0)
03:02:11.066 [VehicleDeleted] CivilianSedan_Wine (id=99BF7B4C154602BFA63EBBA6E7DD0B84 pos=<11827.1, 27.33, 14276.6> lifetime=0)
03:02:11.067 [VehicleDeleted] CivilianSedan_Wine (id=C7470EF3064EC2170B8820A628BC32E5 pos=<11684.8, 108.87, 15060.9> lifetime=0)
03:02:11.068 [VehicleDeleted] CivilianSedan_Wine (id=EEE750B5CD42A575D8444AADA0090B45 pos=<9602.13, 81.04, 13731.8> lifetime=0)
03:02:11.068 [VehicleDeleted] CivilianSedan_Black (id=FC79CEB59C44D0180211A6A537299F4B pos=<11343.4, 46.71, 14458.2> lifetime=0)
03:02:11.069 [VehicleDeleted] Hatchback_02_Black (id=80FB34064A4894C524D119BD3EBA9D39 pos=<10698.3, 65.18, 14456.1> lifetime=0)
03:02:11.069 [VehicleDeleted] Hatchback_02 (id=534E7AD75648D3EE56643F8B536D0736 pos=<7585.86, 207.96, 13475.8> lifetime=0)
03:02:11.070 [VehicleDeleted] Hatchback_02_Blue (id=1EB940B817401173721099A96BFE1DB0 pos=<12302.4, 34.33, 9051.3> lifetime=0)
03:02:11.071 [VehicleDeleted] Offroad_02 (id=A1EDA5ACF1409AC5E546F1A2C5A1A750 pos=<1693.3, 445.26, 13851> lifetime=0)
03:02:11.071 [VehicleDeleted] OffroadHatchback_Blue (id=ACD9A938CA49994B628E04A260A4FB6E pos=<10793.8, 249.07, 12470.3> lifetime=0)
03:02:11.072 [VehicleDeleted] OffroadHatchback_Blue (id=A7A9BBD91842957FDD411496BF2F50E8 pos=<9899.75, 161.67, 10340.8> lifetime=0)
03:02:11.073 [VehicleDeleted] OffroadHatchback_White (id=C3041C5A9E4DF20683BCB29DD5EDD8E4 pos=<188.86, 385.42, 12533.6> lifetime=0)
03:02:11.073 [VehicleDeleted] OffroadHatchback_Blue (id=30D486EA2944FA33E6D3798B016A954F pos=<6714.47, 377, 14366.3> lifetime=0)
03:02:11.074 [VehicleDeleted] OffroadHatchback_White (id=729976AD3C417BBA29997D84BDBF199B pos=<12423.8, 124.9, 14895> lifetime=0)
03:02:11.074 [VehicleDeleted] OffroadHatchback_White (id=EE157679824B03808FD5DB9DD7EA93AE pos=<5261.27, 163.36, 12629.5> lifetime=0)
03:02:11.075 [VehicleDeleted] Sedan_02 (id=71400921C6482C935DA6C4964EE826E1 pos=<9512.08, 84.1, 13663.2> lifetime=0)
03:02:11.075 [VehicleDeleted] Sedan_02 (id=F728E1CA62403122550B37BF938ADFF7 pos=<3586.1, 219.81, 12596.5> lifetime=0)
03:02:11.076 [VehicleDeleted] Sedan_02_Grey (id=FEF0D3EC51472F821900F39E894B34F4 pos=<12324.6, 11.13, 9699.46> lifetime=0)
03:02:11.076 [VehicleDeleted] Sedan_02_Red (id=5B077989DA4E9EBB69A860B828022766 pos=<13000, 5.96, 10084.2> lifetime=0)
03:02:11.077 [VehicleDeleted] Truck_01_Covered (id=D7C90F79E949AC9801D90CBEFB8BDB9B pos=<2041.32, 248.9, 12167.2> lifetime=0)
03:02:11.077 [VehicleDeleted] Truck_01_Covered_Orange (id=F2E2F3416E4EA0E43772C0B421836B07 pos=<7702.66, 118.21, 12682.5> lifetime=0)
03:02:11.078 [VehicleDeleted] Truck_01_Covered_Blue (id=943D75D3BB4440E0CFD4A1AF8E4492B5 pos=<5081.93, 165.87, 12738.6> lifetime=0)
03:02:11.078 [VehicleDeleted] Truck_01_Covered_Orange (id=3C93AECDD443141479F165BB6D046F66 pos=<11758.2, 59.31, 6440.63> lifetime=0)
03:02:11.078 [VehicleDeleted] Boat_01_Black (id=4C7FC9AC8F4E9DF2948398B130D576CD pos=<9345.68, 0.25, 1844.5> lifetime=0)
03:02:11.078 [VehicleDeleted] Boat_01_Black (id=F1A4FF347C42CCBC2B6B8E930FD5530B pos=<8270.35, 0.44, 2462.13> lifetime=0)
03:02:11.079 [VehicleDeleted] OffroadHatchback (id=18BCE6BE22400E58F422E0BEB6B5F8AB pos=<9123.93, 223.94, 3773.66> lifetime=0)
03:02:11.079 [VehicleDeleted] Sedan_02_Red (id=DBB237A6F2401DBC5C27B6AF6FFDF2E9 pos=<8207.8, 6.12, 3093.65> lifetime=0)
03:02:11.080 [VehicleDeleted] Offroad_02 (id=1040B7CB2643987B49DC3B85E633D5F8 pos=<4801.03, 338.84, 10663.9> lifetime=0)
03:03:45.221 [VehicleDeleted] Boat_01_Blue (id=219F714AFC444545B4A8A382CB32E928 pos=<12150.1, 0.59, 3415.1> lifetime=0)
03:03:45.222 [VehicleDeleted] Boat_01_Blue (id=F8E6FC46B34CB74145B06986F20D13C5 pos=<13279.9, 0.63, 7294.07> lifetime=0)
03:03:45.222 [VehicleDeleted] Boat_01_Black (id=F38F9CEAB242FD8316CADCB238BDBD20 pos=<10889.3, 0.69, 2342.47> lifetime=0)
03:03:45.223 [VehicleDeleted] Boat_01_Blue (id=64F76AC274452AA2C762E38588000CD9 pos=<14423.6, 0.61, 13253.3> lifetime=0)
03:03:45.223 [VehicleDeleted] Boat_01_Black (id=43B8238B654C161700B8FBBBC4CD7D15 pos=<9945.15, 0.6, 1600.28> lifetime=0)
03:03:45.224 [VehicleDeleted] Boat_01_Black (id=ADB365437E4164B8C238A6AB3DEBACC2 pos=<10480.6, 0.63, 1838.3> lifetime=0)
03:03:45.224 [VehicleDeleted] Boat_01_Black (id=D64227484D4D7D0C710695B42424976B pos=<13537.7, 0.67, 6413.4> lifetime=0)
03:03:45.224 [VehicleDeleted] Boat_01_Blue (id=8DDB2445EB4CB8A02C521196A69D6867 pos=<8809.98, 0.67, 2155.22> lifetime=0)
03:03:45.225 [VehicleDeleted] Boat_01_Blue (id=B267BA8FF442504535BEB2A144DCB7E7 pos=<13261.2, 0.54, 3763.74> lifetime=0)
03:03:45.225 [VehicleDeleted] Boat_01_Blue (id=F8B21C92D7499CC1C3844C8A1845B149 pos=<8326.23, 0.71, 2355.2> lifetime=0)
03:03:45.225 [VehicleDeleted] CivilianSedan_Black (id=236855DA1C4CD569AC2C9D9255539296 pos=<12972.8, -9.4, 10216.2> lifetime=0)
03:03:45.226 [VehicleDeleted] CivilianSedan (id=5B8E5F4A394FC119C9A68A928D6A1C00 pos=<13354.9, -8.68, 5440.34> lifetime=0)
03:03:45.226 [VehicleDeleted] CivilianSedan_Wine (id=A8E47780D6484DF7F0997FB3C46F2D6A pos=<11684.7, -9.39, 15060.8> lifetime=0)
03:03:45.227 [VehicleDeleted] CivilianSedan (id=9B3901A3F94AB0392F1033A23D8A0E13 pos=<4338.91, -12.85, 13080.1> lifetime=0)
03:03:45.227 [VehicleDeleted] Hatchback_02_Black (id=DD64BCC5664910FE2DBF53A55797D391 pos=<9514.13, -9.36, 13691.8> lifetime=0)
03:03:45.228 [VehicleDeleted] Hatchback_02_Black (id=6C50F402E34F6837ABCB759E6751985D pos=<3422.71, -7.44, 12687.7> lifetime=0)
03:03:45.229 [VehicleDeleted] Hatchback_02_Black (id=AC2BCF09F44671E03BEC3EB2CF13060C pos=<7585.86, -10.08, 13475.8> lifetime=0)
03:04:12.215 [VehicleDeleted] Truck_01_Covered_Blue (id=67310754D24F962B972604A0E11FF8D8 pos=<4812.16, -7.43, 10559.2> lifetime=0)
03:04:12.216 [VehicleDeleted] Truck_01_Covered_Orange (id=77A68AB72348A7A8E4DB9C88D4CE8627 pos=<4429.64, -0.92, 8215.35> lifetime=0)
03:04:12.217 [VehicleDeleted] Offroad_02 (id=CA91D1196F4C68487EE324AB1ECC1849 pos=<1693.32, -9.77, 13851> lifetime=0)
03:04:12.218 [VehicleDeleted] Offroad_02 (id=C3A2B8BFD04CD1D776A88C95B153BE85 pos=<9512.94, -9.54, 11746.8> lifetime=0)
03:04:12.218 [VehicleDeleted] OffroadHatchback_Blue (id=6750ECCA134C371092B5B99866B46B96 pos=<4441.24, -7.34, 15222> lifetime=0)
03:04:12.218 [VehicleDeleted] OffroadHatchback (id=EE212BF349458ACD27A8888B354629E6 pos=<188.87, -10.53, 12533.6> lifetime=0)
03:04:12.219 [VehicleDeleted] OffroadHatchback_Blue (id=29223B279A4133AE921F0595372A719C pos=<1245.99, -10.34, 12014.7> lifetime=0)
03:04:12.219 [VehicleDeleted] OffroadHatchback (id=4859DCFDF841013575B534A67B1BEBFF pos=<14025.9, -9.49, 14266.8> lifetime=0)
03:04:12.220 [VehicleDeleted] OffroadHatchback (id=520D49B0E540EC61F2188E9F26A9B768 pos=<9684.39, -8.01, 6776.41> lifetime=0)
03:04:12.221 [VehicleDeleted] OffroadHatchback (id=FA65F4EE9D4714953AB3AFAA840F114D pos=<6714.46, -5.78, 14366.3> lifetime=0)
03:04:12.222 [VehicleDeleted] Sedan_02 (id=BA1DD49C0D470D48C6F25EBACB59D6CF pos=<11673.9, -9.41, 14660.3> lifetime=0)
03:04:12.222 [VehicleDeleted] Sedan_02 (id=B498339E514E0B48F5CA969EC7E3A810 pos=<7885.96, -8.68, 12417.6> lifetime=0)
03:04:12.223 [VehicleDeleted] Sedan_02_Red (id=05AE4467C2402C20EC2D26AEEE00D70B pos=<13587.7, -9.41, 11762.1> lifetime=0)
03:04:12.223 [VehicleDeleted] Truck_01_Covered (id=CE35B40586444003A445F0B4E4835EA3 pos=<12907, -8.59, 6278.36> lifetime=0)
03:05:33.153 [VehicleDeleted] Boat_01_Orange (id=8A42FF348C4FEF9F5A1AE4916EEA5F7E pos=<14438.3, 0.51, 13270.6> lifetime=0)
03:05:33.155 [VehicleDeleted] Boat_01_Blue (id=232927800A46E618FA57B1BDF1C53A47 pos=<12389.1, 0.53, 3440.1> lifetime=0)
03:05:33.155 [VehicleDeleted] Boat_01_Orange (id=EF9A5EE6BA40B00C4FE6558B6214631B pos=<13053.3, 0.52, 8476.94> lifetime=0)
03:05:33.156 [VehicleDeleted] Boat_01_Blue (id=042F61CA6B4B4C457E9C929625E2A3C0 pos=<8464.02, 0.53, 2423.36> lifetime=0)
03:05:33.156 [VehicleDeleted] Boat_01_Black (id=FA9060826745878F8B4976AE655B70C1 pos=<9341.15, 0.58, 1833.59> lifetime=0)
03:05:33.157 [VehicleDeleted] Boat_01_Orange (id=E16691489A4AFBB978E9EC975A714A77 pos=<10410.3, 0.59, 1729.93> lifetime=0)
03:05:33.157 [VehicleDeleted] Boat_01_Black (id=15C0BA96304D673D6E65CE890B89C403 pos=<12985.2, 0.55, 3660.72> lifetime=0)
03:05:33.157 [VehicleDeleted] Boat_01_Black (id=B883EA072E47D7511ABC8B9C1870A3D7 pos=<13111.7, 0.61, 9688.12> lifetime=0)
03:05:33.158 [VehicleDeleted] Boat_01_Blue (id=1FE6CE87894C408A56317380CC67F162 pos=<15250.6, 0.67, 13830.6> lifetime=0)
03:05:33.158 [VehicleDeleted] Boat_01_Black (id=78A82B26FA47000DDF83D99528CDD876 pos=<13134.3, 0.65, 7803.82> lifetime=0)
03:05:33.159 [VehicleDeleted] Boat_01_Black (id=093676068840ADD589FD0EB7F1AA783C pos=<8857.33, 0.57, 2089.09> lifetime=0)
03:05:33.160 [VehicleDeleted] Boat_01_Orange (id=B62C4703114A15642B6EF697D047AF58 pos=<11089.7, 0.61, 2664.38> lifetime=0)
03:05:33.160 [VehicleDeleted] Boat_01_Black (id=E29A82F1C14F528C3972838C6AB2069F pos=<13541.5, 0.59, 6243.55> lifetime=0)
03:05:33.161 [VehicleDeleted] Boat_01_Black (id=563BDE8D1747A50D0B0666A5F24686AF pos=<13453.2, 0.59, 5443.7> lifetime=0)
03:05:33.162 [VehicleDeleted] CivilianSedan_Wine (id=69AE2A55FF45CC66E85CDD90932B0E27 pos=<12144, -9.39, 13605.5> lifetime=0)
03:05:33.163 [VehicleDeleted] CivilianSedan_Wine (id=246B35274941814D56FA7283C2F2F162 pos=<12972.8, -9.4, 10216.2> lifetime=0)
03:05:33.164 [VehicleDeleted] CivilianSedan_Black (id=556CC3A62D4F9BD90F8B82BDA22DE108 pos=<13376.5, -9.85, 6292.01> lifetime=0)
03:05:33.165 [VehicleDeleted] CivilianSedan_Wine (id=2724325B81419E772780CEBB4BE1A11F pos=<3100.35, -12.05, 12648.2> lifetime=0)
03:05:33.166 [VehicleDeleted] Hatchback_02 (id=5F444B87B247FF86E4CE719A7B61A53C pos=<10226.2, -6.71, 4077.47> lifetime=0)
03:05:33.169 [VehicleDeleted] Hatchback_02 (id=77822671F24C6632527A7C94D93FEE6C pos=<10182.5, -12.65, 1987.54> lifetime=0)
03:05:33.171 [VehicleDeleted] Hatchback_02_Blue (id=8E0FD1B7CE4EA523DB46AC8138047388 pos=<12071.9, -9.36, 9129.99> lifetime=0)
03:05:33.172 [VehicleDeleted] Hatchback_02 (id=358F879C2C447D1A1A15AE9EC465C29A pos=<8705.51, -9.36, 11638.1> lifetime=0)
03:05:33.173 [VehicleDeleted] Hatchback_02_Black (id=3A96036A314377F1D964F992A3616F23 pos=<3302.41, -7.33, 15085.1> lifetime=0)
03:05:33.175 [VehicleDeleted] Hatchback_02_Black (id=791266EAC34419C0957C6F8989930AED pos=<12091.7, -9.36, 9714.4> lifetime=0)
03:05:33.177 [VehicleDeleted] Offroad_02 (id=1AB046B9B94186D078416E951483FFB8 pos=<4482.64, -8.09, 8247.95> lifetime=0)
03:05:33.178 [VehicleDeleted] OffroadHatchback_White (id=42632F00174066CDB180D6B01CF9509E pos=<12896.1, -11.16, 4453.05> lifetime=0)
03:05:33.179 [VehicleDeleted] OffroadHatchback_Blue (id=EB914EF9C44DA81DB84293A2AC7E0B6E pos=<1172.99, -11.84, 10002.2> lifetime=0)
03:05:33.180 [VehicleDeleted] OffroadHatchback (id=4036F6078B41C448B8C6A69CED38EC16 pos=<10540, -9.49, 9701.26> lifetime=0)
03:05:33.181 [VehicleDeleted] OffroadHatchback_White (id=E718E5D9A147B0ED02AC909E3DAB850A pos=<9172.49, -9.49, 11041.2> lifetime=0)
03:05:33.182 [VehicleDeleted] OffroadHatchback_Blue (id=E9C4C1DDF141A318603AF9B3FEAF9B46 pos=<7842.45, -9.24, 11571.2> lifetime=0)
03:05:33.183 [VehicleDeleted] Sedan_02_Grey (id=653B64556D44F23C383E81A317648F07 pos=<9439.9, -9.41, 8822.01> lifetime=0)
03:05:33.185 [VehicleDeleted] Sedan_02 (id=3C8A6FDBE2405450982BDCAB5E846A89 pos=<7883.86, -8.74, 12785.5> lifetime=0)
03:05:33.187 [VehicleDeleted] Sedan_02_Red (id=832CCA7AA0449B8BBB5CA7ACF8DB083E pos=<11606.8, -9.41, 14763.9> lifetime=0)
03:05:33.188 [VehicleDeleted] Sedan_02_Grey (id=7E5F8DF16C4926C50E0CC1863FF3CD4D pos=<2225.05, -11.3, 11088.7> lifetime=0)
03:05:33.189 [VehicleDeleted] Truck_01_Covered_Blue (id=6D0C3BFD994D235F52C143B85C452D01 pos=<4832.28, -8.44, 10236> lifetime=0)
03:05:33.189 [VehicleDeleted] Truck_01_Covered_Blue (id=C3A4CBFFEB41B2BEAF2B879D3816EAD4 pos=<3115.19, -12.14, 9212.79> lifetime=0)
03:05:33.190 [VehicleDeleted] Truck_01_Covered_Orange (id=3134D721CE449A86D9FFE196BB9DE843 pos=<12252.3, -9.54, 10592.3> lifetime=0)
