02:51:59.750 [ExplosionDamageSystem] About to explode Explosion_NonLethal from ExplosionTest<0x0000015667146370> ExplosionTest:19012 at <6135.76, 232.56, 1743.52> EXPLOSION range 4 dropoff 1
02:51:59.767 [ExplosionDamageSystem] About to explode Explosion_NonLethal from ExplosionTest<0x0000015667142080> ExplosionTest:19011 at <6413.38, 222.17, 1783.34> EXPLOSION range 4 dropoff 1
02:51:59.791 [ExplosionDamageSystem] About to explode Explosion_NonLethal from ExplosionTest<0x00000156671446C0> ExplosionTest:19010 at <5496.26, 198.11, 2664.82> EXPLOSION range 4 dropoff 1
02:51:59.806 [ExplosionDamageSystem] About to explode Explosion_NonLethal from ExplosionTest<0x00000156671433A0> ExplosionTest:19009 at <6211.2, 217.5, 1573.97> EXPLOSION range 4 dropoff 1
02:51:59.808 [ExplosionDamageSystem] About to explode Explosion_NonLethal from ExplosionTest<0x0000015667147690> ExplosionTest:19008 at <6391.1, 219.13, 1766.27> EXPLOSION range 4 dropoff 1
02:51:59.818 [ExplosionDamageSystem] About to explode Explosion_NonLethal from ExplosionTest<0x00000156671459E0> ExplosionTest:19007 at <6281.93, 222.02, 2198.75> EXPLOSION range 4 dropoff 1
02:51:59.830 [ExplosionDamageSystem] About to explode Explosion_NonLethal from ExplosionTest<0x00000156671489B0> ExplosionTest:19006 at <6884.78, 207.3, 1451.74> EXPLOSION range 4 dropoff 1
02:51:59.847 [ExplosionDamageSystem] About to explode Explosion_NonLethal from ExplosionTest<0x0000015667148020> ExplosionTest:19005 at <6023.57, 209.28, 1378.54> EXPLOSION range 4 dropoff 1
02:51:59.860 [ExplosionDamageSystem] About to explode Explosion_NonLethal from ExplosionTest<0x0000015667181FB0> ExplosionTest:19004 at <5738.84, 216.18, 2526.54> EXPLOSION range 4 dropoff 1
02:51:59.868 [ExplosionDamageSystem] About to explode Explosion_NonLethal from ExplosionTest<0x0000015667180C90> ExplosionTest:19003 at <3777.63, 206.32, 1083.12> EXPLOSION range 4 dropoff 1
02:51:59.872 [ExplosionDamageSystem] About to explode Explosion_NonLethal from ExplosionTest<0x0000015667180300> ExplosionTest:19002 at <5593.64, 219.57, 2984.62> EXPLOSION range 4 dropoff 1
02:51:59.883 [ExplosionDamageSystem] About to explode Explosion_NonLethal from ExplosionTest<0x0000015667181620> ExplosionTest:19001 at <6313.72, 206.47, 1141.54> EXPLOSION range 4 dropoff 1
02:51:59.892 [ExplosionDamageSystem] About to explode Explosion_NonLethal from ExplosionTest<0x000001566717F970> ExplosionTest:19000 at <5596.83, 232.93, 2940.41> EXPLOSION range 4 dropoff 1
02:51:59.898 [ExplosionDamageSystem] About to explode Explosion_NonLethal from ExplosionTest<0x00000156671786B0> ExplosionTest:18999 at <9703.71, 250.87, 1620.36> EXPLOSION range 4 dropoff 1
02:51:59.905 [ExplosionDamageSystem] About to explode Explosion_NonLethal from ExplosionTest<0x000001566717EFE0> ExplosionTest:18998 at <5674.12, 198.23, 1427.48> EXPLOSION range 4 dropoff 1
02:51:59.913 [ExplosionDamageSystem] About to explode Explosion_NonLethal from ExplosionTest<0x00000156671799D0> ExplosionTest:18997 at <5607.69, 202.53, 2977.76> EXPLOSION range 4 dropoff 1
02:51:59.914 [ExplosionDamageSystem] About to explode Explosion_NonLethal from ExplosionTest<0x0000015667177D20> ExplosionTest:18996 at <5651.55, 199.58, 1615.94> EXPLOSION range 4 dropoff 1
02:51:59.918 [ExplosionDamageSystem] About to explode Explosion_NonLethal from ExplosionTest<0x000001566717E650> ExplosionTest:18995 at <6339.04, 223.52, 1757.42> EXPLOSION range 4 dropoff 1
02:51:59.922 [ExplosionDamageSystem] About to explode Explosion_NonLethal from ExplosionTest<0x0000015667177390> ExplosionTest:18994 at <5818.83, 199.78, 1729.21> EXPLOSION range 4 dropoff 1
02:51:59.937 [ExplosionDamageSystem] About to explode Explosion_NonLethal from ExplosionTest<0x000001566717DCC0> ExplosionTest:18993 at <6448.78, 214.52, 1189.31> EXPLOSION range 4 dropoff 1
02:51:59.943 [ExplosionDamageSystem] About to explode Explosion_NonLethal from ExplosionTest<0x000001566717D330> ExplosionTest:18992 at <5707.95, 199.98, 2576.76> EXPLOSION range 4 dropoff 1
02:51:59.948 [ExplosionDamageSystem] About to explode Explosion_NonLethal from ExplosionTest<0x000001566717C9A0> ExplosionTest:18991 at <6311.72, 214.34, 1440.19> EXPLOSION range 4 dropoff 1
02:51:59.951 [ExplosionDamageSystem] About to explode Explosion_NonLethal from ExplosionTest<0x0000015667176A00> ExplosionTest:18990 at <7403.44, 234.07, 1563.91> EXPLOSION range 4 dropoff 1
02:51:59.954 [ExplosionDamageSystem] About to explode Explosion_NonLethal from ExplosionTest<0x00000156671756E0> ExplosionTest:18989 at <5657.86, 214.64, 2861.55> EXPLOSION range 4 dropoff 1
02:51:59.961 [ExplosionDamageSystem] About to explode Explosion_NonLethal from ExplosionTest<0x000001566717C010> ExplosionTest:18988 at <6280.45, 221.48, 2126.86> EXPLOSION range 4 dropoff 1
02:51:59.982 [ExplosionDamageSystem] About to explode Explosion_NonLethal from ExplosionTest<0x0000015667179040> ExplosionTest:18987 at <6275.67, 229.39, 1803.42> EXPLOSION range 4 dropoff 1
02:51:59.988 [ExplosionDamageSystem] About to explode Explosion_NonLethal from ExplosionTest<0x000001566717B680> ExplosionTest:18986 at <1799.29, 220.56, 2403.78> EXPLOSION range 4 dropoff 1
02:51:59.999 [ExplosionDamageSystem] About to explode Explosion_NonLethal from ExplosionTest<0x00000156671743C0> ExplosionTest:18985 at <5754.75, 200.33, 1620.98> EXPLOSION range 4 dropoff 1
02:52:00.010 [ExplosionDamageSystem] About to explode Explosion_NonLethal from ExplosionTest<0x0000015667176070> ExplosionTest:18984 at <6892.81, 220.73, 3693.92> EXPLOSION range 4 dropoff 1
02:52:00.016 [ExplosionDamageSystem] About to explode Explosion_NonLethal from ExplosionTest<0x000001566717ACF0> ExplosionTest:18983 at <6430.62, 223.58, 1672.5> EXPLOSION range 4 dropoff 1
02:52:00.024 [ExplosionDamageSystem] About to explode Explosion_NonLethal from ExplosionTest<0x000001566717A360> ExplosionTest:18982 at <6120.87, 222.78, 2380.78> EXPLOSION range 4 dropoff 1
02:52:00.037 [ExplosionDamageSystem] About to explode Explosion_NonLethal from ExplosionTest<0x000001566716E420> ExplosionTest:18981 at <5508.03, 197.95, 2876.43> EXPLOSION range 4 dropoff 1
02:52:00.041 [ExplosionDamageSystem] About to explode Explosion_NonLethal from ExplosionTest<0x00000156671730A0> ExplosionTest:18980 at <5780.17, 205.97, 2685.87> EXPLOSION range 4 dropoff 1
02:52:00.045 [ExplosionDamageSystem] About to explode Explosion_NonLethal from ExplosionTest<0x0000015667170A60> ExplosionTest:18979 at <6314.85, 219.05, 2011.32> EXPLOSION range 4 dropoff 1
02:52:00.047 [ExplosionDamageSystem] About to explode Explosion_NonLethal from ExplosionTest<0x0000015667174D50> ExplosionTest:18978 at <5421.28, 198.34, 2582.22> EXPLOSION range 4 dropoff 1
02:52:00.061 [ExplosionDamageSystem] About to explode Explosion_NonLethal from ExplosionTest<0x0000015667172710> ExplosionTest:18977 at <6364.14, 220.48, 1643.96> EXPLOSION range 4 dropoff 1
02:52:00.068 [ExplosionDamageSystem] About to explode Explosion_NonLethal from ExplosionTest<0x0000015667171D80> ExplosionTest:18976 at <5671.1, 212.51, 2752.94> EXPLOSION range 4 dropoff 1
02:52:00.073 [ExplosionDamageSystem] About to explode Explosion_NonLethal from ExplosionTest<0x0000015667173A30> ExplosionTest:18975 at <6290.76, 205.66, 1199.17> EXPLOSION range 4 dropoff 1
02:52:00.077 [ExplosionDamageSystem] About to explode Explosion_NonLethal from ExplosionTest<0x00000156671700D0> ExplosionTest:18974 at <7408.59, 240.04, 1573.57> EXPLOSION range 4 dropoff 1
02:52:00.078 [ExplosionDamageSystem] About to explode Explosion_NonLethal from ExplosionTest<0x00000156671713F0> ExplosionTest:18973 at <5578.61, 215.45, 1862.02> EXPLOSION range 4 dropoff 1
02:52:00.085 [ExplosionDamageSystem] About to explode Explosion_NonLethal from ExplosionTest<0x0000015667168E10> ExplosionTest:18972 at <6600.44, 215.29, 1334.7> EXPLOSION range 4 dropoff 1
02:52:00.088 [ExplosionDamageSystem] About to explode Explosion_NonLethal from ExplosionTest<0x000001566716DA90> ExplosionTest:18971 at <6310.07, 219.05, 2011.63> EXPLOSION range 4 dropoff 1
02:52:00.089 [ExplosionDamageSystem] About to explode Explosion_NonLethal from ExplosionTest<0x000001566716C770> ExplosionTest:18970 at <6196.15, 216.01, 1808.18> EXPLOSION range 4 dropoff 1
02:52:00.142 [ExplosionDamageSystem] About to explode Explosion_NonLethal from ExplosionTest<0x000001566716B450> ExplosionTest:18969 at <5422.61, 228.74, 2771.73> EXPLOSION range 4 dropoff 1
02:52:00.149 [ExplosionDamageSystem] About to explode Explosion_NonLethal from ExplosionTest<0x000001566716F740> ExplosionTest:18968 at <5961.04, 242.58, 2276.02> EXPLOSION range 4 dropoff 1
02:52:00.159 [ExplosionDamageSystem] About to explode Explosion_NonLethal from ExplosionTest<0x000001566716BDE0> ExplosionTest:18967 at <6399.95, 222.76, 2194.87> EXPLOSION range 4 dropoff 1
02:52:00.164 [ExplosionDamageSystem] About to explode Explosion_NonLethal from ExplosionTest<0x000001566716D100> ExplosionTest:18966 at <5670.72, 214.64, 2843.42> EXPLOSION range 4 dropoff 1
02:52:00.164 [ExplosionDamageSystem] About to explode Explosion_NonLethal from ExplosionTest<0x0000015667168480> ExplosionTest:18965 at <5877.11, 214.01, 2283.3> EXPLOSION range 4 dropoff 1
02:52:00.170 [ExplosionDamageSystem] About to explode Explosion_NonLethal from ExplosionTest<0x000001566716AAC0> ExplosionTest:18964 at <5558.77, 208.38, 2632.31> EXPLOSION range 4 dropoff 1
02:52:00.172 [ExplosionDamageSystem] About to explode Explosion_NonLethal from ExplosionTest<0x000001566716A130> ExplosionTest:18963 at <5654.25, 198.47, 2666.37> EXPLOSION range 4 dropoff 1
02:52:00.174 [ExplosionDamageSystem] About to explode Explosion_NonLethal from ExplosionTest<0x00000156671697A0> ExplosionTest:18962 at <6393.58, 210.47, 1263.12> EXPLOSION range 4 dropoff 1
02:52:00.175 [ExplosionDamageSystem] About to explode Explosion_NonLethal from ExplosionTest<0x000001566716EDB0> ExplosionTest:18961 at <5930.88, 213.32, 2335.32> EXPLOSION range 4 dropoff 1
02:52:00.178 [ExplosionDamageSystem] About to explode Explosion_NonLethal from ExplosionTest<0x000001565DB8C650> ExplosionTest:18960 at <8634.93, 214.34, 2789.37> EXPLOSION range 4 dropoff 1
02:52:00.181 [ExplosionDamageSystem] About to explode Explosion_NonLethal from ExplosionTest<0x000001565DB8FFB0> ExplosionTest:18959 at <6061.38, 214.81, 1834.93> EXPLOSION range 4 dropoff 1
02:52:00.208 [ExplosionDamageSystem] About to explode Explosion_NonLethal from ExplosionTest<0x000001565DB8BCC0> ExplosionTest:18958 at <5417.79, 209.71, 1659.71> EXPLOSION range 4 dropoff 1
