01:57:23.400 [ExplosionDamageSystem] About to explode Explosion_NonLethal from ExplosionTest<0x00000236E64190F0> ExplosionTest:18993 at <6338.89, 222.69, 1759.1> EXPLOSION range 4 dropoff 1
01:57:23.450 [ExplosionDamageSystem] About to explode Explosion_NonLethal from ExplosionTest<0x00000236E6417DD0> ExplosionTest:18992 at <7748.42, 211.62, 1992.73> EXPLOSION range 4 dropoff 1
01:57:23.463 [ExplosionDamageSystem] About to explode Explosion_NonLethal from ExplosionTest<0x00000236E641ADA0> ExplosionTest:18991 at <7130.47, 206.19, 1685.04> EXPLOSION range 4 dropoff 1
01:57:23.465 [ExplosionDamageSystem] About to explode Explosion_NonLethal from ExplosionTest<0x00000236E6417440> ExplosionTest:18990 at <5930.19, 236.82, 2205.1> EXPLOSION range 4 dropoff 1
01:57:23.488 [ExplosionDamageSystem] About to explode Explosion_NonLethal from ExplosionTest<0x00000236E641C0C0> ExplosionTest:18989 at <5937.92, 237.49, 2583.82> EXPLOSION range 4 dropoff 1
01:57:23.507 [ExplosionDamageSystem] About to explode Explosion_NonLethal from ExplosionTest<0x00000236E641D3E0> ExplosionTest:18988 at <5434.6, 208.54, 2578.42> EXPLOSION range 4 dropoff 1
01:57:23.544 [ExplosionDamageSystem] About to explode Explosion_NonLethal from ExplosionTest<0x00000236E641CA50> ExplosionTest:18987 at <5925.24, 229.57, 2331.47> EXPLOSION range 4 dropoff 1
01:57:23.571 [ExplosionDamageSystem] About to explode Explosion_NonLethal from ExplosionTest<0x00000236E6414E00> ExplosionTest:18986 at <5688.19, 209.9, 1475.43> EXPLOSION range 4 dropoff 1
01:57:23.597 [ExplosionDamageSystem] About to explode Explosion_NonLethal from ExplosionTest<0x00000236E6416120> ExplosionTest:18985 at <6231.72, 217.88, 1731.65> EXPLOSION range 4 dropoff 1
01:57:23.598 [ExplosionDamageSystem] About to explode Explosion_NonLethal from ExplosionTest<0x00000236E6414470> ExplosionTest:18984 at <6880.5, 213.72, 1615.06> EXPLOSION range 4 dropoff 1
01:57:23.599 [ExplosionDamageSystem] About to explode Explosion_NonLethal from ExplosionTest<0x00000236E641A410> ExplosionTest:18983 at <9804.24, 265.96, 1500.53> EXPLOSION range 4 dropoff 1
01:57:23.613 [ExplosionDamageSystem] About to explode Explosion_NonLethal from ExplosionTest<0x00000236E6415790> ExplosionTest:18982 at <5927.04, 228.07, 2522.69> EXPLOSION range 4 dropoff 1
01:57:23.628 [ExplosionDamageSystem] About to explode Explosion_NonLethal from ExplosionTest<0x00000236E640EE60> ExplosionTest:18981 at <5689.36, 204.44, 2822.93> EXPLOSION range 4 dropoff 1
01:57:23.649 [ExplosionDamageSystem] About to explode Explosion_NonLethal from ExplosionTest<0x00000236E6413AE0> ExplosionTest:18980 at <5498.29, 197.12, 2513.71> EXPLOSION range 4 dropoff 1
01:57:23.671 [ExplosionDamageSystem] About to explode Explosion_NonLethal from ExplosionTest<0x00000236E640E4D0> ExplosionTest:18979 at <6344.21, 218.09, 1535.69> EXPLOSION range 4 dropoff 1
01:57:23.758 [ExplosionDamageSystem] About to explode Explosion_NonLethal from ExplosionTest<0x00000236E6413150> ExplosionTest:18978 at <7403.3, 206.79, 1782.92> EXPLOSION range 4 dropoff 1
01:57:23.769 [ExplosionDamageSystem] About to explode Explosion_NonLethal from ExplosionTest<0x00000236E640BE90> ExplosionTest:18977 at <4747.15, 202.46, 376.05> EXPLOSION range 4 dropoff 1
01:57:23.778 [ExplosionDamageSystem] About to explode Explosion_NonLethal from ExplosionTest<0x00000236E64127C0> ExplosionTest:18976 at <1175.64, 239.24, 153.61> EXPLOSION range 4 dropoff 1
01:57:23.779 [ExplosionDamageSystem] About to explode Explosion_NonLethal from ExplosionTest<0x00000236E640DB40> ExplosionTest:18975 at <6066.08, 219.2, 1727.88> EXPLOSION range 4 dropoff 1
01:57:23.846 [ExplosionDamageSystem] About to explode Explosion_NonLethal from ExplosionTest<0x00000236E6411E30> ExplosionTest:18974 at <6353.08, 221.47, 1641.2> EXPLOSION range 4 dropoff 1
01:57:23.868 [ExplosionDamageSystem] About to explode Explosion_NonLethal from ExplosionTest<0x00000236E6410180> ExplosionTest:18973 at <6169.16, 217.3, 1635.61> EXPLOSION range 4 dropoff 1
01:57:23.902 [ExplosionDamageSystem] About to explode Explosion_NonLethal from ExplosionTest<0x00000236E64114A0> ExplosionTest:18972 at <6096.25, 218.37, 1902.78> EXPLOSION range 4 dropoff 1
01:57:23.987 [ExplosionDamageSystem] About to explode Explosion_NonLethal from ExplosionTest<0x00000236E640F7F0> ExplosionTest:18971 at <6326.06, 219.06, 1675.51> EXPLOSION range 4 dropoff 1
01:57:24.001 [ExplosionDamageSystem] About to explode Explosion_NonLethal from ExplosionTest<0x00000236E640D1B0> ExplosionTest:18970 at <8603.91, 219.79, 2854.88> EXPLOSION range 4 dropoff 1
01:57:24.013 [ExplosionDamageSystem] About to explode Explosion_NonLethal from ExplosionTest<0x00000236E640C820> ExplosionTest:18969 at <6362.46, 236.49, 1733.33> EXPLOSION range 4 dropoff 1
01:57:24.013 [ExplosionDamageSystem] About to explode Explosion_NonLethal from ExplosionTest<0x00000236E6410B10> ExplosionTest:18968 at <5582.61, 202.59, 2731.66> EXPLOSION range 4 dropoff 1
01:57:24.040 [ExplosionDamageSystem] About to explode Explosion_NonLethal from ExplosionTest<0x00000236E640B500> ExplosionTest:18967 at <5616.07, 215.11, 2731.29> EXPLOSION range 4 dropoff 1
01:57:24.041 [ExplosionDamageSystem] About to explode Explosion_NonLethal from ExplosionTest<0x00000236E6405560> ExplosionTest:18966 at <6254.45, 216.2, 1995.13> EXPLOSION range 4 dropoff 1
01:57:24.057 [ExplosionDamageSystem] About to explode Explosion_NonLethal from ExplosionTest<0x00000236E6407BA0> ExplosionTest:18965 at <6014.29, 219.54, 2403.35> EXPLOSION range 4 dropoff 1
01:57:24.072 [ExplosionDamageSystem] About to explode Explosion_NonLethal from ExplosionTest<0x00000236E6407210> ExplosionTest:18964 at <6336.92, 220.48, 2066.92> EXPLOSION range 4 dropoff 1
01:57:24.111 [ExplosionDamageSystem] About to explode Explosion_NonLethal from ExplosionTest<0x00000236E640AB70> ExplosionTest:18963 at <8609.69, 210.39, 2818.93> EXPLOSION range 4 dropoff 1
01:57:24.118 [ExplosionDamageSystem] About to explode Explosion_NonLethal from ExplosionTest<0x00000236E6406880> ExplosionTest:18962 at <6068.71, 219.12, 1738.59> EXPLOSION range 4 dropoff 1
01:57:24.118 [ExplosionDamageSystem] About to explode Explosion_NonLethal from ExplosionTest<0x00000236E6405EF0> ExplosionTest:18961 at <5725.38, 201.56, 1476.7> EXPLOSION range 4 dropoff 1
01:57:24.119 [ExplosionDamageSystem] About to explode Explosion_NonLethal from ExplosionTest<0x00000236E6408EC0> ExplosionTest:18960 at <5614.29, 198.62, 1860.08> EXPLOSION range 4 dropoff 1
01:57:24.137 [ExplosionDamageSystem] About to explode Explosion_NonLethal from ExplosionTest<0x00000236E6408530> ExplosionTest:18959 at <5560.12, 211.96, 2628.92> EXPLOSION range 4 dropoff 1
01:57:24.156 [ExplosionDamageSystem] About to explode Explosion_NonLethal from ExplosionTest<0x00000236E640A1E0> ExplosionTest:18958 at <5648.88, 205.59, 2881.56> EXPLOSION range 4 dropoff 1
01:57:24.163 [ExplosionDamageSystem] About to explode Explosion_NonLethal from ExplosionTest<0x00000236E6409850> ExplosionTest:18957 at <5656.51, 214.64, 2866.5> EXPLOSION range 4 dropoff 1
01:57:24.164 [ExplosionDamageSystem] About to explode Explosion_NonLethal from ExplosionTest<0x00000236E63FE2A0> ExplosionTest:18956 at <5649.26, 201.94, 2749.9> EXPLOSION range 4 dropoff 1
01:57:24.165 [ExplosionDamageSystem] About to explode Explosion_NonLethal from ExplosionTest<0x00000236E6404BD0> ExplosionTest:18955 at <6192.64, 233.82, 1679.48> EXPLOSION range 4 dropoff 1
01:57:24.168 [ExplosionDamageSystem] About to explode Explosion_NonLethal from ExplosionTest<0x00000236E63FD910> ExplosionTest:18954 at <5659.83, 212.49, 1612.66> EXPLOSION range 4 dropoff 1
01:57:24.182 [ExplosionDamageSystem] About to explode Explosion_NonLethal from ExplosionTest<0x00000236E6404240> ExplosionTest:18953 at <6082.34, 212.59, 2398.43> EXPLOSION range 4 dropoff 1
01:57:24.193 [ExplosionDamageSystem] About to explode Explosion_NonLethal from ExplosionTest<0x00000236E64038B0> ExplosionTest:18952 at <5566.99, 215.34, 2743.16> EXPLOSION range 4 dropoff 1
01:57:24.194 [ExplosionDamageSystem] About to explode Explosion_NonLethal from ExplosionTest<0x00000236E6402590> ExplosionTest:18951 at <6065.39, 229.12, 1843.32> EXPLOSION range 4 dropoff 1
01:57:24.230 [ExplosionDamageSystem] About to explode Explosion_NonLethal from ExplosionTest<0x00000236E63FEC30> ExplosionTest:18950 at <6881.63, 205.57, 1533.41> EXPLOSION range 4 dropoff 1
01:57:24.242 [ExplosionDamageSystem] About to explode Explosion_NonLethal from ExplosionTest<0x00000236E6401C00> ExplosionTest:18949 at <6116.88, 217.91, 1859.81> EXPLOSION range 4 dropoff 1
01:57:24.251 [ExplosionDamageSystem] About to explode Explosion_NonLethal from ExplosionTest<0x00000236E63FFF50> ExplosionTest:18948 at <6281.92, 232.19, 2247.57> EXPLOSION range 4 dropoff 1
01:57:24.268 [ExplosionDamageSystem] About to explode Explosion_NonLethal from ExplosionTest<0x00000236E6402F20> ExplosionTest:18947 at <6395.9, 205.28, 1364.32> EXPLOSION range 4 dropoff 1
01:57:24.271 [ExplosionDamageSystem] About to explode Explosion_NonLethal from ExplosionTest<0x00000236E6401270> ExplosionTest:18946 at <6345.16, 204.44, 1342.86> EXPLOSION range 4 dropoff 1
01:57:24.276 [ExplosionDamageSystem] About to explode Explosion_NonLethal from ExplosionTest<0x00000236E63FCF80> ExplosionTest:18945 at <6075.3, 218.21, 1884.57> EXPLOSION range 4 dropoff 1
01:57:24.277 [ExplosionDamageSystem] About to explode Explosion_NonLethal from ExplosionTest<0x00000236E64008E0> ExplosionTest:18944 at <8689.48, 203.9, 3140.87> EXPLOSION range 4 dropoff 1
01:57:24.278 [ExplosionDamageSystem] About to explode Explosion_NonLethal from ExplosionTest<0x00000236E63FF5C0> ExplosionTest:18943 at <9799.21, 252.36, 1502.31> EXPLOSION range 4 dropoff 1
01:57:24.278 [ExplosionDamageSystem] About to explode Explosion_NonLethal from ExplosionTest<0x00000236E63F5CC0> ExplosionTest:18942 at <5415.79, 207.73, 1646.43> EXPLOSION range 4 dropoff 1
01:57:24.295 [ExplosionDamageSystem] About to explode Explosion_NonLethal from ExplosionTest<0x00000236E63FC5F0> ExplosionTest:18941 at <5652.3, 199.72, 1617.34> EXPLOSION range 4 dropoff 1
01:57:24.296 [ExplosionDamageSystem] About to explode Explosion_NonLethal from ExplosionTest<0x00000236E63F5330> ExplosionTest:18940 at <7285.67, 206.11, 2152.92> EXPLOSION range 4 dropoff 1
01:57:24.300 [ExplosionDamageSystem] About to explode Explosion_NonLethal from ExplosionTest<0x00000236E63FB2D0> ExplosionTest:18939 at <6192.55, 227.83, 2270.72> EXPLOSION range 4 dropoff 1
02:00:58.260 [Safezone] Player "Hessher" (id=MilAR913ecKsrHUOy0uV_fIY7CR0FzNOXUGd_pWZtgI= pos=<7405.57, 234.9, 5018.56>) entered the safezone
02:02:24.381 [MissionAirdrop] An airdrop is heading towards "Hornany" (pos=<1923.219971, 0.000000, 7877.379883> type=Random_Hornany) with a ExpansionAirdropContainer_Basebuilding
